 SixMansPlugin-Rework

 Timestamp is 62242049 (Sat Mar  5 21:45:29 2022)

 Preferred load address is 0000000180000000

 Start         Length     Name                   Class
 0001:00000000 00000f10H .text$di                CODE
 0001:00000f10 00024550H .text$mn                CODE
 0001:00025460 00000040H .text$mn$00             CODE
 0001:000254a0 00000fa0H .text$x                 CODE
 0001:00026440 000001d0H .text$yd                CODE
 0002:00000000 000002d0H .idata$5                DATA
 0002:000002d0 00000038H .00cfg                  DATA
 0002:00000308 00000008H .CRT$XCA                DATA
 0002:00000310 00000018H .CRT$XCC                DATA
 0002:00000328 00000010H .CRT$XCL                DATA
 0002:00000338 00000020H .CRT$XCU                DATA
 0002:00000358 00000008H .CRT$XCZ                DATA
 0002:00000360 00000008H .CRT$XIA                DATA
 0002:00000368 00000030H .CRT$XIC                DATA
 0002:00000398 00000008H .CRT$XIZ                DATA
 0002:000003a0 00000008H .CRT$XLA                DATA
 0002:000003a8 00000008H .CRT$XLZ                DATA
 0002:000003b0 00000008H .CRT$XPA                DATA
 0002:000003b8 00000010H .CRT$XPX                DATA
 0002:000003c8 00000008H .CRT$XPXA               DATA
 0002:000003d0 00000008H .CRT$XPZ                DATA
 0002:000003d8 00000008H .CRT$XTA                DATA
 0002:000003e0 00000010H .CRT$XTZ                DATA
 0002:000003e8 00000000H .gehcont$y              DATA
 0002:000003e8 00000000H .gfids$y                DATA
 0002:000003f0 00011e10H .rdata                  DATA
 0002:00012200 00000000H .rdata$CastGuardVftablesA DATA
 0002:00012200 00000000H .rdata$CastGuardVftablesC DATA
 0002:00012200 00000028H .rdata$T                DATA
 0002:00012228 00001404H .rdata$r                DATA
 0002:0001362c 00000144H .rdata$voltmd           DATA
 0002:00013770 00000450H .rdata$zzzdbg           DATA
 0002:00013bc0 00000008H .rtc$IAA                DATA
 0002:00013bc8 00000008H .rtc$IZZ                DATA
 0002:00013bd0 00000008H .rtc$TAA                DATA
 0002:00013bd8 00000008H .rtc$TZZ                DATA
 0002:00013be0 00000004H .tls                    DATA
 0002:00013be4 00000004H .tls$                   DATA
 0002:00013be8 00000008H .tls$ZZZ                DATA
 0002:00013bf0 000029e0H .xdata                  DATA
 0002:000165d0 00000490H .xdata$x                DATA
 0002:00016a60 000002ecH .edata                  DATA
 0002:00016d4c 00000028H .idata$2                DATA
 0002:00016d74 00000014H .idata$3                DATA
 0002:00016d88 000002d0H .idata$4                DATA
 0002:00017058 000006b8H .idata$6                DATA
 0003:00000000 000016f0H .data                   DATA
 0003:000016f0 00000230H .data$r                 DATA
 0003:00001920 00000590H .data$rs                DATA
 0003:00001eb0 000018b4H .bss                    DATA
 0004:00000000 00002430H .pdata                  DATA
 0005:00000000 0000015cH _RDATA                  DATA
 0006:00000000 000000a0H .rsrc$01                DATA
 0006:000000a0 000004b8H .rsrc$02                DATA

  Address         Publics by Value              Rva+Base               Lib:Object

 0000:00000000       __guard_fids_count         0000000000000000     <absolute>
 0000:00000000       __arm64x_extra_rfe_table   0000000000000000     <absolute>
 0000:00000000       __guard_longjmp_table      0000000000000000     <absolute>
 0000:00000000       __hybrid_code_map          0000000000000000     <absolute>
 0000:00000000       ___safe_se_handler_table   0000000000000000     <absolute>
 0000:00000000       __arm64x_extra_rfe_table_size 0000000000000000     <absolute>
 0000:00000000       __x64_code_ranges_to_entry_points_count 0000000000000000     <absolute>
 0000:00000000       ___safe_se_handler_count   0000000000000000     <absolute>
 0000:00000000       __arm64x_redirection_metadata 0000000000000000     <absolute>
 0000:00000000       __guard_iat_table          0000000000000000     <absolute>
 0000:00000000       __x64_code_ranges_to_entry_points 0000000000000000     <absolute>
 0000:00000000       __guard_iat_count          0000000000000000     <absolute>
 0000:00000000       __guard_longjmp_count      0000000000000000     <absolute>
 0000:00000000       __dynamic_value_reloc_table 0000000000000000     <absolute>
 0000:00000000       __guard_eh_cont_count      0000000000000000     <absolute>
 0000:00000000       __hybrid_auxiliary_iat     0000000000000000     <absolute>
 0000:00000000       __hybrid_auxiliary_iat_copy 0000000000000000     <absolute>
 0000:00000000       __AbsoluteZero             0000000000000000     <absolute>
 0000:00000000       __guard_check_icall_a64n_fptr 0000000000000000     <absolute>
 0000:00000000       __guard_fids_table         0000000000000000     <absolute>
 0000:00000000       __arm64x_redirection_metadata_count 0000000000000000     <absolute>
 0000:00000000       __enclave_config           0000000000000000     <absolute>
 0000:00000000       __guard_eh_cont_table      0000000000000000     <absolute>
 0000:00000000       __arm64x_native_entrypoint 0000000000000000     <absolute>
 0000:00000000       __hybrid_code_map_count    0000000000000000     <absolute>
 0000:00000100       __guard_flags              0000000000000100     <absolute>
 0000:00000000       __ImageBase                0000000180000000     <linker-defined>
 0001:00000f10       ??$_Reallocate_grow_by@V<lambda_1>@?1??append@?$basic_string@DU?$char_traits@D@std@@V?$allocator@D@2@@std@@QEAAAEAV34@_KD@Z@_KD@?$basic_string@DU?$char_traits@D@std@@V?$allocator@D@2@@std@@AEAAAEAV01@_KV<lambda_1>@?1??append@01@QEAAAEAV01@0D@Z@_KD@Z 0000000180001f10 f i format.obj
 0001:000010b0       ?resize@?$basic_string@DU?$char_traits@D@std@@V?$allocator@D@2@@std@@QEAAX_KD@Z 00000001800020b0 f i format.obj
 0001:00001150       ??1?$_Yarn@D@std@@QEAA@XZ  0000000180002150 f i format.obj
 0001:00001150       ??1?$_Yarn@_W@std@@QEAA@XZ 0000000180002150 f i format.obj
 0001:00001180       ??1?$unique_ptr@V_Facet_base@std@@U?$default_delete@V_Facet_base@std@@@2@@std@@QEAA@XZ 0000000180002180 f i format.obj
 0001:000011a0       ??0bad_cast@std@@QEAA@XZ   00000001800021a0 f i format.obj
 0001:000011d0       ??1bad_cast@std@@UEAA@XZ   00000001800021d0 f i format.obj
 0001:000011d0       ??1system_error@std@@UEAA@XZ 00000001800021d0 f i logsys.obj
 0001:000011d0       ??1length_error@std@@UEAA@XZ 00000001800021d0 f i libcpmt:xthrow.obj
 0001:000011d0       ??1bad_exception@std@@UEAA@XZ 00000001800021d0 f i libvcruntime:frame.obj
 0001:000011d0       ??1bad_array_new_length@std@@UEAA@XZ 00000001800021d0 f i format.obj
 0001:000011d0       ??1failure@ios_base@std@@UEAA@XZ 00000001800021d0 f i logsys.obj
 0001:000011d0       ??1runtime_error@std@@UEAA@XZ 00000001800021d0 f i format.obj
 0001:000011d0       ??1bad_alloc@std@@UEAA@XZ  00000001800021d0 f i format.obj
 0001:000011d0       ??1out_of_range@std@@UEAA@XZ 00000001800021d0 f i libcpmt:xthrow.obj
 0001:000011f0       ??_Gexception@std@@UEAAPEAXI@Z 00000001800021f0 f i format.obj
 0001:000011f0       ??_Gout_of_range@std@@UEAAPEAXI@Z 00000001800021f0 f i libcpmt:xthrow.obj
 0001:000011f0       ??_Glength_error@std@@UEAAPEAXI@Z 00000001800021f0 f i libcpmt:xthrow.obj
 0001:000011f0       ??_Gbad_alloc@std@@UEAAPEAXI@Z 00000001800021f0 f i format.obj
 0001:000011f0       ??_Gbad_exception@std@@UEAAPEAXI@Z 00000001800021f0 f i libvcruntime:frame.obj
 0001:000011f0       ??_Gbad_cast@std@@UEAAPEAXI@Z 00000001800021f0 f i format.obj
 0001:000011f0       ??_Eout_of_range@std@@UEAAPEAXI@Z 00000001800021f0 f i libcpmt:xthrow.obj
 0001:000011f0       ??_Eruntime_error@std@@UEAAPEAXI@Z 00000001800021f0 f i * CIL library *:* CIL module *
 0001:000011f0       ??_Ebad_array_new_length@std@@UEAAPEAXI@Z 00000001800021f0 f i * CIL library *:* CIL module *
 0001:000011f0       ??_Elength_error@std@@UEAAPEAXI@Z 00000001800021f0 f i libcpmt:xthrow.obj
 0001:000011f0       ??_Gbad_array_new_length@std@@UEAAPEAXI@Z 00000001800021f0 f i format.obj
 0001:000011f0       ??_Ebad_exception@std@@UEAAPEAXI@Z 00000001800021f0 f i libvcruntime:frame.obj
 0001:000011f0       ??_Eexception@std@@UEAAPEAXI@Z 00000001800021f0 f i * CIL library *:* CIL module *
 0001:000011f0       ??_Elogic_error@std@@UEAAPEAXI@Z 00000001800021f0 f i libcpmt:xthrow.obj
 0001:000011f0       ??_Glogic_error@std@@UEAAPEAXI@Z 00000001800021f0 f i libcpmt:xthrow.obj
 0001:000011f0       ??_Gruntime_error@std@@UEAAPEAXI@Z 00000001800021f0 f i format.obj
 0001:000011f0       ??_Ebad_alloc@std@@UEAAPEAXI@Z 00000001800021f0 f i * CIL library *:* CIL module *
 0001:000011f0       ??_Ebad_cast@std@@UEAAPEAXI@Z 00000001800021f0 f i * CIL library *:* CIL module *
 0001:00001240       ??0bad_cast@std@@QEAA@AEBV01@@Z 0000000180002240 f i format.obj
 0001:00001280       ?_Throw_bad_cast@std@@YAXXZ 0000000180002280 f i format.obj
 0001:000012a0       ??$_Reallocate_for@V<lambda_1>@?1??assign@?$basic_string@_WU?$char_traits@_W@std@@V?$allocator@_W@2@@std@@QEAAAEAV34@QEB_W_K@Z@PEB_W@?$basic_string@_WU?$char_traits@_W@std@@V?$allocator@_W@2@@std@@AEAAAEAV01@_KV<lambda_1>@?1??assign@01@QEAAAEAV01@QEB_W0@Z@PEB_W@Z 00000001800022a0 f i format.obj
 0001:00001400       ??1?$basic_string@_WU?$char_traits@_W@std@@V?$allocator@_W@2@@std@@QEAA@XZ 0000000180002400 f i format.obj
 0001:00001400       ??1path@filesystem@std@@QEAA@XZ 0000000180002400 f i logsys.obj
 0001:00001470       ??0?$basic_string@DU?$char_traits@D@std@@V?$allocator@D@2@@std@@QEAA@QEBD@Z 0000000180002470 f i format.obj
 0001:000014b0       ?_Incref@facet@locale@std@@UEAAXXZ 00000001800024b0 f i format.obj
 0001:000014c0       ?_Xlen_string@std@@YAXXZ   00000001800024c0 f i format.obj
 0001:000014e0       ?assign@?$basic_string@DU?$char_traits@D@std@@V?$allocator@D@2@@std@@QEAAAEAV12@QEBD_K@Z 00000001800024e0 f i format.obj
 0001:00001640       ??0runtime_error@std@@QEAA@AEBV01@@Z 0000000180002640 f i format.obj
 0001:00001680       ?_Decref@facet@locale@std@@UEAAPEAV_Facet_base@3@XZ 0000000180002680 f i format.obj
 0001:00001690       ??_E_Facet_base@std@@UEAAPEAXI@Z 0000000180002690 f i * CIL library *:* CIL module *
 0001:00001690       ??_G_Facet_base@std@@UEAAPEAXI@Z 0000000180002690 f i format.obj
 0001:000016c0       ??1locale@std@@QEAA@XZ     00000001800026c0 f i format.obj
 0001:000016f0       ??0runtime_error@std@@QEAA@PEBD@Z 00000001800026f0 f i format.obj
 0001:00001760       ??1?$basic_string@DU?$char_traits@D@std@@V?$allocator@D@2@@std@@QEAA@XZ 0000000180002760 f i format.obj
 0001:000017c0       ??0bad_array_new_length@std@@QEAA@XZ 00000001800027c0 f i format.obj
 0001:000017f0       ??0bad_array_new_length@std@@QEAA@AEBV01@@Z 00000001800027f0 f i format.obj
 0001:00001830       ??0bad_alloc@std@@QEAA@AEBV01@@Z 0000000180002830 f i format.obj
 0001:00001870       ?what@exception@std@@UEBAPEBDXZ 0000000180002870 f i format.obj
 0001:00001890       ??0exception@std@@QEAA@AEBV01@@Z 0000000180002890 f i format.obj
 0001:000018d0       ?__scrt_throw_std_bad_array_new_length@@YAXXZ 00000001800028d0 f i LIBCMT:throw_bad_alloc.obj
 0001:000018d0       ?_Throw_bad_array_new_length@std@@YAXXZ 00000001800028d0 f i format.obj
 0001:000018f0       __local_stdio_printf_options 00000001800028f0 f i format.obj
 0001:00001910       ??3@YAXPEAX@Z              0000000180002910 f   LIBCMT:delete_scalar.obj
 0001:00001920       __local_stdio_scanf_options 0000000180002920 f i imgui.obj
 0001:00001930       ??$_Reallocate_grow_by@V<lambda_1>@?1??append@?$basic_string@DU?$char_traits@D@std@@V?$allocator@D@2@@std@@QEAAAEAV34@QEBD_K@Z@PEBD_K@?$basic_string@DU?$char_traits@D@std@@V?$allocator@D@2@@std@@AEAAAEAV01@_KV<lambda_1>@?1??append@01@QEAAAEAV01@QEBD0@Z@PEBD_K@Z 0000000180002930 f i imgui_rangeslider.obj
 0001:00001ac0       ?append@?$basic_string@DU?$char_traits@D@std@@V?$allocator@D@2@@std@@QEAAAEAV12@QEBD_K@Z 0000000180002ac0 f i imgui_rangeslider.obj
 0001:00001b50       ??0?$basic_string@DU?$char_traits@D@std@@V?$allocator@D@2@@std@@QEAA@AEBV01@@Z 0000000180002b50 f i imgui_searchablecombo.obj
 0001:00001c20       ??_D?$basic_ifstream@DU?$char_traits@D@std@@@std@@QEAAXXZ 0000000180002c20 f i logsys.obj
 0001:00001cc0       ??_D?$basic_ofstream@DU?$char_traits@D@std@@@std@@QEAAXXZ 0000000180002cc0 f i logsys.obj
 0001:00001d60       ??0LogSys@@QEAA@Vpath@filesystem@std@@@Z 0000000180002d60 f   logsys.obj
 0001:00002160       ??0?$basic_ofstream@DU?$char_traits@D@std@@@std@@QEAA@XZ 0000000180003160 f i logsys.obj
 0001:00002230       ??1?$basic_ostream@DU?$char_traits@D@std@@@std@@UEAA@XZ 0000000180003230 f i logsys.obj
 0001:00002260       ?imbue@?$basic_filebuf@DU?$char_traits@D@std@@@std@@MEAAXAEBVlocale@2@@Z 0000000180003260 f i logsys.obj
 0001:00002290       ?sync@?$basic_filebuf@DU?$char_traits@D@std@@@std@@MEAAHXZ 0000000180003290 f i logsys.obj
 0001:000022e0       ?setbuf@?$basic_filebuf@DU?$char_traits@D@std@@@std@@MEAAPEAV?$basic_streambuf@DU?$char_traits@D@std@@@2@PEAD_J@Z 00000001800032e0 f i logsys.obj
 0001:00002340       ?seekpos@?$basic_filebuf@DU?$char_traits@D@std@@@std@@MEAA?AV?$fpos@U_Mbstatet@@@2@V32@H@Z 0000000180003340 f i logsys.obj
 0001:00002420       ?seekoff@?$basic_filebuf@DU?$char_traits@D@std@@@std@@MEAA?AV?$fpos@U_Mbstatet@@@2@_JHH@Z 0000000180003420 f i logsys.obj
 0001:00002530       ?xsputn@?$basic_filebuf@DU?$char_traits@D@std@@@std@@MEAA_JPEBD_J@Z 0000000180003530 f i logsys.obj
 0001:00002660       ?xsgetn@?$basic_filebuf@DU?$char_traits@D@std@@@std@@MEAA_JPEAD_J@Z 0000000180003660 f i logsys.obj
 0001:00002800       ?uflow@?$basic_filebuf@DU?$char_traits@D@std@@@std@@MEAAHXZ 0000000180003800 f i logsys.obj
 0001:00002ad0       ?underflow@?$basic_filebuf@DU?$char_traits@D@std@@@std@@MEAAHXZ 0000000180003ad0 f i logsys.obj
 0001:00002b40       ?pbackfail@?$basic_filebuf@DU?$char_traits@D@std@@@std@@MEAAHH@Z 0000000180003b40 f i logsys.obj
 0001:00002c20       ?overflow@?$basic_filebuf@DU?$char_traits@D@std@@@std@@MEAAHH@Z 0000000180003c20 f i logsys.obj
 0001:00002dc0       ?_Unlock@?$basic_filebuf@DU?$char_traits@D@std@@@std@@UEAAXXZ 0000000180003dc0 f i logsys.obj
 0001:00002de0       ?_Lock@?$basic_filebuf@DU?$char_traits@D@std@@@std@@UEAAXXZ 0000000180003de0 f i logsys.obj
 0001:00002e00       ??1?$basic_filebuf@DU?$char_traits@D@std@@@std@@UEAA@XZ 0000000180003e00 f i logsys.obj
 0001:00002eb0       ?imbue@?$basic_streambuf@DU?$char_traits@D@std@@@std@@MEAAXAEBVlocale@2@@Z 0000000180003eb0 f i logsys.obj
 0001:00002eb0       ?onLoad@BakkesModPlugin@Plugin@BakkesMod@@UEAAXXZ 0000000180003eb0 f i SixMansPlugin-Rework.obj
 0001:00002eb0       ?_Lock@?$basic_streambuf@DU?$char_traits@D@std@@@std@@UEAAXXZ 0000000180003eb0 f i logsys.obj
 0001:00002eb0       ?_Unlock@?$basic_streambuf@DU?$char_traits@D@std@@@std@@UEAAXXZ 0000000180003eb0 f i logsys.obj
 0001:00002eb0       ?onUnload@BakkesModPlugin@Plugin@BakkesMod@@UEAAXXZ 0000000180003eb0 f i SixMansPlugin-Rework.obj
 0001:00002eb0       ?onUnload@SixMansPlugin@@EEAAXXZ 0000000180003eb0 f i SixMansPlugin-Rework.obj
 0001:00002eb0       _guard_check_icall_nop     0000000180003eb0 f i LIBCMT:guard_support.obj
 0001:00002ec0       ?_Get_deleter@_Ref_count_base@std@@UEBAPEAXAEBVtype_info@@@Z 0000000180003ec0 f i SixMansPlugin-Rework.obj
 0001:00002ec0       ?sync@?$basic_streambuf@DU?$char_traits@D@std@@@std@@MEAAHXZ 0000000180003ec0 f i logsys.obj
 0001:00002ec0       ?showmanyc@?$basic_streambuf@DU?$char_traits@D@std@@@std@@MEAA_JXZ 0000000180003ec0 f i logsys.obj
 0001:00002ed0       ?setbuf@?$basic_streambuf@DU?$char_traits@D@std@@@std@@MEAAPEAV12@PEAD_J@Z 0000000180003ed0 f i logsys.obj
 0001:00002ee0       ?seekpos@?$basic_streambuf@DU?$char_traits@D@std@@@std@@MEAA?AV?$fpos@U_Mbstatet@@@2@V32@H@Z 0000000180003ee0 f i logsys.obj
 0001:00002ee0       ?seekoff@?$basic_streambuf@DU?$char_traits@D@std@@@std@@MEAA?AV?$fpos@U_Mbstatet@@@2@_JHH@Z 0000000180003ee0 f i logsys.obj
 0001:00002f00       ?xsputn@?$basic_streambuf@DU?$char_traits@D@std@@@std@@MEAA_JPEBD_J@Z 0000000180003f00 f i logsys.obj
 0001:00002fb0       ?xsgetn@?$basic_streambuf@DU?$char_traits@D@std@@@std@@MEAA_JPEAD_J@Z 0000000180003fb0 f i logsys.obj
 0001:00003060       ?uflow@?$basic_streambuf@DU?$char_traits@D@std@@@std@@MEAAHXZ 0000000180004060 f i logsys.obj
 0001:000030a0       ?overflow@?$basic_streambuf@DU?$char_traits@D@std@@@std@@MEAAHH@Z 00000001800040a0 f i logsys.obj
 0001:000030a0       ?pbackfail@?$basic_streambuf@DU?$char_traits@D@std@@@std@@MEAAHH@Z 00000001800040a0 f i logsys.obj
 0001:000030a0       ?underflow@?$basic_streambuf@DU?$char_traits@D@std@@@std@@MEAAHXZ 00000001800040a0 f i logsys.obj
 0001:000030b0       ??0?$basic_ifstream@DU?$char_traits@D@std@@@std@@QEAA@XZ 00000001800040b0 f i logsys.obj
 0001:00003180       ??1?$basic_istream@DU?$char_traits@D@std@@@std@@UEAA@XZ 0000000180004180 f i logsys.obj
 0001:000031b0       ??1?$basic_ios@DU?$char_traits@D@std@@@std@@UEAA@XZ 00000001800041b0 f i logsys.obj
 0001:000031d0       ??_E?$basic_ofstream@DU?$char_traits@D@std@@@std@@UEAAPEAXI@Z 00000001800041d0 f i * CIL library *:* CIL module *
 0001:000031d0       ??_G?$basic_ofstream@DU?$char_traits@D@std@@@std@@UEAAPEAXI@Z 00000001800041d0 f i logsys.obj
 0001:00003210       ??_E?$basic_ostream@DU?$char_traits@D@std@@@std@@UEAAPEAXI@Z 0000000180004210 f i * CIL library *:* CIL module *
 0001:00003210       ??_G?$basic_ostream@DU?$char_traits@D@std@@@std@@UEAAPEAXI@Z 0000000180004210 f i logsys.obj
 0001:00003280       ??_E?$basic_filebuf@DU?$char_traits@D@std@@@std@@UEAAPEAXI@Z 0000000180004280 f i * CIL library *:* CIL module *
 0001:00003280       ??_G?$basic_filebuf@DU?$char_traits@D@std@@@std@@UEAAPEAXI@Z 0000000180004280 f i logsys.obj
 0001:000032c0       ??_E?$basic_streambuf@DU?$char_traits@D@std@@@std@@UEAAPEAXI@Z 00000001800042c0 f i * CIL library *:* CIL module *
 0001:000032c0       ??_G?$basic_streambuf@DU?$char_traits@D@std@@@std@@UEAAPEAXI@Z 00000001800042c0 f i logsys.obj
 0001:00003340       ??_E?$basic_ifstream@DU?$char_traits@D@std@@@std@@UEAAPEAXI@Z 0000000180004340 f i * CIL library *:* CIL module *
 0001:00003340       ??_G?$basic_ifstream@DU?$char_traits@D@std@@@std@@UEAAPEAXI@Z 0000000180004340 f i logsys.obj
 0001:00003380       ??_E?$basic_istream@DU?$char_traits@D@std@@@std@@UEAAPEAXI@Z 0000000180004380 f i * CIL library *:* CIL module *
 0001:00003380       ??_G?$basic_istream@DU?$char_traits@D@std@@@std@@UEAAPEAXI@Z 0000000180004380 f i logsys.obj
 0001:000033f0       ??_E?$basic_ios@DU?$char_traits@D@std@@@std@@UEAAPEAXI@Z 00000001800043f0 f i * CIL library *:* CIL module *
 0001:000033f0       ??_G?$basic_ios@DU?$char_traits@D@std@@@std@@UEAAPEAXI@Z 00000001800043f0 f i logsys.obj
 0001:00003430       ?do_length@?$codecvt@DDU_Mbstatet@@@std@@MEBAHAEAU_Mbstatet@@PEBD1_K@Z 0000000180004430 f i logsys.obj
 0001:00003450       ?do_unshift@?$codecvt@DDU_Mbstatet@@@std@@MEBAHAEAU_Mbstatet@@PEAD1AEAPEAD@Z 0000000180004450 f i logsys.obj
 0001:00003460       ?do_out@?$codecvt@DDU_Mbstatet@@@std@@MEBAHAEAU_Mbstatet@@PEBD1AEAPEBDPEAD3AEAPEAD@Z 0000000180004460 f i logsys.obj
 0001:00003460       ?do_in@?$codecvt@DDU_Mbstatet@@@std@@MEBAHAEAU_Mbstatet@@PEBD1AEAPEBDPEAD3AEAPEAD@Z 0000000180004460 f i logsys.obj
 0001:00003480       ?do_always_noconv@?$codecvt@DDU_Mbstatet@@@std@@MEBA_NXZ 0000000180004480 f i logsys.obj
 0001:00003480       __acrt_uninitialize_command_line 0000000180004480 f i libucrt:argv_data.obj
 0001:00003490       ?_Initcvt@?$basic_filebuf@DU?$char_traits@D@std@@@std@@IEAAXAEBV?$codecvt@DDU_Mbstatet@@@2@@Z 0000000180004490 f i logsys.obj
 0001:00003510       ?_Endwrite@?$basic_filebuf@DU?$char_traits@D@std@@@std@@IEAA_NXZ 0000000180004510 f i logsys.obj
 0001:00003600       ?_Init@?$basic_filebuf@DU?$char_traits@D@std@@@std@@IEAAXPEAU_iobuf@@W4_Initfl@12@@Z 0000000180004600 f i logsys.obj
 0001:00003700       ?close@?$basic_filebuf@DU?$char_traits@D@std@@@std@@QEAAPEAV12@XZ 0000000180004700 f i logsys.obj
 0001:00003800       ??0?$basic_filebuf@DU?$char_traits@D@std@@@std@@QEAA@XZ 0000000180004800 f i logsys.obj
 0001:000038c0       ?_Pnavail@?$basic_streambuf@DU?$char_traits@D@std@@@std@@IEBA_JXZ 00000001800048c0 f i logsys.obj
 0001:000038e0       ?_Gnavail@?$basic_streambuf@DU?$char_traits@D@std@@@std@@IEBA_JXZ 00000001800048e0 f i logsys.obj
 0001:00003900       ??_G?$codecvt@DDU_Mbstatet@@@std@@MEAAPEAXI@Z 0000000180004900 f i logsys.obj
 0001:00003900       ??_E?$codecvt@DDU_Mbstatet@@@std@@MEAAPEAXI@Z 0000000180004900 f i * CIL library *:* CIL module *
 0001:00003930       ?init@?$basic_ios@DU?$char_traits@D@std@@@std@@IEAAXPEAV?$basic_streambuf@DU?$char_traits@D@std@@@2@_N@Z 0000000180004930 f i logsys.obj
 0001:000039e0       ?swap@?$basic_filebuf@DU?$char_traits@D@std@@@std@@QEAAXAEAV12@@Z 00000001800049e0 f i logsys.obj
 0001:00003c90       ?widen@?$basic_ios@DU?$char_traits@D@std@@@std@@QEBADD@Z 0000000180004c90 f i logsys.obj
 0001:00003e20       ?swap@?$basic_ios@DU?$char_traits@D@std@@@std@@QEAAXAEAV12@@Z 0000000180004e20 f i logsys.obj
 0001:00003ed0       ??$use_facet@V?$codecvt@DDU_Mbstatet@@@std@@@std@@YAAEBV?$codecvt@DDU_Mbstatet@@@0@AEBVlocale@0@@Z 0000000180004ed0 f i logsys.obj
 0001:00004010       ?_Getcat@?$codecvt@DDU_Mbstatet@@@std@@SA_KPEAPEBVfacet@locale@2@PEBV42@@Z 0000000180005010 f i logsys.obj
 0001:00004190       ??0?$basic_ofstream@DU?$char_traits@D@std@@@std@@QEAA@PEB_WHH@Z 0000000180005190 f i logsys.obj
 0001:00004308       ??_E?$basic_ostream@DU?$char_traits@D@std@@@std@@$4PPPPPPPM@A@EAAPEAXI@Z 0000000180005308 f i logsys.obj
 0001:00004314       ??_E?$basic_ifstream@DU?$char_traits@D@std@@@std@@$4PPPPPPPM@A@EAAPEAXI@Z 0000000180005314 f i logsys.obj
 0001:00004320       ??_E?$basic_istream@DU?$char_traits@D@std@@@std@@$4PPPPPPPM@A@EAAPEAXI@Z 0000000180005320 f i logsys.obj
 0001:0000432c       ??_E?$basic_ofstream@DU?$char_traits@D@std@@@std@@$4PPPPPPPM@A@EAAPEAXI@Z 000000018000532c f i logsys.obj
 0001:00004340       ??$_Reallocate_grow_by@V<lambda_1>@?1??append@?$basic_string@_WU?$char_traits@_W@std@@V?$allocator@_W@2@@std@@QEAAAEAV34@_K_W@Z@_K_W@?$basic_string@_WU?$char_traits@_W@std@@V?$allocator@_W@2@@std@@AEAAAEAV01@_KV<lambda_1>@?1??append@01@QEAAAEAV01@0_W@Z@_K_W@Z 0000000180005340 f i logsys.obj
 0001:00004500       ?_Convert_narrow_to_wide@filesystem@std@@YA?AV?$basic_string@_WU?$char_traits@_W@std@@V?$allocator@_W@2@@2@W4__std_code_page@@V?$basic_string_view@DU?$char_traits@D@std@@@2@@Z 0000000180005500 f i logsys.obj
 0001:00004650       ??_G?$ctype@D@std@@MEAAPEAXI@Z 0000000180005650 f i logsys.obj
 0001:00004650       ??_E?$ctype@D@std@@MEAAPEAXI@Z 0000000180005650 f i * CIL library *:* CIL module *
 0001:000046c0       ?do_tolower@?$ctype@D@std@@MEBAPEBDPEADPEBD@Z 00000001800056c0 f i logsys.obj
 0001:00004710       ?do_tolower@?$ctype@D@std@@MEBADD@Z 0000000180005710 f i logsys.obj
 0001:00004720       ?do_toupper@?$ctype@D@std@@MEBAPEBDPEADPEBD@Z 0000000180005720 f i logsys.obj
 0001:00004770       ?do_toupper@?$ctype@D@std@@MEBADD@Z 0000000180005770 f i logsys.obj
 0001:00004780       ?do_widen@?$ctype@D@std@@MEBAPEBDPEBD0PEAD@Z 0000000180005780 f i logsys.obj
 0001:000047a0       ?do_narrow@?$ctype@D@std@@MEBAPEBDPEBD0DPEAD@Z 00000001800057a0 f i logsys.obj
 0001:000047c0       ?do_widen@?$ctype@D@std@@MEBADD@Z 00000001800057c0 f i logsys.obj
 0001:000047c0       ?do_narrow@?$ctype@D@std@@MEBADDD@Z 00000001800057c0 f i logsys.obj
 0001:000047d0       ?_Getcat@?$ctype@D@std@@SA_KPEAPEBVfacet@locale@2@PEBV42@@Z 00000001800057d0 f i logsys.obj
 0001:00004960       ??0failure@ios_base@std@@QEAA@PEBDAEBVerror_code@2@@Z 0000000180005960 f i logsys.obj
 0001:00004a30       ??_E_Iostream_error_category2@std@@UEAAPEAXI@Z 0000000180005a30 f i * CIL library *:* CIL module *
 0001:00004a30       ??_G_Generic_error_category@std@@UEAAPEAXI@Z 0000000180005a30 f i logsys.obj
 0001:00004a30       ??_E_System_error_category@std@@UEAAPEAXI@Z 0000000180005a30 f i * CIL library *:* CIL module *
 0001:00004a30       ??_G_Iostream_error_category2@std@@UEAAPEAXI@Z 0000000180005a30 f i logsys.obj
 0001:00004a30       ??_G_System_error_category@std@@UEAAPEAXI@Z 0000000180005a30 f i logsys.obj
 0001:00004a30       ??_E_Generic_error_category@std@@UEAAPEAXI@Z 0000000180005a30 f i * CIL library *:* CIL module *
 0001:00004a60       ?name@_Iostream_error_category2@std@@UEBAPEBDXZ 0000000180005a60 f i logsys.obj
 0001:00004a70       ?message@_Iostream_error_category2@std@@UEBA?AV?$basic_string@DU?$char_traits@D@std@@V?$allocator@D@2@@2@H@Z 0000000180005a70 f i logsys.obj
 0001:00004b00       ?make_error_code@std@@YA?AVerror_code@1@W4io_errc@1@@Z 0000000180005b00 f i logsys.obj
 0001:00004b20       ??_Efailure@ios_base@std@@UEAAPEAXI@Z 0000000180005b20 f i * CIL library *:* CIL module *
 0001:00004b20       ??_Esystem_error@std@@UEAAPEAXI@Z 0000000180005b20 f i * CIL library *:* CIL module *
 0001:00004b20       ??_G_System_error@std@@UEAAPEAXI@Z 0000000180005b20 f i logsys.obj
 0001:00004b20       ??_Gfailure@ios_base@std@@UEAAPEAXI@Z 0000000180005b20 f i logsys.obj
 0001:00004b20       ??_Gsystem_error@std@@UEAAPEAXI@Z 0000000180005b20 f i logsys.obj
 0001:00004b20       ??_E_System_error@std@@UEAAPEAXI@Z 0000000180005b20 f i * CIL library *:* CIL module *
 0001:00004b70       ??0failure@ios_base@std@@QEAA@AEBV012@@Z 0000000180005b70 f i logsys.obj
 0001:00004bd0       ?clear@ios_base@std@@QEAAXH_N@Z 0000000180005bd0 f i logsys.obj
 0001:00004c60       ?do_encoding@codecvt_base@std@@MEBAHXZ 0000000180005c60 f i logsys.obj
 0001:00004c60       ?do_max_length@codecvt_base@std@@MEBAHXZ 0000000180005c60 f i logsys.obj
 0001:00004c60       _get_startup_argv_mode     0000000180005c60 f i LIBCMT:argv_mode.obj
 0001:00004c60       DllMain                    0000000180005c60 f i LIBCMT:dll_dllmain_stub.obj
 0001:00004c70       ??_Gios_base@std@@UEAAPEAXI@Z 0000000180005c70 f i logsys.obj
 0001:00004c70       ??_Eios_base@std@@UEAAPEAXI@Z 0000000180005c70 f i * CIL library *:* CIL module *
 0001:00004cb0       ?_Find_root_name_end@filesystem@std@@YAPEB_WQEB_W0@Z 0000000180005cb0 f i logsys.obj
 0001:00004da0       ?_Xran@?$_String_val@U?$_Simple_types@_W@std@@@std@@SAXXZ 0000000180005da0 f i logsys.obj
 0001:00004dc0       ??$_Reallocate_grow_by@V<lambda_1>@?1??push_back@?$basic_string@_WU?$char_traits@_W@std@@V?$allocator@_W@2@@std@@QEAAX_W@Z@_W@?$basic_string@_WU?$char_traits@_W@std@@V?$allocator@_W@2@@std@@AEAAAEAV01@_KV<lambda_1>@?1??push_back@01@QEAAX_W@Z@_W@Z 0000000180005dc0 f i logsys.obj
 0001:00004f60       ??$_Reallocate_grow_by@V<lambda_1>@?1??append@?$basic_string@_WU?$char_traits@_W@std@@V?$allocator@_W@2@@std@@QEAAAEAV34@QEB_W_K@Z@PEB_W_K@?$basic_string@_WU?$char_traits@_W@std@@V?$allocator@_W@2@@std@@AEAAAEAV01@_KV<lambda_1>@?1??append@01@QEAAAEAV01@QEB_W0@Z@PEB_W_K@Z 0000000180005f60 f i logsys.obj
 0001:00005130       ??_0path@filesystem@std@@QEAAAEAV012@AEBV012@@Z 0000000180006130 f i logsys.obj
 0001:00005460       ??Kfilesystem@std@@YA?AVpath@01@AEBV201@0@Z 0000000180006460 f i logsys.obj
 0001:000054b0       ?_Throw_fs_error@filesystem@std@@YAXPEBDW4__std_win_error@@AEBVpath@12@@Z 00000001800064b0 f i logsys.obj
 0001:00005520       ?make_error_code@std@@YA?AVerror_code@1@W4errc@1@@Z 0000000180006520 f i logsys.obj
 0001:00005540       ?_Throw_system_error@std@@YAXW4errc@1@@Z 0000000180006540 f i logsys.obj
 0001:00005580       ??0_System_error@std@@IEAA@Verror_code@1@AEBV?$basic_string@DU?$char_traits@D@std@@V?$allocator@D@2@@1@@Z 0000000180006580 f i logsys.obj
 0001:00005740       ??0system_error@std@@QEAA@Verror_code@1@@Z 0000000180006740 f i logsys.obj
 0001:00005800       ?name@_System_error_category@std@@UEBAPEBDXZ 0000000180006800 f i logsys.obj
 0001:00005810       ??1_System_error_message@std@@QEAA@XZ 0000000180006810 f i logsys.obj
 0001:00005820       ?message@_System_error_category@std@@UEBA?AV?$basic_string@DU?$char_traits@D@std@@V?$allocator@D@2@@2@H@Z 0000000180006820 f i logsys.obj
 0001:000058d0       ?name@_Generic_error_category@std@@UEBAPEBDXZ 00000001800068d0 f i logsys.obj
 0001:000058e0       ?message@_Generic_error_category@std@@UEBA?AV?$basic_string@DU?$char_traits@D@std@@V?$allocator@D@2@@2@H@Z 00000001800068e0 f i logsys.obj
 0001:00005940       ?default_error_condition@_System_error_category@std@@UEBA?AVerror_condition@2@H@Z 0000000180006940 f i logsys.obj
 0001:000059a0       ?equivalent@error_category@std@@UEBA_NAEBVerror_code@2@H@Z 00000001800069a0 f i logsys.obj
 0001:000059c0       ?default_error_condition@error_category@std@@UEBA?AVerror_condition@2@H@Z 00000001800069c0 f i logsys.obj
 0001:000059d0       ?equivalent@error_category@std@@UEBA_NHAEBVerror_condition@2@@Z 00000001800069d0 f i logsys.obj
 0001:00005a10       ?_Make_ec@filesystem@std@@YA?AVerror_code@2@W4__std_win_error@@@Z 0000000180006a10 f i logsys.obj
 0001:00005a30       ?_Throw_system_error_from_std_win_error@filesystem@std@@YAXW4__std_win_error@@@Z 0000000180006a30 f i logsys.obj
 0001:00005a70       ??$_Convert_wide_to_narrow_replace_chars@U?$char_traits@D@std@@V?$allocator@D@2@@filesystem@std@@YA?AV?$basic_string@DU?$char_traits@D@std@@V?$allocator@D@2@@1@W4__std_code_page@@V?$basic_string_view@_WU?$char_traits@_W@std@@@1@AEBV?$allocator@D@1@@Z 0000000180006a70 f i logsys.obj
 0001:00005b40       ??$_Reallocate_grow_by@V<lambda_1>@?1??reserve@?$basic_string@DU?$char_traits@D@std@@V?$allocator@D@2@@std@@QEAAX_K@Z@$$V@?$basic_string@DU?$char_traits@D@std@@V?$allocator@D@2@@std@@AEAAAEAV01@_KV<lambda_1>@?1??reserve@01@QEAAX0@Z@@Z 0000000180006b40 f i logsys.obj
 0001:00005c90       ??$_Reallocate_grow_by@V<lambda_1>@?1??push_back@?$basic_string@DU?$char_traits@D@std@@V?$allocator@D@2@@std@@QEAAXD@Z@D@?$basic_string@DU?$char_traits@D@std@@V?$allocator@D@2@@std@@AEAAAEAV01@_KV<lambda_1>@?1??push_back@01@QEAAXD@Z@D@Z 0000000180006c90 f i logsys.obj
 0001:00005e00       ?_Pretty_message@filesystem_error@filesystem@std@@CA?AV?$basic_string@DU?$char_traits@D@std@@V?$allocator@D@2@@3@V?$basic_string_view@DU?$char_traits@D@std@@@3@AEBVpath@23@1@Z 0000000180006e00 f i logsys.obj
 0001:00006080       ??0filesystem_error@filesystem@std@@QEAA@AEBV?$basic_string@DU?$char_traits@D@std@@V?$allocator@D@2@@2@AEBVpath@12@Verror_code@2@@Z 0000000180007080 f i logsys.obj
 0001:000061a0       ??1filesystem_error@filesystem@std@@UEAA@XZ 00000001800071a0 f i logsys.obj
 0001:000062c0       ??_Gfilesystem_error@filesystem@std@@UEAAPEAXI@Z 00000001800072c0 f i logsys.obj
 0001:000062c0       ??_Efilesystem_error@filesystem@std@@UEAAPEAXI@Z 00000001800072c0 f i * CIL library *:* CIL module *
 0001:00006410       ?what@filesystem_error@filesystem@std@@UEBAPEBDXZ 0000000180007410 f i logsys.obj
 0001:00006420       ??0path@filesystem@std@@QEAA@AEBV012@@Z 0000000180007420 f i logsys.obj
 0001:00006510       ??0filesystem_error@filesystem@std@@QEAA@AEBV012@@Z 0000000180007510 f i logsys.obj
 0001:000065a0       ??0system_error@std@@QEAA@AEBV01@@Z 00000001800075a0 f i logsys.obj
 0001:00006600       ??0_System_error@std@@QEAA@AEBV01@@Z 0000000180007600 f i logsys.obj
 0001:00006650       ?_Throw_fs_error@filesystem@std@@YAXPEBDAEBVerror_code@2@AEBVpath@12@@Z 0000000180007650 f i logsys.obj
 0001:000066b0       getPlugin                  00000001800076b0 f   SixMansPlugin-Rework.obj
 0001:000067b0       ??1LogSys@@QEAA@XZ         00000001800077b0 f i SixMansPlugin-Rework.obj
 0001:00006830       deleteMe                   0000000180007830 f   SixMansPlugin-Rework.obj
 0001:000068a0       ?onLoad@SixMansPlugin@@EEAAXXZ 00000001800078a0 f   SixMansPlugin-Rework.obj
 0001:00006be0       ?_Delete_this@?$_Ref_count@VSixMansPlugin@@@std@@EEAAXXZ 0000000180007be0 f i SixMansPlugin-Rework.obj
 0001:00006c00       ?_Destroy@?$_Ref_count@VSixMansPlugin@@@std@@EEAAXXZ 0000000180007c00 f i SixMansPlugin-Rework.obj
 0001:00006c40       ??_E?$_Ref_count@VSixMansPlugin@@@std@@UEAAPEAXI@Z 0000000180007c40 f i * CIL library *:* CIL module *
 0001:00006c40       ??_G?$_Ref_count@VSixMansPlugin@@@std@@UEAAPEAXI@Z 0000000180007c40 f i SixMansPlugin-Rework.obj
 0001:00006c70       ??4?$shared_ptr@VCVarManagerWrapper@@@std@@QEAAAEAV01@AEBV01@@Z 0000000180007c70 f i SixMansPlugin-Rework.obj
 0001:00006d00       ??1BakkesModPlugin@Plugin@BakkesMod@@QEAA@XZ 0000000180007d00 f i SixMansPlugin-Rework.obj
 0001:00006d90       ??0BakkesModPlugin@Plugin@BakkesMod@@QEAA@XZ 0000000180007d90 f i SixMansPlugin-Rework.obj
 0001:00006db0       ??0BakkesModPlugin@Plugin@BakkesMod@@QEAA@AEBV012@@Z 0000000180007db0 f i pch.obj
 0001:00006e10       ??0BakkesModPlugin@Plugin@BakkesMod@@QEAA@$$QEAV012@@Z 0000000180007e10 f i pch.obj
 0001:00006e70       ??4BakkesModPlugin@Plugin@BakkesMod@@QEAAAEAV012@AEBV012@@Z 0000000180007e70 f i pch.obj
 0001:00006f10       ??4BakkesModPlugin@Plugin@BakkesMod@@QEAAAEAV012@$$QEAV012@@Z 0000000180007f10 f i pch.obj
 0001:00006ff0       ?__autoclassinit2@BakkesModPlugin@Plugin@BakkesMod@@QEAAX_K@Z 0000000180007ff0 f i pch.obj
 0001:00006ffc       ??0bad_alloc@std@@QEAA@XZ  0000000180007ffc f i libcpmt:xthrow.obj
 0001:0000701c       ??0length_error@std@@QEAA@AEBV01@@Z 000000018000801c f i libcpmt:xthrow.obj
 0001:00007058       ??0length_error@std@@QEAA@PEBD@Z 0000000180008058 f i libcpmt:xthrow.obj
 0001:000070a0       ??0logic_error@std@@QEAA@AEBV01@@Z 00000001800080a0 f i libcpmt:xthrow.obj
 0001:000070dc       ??0out_of_range@std@@QEAA@AEBV01@@Z 00000001800080dc f i libcpmt:xthrow.obj
 0001:00007118       ??0out_of_range@std@@QEAA@PEBD@Z 0000000180008118 f i libcpmt:xthrow.obj
 0001:00007160       ?_Xlength_error@std@@YAXPEBD@Z 0000000180008160 f   libcpmt:xthrow.obj
 0001:00007184       ?_Xout_of_range@std@@YAXPEBD@Z 0000000180008184 f   libcpmt:xthrow.obj
 0001:000071a8       ?_Xruntime_error@std@@YAXPEBD@Z 00000001800081a8 f   libcpmt:xthrow.obj
 0001:000071cc       ??0_Locimp@locale@std@@AEAA@_N@Z 00000001800081cc f i libcpmt:locale0.obj
 0001:00007254       ??4?$_Yarn@D@std@@QEAAAEAV01@PEBD@Z 0000000180008254 f i libcpmt:locale0.obj
 0001:000072cc       ??_G_Locimp@locale@std@@MEAAPEAXI@Z 00000001800082cc f i libcpmt:locale0.obj
 0001:000072cc       ??_E_Locimp@locale@std@@MEAAPEAXI@Z 00000001800082cc f i libcpmt:locale0.obj
 0001:00007328       ?_Facet_Register@std@@YAXPEAV_Facet_base@1@@Z 0000000180008328 f   libcpmt:locale0.obj
 0001:00007360       ?_Getgloballocale@locale@std@@CAPEAV_Locimp@12@XZ 0000000180008360 f   libcpmt:locale0.obj
 0001:00007368       ?_Init@locale@std@@CAPEAV_Locimp@12@_N@Z 0000000180008368 f   libcpmt:locale0.obj
 0001:00007460       ?_Locimp_dtor@_Locimp@locale@std@@CAXPEAV123@@Z 0000000180008460 f   libcpmt:locale0.obj
 0001:000074dc       ?_Locinfo_ctor@_Locinfo@std@@SAXPEAV12@PEBD@Z 00000001800084dc f   libcpmt:locale0.obj
 0001:00007548       ?_Locinfo_dtor@_Locinfo@std@@SAXPEAV12@@Z 0000000180008548 f   libcpmt:locale0.obj
 0001:00007564       ?_New_Locimp@_Locimp@locale@std@@CAPEAV123@_N@Z 0000000180008564 f   libcpmt:locale0.obj
 0001:00007594       ?_Setgloballocale@locale@std@@CAXPEAX@Z 0000000180008594 f   libcpmt:locale0.obj
 0001:000075c8       _Deletegloballocale        00000001800085c8 f   libcpmt:locale0.obj
 0001:00007638       ??0_Init_locks@std@@QEAA@XZ 0000000180008638 f   libcpmt:xlock.obj
 0001:0000767c       ??0_Lockit@std@@QEAA@H@Z   000000018000867c f   libcpmt:xlock.obj
 0001:000076b8       ??1_Init_locks@std@@QEAA@XZ 00000001800086b8 f   libcpmt:xlock.obj
 0001:000076f4       ??1_Lockit@std@@QEAA@XZ    00000001800086f4 f   libcpmt:xlock.obj
 0001:00007728       __std_fs_code_page         0000000180008728 f   libcpmt:filesystem.obj
 0001:00007750       __std_fs_convert_narrow_to_wide 0000000180008750 f   libcpmt:filesystem.obj
 0001:00007798       __std_fs_convert_wide_to_narrow_replace_chars 0000000180008798 f   libcpmt:filesystem.obj
 0001:00007864       __std_fs_create_directory  0000000180008864 f   libcpmt:filesystem.obj
 0001:000078dc       __std_fs_get_stats         00000001800088dc f   libcpmt:filesystem.obj
 0001:00007b78       __std_fs_open_handle       0000000180008b78 f   libcpmt:filesystem.obj
 0001:00007bd0       ?_Syserror_map@std@@YAPEBDH@Z 0000000180008bd0 f   libcpmt:syserror.obj
 0001:00007bf8       ?_Winerror_map@std@@YAHH@Z 0000000180008bf8 f   libcpmt:syserror.obj
 0001:00007c1c       __std_system_error_allocate_message 0000000180008c1c f   libcpmt:syserror_import_lib.obj
 0001:00007c7c       __std_system_error_deallocate_message 0000000180008c7c f   libcpmt:syserror_import_lib.obj
 0001:00007c84       ?_Ios_base_dtor@ios_base@std@@CAXPEAV12@@Z 0000000180008c84 f   libcpmt:ios.obj
 0001:00007cfc       ?_Tidy@ios_base@std@@AEAAXXZ 0000000180008cfc f i libcpmt:ios.obj
 0001:00007d7c       _Getctype                  0000000180008d7c f   libcpmt:_tolower.obj
 0001:00007e3c       _Tolower                   0000000180008e3c f   libcpmt:_tolower.obj
 0001:00007f70       _Toupper                   0000000180008f70 f   libcpmt:_toupper.obj
 0001:000080b4       ??$_Xfiopen@_W@std@@YAPEAU_iobuf@@PEB_WHH@Z 00000001800090b4 f i libcpmt:fiopen.obj
 0001:000081c0       ?_Fiopen@std@@YAPEAU_iobuf@@PEB_WHH@Z 00000001800091c0 f   libcpmt:fiopen.obj
 0001:000081c8       ?_Atexit@@YAXP6AXXZ@Z      00000001800091c8 f   libcpmt:iosptrs.obj
 0001:00008204       _Mtxdst                    0000000180009204 f   libcpmt:xmtx.obj
 0001:0000820c       _Mtxinit                   000000018000920c f   libcpmt:xmtx.obj
 0001:0000821c       _Mtxlock                   000000018000921c f   libcpmt:xmtx.obj
 0001:00008224       _Mtxunlock                 0000000180009224 f   libcpmt:xmtx.obj
 0001:0000822c       __crtLCMapStringA          000000018000922c f   libcpmt:StlLCMapStringA.obj
 0001:00008540       __security_check_cookie    0000000180009540 f   LIBCMT:amdsecgs.obj
 0001:00008560       ??_V@YAXPEAX@Z             0000000180009560 f   LIBCMT:delete_array.obj
 0001:00008560       ??3@YAXPEAX_K@Z            0000000180009560 f   LIBCMT:delete_scalar_size.obj
 0001:00008568       ??2@YAPEAX_K@Z             0000000180009568 f   LIBCMT:new_scalar.obj
 0001:000085a4       ??_Gtype_info@@UEAAPEAXI@Z 00000001800095a4 f i LIBCMT:std_type_info_static.obj
 0001:000085a4       ??_Etype_info@@UEAAPEAXI@Z 00000001800095a4 f i LIBCMT:std_type_info_static.obj
 0001:000085d0       ??_M@YAXPEAX_K1P6AX0@Z@Z   00000001800095d0 f   LIBCMT:ehvecdtr.obj
 0001:0000863c       ?__ArrayUnwind@@YAXPEAX_K1P6AX0@Z@Z 000000018000963c f   LIBCMT:ehvecdtr.obj
 0001:00008798       __scrt_acquire_startup_lock 0000000180009798 f   LIBCMT:utility.obj
 0001:000087d4       __scrt_dllmain_after_initialize_c 00000001800097d4 f   LIBCMT:utility.obj
 0001:00008808       __scrt_dllmain_before_initialize_c 0000000180009808 f   LIBCMT:utility.obj
 0001:00008820       __scrt_dllmain_crt_thread_attach 0000000180009820 f   LIBCMT:utility.obj
 0001:00008848       __scrt_dllmain_crt_thread_detach 0000000180009848 f   LIBCMT:utility.obj
 0001:00008860       __scrt_dllmain_exception_filter 0000000180009860 f   LIBCMT:utility.obj
 0001:000088c0       __scrt_dllmain_uninitialize_c 00000001800098c0 f   LIBCMT:utility.obj
 0001:000088f0       __scrt_dllmain_uninitialize_critical 00000001800098f0 f   LIBCMT:utility.obj
 0001:00008904       __scrt_initialize_crt      0000000180009904 f   LIBCMT:utility.obj
 0001:00008950       __scrt_initialize_onexit_tables 0000000180009950 f   LIBCMT:utility.obj
 0001:000089dc       __scrt_is_nonwritable_in_current_image 00000001800099dc f   LIBCMT:utility.obj
 0001:00008a74       __scrt_release_startup_lock 0000000180009a74 f   LIBCMT:utility.obj
 0001:00008a98       __scrt_uninitialize_crt    0000000180009a98 f   LIBCMT:utility.obj
 0001:00008ac4       _onexit                    0000000180009ac4 f   LIBCMT:utility.obj
 0001:00008b00       atexit                     0000000180009b00 f   LIBCMT:utility.obj
 0001:00008b18       __raise_securityfailure    0000000180009b18 f   LIBCMT:gs_report.obj
 0001:00008b4c       __report_gsfailure         0000000180009b4c f   LIBCMT:gs_report.obj
 0001:00008c20       __report_rangecheckfailure 0000000180009c20 f   LIBCMT:gs_report.obj
 0001:00008c34       __report_securityfailure   0000000180009c34 f   LIBCMT:gs_report.obj
 0001:000090d4       _DllMainCRTStartup         000000018000a0d4 f   LIBCMT:dll_dllmain.obj
 0001:00009114       __GSHandlerCheck           000000018000a114 f   LIBCMT:gshandler.obj
 0001:00009134       __GSHandlerCheckCommon     000000018000a134 f   LIBCMT:gshandler.obj
 0001:00009190       __GSHandlerCheck_EH4       000000018000a190 f   LIBCMT:gshandlereh4.obj
 0001:00009220       _alloca_probe              000000018000a220 f   LIBCMT:chkstk.obj
 0001:00009220       __chkstk                   000000018000a220 f   LIBCMT:chkstk.obj
 0001:00009270       ?__scrt_throw_std_bad_alloc@@YAXXZ 000000018000a270 f   LIBCMT:throw_bad_alloc.obj
 0001:00009290       __crt_debugger_hook        000000018000a290 f   LIBCMT:utility_desktop.obj
 0001:00009298       __scrt_fastfail            000000018000a298 f   LIBCMT:utility_desktop.obj
 0001:000093e4       __isa_available_init       000000018000a3e4 f   LIBCMT:cpu_disp.obj
 0001:00009590       __scrt_is_ucrt_dll_in_use  000000018000a590 f   LIBCMT:ucrt_detection.obj
 0001:0000959c       __security_init_cookie     000000018000a59c f   LIBCMT:gs_support.obj
 0001:00009648       ?__scrt_initialize_type_info@@YAXXZ 000000018000a648 f   LIBCMT:tncleanup.obj
 0001:00009658       ?__scrt_uninitialize_type_info@@YAXXZ 000000018000a658 f   LIBCMT:tncleanup.obj
 0001:00009664       __scrt_initialize_default_local_stdio_options 000000018000a664 f   LIBCMT:default_local_stdio_options.obj
 0001:00009680       __scrt_get_dyn_tls_init_callback 000000018000a680 f   LIBCMT:dyn_tls_init.obj
 0001:00009688       _RTC_Initialize            000000018000a688 f   LIBCMT:initsect.obj
 0001:000096c4       _RTC_Terminate             000000018000a6c4 f   LIBCMT:initsect.obj
 0001:00009700       ??$_CallSETranslator@V__FrameHandler3@@@@YAHPEAUEHExceptionRecord@@PEA_KPEAU_CONTEXT@@PEAU_xDISPATCHER_CONTEXT@@PEBU_s_FuncInfo@@K1H@Z 000000018000a700 f i libvcruntime:risctrnsctrl.obj
 0001:00009754       ??$_CallSETranslator@V__FrameHandler4@@@@YAHPEAUEHExceptionRecord@@PEA_KPEAU_CONTEXT@@PEAU_xDISPATCHER_CONTEXT@@PEAUFuncInfo4@FH4@@K1H@Z 000000018000a754 f i libvcruntime:risctrnsctrl.obj
 0001:000097a8       ?CatchTryBlock@__FrameHandler3@@SAPEBU_s_TryBlockMapEntry@@PEBU_s_FuncInfo@@H@Z 000000018000a7a8 f   libvcruntime:risctrnsctrl.obj
 0001:0000980c       ?DecompFuncInfo@FH4@@YA_JPEAEAEAUFuncInfo4@1@_KH_N@Z 000000018000a80c f i libvcruntime:risctrnsctrl.obj
 0001:00009930       ?ExecutionInCatch@__FrameHandler3@@SA_NPEAU_xDISPATCHER_CONTEXT@@PEBU_s_FuncInfo@@@Z 000000018000a930 f   libvcruntime:risctrnsctrl.obj
 0001:0000995c       ?ExecutionInCatch@__FrameHandler4@@SA_NPEAU_xDISPATCHER_CONTEXT@@PEAUFuncInfo4@FH4@@@Z 000000018000a95c f   libvcruntime:risctrnsctrl.obj
 0001:00009964       ?FrameUnwindToEmptyState@__FrameHandler3@@SAXPEA_KPEAU_xDISPATCHER_CONTEXT@@PEBU_s_FuncInfo@@@Z 000000018000a964 f   libvcruntime:risctrnsctrl.obj
 0001:000099c8       ?FrameUnwindToEmptyState@__FrameHandler4@@SAXPEA_KPEAU_xDISPATCHER_CONTEXT@@PEAUFuncInfo4@FH4@@@Z 000000018000a9c8 f   libvcruntime:risctrnsctrl.obj
 0001:000099fc       ?GetEstablisherFrame@__FrameHandler3@@SAPEA_KPEA_KPEAU_xDISPATCHER_CONTEXT@@PEBU_s_FuncInfo@@0@Z 000000018000a9fc f   libvcruntime:risctrnsctrl.obj
 0001:00009ac8       ?GetEstablisherFrame@__FrameHandler4@@SAPEA_KPEA_KPEAU_xDISPATCHER_CONTEXT@@PEAUFuncInfo4@FH4@@0@Z 000000018000aac8 f   libvcruntime:risctrnsctrl.obj
 0001:00009aec       ?GetRangeOfTrysToCheck@__FrameHandler3@@SA?AU?$pair@Viterator@TryBlockMap@__FrameHandler3@@V123@@std@@AEAVTryBlockMap@1@HPEAU_xDISPATCHER_CONTEXT@@PEBU_s_FuncInfo@@H@Z 000000018000aaec f   libvcruntime:risctrnsctrl.obj
 0001:00009c2c       ?GetRangeOfTrysToCheck@__FrameHandler4@@SA?AU?$pair@Viterator@TryBlockMap4@FH4@@V123@@std@@AEAVTryBlockMap4@FH4@@HPEAU_xDISPATCHER_CONTEXT@@PEAUFuncInfo4@5@H@Z 000000018000ac2c f   libvcruntime:risctrnsctrl.obj
 0001:00009d98       ?UnwindNestedFrames@__FrameHandler3@@SAXPEA_KPEAUEHExceptionRecord@@PEAU_CONTEXT@@0PEAXPEBU_s_FuncInfo@@HHPEBU_s_HandlerType@@PEAU_xDISPATCHER_CONTEXT@@E@Z 000000018000ad98 f   libvcruntime:risctrnsctrl.obj
 0001:00009e9c       ?UnwindNestedFrames@__FrameHandler4@@SAXPEA_KPEAUEHExceptionRecord@@PEAU_CONTEXT@@0PEAXPEAUFuncInfo4@FH4@@HHPEAUHandlerType4@5@PEAU_xDISPATCHER_CONTEXT@@E@Z 000000018000ae9c f   libvcruntime:risctrnsctrl.obj
 0001:00009fbc       ?setBuffer@TryBlockMap4@FH4@@QEAAXViterator@12@@Z 000000018000afbc f i libvcruntime:risctrnsctrl.obj
 0001:0000a180       _CreateFrameInfo           000000018000b180 f   libvcruntime:risctrnsctrl.obj
 0001:0000a1bc       _FindAndUnlinkFrame        000000018000b1bc f   libvcruntime:risctrnsctrl.obj
 0001:0000a210       _GetImageBase              000000018000b210 f   libvcruntime:risctrnsctrl.obj
 0001:0000a224       _GetThrowImageBase         000000018000b224 f   libvcruntime:risctrnsctrl.obj
 0001:0000a238       _SetImageBase              000000018000b238 f   libvcruntime:risctrnsctrl.obj
 0001:0000a250       _SetThrowImageBase         000000018000b250 f   libvcruntime:risctrnsctrl.obj
 0001:0000a268       __CxxFrameHandler3         000000018000b268 f   libvcruntime:risctrnsctrl.obj
 0001:0000a2f0       __CxxFrameHandler4         000000018000b2f0 f   libvcruntime:risctrnsctrl.obj
 0001:0000a3b0       __DestructExceptionObject  000000018000b3b0 f   libvcruntime:ehhelpers.obj
 0001:0000a420       ?_CallMemberFunction0@@YAXQEAX0@Z 000000018000b420 f i libvcruntime:ehhelpers.obj
 0001:0000a424       _IsExceptionObjectToBeDestroyed 000000018000b424 f   libvcruntime:ehhelpers.obj
 0001:0000a454       __AdjustPointer            000000018000b454 f   libvcruntime:ehhelpers.obj
 0001:0000a478       __FrameUnwindFilter        000000018000b478 f   libvcruntime:ehhelpers.obj
 0001:0000a4e0       __current_exception        000000018000b4e0 f   libvcruntime:ehhelpers.obj
 0001:0000a4f4       __current_exception_context 000000018000b4f4 f   libvcruntime:ehhelpers.obj
 0001:0000a508       __std_terminate            000000018000b508 f   libvcruntime:ehhelpers.obj
 0001:0000a514       __std_exception_copy       000000018000b514 f   libvcruntime:std_exception.obj
 0001:0000a5a4       __std_exception_destroy    000000018000b5a4 f   libvcruntime:std_exception.obj
 0001:0000a5cc       _get_purecall_handler      000000018000b5cc f   libvcruntime:purevirt.obj
 0001:0000a5d8       _purecall                  000000018000b5d8 f   libvcruntime:purevirt.obj
 0001:0000a5f4       _CxxThrowException         000000018000b5f4 f   libvcruntime:throw.obj
 0001:0000a6b0       memcpy_repmovs             000000018000b6b0 f   libvcruntime:memcpy.obj
 0001:0000a6d0       memcpy                     000000018000b6d0 f   libvcruntime:memcpy.obj
 0001:0000a6d0       memmove                    000000018000b6d0 f   libvcruntime:memcpy.obj
 0001:0000ad60       memchr                     000000018000bd60 f   libvcruntime:memchr.obj
 0001:0000ade0       memset_repstos             000000018000bde0 f   libvcruntime:memset.obj
 0001:0000ae00       memset                     000000018000be00 f   libvcruntime:memset.obj
 0001:0000b1a0       memcmp                     000000018000c1a0 f   libvcruntime:memcmp.obj
 0001:0000b268       __C_specific_handler       000000018000c268 f   libvcruntime:riscchandler.obj
 0001:0000b460       __vcrt_initialize          000000018000c460 f   libvcruntime:initialization.obj
 0001:0000b488       __vcrt_thread_attach       000000018000c488 f   libvcruntime:initialization.obj
 0001:0000b49c       __vcrt_thread_detach       000000018000c49c f   libvcruntime:initialization.obj
 0001:0000b4b0       __vcrt_uninitialize        000000018000c4b0 f   libvcruntime:initialization.obj
 0001:0000b4cc       __vcrt_uninitialize_critical 000000018000c4cc f   libvcruntime:initialization.obj
 0001:0000b4dc       __std_type_info_compare    000000018000c4dc f   libvcruntime:std_type_info.obj
 0001:0000b504       __std_type_info_destroy_list 000000018000c504 f   libvcruntime:std_type_info.obj
 0001:0000b530       __vcrt_freefls             000000018000c530 f   libvcruntime:per_thread_data.obj
 0001:0000b550       __vcrt_freeptd             000000018000c550 f   libvcruntime:per_thread_data.obj
 0001:0000b5a0       __vcrt_getptd              000000018000c5a0 f   libvcruntime:per_thread_data.obj
 0001:0000b5bc       __vcrt_getptd_noexit       000000018000c5bc f   libvcruntime:per_thread_data.obj
 0001:0000b67c       __vcrt_initialize_ptd      000000018000c67c f   libvcruntime:per_thread_data.obj
 0001:0000b6c4       __vcrt_uninitialize_ptd    000000018000c6c4 f   libvcruntime:per_thread_data.obj
 0001:0000b6e8       ?GetCurrentState@__FrameHandler3@@SAHPEA_KPEAU_xDISPATCHER_CONTEXT@@PEBU_s_FuncInfo@@@Z 000000018000c6e8 f   libvcruntime:ehstate.obj
 0001:0000b710       ?GetUnwindTryBlock@__FrameHandler3@@SAHPEA_KPEAU_xDISPATCHER_CONTEXT@@PEBU_s_FuncInfo@@@Z 000000018000c710 f   libvcruntime:ehstate.obj
 0001:0000b73c       ?SetState@__FrameHandler3@@SAXPEA_KPEBU_s_FuncInfo@@H@Z 000000018000c73c f   libvcruntime:ehstate.obj
 0001:0000b748       ?SetUnwindTryBlock@__FrameHandler3@@SAXPEA_KPEAU_xDISPATCHER_CONTEXT@@PEBU_s_FuncInfo@@H@Z 000000018000c748 f   libvcruntime:ehstate.obj
 0001:0000b784       ?StateFromControlPc@__FrameHandler3@@SAHPEBU_s_FuncInfo@@PEAU_xDISPATCHER_CONTEXT@@@Z 000000018000c784 f   libvcruntime:ehstate.obj
 0001:0000b78c       ?StateFromControlPc@__FrameHandler4@@SAHPEAUFuncInfo4@FH4@@PEAU_xDISPATCHER_CONTEXT@@@Z 000000018000c78c f   libvcruntime:ehstate.obj
 0001:0000b794       ?StateFromIp@__FrameHandler3@@SAHPEBU_s_FuncInfo@@PEAU_xDISPATCHER_CONTEXT@@_K@Z 000000018000c794 f   libvcruntime:ehstate.obj
 0001:0000b7fc       ?StateFromIp@__FrameHandler4@@SAHPEAUFuncInfo4@FH4@@PEAU_xDISPATCHER_CONTEXT@@_K@Z 000000018000c7fc f   libvcruntime:ehstate.obj
 0001:0000cefc       ??$TypeMatchHelper@V__FrameHandler3@@@@YAHPEBU_s_HandlerType@@PEBU_s_CatchableType@@PEBU_s_ThrowInfo@@@Z 000000018000defc f i libvcruntime:frame.obj
 0001:0000d03c       ??$TypeMatchHelper@V__FrameHandler4@@@@YAHPEAUHandlerType4@FH4@@PEBU_s_CatchableType@@PEBU_s_ThrowInfo@@@Z 000000018000e03c f i libvcruntime:frame.obj
 0001:0000d180       ??$__InternalCxxFrameHandler@V__FrameHandler3@@@@YA?AW4_EXCEPTION_DISPOSITION@@PEAUEHExceptionRecord@@PEA_KPEAU_CONTEXT@@PEAU_xDISPATCHER_CONTEXT@@PEBU_s_FuncInfo@@H1E@Z 000000018000e180 f i libvcruntime:frame.obj
 0001:0000d3b8       ??$__InternalCxxFrameHandler@V__FrameHandler4@@@@YA?AW4_EXCEPTION_DISPOSITION@@PEAUEHExceptionRecord@@PEA_KPEAU_CONTEXT@@PEAU_xDISPATCHER_CONTEXT@@PEAUFuncInfo4@FH4@@H1E@Z 000000018000e3b8 f i libvcruntime:frame.obj
 0001:0000d64c       ??0HandlerMap4@FH4@@QEAA@PEBUTryBlockMapEntry4@1@_KH@Z 000000018000e64c f i libvcruntime:frame.obj
 0001:0000d6c8       ??0TryBlockMap4@FH4@@QEAA@PEBUFuncInfo4@1@_K@Z 000000018000e6c8 f i libvcruntime:frame.obj
 0001:0000d7a0       ??0bad_exception@std@@QEAA@AEBV01@@Z 000000018000e7a0 f i libvcruntime:frame.obj
 0001:0000d7dc       ??0bad_exception@std@@QEAA@XZ 000000018000e7dc f i libvcruntime:frame.obj
 0001:0000d7fc       ?CxxCallCatchBlock@__FrameHandler3@@SAPEAXPEAU_EXCEPTION_RECORD@@@Z 000000018000e7fc f   libvcruntime:frame.obj
 0001:0000d9e8       ?CxxCallCatchBlock@__FrameHandler4@@SAPEAXPEAU_EXCEPTION_RECORD@@@Z 000000018000e9e8 f   libvcruntime:frame.obj
 0001:0000dc38       ?DecompHandler@HandlerMap4@FH4@@AEAAXXZ 000000018000ec38 f i libvcruntime:frame.obj
 0001:0000de84       ?FrameUnwindToState@__FrameHandler3@@SAXPEA_KPEAU_xDISPATCHER_CONTEXT@@PEBU_s_FuncInfo@@H@Z 000000018000ee84 f   libvcruntime:frame.obj
 0001:0000e010       ?FrameUnwindToState@__FrameHandler4@@SAXPEA_KPEAU_xDISPATCHER_CONTEXT@@PEAUFuncInfo4@FH4@@H@Z 000000018000f010 f   libvcruntime:frame.obj
 0001:0000e30c       ?GetHandlerSearchState@__FrameHandler3@@SAHPEA_KPEAU_xDISPATCHER_CONTEXT@@PEBU_s_FuncInfo@@@Z 000000018000f30c f i libvcruntime:frame.obj
 0001:0000e51c       ?ReadEntry@UWMap4@FH4@@AEAAXPEAPEAE@Z 000000018000f51c f i libvcruntime:frame.obj
 0001:0000e5b8       ?_CallMemberFunction1@@YAXQEAX00@Z 000000018000f5b8 f i libvcruntime:frame.obj
 0001:0000e5c4       ?_CallMemberFunction2@@YAXQEAX00H@Z 000000018000f5c4 f i libvcruntime:frame.obj
 0001:0000e5d4       ?getStartStop@UWMap4@FH4@@QEAAXHHAEAViterator@12@0@Z 000000018000f5d4 f i libvcruntime:frame.obj
 0001:0000e6a4       ?getStateFromIterators@UWMap4@FH4@@SAHAEBViterator@12@H0H0@Z 000000018000f6a4 f i libvcruntime:frame.obj
 0001:0000e780       _NLG_Notify                000000018000f780 f   libvcruntime:notify.obj
 0001:0000e7a0       __NLG_Dispatch2            000000018000f7a0 f   libvcruntime:notify.obj
 0001:0000e7b0       __NLG_Return2              000000018000f7b0 f   libvcruntime:notify.obj
 0001:0000e7b4       __except_validate_context_record 000000018000f7b4 f   libvcruntime:jbcxrval.obj
 0001:0000e7ec       __vcrt_initialize_locks    000000018000f7ec f   libvcruntime:locks.obj
 0001:0000e834       __vcrt_uninitialize_locks  000000018000f834 f   libvcruntime:locks.obj
 0001:0000e9bc       __vcrt_FlsAlloc            000000018000f9bc f   libvcruntime:winapi_downlevel.obj
 0001:0000ea04       __vcrt_FlsFree             000000018000fa04 f   libvcruntime:winapi_downlevel.obj
 0001:0000ea4c       __vcrt_FlsGetValue         000000018000fa4c f   libvcruntime:winapi_downlevel.obj
 0001:0000ea94       __vcrt_FlsSetValue         000000018000fa94 f   libvcruntime:winapi_downlevel.obj
 0001:0000eae8       __vcrt_InitializeCriticalSectionEx 000000018000fae8 f   libvcruntime:winapi_downlevel.obj
 0001:0000eb60       _CallSettingFrame          000000018000fb60 f   libvcruntime:handlers.obj
 0001:0000ebb0       _CallSettingFrame_LookupContinuationIndex 000000018000fbb0 f   libvcruntime:handlers.obj
 0001:0000ebe0       _CallSettingFrame_NotifyContinuationAddr 000000018000fbe0 f   libvcruntime:handlers.obj
 0001:0000ec10       _CallSettingFrameEncoded   000000018000fc10 f   libvcruntime:handlers.obj
 0001:0000ec58       ??0_LocaleUpdate@@QEAA@QEAU__crt_locale_pointers@@@Z 000000018000fc58 f i libucrt:output.obj
 0001:0000ecf4       ??1_LocaleUpdate@@QEAA@XZ  000000018000fcf4 f i libucrt:output.obj
 0001:0000ed08       __acrt_initialize_stdio    000000018000fd08 f   libucrt:_file.obj
 0001:0000ee28       __acrt_iob_func            000000018000fe28 f   libucrt:_file.obj
 0001:0000ee3c       __acrt_uninitialize_stdio  000000018000fe3c f   libucrt:_file.obj
 0001:0000ee98       _get_stream_buffer_pointers 000000018000fe98 f   libucrt:_file.obj
 0001:0000eee0       _lock_file                 000000018000fee0 f   libucrt:_file.obj
 0001:0000eeec       _unlock_file               000000018000feec f   libucrt:_file.obj
 0001:0000eef8       terminate                  000000018000fef8 f   libucrt:terminate.obj
 0001:0000ef18       __acrt_errno_from_os_error 000000018000ff18 f   libucrt:errno.obj
 0001:0000ef60       __acrt_errno_map_os_error  000000018000ff60 f   libucrt:errno.obj
 0001:0000efb0       __doserrno                 000000018000ffb0 f   libucrt:errno.obj
 0001:0000efd0       _errno                     000000018000ffd0 f   libucrt:errno.obj
 0001:0000eff0       __acrt_call_reportfault    000000018000fff0 f   libucrt:invalid_parameter.obj
 0001:0000f14c       __acrt_initialize_invalid_parameter_handler 000000018001014c f   libucrt:invalid_parameter.obj
 0001:0000f154       _invalid_parameter         0000000180010154 f   libucrt:invalid_parameter.obj
 0001:0000f204       _invalid_parameter_noinfo  0000000180010204 f   libucrt:invalid_parameter.obj
 0001:0000f224       _invalid_parameter_noinfo_noreturn 0000000180010224 f   libucrt:invalid_parameter.obj
 0001:0000f254       _invoke_watson             0000000180010254 f   libucrt:invalid_parameter.obj
 0001:0000f340       _fwrite_nolock             0000000180010340 f   libucrt:fwrite.obj
 0001:0000f4ec       fwrite                     00000001800104ec f   libucrt:fwrite.obj
 0001:0000f570       fputc                      0000000180010570 f   libucrt:fputc.obj
 0001:0000f694       _fileno                    0000000180010694 f   libucrt:fileno.obj
 0001:0000f6bc       _isatty                    00000001800106bc f   libucrt:isatty.obj
 0001:0000f71c       __acrt_lowio_create_handle_array 000000018001071c f   libucrt:osfinfo.obj
 0001:0000f7c4       __acrt_lowio_destroy_handle_array 00000001800107c4 f   libucrt:osfinfo.obj
 0001:0000f814       __acrt_lowio_ensure_fh_exists 0000000180010814 f   libucrt:osfinfo.obj
 0001:0000f8bc       __acrt_lowio_lock_fh       00000001800108bc f   libucrt:osfinfo.obj
 0001:0000f8e4       __acrt_lowio_set_os_handle 00000001800108e4 f   libucrt:osfinfo.obj
 0001:0000f9a4       __acrt_lowio_unlock_fh     00000001800109a4 f   libucrt:osfinfo.obj
 0001:0000f9cc       _alloc_osfhnd              00000001800109cc f   libucrt:osfinfo.obj
 0001:0000fb0c       _free_osfhnd               0000000180010b0c f   libucrt:osfinfo.obj
 0001:0000fbc8       _get_osfhandle             0000000180010bc8 f   libucrt:osfinfo.obj
 0001:0000fc40       free                       0000000180010c40 f   libucrt:free.obj
 0001:0000fc54       calloc                     0000000180010c54 f   libucrt:calloc.obj
 0001:0000fc5c       _fclose_nolock             0000000180010c5c f   libucrt:fclose.obj
 0001:0000fce0       fclose                     0000000180010ce0 f   libucrt:fclose.obj
 0001:0000fe10       _wfsopen                   0000000180010e10 f   libucrt:fopen.obj
 0001:0000fe18       ??$__acrt_mbs_to_wcs_cp@U__crt_win32_buffer_internal_dynamic_resizing@@@@YAHQEBDAEAV?$__crt_win32_buffer@_WU__crt_win32_buffer_internal_dynamic_resizing@@@@I@Z 0000000180010e18 f i libucrt:open.obj
 0001:000105b8       _wsopen_nolock             00000001800115b8 f   libucrt:open.obj
 0001:000109a0       _wsopen_s                  00000001800119a0 f   libucrt:open.obj
 0001:00010a48       _close                     0000000180011a48 f   libucrt:close.obj
 0001:00010aec       _close_nolock              0000000180011aec f   libucrt:close.obj
 0001:00011114       _read                      0000000180012114 f   libucrt:read.obj
 0001:00011230       _read_nolock               0000000180012230 f   libucrt:read.obj
 0001:00011f04       _write                     0000000180012f04 f   libucrt:write.obj
 0001:00011ff0       _write_nolock              0000000180012ff0 f   libucrt:write.obj
 0001:000122d4       ??$__acrt_stdio_parse_mode@_W@@YA?AU__acrt_stdio_stream_mode@@QEB_W@Z 00000001800132d4 f i libucrt:fdopen.obj
 0001:000125d8       malloc                     00000001800135d8 f   libucrt:malloc.obj
 0001:000125f0       strncpy                    00000001800135f0 f   libucrt:strncpy.obj
 0001:00012c24       _ftelli64                  0000000180013c24 f   libucrt:ftell.obj
 0001:00012c2c       _ftelli64_nolock           0000000180013c2c f   libucrt:ftell.obj
 0001:00012e3c       _fseeki64                  0000000180013e3c f   libucrt:fseek.obj
 0001:00012e44       fseek                      0000000180013e44 f   libucrt:fseek.obj
 0001:00012e4c       _fread_nolock_s            0000000180013e4c f   libucrt:fread.obj
 0001:000130ac       fread                      00000001800140ac f   libucrt:fread.obj
 0001:000130cc       fread_s                    00000001800140cc f   libucrt:fread.obj
 0001:00013180       qsort                      0000000180014180 f   libucrt:qsort.obj
 0001:0001373c       __acrt_stdio_flush_nolock  000000018001473c f   libucrt:fflush.obj
 0001:000137b8       _fflush_nolock             00000001800147b8 f   libucrt:fflush.obj
 0001:00013804       _flushall                  0000000180014804 f   libucrt:fflush.obj
 0001:0001380c       fflush                     000000018001480c f   libucrt:fflush.obj
 0001:00013890       strncmp                    0000000180014890 f   libucrt:strncmp.obj
 0001:00013a34       setvbuf                    0000000180014a34 f   libucrt:setvbuf.obj
 0001:00013ad0       fsetpos                    0000000180014ad0 f   libucrt:fsetpos.obj
 0001:00013b08       fgetpos                    0000000180014b08 f   libucrt:fgetpos.obj
 0001:00013b54       _fgetc_nolock              0000000180014b54 f   libucrt:fgetc.obj
 0001:00013b98       fgetc                      0000000180014b98 f   libucrt:fgetc.obj
 0001:00013ca0       _ungetc_nolock             0000000180014ca0 f   libucrt:ungetc.obj
 0001:00013dc8       ungetc                     0000000180014dc8 f   libucrt:ungetc.obj
 0001:000140fc       setlocale                  00000001800150fc f   libucrt:setlocale.obj
 0001:00014148       __acrt_initialize_locks    0000000180015148 f   libucrt:locks.obj
 0001:00014190       __acrt_lock                0000000180015190 f   libucrt:locks.obj
 0001:000141ac       __acrt_uninitialize_locks  00000001800151ac f   libucrt:locks.obj
 0001:000141e4       __acrt_unlock              00000001800151e4 f   libucrt:locks.obj
 0001:00014200       _lock_locales              0000000180015200 f   libucrt:locks.obj
 0001:0001421c       _unlock_locales            000000018001521c f   libucrt:locks.obj
 0001:0001422c       ___lc_codepage_func        000000018001522c f   libucrt:initctype.obj
 0001:0001425c       ___lc_locale_name_func     000000018001525c f   libucrt:initctype.obj
 0001:00014290       __acrt_locale_initialize_ctype 0000000180015290 f   libucrt:initctype.obj
 0001:000148f4       __pctype_func              00000001800158f4 f   libucrt:ctype.obj
 0001:00014930       islower                    0000000180015930 f   libucrt:_ctype.obj
 0001:000149e0       isupper                    00000001800159e0 f   libucrt:_ctype.obj
 0001:00014a88       _wcsdup                    0000000180015a88 f   libucrt:wcsdup.obj
 0001:00014b10       pow                        0000000180015b10 f   libucrt:pow.obj
 0001:000161b0       powf                       00000001800171b0 f   libucrt:powf.obj
 0001:00017078       abort                      0000000180018078 f   libucrt:abort.obj
 0001:000170d0       __strncnt                  00000001800180d0 f   libucrt:strncnt.obj
 0001:000170e8       ??$__acrt_wcs_to_mbs_cp@U__crt_win32_buffer_no_resizing@@@@YAHQEB_WAEAV?$__crt_win32_buffer@DU__crt_win32_buffer_no_resizing@@@@I@Z 00000001800180e8 f i libucrt:strftime.obj
 0001:000171fc       wcsnlen                    00000001800181fc f   libucrt:strnlen.obj
 0001:000173d4       __acrt_initialize_new_handler 00000001800183d4 f   libucrt:new_handler.obj
 0001:000173dc       _callnewh                  00000001800183dc f   libucrt:new_handler.obj
 0001:0001740c       _query_new_handler         000000018001840c f   libucrt:new_handler.obj
 0001:00017440       _seh_filter_dll            0000000180018440 f   libucrt:exception_filter.obj
 0001:00017454       _seh_filter_exe            0000000180018454 f   libucrt:exception_filter.obj
 0001:00017844       __acrt_initialize_thread_local_exit_callback 0000000180018844 f   libucrt:exit.obj
 0001:0001784c       _cexit                     000000018001884c f   libucrt:exit.obj
 0001:0001785c       _exit                      000000018001885c f   libucrt:exit.obj
 0001:00017868       _is_c_termination_complete 0000000180018868 f   libucrt:exit.obj
 0001:00017a30       __acrt_allocate_buffer_for_argv 0000000180018a30 f   libucrt:argv_parsing.obj
 0001:00017a90       _configure_narrow_argv     0000000180018a90 f   libucrt:argv_parsing.obj
 0001:00017e08       __dcrt_uninitialize_environments_nolock 0000000180018e08 f   libucrt:environment_initialization.obj
 0001:00017e40       _initialize_narrow_environment 0000000180018e40 f   libucrt:environment_initialization.obj
 0001:00018188       _crt_atexit                0000000180019188 f   libucrt:onexit.obj
 0001:00018198       _execute_onexit_table      0000000180019198 f   libucrt:onexit.obj
 0001:000181d4       _initialize_onexit_table   00000001800191d4 f   libucrt:onexit.obj
 0001:000181fc       _register_onexit_function  00000001800191fc f   libucrt:onexit.obj
 0001:00018370       __acrt_initialize          0000000180019370 f   libucrt:initialization.obj
 0001:00018384       __acrt_thread_attach       0000000180019384 f   libucrt:initialization.obj
 0001:00018398       __acrt_thread_detach       0000000180019398 f   libucrt:initialization.obj
 0001:000183a8       __acrt_uninitialize        00000001800193a8 f   libucrt:initialization.obj
 0001:000183e0       __acrt_uninitialize_critical 00000001800193e0 f   libucrt:initialization.obj
 0001:000183f0       _initterm                  00000001800193f0 f   libucrt:initterm.obj
 0001:00018454       _initterm_e                0000000180019454 f   libucrt:initterm.obj
 0001:00018494       strcpy_s                   0000000180019494 f   libucrt:strcpy_s.obj
 0001:000184f4       ??$parse_integer@KV?$c_string_character_source@_W@__crt_strtox@@@__crt_strtox@@YAKQEAU__crt_locale_pointers@@V?$c_string_character_source@_W@0@H_N@Z 00000001800194f4 f i libucrt:atox.obj
 0001:00018b9c       _wtol                      0000000180019b9c f   libucrt:atox.obj
 0001:00018bc8       wcsncmp                    0000000180019bc8 f   libucrt:wcsncmp.obj
 0001:00018bf4       _free_base                 0000000180019bf4 f   libucrt:free_base.obj
 0001:00018c34       _malloc_base               0000000180019c34 f   libucrt:malloc_base.obj
 0001:00018c94       _mbtowc_l                  0000000180019c94 f   libucrt:mbtowc.obj
 0001:00018e14       mbtowc                     0000000180019e14 f   libucrt:mbtowc.obj
 0001:00019194       __acrt_freeptd             000000018001a194 f   libucrt:per_thread_data.obj
 0001:000191d8       __acrt_getptd              000000018001a1d8 f   libucrt:per_thread_data.obj
 0001:000192ac       __acrt_getptd_head         000000018001a2ac f   libucrt:per_thread_data.obj
 0001:00019354       __acrt_getptd_noexit       000000018001a354 f   libucrt:per_thread_data.obj
 0001:00019420       __acrt_initialize_ptd      000000018001a420 f   libucrt:per_thread_data.obj
 0001:0001945c       __acrt_uninitialize_ptd    000000018001a45c f   libucrt:per_thread_data.obj
 0001:00019480       __acrt_update_locale_info  000000018001a480 f   libucrt:locale_update.obj
 0001:000194b4       __acrt_update_multibyte_info 000000018001a4b4 f   libucrt:locale_update.obj
 0001:000194e8       __acrt_should_use_temporary_buffer 000000018001a4e8 f   libucrt:_sftbuf.obj
 0001:00019530       __acrt_stdio_begin_temporary_buffering_nolock 000000018001a530 f   libucrt:_sftbuf.obj
 0001:000195f8       __acrt_stdio_end_temporary_buffering_nolock 000000018001a5f8 f   libucrt:_sftbuf.obj
 0001:0001989c       ?commit_locale_name@_expandlocale_locale_name_cache@@QEAAXQEB_W_K@Z 000000018001a89c f i libucrt:wsetlocale.obj
 0001:00019914       __acrt_copy_locale_name    000000018001a914 f   libucrt:wsetlocale.obj
 0001:00019998       __acrt_set_locale_changed  000000018001a998 f   libucrt:wsetlocale.obj
 0001:000199a4       __acrt_uninitialize_locale 000000018001a9a4 f   libucrt:wsetlocale.obj
 0001:000199d4       __lc_lctowcs               000000018001a9d4 f   libucrt:wsetlocale.obj
 0001:00019a78       __lc_wcstolc               000000018001aa78 f   libucrt:wsetlocale.obj
 0001:0001a120       _wcscats                   000000018001b120 f   libucrt:wsetlocale.obj
 0001:0001a188       _wsetlocale                000000018001b188 f   libucrt:wsetlocale.obj
 0001:0001b0d4       __acrt_initialize_lowio    000000018001c0d4 f   libucrt:ioinit.obj
 0001:0001b110       __acrt_uninitialize_lowio  000000018001c110 f   libucrt:ioinit.obj
 0001:0001b150       _calloc_base               000000018001c150 f   libucrt:calloc_base.obj
 0001:0001b444       __acrt_AppPolicyGetProcessTerminationMethodInternal 000000018001c444 f   libucrt:winapi_thunks.obj
 0001:0001b494       __acrt_AreFileApisANSI     000000018001c494 f   libucrt:winapi_thunks.obj
 0001:0001b4d0       __acrt_EnumSystemLocalesEx 000000018001c4d0 f   libucrt:winapi_thunks.obj
 0001:0001b568       __acrt_FlsAlloc            000000018001c568 f   libucrt:winapi_thunks.obj
 0001:0001b5b0       __acrt_FlsFree             000000018001c5b0 f   libucrt:winapi_thunks.obj
 0001:0001b5f8       __acrt_FlsGetValue         000000018001c5f8 f   libucrt:winapi_thunks.obj
 0001:0001b640       __acrt_FlsSetValue         000000018001c640 f   libucrt:winapi_thunks.obj
 0001:0001b694       __acrt_GetLocaleInfoEx     000000018001c694 f   libucrt:winapi_thunks.obj
 0001:0001b718       __acrt_GetUserDefaultLocaleName 000000018001c718 f   libucrt:winapi_thunks.obj
 0001:0001b77c       __acrt_InitializeCriticalSectionEx 000000018001c77c f   libucrt:winapi_thunks.obj
 0001:0001b7e0       __acrt_IsValidLocaleName   000000018001c7e0 f   libucrt:winapi_thunks.obj
 0001:0001b838       __acrt_LCIDToLocaleName    000000018001c838 f   libucrt:winapi_thunks.obj
 0001:0001b8a8       __acrt_LCMapStringEx       000000018001c8a8 f   libucrt:winapi_thunks.obj
 0001:0001b984       __acrt_LocaleNameToLCID    000000018001c984 f   libucrt:winapi_thunks.obj
 0001:0001b9d4       __acrt_can_use_vista_locale_apis 000000018001c9d4 f   libucrt:winapi_thunks.obj
 0001:0001ba04       __acrt_eagerly_load_locale_apis 000000018001ca04 f   libucrt:winapi_thunks.obj
 0001:0001bb60       __acrt_initialize_winapi_thunks 000000018001cb60 f   libucrt:winapi_thunks.obj
 0001:0001bb94       __acrt_uninitialize_winapi_thunks 000000018001cb94 f   libucrt:winapi_thunks.obj
 0001:0001bbd8       _fcloseall                 000000018001cbd8 f   libucrt:closeall.obj
 0001:0001bc8c       __acrt_stdio_free_buffer_nolock 000000018001cc8c f   libucrt:_freebuf.obj
 0001:0001becc       _mbstowcs_s_l              000000018001cecc f   libucrt:mbstowcs.obj
 0001:0001c000       mbstowcs_s                 000000018001d000 f   libucrt:mbstowcs.obj
 0001:0001c020       strncpy_s                  000000018001d020 f   libucrt:strncpy_s.obj
 0001:0001c254       __acrt_stdio_flush_and_write_narrow_nolock 000000018001d254 f   libucrt:_flsbuf.obj
 0001:0001c30c       _query_app_type            000000018001d30c f   libucrt:report_runtime_error.obj
 0001:0001c314       ?__acrt_stdio_allocate_stream@@YA?AV__crt_stdio_stream@@XZ 000000018001d314 f   libucrt:stream.obj
 0001:0001c36c       ?__acrt_stdio_free_stream@@YAXV__crt_stdio_stream@@@Z 000000018001d36c f   libucrt:stream.obj
 0001:0001c474       _wopenfile                 000000018001d474 f   libucrt:openfile.obj
 0001:0001c510       _get_fmode                 000000018001d510 f   libucrt:setmode.obj
 0001:0001c540       _setmode_nolock            000000018001d540 f   libucrt:setmode.obj
 0001:0001c620       __acrt_MultiByteToWideChar 000000018001d620 f   libucrt:multibytetowidechar.obj
 0001:0001c67c       _chsize_nolock             000000018001d67c f   libucrt:chsize.obj
 0001:0001c974       _lseeki64                  000000018001d974 f   libucrt:lseek.obj
 0001:0001c97c       _lseeki64_nolock           000000018001d97c f   libucrt:lseek.obj
 0001:0001c984       __acrt_WideCharToMultiByte 000000018001d984 f   libucrt:widechartomultibyte.obj
 0001:0001ca34       ?__mbrtowc_utf8@__crt_mbstring@@YA_KPEA_WPEBD_KPEAU_Mbstatet@@@Z 000000018001da34 f   libucrt:mbrtowc.obj
 0001:0001ca70       ?__mbsrtowcs_utf8@__crt_mbstring@@YA_KPEA_WPEAPEBD_KPEAU_Mbstatet@@@Z 000000018001da70 f   libucrt:mbrtowc.obj
 0001:0001cbe8       _putwch_nolock             000000018001dbe8 f   libucrt:putwch.obj
 0001:0001cc24       __ascii_wcsnicmp           000000018001dc24 f   libucrt:wcsnicmp.obj
 0001:0001cc70       _wcsnicmp                  000000018001dc70 f   libucrt:wcsnicmp.obj
 0001:0001ccb8       _wcsnicmp_l                000000018001dcb8 f   libucrt:wcsnicmp.obj
 0001:0001ce08       _isleadbyte_l              000000018001de08 f i libucrt:_wctype.obj
 0001:0001d16c       __acrt_LCMapStringA        000000018001e16c f   libucrt:lcmapstringa.obj
 0001:0001d204       __acrt_stdio_refill_and_read_narrow_nolock 000000018001e204 f   libucrt:_filbuf.obj
 0001:0001d3fc       _commit                    000000018001e3fc f   libucrt:commit.obj
 0001:0001d490       iswctype                   000000018001e490 f   libucrt:iswctype.obj
 0001:0001d4fc       _isctype_l                 000000018001e4fc f   libucrt:isctype.obj
 0001:0001d604       __acrt_stdio_allocate_buffer_nolock 000000018001e604 f   libucrt:_getbuf.obj
 0001:0001d9cc       _wcstombs_s_l              000000018001e9cc f   libucrt:wcstombs.obj
 0001:0001dc30       __acrt_GetLocaleInfoA      000000018001ec30 f   libucrt:getlocaleinfoa.obj
 0001:0001ddf8       __acrt_GetStringTypeA      000000018001edf8 f   libucrt:getstringtypea.obj
 0001:0001df88       wcscpy_s                   000000018001ef88 f   libucrt:wcscpy_s.obj
 0001:0001dff0       _raise_exc                 000000018001eff0 f   libucrt:fpexcept.obj
 0001:0001e018       _raise_exc_ex              000000018001f018 f   libucrt:fpexcept.obj
 0001:0001e328       _raise_excf                000000018001f328 f   libucrt:fpexcept.obj
 0001:0001e354       _set_errno_from_matherr    000000018001f354 f   libucrt:fpexcept.obj
 0001:0001e384       _clrfp                     000000018001f384 f   libucrt:fpctrl.obj
 0001:0001e3a4       _ctrlfp                    000000018001f3a4 f   libucrt:fpctrl.obj
 0001:0001e420       _set_statfp                000000018001f420 f   libucrt:fpctrl.obj
 0001:0001e440       _statfp                    000000018001f440 f   libucrt:fpctrl.obj
 0001:0001e454       _realloc_base              000000018001f454 f   libucrt:realloc_base.obj
 0001:0001e4d0       __acrt_initialize_fma3     000000018001f4d0 f   libucrt:fma3_available.obj
 0001:0001e540       _pow_special               000000018001f540 f   libucrt:pow_special.obj
 0001:0001e664       _powf_special              000000018001f664 f   libucrt:pow_special.obj
 0001:0001e838       __acrt_get_sigabrt_handler 000000018001f838 f   libucrt:signal.obj
 0001:0001e868       __acrt_initialize_signal_handlers 000000018001f868 f   libucrt:signal.obj
 0001:0001e888       raise                      000000018001f888 f   libucrt:signal.obj
 0001:0001eaf4       __ascii_wcsicmp            000000018001faf4 f   libucrt:wcsicmp.obj
 0001:0001eb34       _wcsicmp                   000000018001fb34 f   libucrt:wcsicmp.obj
 0001:0001eb7c       _wcsicmp_l                 000000018001fb7c f   libucrt:wcsicmp.obj
 0001:0001eca4       __acrt_initialize_timeset  000000018001fca4 f   libucrt:timeset.obj
 0001:0001ecf4       __acrt_get_process_end_policy 000000018001fcf4 f   libucrt:win_policies.obj
 0001:0001ed44       ??$__acrt_wcs_to_mbs_cp@U__crt_win32_buffer_internal_dynamic_resizing@@@@YAHQEB_WAEAV?$__crt_win32_buffer@DU__crt_win32_buffer_internal_dynamic_resizing@@@@I@Z 000000018001fd44 f i libucrt:argv_wildcards.obj
 0001:0001f574       __acrt_expand_narrow_argv_wildcards 0000000180020574 f   libucrt:argv_wildcards.obj
 0001:0001f57c       __acrt_GetModuleFileNameA  000000018002057c f   libucrt:getmodulefilenamea.obj
 0001:0001fdc4       __acrt_initialize_multibyte 0000000180020dc4 f   libucrt:mbctype.obj
 0001:0001fe24       __acrt_update_thread_multibyte_data 0000000180020e24 f   libucrt:mbctype.obj
 0001:0001fe40       _setmbcp_nolock            0000000180020e40 f   libucrt:mbctype.obj
 0001:00020174       _ismbblead                 0000000180021174 f   libucrt:ismbbyte.obj
 0001:00020188       __acrt_initialize_command_line 0000000180021188 f   libucrt:argv_data.obj
 0001:000201b0       __dcrt_get_narrow_environment_from_os 00000001800211b0 f   libucrt:get_environment_from_os.obj
 0001:000202b4       _recalloc_base             00000001800212b4 f   libucrt:recalloc.obj
 0001:0002034c       __acrt_initialize_heap     000000018002134c f   libucrt:heap_handle.obj
 0001:00020368       __acrt_uninitialize_heap   0000000180021368 f   libucrt:heap_handle.obj
 0001:00020374       __acrt_execute_initializers 0000000180021374 f   libucrt:shared_initialization.obj
 0001:000203f4       __acrt_execute_uninitializers 00000001800213f4 f   libucrt:shared_initialization.obj
 0001:00020430       __acrt_has_user_matherr    0000000180021430 f   libucrt:matherr.obj
 0001:00020450       __acrt_initialize_user_matherr 0000000180021450 f   libucrt:matherr.obj
 0001:00020458       __acrt_invoke_user_matherr 0000000180021458 f   libucrt:matherr.obj
 0001:00020488       _query_new_mode            0000000180021488 f   libucrt:new_mode.obj
 0001:00020490       ?__c32rtomb_utf8@__crt_mbstring@@YA_KPEAD_UPEAU_Mbstatet@@@Z 0000000180021490 f   libucrt:c32rtomb.obj
 0001:00020544       c32rtomb                   0000000180021544 f   libucrt:c32rtomb.obj
 0001:0002054c       __acrt_add_locale_ref      000000018002154c f   libucrt:locale_refcounting.obj
 0001:000205d8       __acrt_free_locale         00000001800215d8 f   libucrt:locale_refcounting.obj
 0001:00020750       __acrt_locale_add_lc_time_reference 0000000180021750 f   libucrt:locale_refcounting.obj
 0001:00020778       __acrt_locale_free_lc_time_if_unreferenced 0000000180021778 f   libucrt:locale_refcounting.obj
 0001:000207b0       __acrt_locale_release_lc_time_reference 00000001800217b0 f   libucrt:locale_refcounting.obj
 0001:000207d8       __acrt_release_locale_ref  00000001800217d8 f   libucrt:locale_refcounting.obj
 0001:00020880       __acrt_update_thread_locale_data 0000000180021880 f   libucrt:locale_refcounting.obj
 0001:000208f0       _updatetlocinfoEx_nolock   00000001800218f0 f   libucrt:locale_refcounting.obj
 0001:00020958       __acrt_locale_free_monetary 0000000180021958 f   libucrt:initmon.obj
 0001:00020a64       __acrt_locale_initialize_monetary 0000000180021a64 f   libucrt:initmon.obj
 0001:00020f98       __acrt_locale_free_numeric 0000000180021f98 f   libucrt:initnum.obj
 0001:00021004       __acrt_locale_initialize_numeric 0000000180022004 f   libucrt:initnum.obj
 0001:00021684       __acrt_locale_free_time    0000000180022684 f   libucrt:inittime.obj
 0001:0002178c       __acrt_locale_initialize_time 000000018002278c f   libucrt:inittime.obj
 0001:00021828       wcscat_s                   0000000180022828 f   libucrt:wcscat_s.obj
 0001:000218a8       wcsncat_s                  00000001800228a8 f   libucrt:wcsncat_s.obj
 0001:000219a8       wcsncpy_s                  00000001800229a8 f   libucrt:wcsncpy_s.obj
 0001:00021a8c       wcscspn                    0000000180022a8c f   libucrt:wcscspn.obj
 0001:00021acc       wcspbrk                    0000000180022acc f   libucrt:wcspbrk.obj
 0001:000222b4       __acrt_get_qualified_locale 00000001800232b4 f   libucrt:get_qualified_locale.obj
 0001:00022ce8       __acrt_get_qualified_locale_downlevel 0000000180023ce8 f   libucrt:getqloc_downlevel.obj
 0001:00022f68       __acrt_DownlevelLCIDToLocaleName 0000000180023f68 f   libucrt:lcidtoname_downlevel.obj
 0001:0002305c       __acrt_DownlevelLocaleNameToLCID 000000018002405c f   libucrt:lcidtoname_downlevel.obj
 0001:0002310c       __acrt_initialize_fmode    000000018002410c f   libucrt:txtmode.obj
 0001:00023128       ?__mbrtoc32_utf8@__crt_mbstring@@YA_KPEA_UPEBD_KPEAU_Mbstatet@@@Z 0000000180024128 f   libucrt:mbrtoc32.obj
 0001:00023300       __dcrt_lowio_ensure_console_output_initialized 0000000180024300 f   libucrt:initcon.obj
 0001:00023354       __dcrt_terminate_console_output 0000000180024354 f   libucrt:initcon.obj
 0001:00023370       __dcrt_write_console       0000000180024370 f   libucrt:initcon.obj
 0001:00023430       _towlower_l                0000000180024430 f   libucrt:towlower.obj
 0001:000234ec       __acrt_GetStringTypeW      00000001800244ec f   libucrt:getstringtypew.obj
 0001:000234f4       ?__wcsrtombs_utf8@__crt_mbstring@@YA_KPEADPEAPEB_W_KPEAU_Mbstatet@@@Z 00000001800244f4 f   libucrt:wcrtomb.obj
 0001:00023620       _get_fpsr                  0000000180024620 f   libucrt:fpsr.obj
 0001:00023630       _set_fpsr                  0000000180024630 f   libucrt:fpsr.obj
 0001:0002363a       _fclrf                     000000018002463a f   libucrt:fpsr.obj
 0001:0002364e       _frnd                      000000018002464e f   libucrt:fpsr.obj
[...]
 0002:00015fc4       $unwind$??$write_buffer_nolock@D@@YA_NDV__crt_stdio_stream@@@Z 000000018003dfc4     libucrt:_flsbuf.obj
 0002:00015fd4       $unwind$?__acrt_stdio_allocate_stream@@YA?AV__crt_stdio_stream@@XZ 000000018003dfd4     libucrt:stream.obj
 0002:00015ff4       $unwind$_wopenfile         000000018003dff4     libucrt:openfile.obj
 0002:00016008       $unwind$_setmode_nolock    000000018003e008     libucrt:setmode.obj
 0002:00016018       $unwind$??$common_lseek@_J@@YA_JH_JH@Z 000000018003e018     libucrt:lseek.obj
 0002:00016048       $unwind$__acrt_WideCharToMultiByte 000000018003e048     libucrt:widechartomultibyte.obj
 0002:00016054       $unwind$?__mbsrtowcs_utf8@__crt_mbstring@@YA_KPEA_WPEAPEBD_KPEAU_Mbstatet@@@Z 000000018003e054     libucrt:mbrtowc.obj
 0002:0001606c       $unwind$_putwch_nolock     000000018003e06c     libucrt:putwch.obj
 0002:00016074       $unwind$_wcsnicmp_l        000000018003e074     libucrt:wcsnicmp.obj
 0002:00016090       $unwind$__acrt_LCMapStringA 000000018003e090     libucrt:lcmapstringa.obj
 0002:000160a0       $unwind$?__acrt_LCMapStringA_stat@@YAHPEAU__crt_locale_pointers@@PEB_WKPEBDHPEADHHH@Z 000000018003e0a0     libucrt:lcmapstringa.obj
 0002:000160c8       $unwind$??$?RV<lambda_a37b2b86f63e897a80ea819b0eb08c01>@@AEAV<lambda_38ce7e780aa69e748d6df282ebc68efe>@@V<lambda_99fb1378e971ab6e7edea83e3a7a83a2>@@@?$__crt_seh_guarded_call@H@@QEAAH$$QEAV<lambda_a37b2b86f63e897a80ea819b0eb08c01>@@AEAV<lambda_38ce7e780aa69e748d6df282ebc68efe>@@$$QEAV<lambda_99fb1378e971ab6e7edea83e3a7a83a2>@@@Z 000000018003e0c8     libucrt:commit.obj
 0002:000160ec       $unwind$_isctype_l         000000018003e0ec     libucrt:isctype.obj
 0002:00016108       $unwind$?_wcstombs_l_helper@@YA_KPEADPEB_W_KPEAU__crt_locale_pointers@@@Z 000000018003e108     libucrt:wcstombs.obj
 0002:0001612c       $stateUnwindMap$?_wcstombs_l_helper@@YA_KPEADPEB_W_KPEAU__crt_locale_pointers@@@Z 000000018003e12c     libucrt:wcstombs.obj
 0002:00016138       $ip2state$?_wcstombs_l_helper@@YA_KPEADPEB_W_KPEAU__crt_locale_pointers@@@Z 000000018003e138     libucrt:wcstombs.obj
 0002:00016148       $unwind$__acrt_GetLocaleInfoA 000000018003e148     libucrt:getlocaleinfoa.obj
 0002:00016168       $unwind$?InternalGetLocaleInfoA@@YAHQEAU__crt_locale_pointers@@QEB_WKQEADH@Z 000000018003e168     libucrt:getlocaleinfoa.obj
 0002:00016190       $unwind$__acrt_GetStringTypeA 000000018003e190     libucrt:getstringtypea.obj
 0002:000161b8       $unwind$_raise_exc_ex      000000018003e1b8     libucrt:fpexcept.obj
 0002:000161cc       $unwind$_ctrlfp            000000018003e1cc     libucrt:fpctrl.obj
 0002:000161f4       $unwind$__acrt_initialize_fma3 000000018003e1f4     libucrt:fma3_available.obj
 0002:000161fc       $unwind$_powf_special      000000018003e1fc     libucrt:pow_special.obj
 0002:0001620c       $unwind$_pow_special       000000018003e20c     libucrt:pow_special.obj
 0002:00016218       $unwind$raise              000000018003e218     libucrt:signal.obj
 0002:00016254       $unwind$??$?RV<lambda_450d765d439847d4c735a33c368b5fc0>@@AEAV<lambda_44731a7d0e6d81c3e6aa82d741081786>@@V<lambda_601a2a7da3b7a96e9554ac7215c4b07c>@@@?$__crt_seh_guarded_call@P6AXH@Z@@QEAAP6AXH@Z$$QEAV<lambda_450d765d439847d4c735a33c368b5fc0>@@AEAV<lambda_44731a7d0e6d81c3e6aa82d741081786>@@$$QEAV<lambda_601a2a7da3b7a96e9554ac7215c4b07c>@@@Z 000000018003e254     libucrt:signal.obj
 0002:00016278       $unwind$_wcsicmp_l         000000018003e278     libucrt:wcsicmp.obj
 0002:00016290       $unwind$__dcrt_get_narrow_environment_from_os 000000018003e290     libucrt:get_environment_from_os.obj
 0002:00016290       $unwind$??$__acrt_wcs_to_mbs_cp@U__crt_win32_buffer_internal_dynamic_resizing@@@@YAHQEB_WAEAV?$__crt_win32_buffer@DU__crt_win32_buffer_internal_dynamic_resizing@@@@I@Z 000000018003e290     libucrt:argv_wildcards.obj
 0002:000162a8       $unwind$??$common_expand_argv_wildcards@D@@YAHQEAPEADQEAPEAPEAD@Z 000000018003e2a8     libucrt:argv_wildcards.obj
 0002:000162c0       $unwind$__acrt_GetModuleFileNameA 000000018003e2c0     libucrt:getmodulefilenamea.obj
 0002:000162dc       $unwind$_setmbcp_nolock    000000018003e2dc     libucrt:mbctype.obj
 0002:000162fc       $unwind$?update_thread_multibyte_data_internal@@YAPEAU__crt_multibyte_data@@QEAU__acrt_ptd@@QEAPEAU1@@Z 000000018003e2fc     libucrt:mbctype.obj
 0002:00016324       $unwind$?setmbcp_internal@@YAHH_NQEAU__acrt_ptd@@QEAPEAU__crt_multibyte_data@@@Z 000000018003e324     libucrt:mbctype.obj
 0002:00016334       $unwind$?setSBUpLow@@YAXPEAU__crt_multibyte_data@@@Z 000000018003e334     libucrt:mbctype.obj
 0002:00016350       $unwind$??$?RV<lambda_efdfa57d1f175319df784efa44bb7b81>@@AEAV<lambda_5f0a4c1567f8adc6734073e5d1e1b35c>@@V<lambda_2e8a7d3640ea6ccb4c2413664c2db6fd>@@@?$__crt_seh_guarded_call@X@@QEAAX$$QEAV<lambda_efdfa57d1f175319df784efa44bb7b81>@@AEAV<lambda_5f0a4c1567f8adc6734073e5d1e1b35c>@@$$QEAV<lambda_2e8a7d3640ea6ccb4c2413664c2db6fd>@@@Z 000000018003e350     libucrt:mbctype.obj
 0002:00016374       $unwind$?x_ismbbtype_l@@YAHPEAU__crt_locale_pointers@@IHH@Z 000000018003e374     libucrt:ismbbyte.obj
 0002:00016384       $unwind$__acrt_update_thread_locale_data 000000018003e384     libucrt:locale_refcounting.obj
 0002:000163a8       $unwind$__acrt_locale_initialize_monetary 000000018003e3a8     libucrt:initmon.obj
 0002:000163a8       $unwind$?initialize_lc_time@@YA_NQEAU__crt_lc_time_data@@QEAU__crt_locale_data@@@Z 000000018003e3a8     libucrt:inittime.obj
 0002:000163c4       $unwind$__acrt_locale_free_monetary 000000018003e3c4     libucrt:initmon.obj
 0002:000163cc       $unwind$__acrt_locale_free_time 000000018003e3cc     libucrt:inittime.obj
 0002:000163dc       $unwind$__acrt_get_qualified_locale 000000018003e3dc     libucrt:get_qualified_locale.obj
 0002:000163f8       $unwind$LangCountryEnumProcEx 000000018003e3f8     libucrt:get_qualified_locale.obj
 0002:00016418       $unwind$LanguageEnumProcEx 000000018003e418     libucrt:get_qualified_locale.obj
 0002:00016434       $unwind$GetLocaleNameFromDefault 000000018003e434     libucrt:get_qualified_locale.obj
 0002:0001644c       $unwind$TestDefaultCountry 000000018003e44c     libucrt:get_qualified_locale.obj
 0002:0001645c       $unwind$__acrt_get_qualified_locale_downlevel 000000018003e45c     libucrt:getqloc_downlevel.obj
 0002:00016478       $unwind$LangCountryEnumProc 000000018003e478     libucrt:getqloc_downlevel.obj
 0002:00016498       $unwind$LanguageEnumProc   000000018003e498     libucrt:getqloc_downlevel.obj
 0002:000164b4       $unwind$CountryEnumProc    000000018003e4b4     libucrt:getqloc_downlevel.obj
 0002:000164d4       $unwind$?__mbrtoc32_utf8@__crt_mbstring@@YA_KPEA_UPEBD_KPEAU_Mbstatet@@@Z 000000018003e4d4     libucrt:mbrtoc32.obj
 0002:000164f0       $unwind$_towlower_l        000000018003e4f0     libucrt:towlower.obj
 0002:000164f8       $unwind$?__wcsrtombs_utf8@__crt_mbstring@@YA_KPEADPEAPEB_W_KPEAU_Mbstatet@@@Z 000000018003e4f8     libucrt:wcrtomb.obj
 0002:00016518       $xdatasym                  000000018003e518     libucrt:fpsr.obj
 0002:00016520       $unwind$_call_matherr      000000018003e520     libucrt:libm_error.obj
 0002:00016528       $unwind$_handle_error      000000018003e528     libucrt:libm_error.obj
 0002:00016528       $unwind$_handle_errorf     000000018003e528     libucrt:libm_error.obj
 0002:00016548       $unwind$strpbrk            000000018003e548     libucrt:strpbrk.obj
 0002:00016558       $unwind$fallbackMethod     000000018003e558     libucrt:strpbrk.obj
 0002:00016568       $xdatasym                  000000018003e568     libucrt:log10.obj
 0002:00016574       $unwind$_log_special_common 000000018003e574     libucrt:log_special.obj
 0002:00016580       $unwind$_IsNonwritableInCurrentImage 000000018003e580     LIBCMT:pesect.obj
 0002:000165a4       $unwind$_local_unwind      000000018003e5a4     libvcruntime:jmpuwind.obj
 0002:000165b0       $xdatasym                  000000018003e5b0     libucrt:sinf.obj
 0002:000165b8       $xdatasym                  000000018003e5b8     libucrt:remainder_piby2f_forc.obj
 0002:000165c8       $unwind$_sincosf_special   000000018003e5c8     libucrt:sincos_special.obj
 0002:00016a60       .edata                     000000018003ea60     SixMansPlugin-Rework.exp
 0002:00016a88       rgpv                       000000018003ea88     SixMansPlugin-Rework.exp
 0002:00016abc       rgszName                   000000018003eabc     SixMansPlugin-Rework.exp
 0002:00016af0       rgwOrd                     000000018003eaf0     SixMansPlugin-Rework.exp
 0002:00016b0a       szName                     000000018003eb0a     SixMansPlugin-Rework.exp
 0002:00016b23       $N00001                    000000018003eb23     SixMansPlugin-Rework.exp
 0002:00016b5a       $N00002                    000000018003eb5a     SixMansPlugin-Rework.exp
 0002:00016b8f       $N00003                    000000018003eb8f     SixMansPlugin-Rework.exp
 0002:00016bbc       $N00004                    000000018003ebbc     SixMansPlugin-Rework.exp
 0002:00016be9       $N00005                    000000018003ebe9     SixMansPlugin-Rework.exp
 0002:00016c27       $N00006                    000000018003ec27     SixMansPlugin-Rework.exp
 0002:00016c63       $N00007                    000000018003ec63     SixMansPlugin-Rework.exp
 0002:00016c8d       $N00008                    000000018003ec8d     SixMansPlugin-Rework.exp
 0002:00016ccb       $N00009                    000000018003eccb     SixMansPlugin-Rework.exp
 0002:00016cfd       $N00010                    000000018003ecfd     SixMansPlugin-Rework.exp
 0002:00016d31       $N00011                    000000018003ed31     SixMansPlugin-Rework.exp
 0002:00016d3a       $N00012                    000000018003ed3a     SixMansPlugin-Rework.exp
 0002:00016d42       $N00013                    000000018003ed42     SixMansPlugin-Rework.exp
 0002:00017096       .idata$6                   000000018003f096     pluginsdk:pluginsdk.dll
 0002:000170f4       .idata$6                   000000018003f0f4     kernel32:KERNEL32.dll
 0003:00000000       ?init@std@@3JA             0000000180040000     libcpmt:xlock.obj
 0003:00000048       ?atcount_cdecl@@3_KA       0000000180040048     libcpmt:iosptrs.obj
 0003:00000090       ?__vcrt_flsindex@@3KA      0000000180040090     libvcruntime:per_thread_data.obj
 0003:000001a8       ?errno_no_memory@@3HA      00000001800401a8     libucrt:errno.obj
 0003:000001ac       ?doserrno_no_memory@@3KA   00000001800401ac     libucrt:errno.obj
 0003:00000374       ?__acrt_flsindex@@3KA      0000000180040374     libucrt:per_thread_data.obj
 0003:00000378       _ctype_loc_style           0000000180040378     libucrt:wsetlocale.obj
 0003:0000053c       ?dazSupported@?1??_ctrlfp@@9@9 000000018004053c     libucrt:fpctrl.obj
 0003:00000540       ?tzstd_program@@3PADA      0000000180040540     libucrt:timeset.obj
 0003:00000580       ?tzdst_program@@3PADA      0000000180040580     libucrt:timeset.obj
 0003:000005c0       ?w_tzstd_program@@3PA_WA   00000001800405c0     libucrt:timeset.obj
 0003:00000640       ?w_tzdst_program@@3PA_WA   0000000180040640     libucrt:timeset.obj
 0003:000006c0       ?tzname_states@@3PAY01PEADA 00000001800406c0     libucrt:timeset.obj
 0003:000006d0       ?w_tzname_states@@3PAY01PEA_WA 00000001800406d0     libucrt:timeset.obj
 0003:00000910       _mbctypes                  0000000180040910     libucrt:mbctype.obj
 0003:00000a20       _mbcasemaps                0000000180040a20     libucrt:mbctype.obj
 0003:00000b20       ?__rgctypeflag@@3PADA      0000000180040b20     libucrt:mbctype.obj
 0003:00000b30       ?__rgcode_page_info@@3PAUcode_page_info@@A 0000000180040b30     libucrt:mbctype.obj
 0003:00000c20       ?__dcrt_lowio_console_output_handle@@3PEAXEA 0000000180040c20     libucrt:initcon.obj
 0003:00000e00       ?MAP_CODENAMES@@3QBV?$basic_string@DU?$char_traits@D@std@@V?$allocator@D@2@@std@@B 0000000180040e00     SixMansPlugin-Rework.obj
 0003:00001260       ?MAP_CODENAMES@@3QBV?$basic_string@DU?$char_traits@D@std@@V?$allocator@D@2@@std@@B 0000000180041260     SixMansPlugin-ReworkGUI.obj
 0003:00001ee0       ?classic_locale@std@@3Vlocale@1@A 0000000180041ee0     libcpmt:locale0.obj
 0003:00001ef8       ?_Fac_head@std@@3PEAU_Fac_node@1@EA 0000000180041ef8     libcpmt:locale0.obj
 0003:00001f00       ?_Fac_tidy_reg@std@@3U_Fac_tidy_reg_t@1@B 0000000180041f00     libcpmt:locale0.obj
 0003:00001f08       global_locale              0000000180041f08     libcpmt:locale0.obj
 0003:00001f10       ?registered@?1??_Setgloballocale@locale@std@@CAXPEAX@Z@4_NA 0000000180041f10     libcpmt:locale0.obj
 0003:00001f20       ?initlocks@std@@3V_Init_locks@1@A 0000000180041f20     libcpmt:xlock.obj
 0003:00001f30       ?mtx@std@@3PAU_RTL_CRITICAL_SECTION@@A 0000000180041f30     libcpmt:xlock.obj
 0003:00002080       ?stdstr@std@@3PAPEAVios_base@1@A 0000000180042080     libcpmt:ios.obj
 0003:000020d0       ?stdopens@std@@3PADA       00000001800420d0     libcpmt:ios.obj
 0003:00002130       ?initlocks@std@@3V_Init_locks@1@A 0000000180042130     libcpmt:iosptrs.obj
 0003:00002131       ?init_atexit@@3U_Init_atexit@@A 0000000180042131     libcpmt:iosptrs.obj
 0003:00002140       ?atfuns_cdecl@@3PAP6AXXZA  0000000180042140     libcpmt:iosptrs.obj
 0003:00002278       ?g_tss_cv@@3U_RTL_CONDITION_VARIABLE@@A 0000000180042278     LIBCMT:thread_safe_statics.obj
 0003:00002280       ?g_tss_event@@3PEAXEA      0000000180042280     LIBCMT:thread_safe_statics.obj
 0003:00002288       ?g_tss_mutex@@3U_RTL_CRITICAL_SECTION@@A 0000000180042288     LIBCMT:thread_safe_statics.obj
 0003:000022b0       ?g_sleep_condition_variable_cs@@3P6AHPEAU_RTL_CONDITION_VARIABLE@@PEAU_RTL_CRITICAL_SECTION@@K@ZEA 00000001800422b0     LIBCMT:thread_safe_statics.obj
 0003:000022b8       ?g_wake_all_condition_variable@@3P6AXPEAU_RTL_CONDITION_VARIABLE@@@ZEA 00000001800422b8     LIBCMT:thread_safe_statics.obj
 0003:000022d0       ?is_initialized_as_dll@@3_NA 00000001800422d0     LIBCMT:utility.obj
 0003:000022d1       ?module_local_atexit_table_initialized@@3_NA 00000001800422d1     LIBCMT:utility.obj
 0003:000022d8       ?module_local_atexit_table@@3U_onexit_table_t@@A 00000001800422d8     LIBCMT:utility.obj
 0003:000022f0       ?module_local_at_quick_exit_table@@3U_onexit_table_t@@A 00000001800422f0     LIBCMT:utility.obj
 0003:00002310       GS_ExceptionRecord         0000000180042310     LIBCMT:gs_report.obj
 0003:000023b0       GS_ContextRecord           00000001800423b0     LIBCMT:gs_report.obj
 0003:00002880       ?__proc_attached@@3HA      0000000180042880     LIBCMT:dll_dllmain.obj
 0003:000028b0       ?__vcrt_startup_thread_ptd@@3U__vcrt_ptd@@A 00000001800428b0     libvcruntime:per_thread_data.obj
 0003:00002938       __vcrt_lock_table          0000000180042938     libvcruntime:locks.obj
 0003:00002960       __vcrt_locks_initialized   0000000180042960     libvcruntime:locks.obj
 0003:000029a8       ?heap@@3V_HeapManager@@A   00000001800429a8     libvcruntime:undname.obj
 0003:000029d0       ?module_handles@@3PAPEAUHINSTANCE__@@A 00000001800429d0     libvcruntime:winapi_downlevel.obj
 0003:000029e8       ?function_pointers@@3PAPEAXA 00000001800429e8     libvcruntime:winapi_downlevel.obj
 0003:00002a28       ?__acrt_invalid_parameter_handler@@3V?$dual_state_global@P6AXPEB_W00I_K@Z@__crt_state_management@@A 0000000180042a28     libucrt:invalid_parameter.obj
 0003:00002a40       ?__acrt_lock_table@@3PAU_RTL_CRITICAL_SECTION@@A 0000000180042a40     libucrt:locks.obj
 0003:00002c70       ?__acrt_locks_initialized@@3IA 0000000180042c70     libucrt:locks.obj
 0003:00002c78       ?__acrt_new_handler@@3V?$dual_state_global@P6AH_K@Z@__crt_state_management@@A 0000000180042c78     libucrt:new_handler.obj
 0003:00002c80       ?c_termination_complete@@3JA 0000000180042c80     libucrt:exit.obj
 0003:00002c88       ?thread_local_exit_callback_func@@3P6AXPEAXK0@ZEA 0000000180042c88     libucrt:exit.obj
 0003:00002ca0       ?program_name@?1???$common_configure_argv@D@@YAHW4_crt_argv_mode@@@Z@4PADA 0000000180042ca0     libucrt:argv_parsing.obj
 0003:00002df8       ?internal_state@?1??_mbtowc_l@@9@4U_Mbstatet@@A 0000000180042df8     libucrt:mbtowc.obj
 0003:00003230       ?module_handles@@3PAPEAUHINSTANCE__@@A 0000000180043230     libucrt:winapi_thunks.obj
 0003:000032d0       ?encoded_function_pointers@@3PAPEAXA 00000001800432d0     libucrt:winapi_thunks.obj
 0003:000033e0       ?static_enum_proc@?1??enum_system_locales_ex_nolock@@YAHQ6AHPEA_WK_J@Z@Z@4P6AH0K1@ZEA 00000001800433e0     libucrt:winapi_thunks.obj
 0003:000033e8       ?__acrt_app_type@@3W4_crt_app_type@@A 00000001800433e8     libucrt:report_runtime_error.obj
 0003:00003400       ?ctrlc_action@@3V?$dual_state_global@P6AXH@Z@__crt_state_management@@A 0000000180043400     libucrt:signal.obj
 0003:00003408       ?ctrlbreak_action@@3V?$dual_state_global@P6AXH@Z@__crt_state_management@@A 0000000180043408     libucrt:signal.obj
 0003:00003410       ?abort_action@@3V?$dual_state_global@P6AXH@Z@__crt_state_management@@A 0000000180043410     libucrt:signal.obj
 0003:00003418       ?term_action@@3V?$dual_state_global@P6AXH@Z@__crt_state_management@@A 0000000180043418     libucrt:signal.obj
 0003:00003430       ?_tzname@@3V?$dual_state_global@PEAPEAD@__crt_state_management@@A 0000000180043430     libucrt:timeset.obj
 0003:00003438       ?w_tzname@@3V?$dual_state_global@PEAPEA_W@__crt_state_management@@A 0000000180043438     libucrt:timeset.obj
 0003:00003440       ?tz_api_used@@3HA          0000000180043440     libucrt:tzset.obj
 0003:00003444       ?tzset_init_state@@3V?$dual_state_global@J@__crt_state_management@@A 0000000180043444     libucrt:tzset.obj
 0003:00003450       ?tz_info@@3U_TIME_ZONE_INFORMATION@@A 0000000180043450     libucrt:tzset.obj
 0003:00003518       ?fSystemSet@@3HA           0000000180043518     libucrt:mbctype.obj
 0003:0000351c       ?initialized@?1??__acrt_initialize_multibyte@@9@4_NA 000000018004351c     libucrt:mbctype.obj
 0003:00003558       ?user_matherr@@3V?$dual_state_global@P6AHPEAU_exception@@@Z@__crt_state_management@@A 0000000180043558     libucrt:matherr.obj
 0003:00003560       ?__acrt_global_new_mode@@3V?$dual_state_global@J@__crt_state_management@@A 0000000180043560     libucrt:new_mode.obj
 0003:00003568       ?internal_pst@?1??__mbrtoc32_utf8@__crt_mbstring@@YA_KPEA_UPEBD_KPEAU_Mbstatet@@@Z@4U3@A 0000000180043568     libucrt:mbrtoc32.obj
 0003:00003570       ?internal_pst@?1??__c16rtomb_utf8@__crt_mbstring@@YA_KPEAD_SPEAU_Mbstatet@@@Z@4U3@A 0000000180043570     libucrt:c16rtomb.obj
 0003:00003598       ?GImAllocatorUserData@@3PEAXEA 0000000180043598     imgui.obj
 0003:000035c8       ?g_pd3dDevice@@3PEAUID3D11Device@@EA 00000001800435c8     imgui_impl_dx11.obj
 0003:000035d0       ?g_hWnd@@3PEAUHWND__@@EA   00000001800435d0     imgui_impl_win32.obj
 0003:00003700       ?singleton@@3V?$shared_ptr@VSixMansPlugin@@@std@@A 0000000180043700     SixMansPlugin-Rework.obj
 0005:00000000       MoveSmall                  0000000180047000     libvcruntime:memcpy.obj
 0005:00000040       MoveSmallYmm               0000000180047040     libvcruntime:memcpy.obj
 0005:00000064       MoveSmallYmmNT             0000000180047064     libvcruntime:memcpy.obj
 0005:00000088       MoveSmallXmm               0000000180047088     libvcruntime:memcpy.obj
 0005:000000b0       SetSmall                   00000001800470b0     libvcruntime:memset.obj
 0005:000000f0       SetSmallYmm                00000001800470f0     libvcruntime:memset.obj
 0005:00000114       SetSmallYmmNT              0000000180047114     libvcruntime:memset.obj
 0005:00000138       SetSmallXmm                0000000180047138     libvcruntime:memset.obj
 0006:000000a0       $R000000                   00000001800480a0     SixMansPlugin-Rework.res
 0006:000003d8       $R000338                   00000001800483d8     SixMansPlugin-Rework.res
