 SixMansPlugin-Rework

 Timestamp is 622a7d21 (Thu Mar 10 17:35:13 2022)

 Preferred load address is 0000000180000000

 Start         Length     Name                   Class
 0001:00000000 00002ef0H .text$di                CODE
 0001:00002ef0 000309d0H .text$mn                CODE
 0001:000338c0 00000040H .text$mn$00             CODE
 0001:00033900 00001870H .text$x                 CODE
 0001:00035170 00000768H .text$yd                CODE
 0002:00000000 00000328H .idata$5                DATA
 0002:00000328 00000038H .00cfg                  DATA
 0002:00000360 00000008H .CRT$XCA                DATA
 0002:00000368 00000018H .CRT$XCC                DATA
 0002:00000380 00000010H .CRT$XCL                DATA
 0002:00000390 00000100H .CRT$XCU                DATA
 0002:00000490 00000008H .CRT$XCZ                DATA
 0002:00000498 00000008H .CRT$XIA                DATA
 0002:000004a0 00000040H .CRT$XIC                DATA
 0002:000004e0 00000008H .CRT$XIZ                DATA
 0002:000004e8 00000008H .CRT$XLA                DATA
 0002:000004f0 00000008H .CRT$XLZ                DATA
 0002:000004f8 00000008H .CRT$XPA                DATA
 0002:00000500 00000010H .CRT$XPX                DATA
 0002:00000510 00000008H .CRT$XPXA               DATA
 0002:00000518 00000008H .CRT$XPZ                DATA
 0002:00000520 00000008H .CRT$XTA                DATA
 0002:00000528 00000008H .CRT$XTZ                DATA
 0002:00000530 00000000H .gehcont$y              DATA
 0002:00000530 00000000H .gfids$y                DATA
 0002:00000530 00013d50H .rdata                  DATA
 0002:00014280 00000000H .rdata$CastGuardVftablesA DATA
 0002:00014280 00000000H .rdata$CastGuardVftablesC DATA
 0002:00014280 00000030H .rdata$T                DATA
 0002:000142b0 00001454H .rdata$r                DATA
 0002:00015704 00000144H .rdata$voltmd           DATA
 0002:00015848 00000450H .rdata$zzzdbg           DATA
 0002:00015c98 00000008H .rtc$IAA                DATA
 0002:00015ca0 00000008H .rtc$IZZ                DATA
 0002:00015ca8 00000008H .rtc$TAA                DATA
 0002:00015cb0 00000008H .rtc$TZZ                DATA
 0002:00015cb8 00000004H .tls                    DATA
 0002:00015cbc 00000004H .tls$                   DATA
 0002:00015cc0 00000008H .tls$ZZZ                DATA
 0002:00015cc8 00003880H .xdata                  DATA
 0002:00019548 00000458H .xdata$x                DATA
 0002:000199a0 000002ecH .edata                  DATA
 0002:00019c8c 0000003cH .idata$2                DATA
 0002:00019cc8 00000018H .idata$3                DATA
 0002:00019ce0 00000328H .idata$4                DATA
 0002:0001a008 00000bccH .idata$6                DATA
 0003:00000000 000028c0H .data                   DATA
 0003:000028c0 00000440H .data$r                 DATA
 0003:00002d00 00000a90H .data$rs                DATA
 0003:00003790 00001dbcH .bss                    DATA
 0004:00000000 000028ecH .pdata                  DATA
 0005:00000000 0000015cH _RDATA                  DATA
 0006:00000000 000000a0H .rsrc$01                DATA
 0006:000000a0 000004b8H .rsrc$02                DATA

  Address         Publics by Value              Rva+Base               Lib:Object

 0000:00000000       __hybrid_code_map          0000000000000000     <absolute>
 0000:00000000       __guard_fids_count         0000000000000000     <absolute>
 0000:00000000       __arm64x_extra_rfe_table_size 0000000000000000     <absolute>
 0000:00000000       __x64_code_ranges_to_entry_points 0000000000000000     <absolute>
 0000:00000000       __guard_longjmp_table      0000000000000000     <absolute>
 0000:00000000       ___safe_se_handler_count   0000000000000000     <absolute>
 0000:00000000       ___safe_se_handler_table   0000000000000000     <absolute>
 0000:00000000       __x64_code_ranges_to_entry_points_count 0000000000000000     <absolute>
 0000:00000000       __arm64x_redirection_metadata 0000000000000000     <absolute>
 0000:00000000       __arm64x_extra_rfe_table   0000000000000000     <absolute>
 0000:00000000       __guard_iat_table          0000000000000000     <absolute>
 0000:00000000       __guard_eh_cont_count      0000000000000000     <absolute>
 0000:00000000       __guard_iat_count          0000000000000000     <absolute>
 0000:00000000       __guard_longjmp_count      0000000000000000     <absolute>
 0000:00000000       __dynamic_value_reloc_table 0000000000000000     <absolute>
 0000:00000000       __hybrid_auxiliary_iat     0000000000000000     <absolute>
 0000:00000000       __hybrid_auxiliary_iat_copy 0000000000000000     <absolute>
 0000:00000000       __AbsoluteZero             0000000000000000     <absolute>
 0000:00000000       __guard_check_icall_a64n_fptr 0000000000000000     <absolute>
 0000:00000000       __guard_fids_table         0000000000000000     <absolute>
 0000:00000000       __arm64x_redirection_metadata_count 0000000000000000     <absolute>
 0000:00000000       __enclave_config           0000000000000000     <absolute>
 0000:00000000       __guard_eh_cont_table      0000000000000000     <absolute>
 0000:00000000       __arm64x_native_entrypoint 0000000000000000     <absolute>
 0000:00000000       __hybrid_code_map_count    0000000000000000     <absolute>
 0000:00000100       __guard_flags              0000000000000100     <absolute>
 0000:00000000       __ImageBase                0000000180000000     <linker-defined>
 0001:00002ef0       ?fmt_snprintf@detail@v7@fmt@@YAHPEAD_KPEBDZZ 0000000180003ef0 f i format.obj
 0001:00002f60       ??1bad_alloc@std@@UEAA@XZ  0000000180003f60 f   format.obj
 0001:00002f60       ??1format_error@v7@fmt@@UEAA@XZ 0000000180003f60 f   format.obj
 0001:00002f60       ??1runtime_error@std@@UEAA@XZ 0000000180003f60 f   format.obj
 0001:00002f60       ??1system_error@system@boost@@UEAA@XZ 0000000180003f60 f   privatematch_wrapper.obj
 0001:00002f60       ??1exception@std@@UEAA@XZ  0000000180003f60 f   format.obj
 0001:00002f60       ??1bad_array_new_length@std@@UEAA@XZ 0000000180003f60 f   format.obj
 0001:00002f60       ??1bad_cast@std@@UEAA@XZ   0000000180003f60 f   format.obj
 0001:00002f60       ??1length_error@std@@UEAA@XZ 0000000180003f60 f   server.obj
 0001:00002f80       ??1?$basic_memory_buffer@I$0CA@V?$allocator@I@std@@@v7@fmt@@UEAA@XZ 0000000180003f80 f i format.obj
 0001:00002f80       ??1bigint@detail@v7@fmt@@QEAA@XZ 0000000180003f80 f i format.obj
 0001:00002fe0       ??_3bigint@detail@v7@fmt@@QEAAAEAV0123@H@Z 0000000180003fe0 f i format.obj
 0001:000030b0       ?compare@detail@v7@fmt@@YAHAEBVbigint@123@0@Z 00000001800040b0 f i format.obj
 0001:00003150       ?add_compare@detail@v7@fmt@@YAHAEBVbigint@123@00@Z 0000000180004150 f i format.obj
 0001:00003290       ?assign_pow10@bigint@detail@v7@fmt@@QEAAXH@Z 0000000180004290 f i format.obj
 0001:000033b0       ?square@bigint@detail@v7@fmt@@QEAAXXZ 00000001800043b0 f i format.obj
 0001:00003650       ?divmod_assign@bigint@detail@v7@fmt@@QEAAHAEBV1234@@Z 0000000180004650 f i format.obj
 0001:00003850       ?grisu_count_digits@detail@v7@fmt@@YAHI@Z 0000000180004850 f i format.obj
 0001:000038d0       ?on_digit@fixed_handler@detail@v7@fmt@@QEAA?AW4result@digits@234@D_K00H_N@Z 00000001800048d0 f i format.obj
 0001:000039f0       ?on_digit@grisu_shortest_handler@detail@v7@fmt@@QEAA?AW4result@digits@234@D_K00H_N@Z 00000001800049f0 f i format.obj
 0001:00003b00       ?on_error@error_handler@detail@v7@fmt@@QEAAXPEBD@Z 0000000180004b00 f   format.obj
 0001:00003b80       ?vformat@detail@v7@fmt@@YA?AV?$basic_string@DU?$char_traits@D@std@@V?$allocator@D@2@@std@@V?$basic_string_view@D@23@Uformat_args@23@@Z 0000000180004b80 f   format.obj
 0001:00003d90       ??_E?$basic_memory_buffer@I$0CA@V?$allocator@I@std@@@v7@fmt@@UEAAPEAXI@Z 0000000180004d90 f i * CIL library *:* CIL module *
 0001:00003d90       ??_G?$basic_memory_buffer@I$0CA@V?$allocator@I@std@@@v7@fmt@@UEAAPEAXI@Z 0000000180004d90 f i format.obj
 0001:00003e10       ??$vformat_to@D@detail@v7@fmt@@YA?AV?$back_insert_iterator@V?$buffer@D@detail@v7@fmt@@@std@@AEAV?$buffer@D@012@V?$basic_string_view@D@12@V?$basic_format_args@V?$basic_format_context@V?$back_insert_iterator@V?$buffer@D@detail@v7@fmt@@@std@@D@v7@fmt@@@12@@Z 0000000180004e10 f i format.obj
 0001:00003fb0       ??$format_float@N@detail@v7@fmt@@YAHNHUfloat_specs@012@AEAV?$buffer@D@012@@Z 0000000180004fb0 f i format.obj
 0001:000045e0       ??$format_float@O@detail@v7@fmt@@YAHOHUfloat_specs@012@AEAV?$buffer@D@012@@Z 00000001800055e0 f i format.obj
 0001:00004c10       ??$snprintf_float@N@detail@v7@fmt@@YAHNHUfloat_specs@012@AEAV?$buffer@D@012@@Z 0000000180005c10 f i format.obj
 0001:00004e80       ??$snprintf_float@O@detail@v7@fmt@@YAHOHUfloat_specs@012@AEAV?$buffer@D@012@@Z 0000000180005e80 f i format.obj
 0001:00005100       ?grow@?$basic_memory_buffer@I$0CA@V?$allocator@I@std@@@v7@fmt@@MEAAX_K@Z 0000000180006100 f i format.obj
 0001:00005210       ??$visit_format_arg@Ustringifier@v7@fmt@@V?$basic_format_context@V?$back_insert_iterator@V?$buffer@D@detail@v7@fmt@@@std@@D@23@@v7@fmt@@YA?AV?$basic_string@DU?$char_traits@D@std@@V?$allocator@D@2@@std@@$$QEAUstringifier@01@AEBV?$basic_format_arg@V?$basic_format_context@V?$back_insert_iterator@V?$buffer@D@detail@v7@fmt@@@std@@D@v7@fmt@@@01@@Z 0000000180006210 f i format.obj
 0001:00005a80       ??0format_error@v7@fmt@@QEAA@AEBV012@@Z 0000000180006a80 f i format.obj
 0001:00005ac0       ??$grisu_gen_digits@Ugrisu_shortest_handler@detail@v7@fmt@@@detail@v7@fmt@@YA?AW4result@digits@012@Vfp@012@_KAEAHAEAUgrisu_shortest_handler@012@@Z 0000000180006ac0 f i format.obj
 0001:00005d80       ??$fallback_format@N@detail@v7@fmt@@YAXNAEAV?$buffer@D@012@AEAH@Z 0000000180006d80 f i format.obj
 0001:00005d80       ??$fallback_format@O@detail@v7@fmt@@YAXOAEAV?$buffer@D@012@AEAH@Z 0000000180006d80 f i format.obj
 0001:00006700       ??$grisu_gen_digits@Ufixed_handler@detail@v7@fmt@@@detail@v7@fmt@@YA?AW4result@digits@012@Vfp@012@_KAEAHAEAUfixed_handler@012@@Z 0000000180007700 f i format.obj
 0001:00006a50       ??$visit_format_arg@U?$default_arg_formatter@V?$back_insert_iterator@V?$buffer@D@detail@v7@fmt@@@std@@D@detail@v7@fmt@@V?$basic_format_context@V?$back_insert_iterator@V?$buffer@D@detail@v7@fmt@@@std@@D@34@@v7@fmt@@YA?AV?$back_insert_iterator@V?$buffer@D@detail@v7@fmt@@@std@@$$QEAU?$default_arg_formatter@V?$back_insert_iterator@V?$buffer@D@detail@v7@fmt@@@std@@D@detail@01@AEBV?$basic_format_arg@V?$basic_format_context@V?$back_insert_iterator@V?$buffer@D@detail@v7@fmt@@@std@@D@v7@fmt@@@01@@Z 0000000180007a50 f i format.obj
 0001:00006d50       ??$parse_format_string@$0A@DAEAU?$format_handler@V?$arg_formatter@V?$back_insert_iterator@V?$buffer@D@detail@v7@fmt@@@std@@D@detail@v7@fmt@@DV?$basic_format_context@V?$back_insert_iterator@V?$buffer@D@detail@v7@fmt@@@std@@D@34@@detail@v7@fmt@@@detail@v7@fmt@@YAXV?$basic_string_view@D@12@AEAU?$format_handler@V?$arg_formatter@V?$back_insert_iterator@V?$buffer@D@detail@v7@fmt@@@std@@D@detail@v7@fmt@@DV?$basic_format_context@V?$back_insert_iterator@V?$buffer@D@detail@v7@fmt@@@std@@D@34@@012@@Z 0000000180007d50 f i format.obj
 0001:00006fa0       ??Rwriter@?1???$parse_format_string@$0A@DAEAU?$format_handler@V?$arg_formatter@V?$back_insert_iterator@V?$buffer@D@detail@v7@fmt@@@std@@D@detail@v7@fmt@@DV?$basic_format_context@V?$back_insert_iterator@V?$buffer@D@detail@v7@fmt@@@std@@D@34@@detail@v7@fmt@@@detail@v7@fmt@@YAXV?$basic_string_view@D@23@AEAU?$format_handler@V?$arg_formatter@V?$back_insert_iterator@V?$buffer@D@detail@v7@fmt@@@std@@D@detail@v7@fmt@@DV?$basic_format_context@V?$back_insert_iterator@V?$buffer@D@detail@v7@fmt@@@std@@D@34@@123@@Z@QEAAXPEBD2@Z 0000000180007fa0 f i format.obj
 0001:00007140       ??$assign@O$0A@@fp@detail@v7@fmt@@QEAA_NO@Z 0000000180008140 f i format.obj
 0001:00007140       ??$assign@N$0A@@fp@detail@v7@fmt@@QEAA_NN@Z 0000000180008140 f i format.obj
 0001:000071b0       ??$?X_K@bigint@detail@v7@fmt@@QEAAAEAV0123@_K@Z 00000001800081b0 f i format.obj
 0001:00007260       ??$parse_replacement_field@DAEAU?$format_handler@V?$arg_formatter@V?$back_insert_iterator@V?$buffer@D@detail@v7@fmt@@@std@@D@detail@v7@fmt@@DV?$basic_format_context@V?$back_insert_iterator@V?$buffer@D@detail@v7@fmt@@@std@@D@34@@detail@v7@fmt@@@detail@v7@fmt@@YAPEBDPEBD0AEAU?$format_handler@V?$arg_formatter@V?$back_insert_iterator@V?$buffer@D@detail@v7@fmt@@@std@@D@detail@v7@fmt@@DV?$basic_format_context@V?$back_insert_iterator@V?$buffer@D@detail@v7@fmt@@@std@@D@34@@012@@Z 0000000180008260 f i format.obj
 0001:000074a0       ??$write@DV?$back_insert_iterator@V?$basic_string@DU?$char_traits@D@std@@V?$allocator@D@2@@std@@@std@@M$0A@@detail@v7@fmt@@YA?AV?$back_insert_iterator@V?$basic_string@DU?$char_traits@D@std@@V?$allocator@D@2@@std@@@std@@V34@M@Z 00000001800084a0 f i format.obj
 0001:000076f0       ??$write@DV?$back_insert_iterator@V?$basic_string@DU?$char_traits@D@std@@V?$allocator@D@2@@std@@@std@@N$0A@@detail@v7@fmt@@YA?AV?$back_insert_iterator@V?$basic_string@DU?$char_traits@D@std@@V?$allocator@D@2@@std@@@std@@V34@N@Z 00000001800086f0 f i format.obj
 0001:00007940       ??$write@DV?$back_insert_iterator@V?$basic_string@DU?$char_traits@D@std@@V?$allocator@D@2@@std@@@std@@O$0A@@detail@v7@fmt@@YA?AV?$back_insert_iterator@V?$basic_string@DU?$char_traits@D@std@@V?$allocator@D@2@@std@@@std@@V34@O@Z 0000000180008940 f i format.obj
 0001:00007b90       ?on_format_specs@?$format_handler@V?$arg_formatter@V?$back_insert_iterator@V?$buffer@D@detail@v7@fmt@@@std@@D@detail@v7@fmt@@DV?$basic_format_context@V?$back_insert_iterator@V?$buffer@D@detail@v7@fmt@@@std@@D@34@@detail@v7@fmt@@QEAAPEBDHPEBD0@Z 0000000180008b90 f i format.obj
 0001:00007df0       ?on_replacement_field@?$format_handler@V?$arg_formatter@V?$back_insert_iterator@V?$buffer@D@detail@v7@fmt@@@std@@D@detail@v7@fmt@@DV?$basic_format_context@V?$back_insert_iterator@V?$buffer@D@detail@v7@fmt@@@std@@D@34@@detail@v7@fmt@@QEAAXHPEBD@Z 0000000180008df0 f i format.obj
 0001:00007ed0       ??$write@DV?$back_insert_iterator@V?$buffer@D@detail@v7@fmt@@@std@@H$0A@@detail@v7@fmt@@YA?AV?$back_insert_iterator@V?$buffer@D@detail@v7@fmt@@@std@@V34@H@Z 0000000180008ed0 f i format.obj
 0001:00007ff0       ??$write@DV?$back_insert_iterator@V?$buffer@D@detail@v7@fmt@@@std@@I$0A@@detail@v7@fmt@@YA?AV?$back_insert_iterator@V?$buffer@D@detail@v7@fmt@@@std@@V34@I@Z 0000000180008ff0 f i format.obj
 0001:000080f0       ??$write@DV?$back_insert_iterator@V?$buffer@D@detail@v7@fmt@@@std@@_J$0A@@detail@v7@fmt@@YA?AV?$back_insert_iterator@V?$buffer@D@detail@v7@fmt@@@std@@V34@_J@Z 00000001800090f0 f i format.obj
 0001:00008230       ??$write@DV?$back_insert_iterator@V?$buffer@D@detail@v7@fmt@@@std@@_K$0A@@detail@v7@fmt@@YA?AV?$back_insert_iterator@V?$buffer@D@detail@v7@fmt@@@std@@V34@_K@Z 0000000180009230 f i format.obj
 0001:00008350       ??$write@DV?$back_insert_iterator@V?$buffer@D@detail@v7@fmt@@@std@@M$0A@@detail@v7@fmt@@YA?AV?$back_insert_iterator@V?$buffer@D@detail@v7@fmt@@@std@@V34@M@Z 0000000180009350 f i format.obj
 0001:000085c0       ??$write@DV?$back_insert_iterator@V?$buffer@D@detail@v7@fmt@@@std@@N$0A@@detail@v7@fmt@@YA?AV?$back_insert_iterator@V?$buffer@D@detail@v7@fmt@@@std@@V34@N@Z 00000001800095c0 f i format.obj
 0001:00008820       ??$write@DV?$back_insert_iterator@V?$buffer@D@detail@v7@fmt@@@std@@O$0A@@detail@v7@fmt@@YA?AV?$back_insert_iterator@V?$buffer@D@detail@v7@fmt@@@std@@V34@O@Z 0000000180009820 f i format.obj
 0001:00008a80       ??$parse_arg_id@DAEAU?$id_adapter@AEAU?$format_handler@V?$arg_formatter@V?$back_insert_iterator@V?$buffer@D@detail@v7@fmt@@@std@@D@detail@v7@fmt@@DV?$basic_format_context@V?$back_insert_iterator@V?$buffer@D@detail@v7@fmt@@@std@@D@34@@detail@v7@fmt@@D@detail@v7@fmt@@@detail@v7@fmt@@YAPEBDPEBD0AEAU?$id_adapter@AEAU?$format_handler@V?$arg_formatter@V?$back_insert_iterator@V?$buffer@D@detail@v7@fmt@@@std@@D@detail@v7@fmt@@DV?$basic_format_context@V?$back_insert_iterator@V?$buffer@D@detail@v7@fmt@@@std@@D@34@@detail@v7@fmt@@D@012@@Z 0000000180009a80 f i format.obj
 0001:00008ca0       ??$reserve@V?$basic_string@DU?$char_traits@D@std@@V?$allocator@D@2@@std@@$0A@@detail@v7@fmt@@YAPEADV?$back_insert_iterator@V?$basic_string@DU?$char_traits@D@std@@V?$allocator@D@2@@std@@@std@@_K@Z 0000000180009ca0 f i format.obj
 0001:00008d80       ??$write_nonfinite@DV?$back_insert_iterator@V?$basic_string@DU?$char_traits@D@std@@V?$allocator@D@2@@std@@@std@@@detail@v7@fmt@@YA?AV?$back_insert_iterator@V?$basic_string@DU?$char_traits@D@std@@V?$allocator@D@2@@std@@@std@@V34@_NAEBU?$basic_format_specs@D@12@AEBUfloat_specs@012@@Z 0000000180009d80 f i format.obj
 0001:00008ef0       ??$prettify@Vcounting_iterator@detail@v7@fmt@@@?$float_writer@D@detail@v7@fmt@@AEBA?AVcounting_iterator@123@V4123@@Z 0000000180009ef0 f i format.obj
 0001:00009120       ??$parse_format_specs@DAEAV?$specs_checker@V?$specs_handler@V?$basic_format_parse_context@DUerror_handler@detail@v7@fmt@@@v7@fmt@@V?$basic_format_context@V?$back_insert_iterator@V?$buffer@D@detail@v7@fmt@@@std@@D@23@@detail@v7@fmt@@@detail@v7@fmt@@@detail@v7@fmt@@YAPEBDPEBD0AEAV?$specs_checker@V?$specs_handler@V?$basic_format_parse_context@DUerror_handler@detail@v7@fmt@@@v7@fmt@@V?$basic_format_context@V?$back_insert_iterator@V?$buffer@D@detail@v7@fmt@@@std@@D@23@@detail@v7@fmt@@@012@@Z 000000018000a120 f i format.obj
 0001:00009490       ??$visit_format_arg@V?$arg_formatter@V?$back_insert_iterator@V?$buffer@D@detail@v7@fmt@@@std@@D@detail@v7@fmt@@V?$basic_format_context@V?$back_insert_iterator@V?$buffer@D@detail@v7@fmt@@@std@@D@34@@v7@fmt@@YA?AV?$back_insert_iterator@V?$buffer@D@detail@v7@fmt@@@std@@$$QEAV?$arg_formatter@V?$back_insert_iterator@V?$buffer@D@detail@v7@fmt@@@std@@D@detail@01@AEBV?$basic_format_arg@V?$basic_format_context@V?$back_insert_iterator@V?$buffer@D@detail@v7@fmt@@@std@@D@v7@fmt@@@01@@Z 000000018000a490 f i format.obj
 0001:00009d40       ?write@?$arg_formatter_base@V?$back_insert_iterator@V?$buffer@D@detail@v7@fmt@@@std@@DUerror_handler@detail@v7@fmt@@@detail@v7@fmt@@IEAAXPEBD@Z 000000018000ad40 f i format.obj
 0001:00009e70       ??$write_nonfinite@DV?$back_insert_iterator@V?$buffer@D@detail@v7@fmt@@@std@@@detail@v7@fmt@@YA?AV?$back_insert_iterator@V?$buffer@D@detail@v7@fmt@@@std@@V34@_NAEBU?$basic_format_specs@D@12@AEBUfloat_specs@012@@Z 000000018000ae70 f i format.obj
 0001:00009fb0       ??$write_ptr@DV?$back_insert_iterator@V?$buffer@D@detail@v7@fmt@@@std@@_K@detail@v7@fmt@@YA?AV?$back_insert_iterator@V?$buffer@D@detail@v7@fmt@@@std@@V34@_KPEBU?$basic_format_specs@D@12@@Z 000000018000afb0 f i format.obj
 0001:0000a140       ??$prettify@PEAD@?$float_writer@D@detail@v7@fmt@@AEBAPEADPEAD@Z 000000018000b140 f i format.obj
 0001:0000a480       ??$parse_align@DAEAV?$specs_checker@V?$specs_handler@V?$basic_format_parse_context@DUerror_handler@detail@v7@fmt@@@v7@fmt@@V?$basic_format_context@V?$back_insert_iterator@V?$buffer@D@detail@v7@fmt@@@std@@D@23@@detail@v7@fmt@@@detail@v7@fmt@@@detail@v7@fmt@@YAPEBDPEBD0AEAV?$specs_checker@V?$specs_handler@V?$basic_format_parse_context@DUerror_handler@detail@v7@fmt@@@v7@fmt@@V?$basic_format_context@V?$back_insert_iterator@V?$buffer@D@detail@v7@fmt@@@std@@D@23@@detail@v7@fmt@@@012@@Z 000000018000b480 f i format.obj
 0001:0000a600       ??$write@D@?$arg_formatter_base@V?$back_insert_iterator@V?$buffer@D@detail@v7@fmt@@@std@@DUerror_handler@detail@v7@fmt@@@detail@v7@fmt@@AEAAXV?$basic_string_view@D@23@AEBU?$basic_format_specs@D@23@@Z 000000018000b600 f i format.obj
 0001:0000a730       ??$get_id@D@?$basic_format_args@V?$basic_format_context@V?$back_insert_iterator@V?$buffer@D@detail@v7@fmt@@@std@@D@v7@fmt@@@v7@fmt@@QEBAHV?$basic_string_view@D@12@@Z 000000018000b730 f i format.obj
 0001:0000a800       ?on_char@char_spec_handler@?$arg_formatter_base@V?$back_insert_iterator@V?$buffer@D@detail@v7@fmt@@@std@@DUerror_handler@detail@v7@fmt@@@detail@v7@fmt@@QEAAXXZ 000000018000b800 f i format.obj
 0001:0000a910       ??$write_int@H@?$arg_formatter_base@V?$back_insert_iterator@V?$buffer@D@detail@v7@fmt@@@std@@DUerror_handler@detail@v7@fmt@@@detail@v7@fmt@@AEAAXHAEBU?$basic_format_specs@D@23@@Z 000000018000b910 f i format.obj
 0001:0000a9b0       ??$parse_arg_id@DU?$width_adapter@AEAV?$specs_checker@V?$specs_handler@V?$basic_format_parse_context@DUerror_handler@detail@v7@fmt@@@v7@fmt@@V?$basic_format_context@V?$back_insert_iterator@V?$buffer@D@detail@v7@fmt@@@std@@D@23@@detail@v7@fmt@@@detail@v7@fmt@@D@detail@v7@fmt@@@detail@v7@fmt@@YAPEBDPEBD0$$QEAU?$width_adapter@AEAV?$specs_checker@V?$specs_handler@V?$basic_format_parse_context@DUerror_handler@detail@v7@fmt@@@v7@fmt@@V?$basic_format_context@V?$back_insert_iterator@V?$buffer@D@detail@v7@fmt@@@std@@D@23@@detail@v7@fmt@@@detail@v7@fmt@@D@012@@Z 000000018000b9b0 f i format.obj
 0001:0000ac40       ??$parse_arg_id@DU?$precision_adapter@AEAV?$specs_checker@V?$specs_handler@V?$basic_format_parse_context@DUerror_handler@detail@v7@fmt@@@v7@fmt@@V?$basic_format_context@V?$back_insert_iterator@V?$buffer@D@detail@v7@fmt@@@std@@D@23@@detail@v7@fmt@@@detail@v7@fmt@@D@detail@v7@fmt@@@detail@v7@fmt@@YAPEBDPEBD0$$QEAU?$precision_adapter@AEAV?$specs_checker@V?$specs_handler@V?$basic_format_parse_context@DUerror_handler@detail@v7@fmt@@@v7@fmt@@V?$basic_format_context@V?$back_insert_iterator@V?$buffer@D@detail@v7@fmt@@@std@@D@23@@detail@v7@fmt@@@detail@v7@fmt@@D@012@@Z 000000018000bc40 f i format.obj
 0001:0000aed0       ??$write@DV?$back_insert_iterator@V?$buffer@D@detail@v7@fmt@@@std@@M$0A@@detail@v7@fmt@@YA?AV?$back_insert_iterator@V?$buffer@D@detail@v7@fmt@@@std@@V34@MU?$basic_format_specs@D@12@Vlocale_ref@012@@Z 000000018000bed0 f i format.obj
 0001:0000b430       ??$write@DV?$back_insert_iterator@V?$buffer@D@detail@v7@fmt@@@std@@N$0A@@detail@v7@fmt@@YA?AV?$back_insert_iterator@V?$buffer@D@detail@v7@fmt@@@std@@V34@NU?$basic_format_specs@D@12@Vlocale_ref@012@@Z 000000018000c430 f i format.obj
 0001:0000b980       ??$write@DV?$back_insert_iterator@V?$buffer@D@detail@v7@fmt@@@std@@O$0A@@detail@v7@fmt@@YA?AV?$back_insert_iterator@V?$buffer@D@detail@v7@fmt@@@std@@V34@OU?$basic_format_specs@D@12@Vlocale_ref@012@@Z 000000018000c980 f i format.obj
 0001:0000bed0       ??$handle_int_type_spec@AEAU?$int_writer@V?$back_insert_iterator@V?$buffer@D@detail@v7@fmt@@@std@@DI@detail@v7@fmt@@@detail@v7@fmt@@YAXDAEAU?$int_writer@V?$back_insert_iterator@V?$buffer@D@detail@v7@fmt@@@std@@DI@012@@Z 000000018000ced0 f i format.obj
 0001:0000c210       ??$fill@PEADD@detail@v7@fmt@@YAPEADPEAD_KAEBU?$fill_t@D@012@@Z 000000018000d210 f i format.obj
 0001:0000c290       ??$handle_int_type_spec@AEAU?$int_writer@V?$back_insert_iterator@V?$buffer@D@detail@v7@fmt@@@std@@D_K@detail@v7@fmt@@@detail@v7@fmt@@YAXDAEAU?$int_writer@V?$back_insert_iterator@V?$buffer@D@detail@v7@fmt@@@std@@D_K@012@@Z 000000018000d290 f i format.obj
 0001:0000c5d0       ??$parse_float_type_spec@Uerror_handler@detail@v7@fmt@@D@detail@v7@fmt@@YA?AUfloat_specs@012@AEBU?$basic_format_specs@D@12@$$QEAUerror_handler@012@@Z 000000018000d5d0 f i format.obj
 0001:0000c7b0       ??$decimal_point@D@detail@v7@fmt@@YADVlocale_ref@012@@Z 000000018000d7b0 f i format.obj
 0001:0000c850       ?on_num@?$int_writer@V?$back_insert_iterator@V?$buffer@D@detail@v7@fmt@@@std@@D_K@detail@v7@fmt@@QEAAXXZ 000000018000d850 f i format.obj
 0001:0000cd50       ?on_dec@?$int_writer@V?$back_insert_iterator@V?$buffer@D@detail@v7@fmt@@@std@@D_K@detail@v7@fmt@@QEAAXXZ 000000018000dd50 f i format.obj
 0001:0000ce70       ?on_num@?$int_writer@V?$back_insert_iterator@V?$buffer@D@detail@v7@fmt@@@std@@DI@detail@v7@fmt@@QEAAXXZ 000000018000de70 f i format.obj
 0001:0000d350       ?on_dec@?$int_writer@V?$back_insert_iterator@V?$buffer@D@detail@v7@fmt@@@std@@DI@detail@v7@fmt@@QEAAXXZ 000000018000e350 f i format.obj
 0001:0000d470       ?get_arg@?$specs_handler@V?$basic_format_parse_context@DUerror_handler@detail@v7@fmt@@@v7@fmt@@V?$basic_format_context@V?$back_insert_iterator@V?$buffer@D@detail@v7@fmt@@@std@@D@23@@detail@v7@fmt@@AEAA?AV?$basic_format_arg@V?$basic_format_context@V?$back_insert_iterator@V?$buffer@D@detail@v7@fmt@@@std@@D@v7@fmt@@@34@H@Z 000000018000e470 f i format.obj
 0001:0000d550       ?get_arg@?$specs_handler@V?$basic_format_parse_context@DUerror_handler@detail@v7@fmt@@@v7@fmt@@V?$basic_format_context@V?$back_insert_iterator@V?$buffer@D@detail@v7@fmt@@@std@@D@23@@detail@v7@fmt@@AEAA?AV?$basic_format_arg@V?$basic_format_context@V?$back_insert_iterator@V?$buffer@D@detail@v7@fmt@@@std@@D@v7@fmt@@@34@Uauto_id@234@@Z 000000018000e550 f i format.obj
 0001:0000d630       ??$get_dynamic_spec@Vprecision_checker@detail@v7@fmt@@V?$basic_format_arg@V?$basic_format_context@V?$back_insert_iterator@V?$buffer@D@detail@v7@fmt@@@std@@D@v7@fmt@@@34@Uerror_handler@234@@detail@v7@fmt@@YAHV?$basic_format_arg@V?$basic_format_context@V?$back_insert_iterator@V?$buffer@D@detail@v7@fmt@@@std@@D@v7@fmt@@@12@Uerror_handler@012@@Z 000000018000e630 f i format.obj
 0001:0000d6e0       ??$get_dynamic_spec@Vwidth_checker@detail@v7@fmt@@V?$basic_format_arg@V?$basic_format_context@V?$back_insert_iterator@V?$buffer@D@detail@v7@fmt@@@std@@D@v7@fmt@@@34@Uerror_handler@234@@detail@v7@fmt@@YAHV?$basic_format_arg@V?$basic_format_context@V?$back_insert_iterator@V?$buffer@D@detail@v7@fmt@@@std@@D@v7@fmt@@@12@Uerror_handler@012@@Z 000000018000e6e0 f i format.obj
 0001:0000d790       ??$thousands_sep@D@detail@v7@fmt@@YADVlocale_ref@012@@Z 000000018000e790 f i format.obj
 0001:0000d830       ??$write_int@V?$back_insert_iterator@V?$buffer@D@detail@v7@fmt@@@std@@DV<lambda_1>@?1??on_oct@?$int_writer@V?$back_insert_iterator@V?$buffer@D@detail@v7@fmt@@@std@@D_K@detail@v7@fmt@@QEAAXXZ@@detail@v7@fmt@@YA?AV?$back_insert_iterator@V?$buffer@D@detail@v7@fmt@@@std@@V34@HV?$basic_string_view@D@12@AEBU?$basic_format_specs@D@12@V<lambda_1>@?1??on_oct@?$int_writer@V?$back_insert_iterator@V?$buffer@D@detail@v7@fmt@@@std@@D_K@012@QEAAXXZ@@Z 000000018000e830 f i format.obj
 0001:0000d9e0       ??$write_int@V?$back_insert_iterator@V?$buffer@D@detail@v7@fmt@@@std@@DV<lambda_1>@?1??on_bin@?$int_writer@V?$back_insert_iterator@V?$buffer@D@detail@v7@fmt@@@std@@D_K@detail@v7@fmt@@QEAAXXZ@@detail@v7@fmt@@YA?AV?$back_insert_iterator@V?$buffer@D@detail@v7@fmt@@@std@@V34@HV?$basic_string_view@D@12@AEBU?$basic_format_specs@D@12@V<lambda_1>@?1??on_bin@?$int_writer@V?$back_insert_iterator@V?$buffer@D@detail@v7@fmt@@@std@@D_K@012@QEAAXXZ@@Z 000000018000e9e0 f i format.obj
 0001:0000db90       ??$write_int@V?$back_insert_iterator@V?$buffer@D@detail@v7@fmt@@@std@@DV<lambda_1>@?1??on_hex@?$int_writer@V?$back_insert_iterator@V?$buffer@D@detail@v7@fmt@@@std@@D_K@detail@v7@fmt@@QEAAXXZ@@detail@v7@fmt@@YA?AV?$back_insert_iterator@V?$buffer@D@detail@v7@fmt@@@std@@V34@HV?$basic_string_view@D@12@AEBU?$basic_format_specs@D@12@V<lambda_1>@?1??on_hex@?$int_writer@V?$back_insert_iterator@V?$buffer@D@detail@v7@fmt@@@std@@D_K@012@QEAAXXZ@@Z 000000018000eb90 f i format.obj
 0001:0000dd50       ??$write_int@V?$back_insert_iterator@V?$buffer@D@detail@v7@fmt@@@std@@DV<lambda_1>@?1??on_oct@?$int_writer@V?$back_insert_iterator@V?$buffer@D@detail@v7@fmt@@@std@@DI@detail@v7@fmt@@QEAAXXZ@@detail@v7@fmt@@YA?AV?$back_insert_iterator@V?$buffer@D@detail@v7@fmt@@@std@@V34@HV?$basic_string_view@D@12@AEBU?$basic_format_specs@D@12@V<lambda_1>@?1??on_oct@?$int_writer@V?$back_insert_iterator@V?$buffer@D@detail@v7@fmt@@@std@@DI@012@QEAAXXZ@@Z 000000018000ed50 f i format.obj
 0001:0000df00       ??$write_int@V?$back_insert_iterator@V?$buffer@D@detail@v7@fmt@@@std@@DV<lambda_1>@?1??on_bin@?$int_writer@V?$back_insert_iterator@V?$buffer@D@detail@v7@fmt@@@std@@DI@detail@v7@fmt@@QEAAXXZ@@detail@v7@fmt@@YA?AV?$back_insert_iterator@V?$buffer@D@detail@v7@fmt@@@std@@V34@HV?$basic_string_view@D@12@AEBU?$basic_format_specs@D@12@V<lambda_1>@?1??on_bin@?$int_writer@V?$back_insert_iterator@V?$buffer@D@detail@v7@fmt@@@std@@DI@012@QEAAXXZ@@Z 000000018000ef00 f i format.obj
 0001:0000e0b0       ??$write_int@V?$back_insert_iterator@V?$buffer@D@detail@v7@fmt@@@std@@DV<lambda_1>@?1??on_hex@?$int_writer@V?$back_insert_iterator@V?$buffer@D@detail@v7@fmt@@@std@@DI@detail@v7@fmt@@QEAAXXZ@@detail@v7@fmt@@YA?AV?$back_insert_iterator@V?$buffer@D@detail@v7@fmt@@@std@@V34@HV?$basic_string_view@D@12@AEBU?$basic_format_specs@D@12@V<lambda_1>@?1??on_hex@?$int_writer@V?$back_insert_iterator@V?$buffer@D@detail@v7@fmt@@@std@@DI@012@QEAAXXZ@@Z 000000018000f0b0 f i format.obj
 0001:0000e270       ??$visit_format_arg@V?$precision_checker@Uerror_handler@detail@v7@fmt@@@detail@v7@fmt@@V?$basic_format_context@V?$back_insert_iterator@V?$buffer@D@detail@v7@fmt@@@std@@D@34@@v7@fmt@@YA_K$$QEAV?$precision_checker@Uerror_handler@detail@v7@fmt@@@detail@01@AEBV?$basic_format_arg@V?$basic_format_context@V?$back_insert_iterator@V?$buffer@D@detail@v7@fmt@@@std@@D@v7@fmt@@@01@@Z 000000018000f270 f i format.obj
 0001:0000e7b0       ??$visit_format_arg@V?$width_checker@Uerror_handler@detail@v7@fmt@@@detail@v7@fmt@@V?$basic_format_context@V?$back_insert_iterator@V?$buffer@D@detail@v7@fmt@@@std@@D@34@@v7@fmt@@YA_K$$QEAV?$width_checker@Uerror_handler@detail@v7@fmt@@@detail@01@AEBV?$basic_format_arg@V?$basic_format_context@V?$back_insert_iterator@V?$buffer@D@detail@v7@fmt@@@std@@D@v7@fmt@@@01@@Z 000000018000f7b0 f i format.obj
 0001:0000ecf0       ??$write_padded@$01V?$back_insert_iterator@V?$buffer@D@detail@v7@fmt@@@std@@DV<lambda_1>@?1???$write_int@V?$back_insert_iterator@V?$buffer@D@detail@v7@fmt@@@std@@DV<lambda_1>@?1??on_dec@?$int_writer@V?$back_insert_iterator@V?$buffer@D@detail@v7@fmt@@@std@@D_K@detail@v7@fmt@@QEAAXXZ@@detail@v7@fmt@@YA?AV12@V12@HV?$basic_string_view@D@56@AEBU?$basic_format_specs@D@56@V3?1??on_dec@?$int_writer@V?$back_insert_iterator@V?$buffer@D@detail@v7@fmt@@@std@@D_K@456@QEAAXXZ@@Z@@detail@v7@fmt@@YA?AV?$back_insert_iterator@V?$buffer@D@detail@v7@fmt@@@std@@V34@AEBU?$basic_format_specs@D@12@_K2AEBV<lambda_1>@?1???$write_int@V?$back_insert_iterator@V?$buffer@D@detail@v7@fmt@@@std@@DV<lambda_1>@?1??on_dec@?$int_writer@V?$back_insert_iterator@V?$buffer@D@detail@v7@fmt@@@std@@D_K@detail@v7@fmt@@QEAAXXZ@@012@YA?AV34@0HV?$basic_string_view@D@12@1V6?1??on_dec@?$int_writer@V?$back_insert_iterator@V?$buffer@D@detail@v7@fmt@@@std@@D_K@012@QEAAXXZ@@Z@@Z 000000018000fcf0 f i format.obj
 0001:0000ee90       ??$write_padded@$01V?$back_insert_iterator@V?$buffer@D@detail@v7@fmt@@@std@@DV<lambda_1>@?1???$write_int@V?$back_insert_iterator@V?$buffer@D@detail@v7@fmt@@@std@@DV<lambda_1>@?1??on_dec@?$int_writer@V?$back_insert_iterator@V?$buffer@D@detail@v7@fmt@@@std@@DI@detail@v7@fmt@@QEAAXXZ@@detail@v7@fmt@@YA?AV12@V12@HV?$basic_string_view@D@56@AEBU?$basic_format_specs@D@56@V3?1??on_dec@?$int_writer@V?$back_insert_iterator@V?$buffer@D@detail@v7@fmt@@@std@@DI@456@QEAAXXZ@@Z@@detail@v7@fmt@@YA?AV?$back_insert_iterator@V?$buffer@D@detail@v7@fmt@@@std@@V34@AEBU?$basic_format_specs@D@12@_K2AEBV<lambda_1>@?1???$write_int@V?$back_insert_iterator@V?$buffer@D@detail@v7@fmt@@@std@@DV<lambda_1>@?1??on_dec@?$int_writer@V?$back_insert_iterator@V?$buffer@D@detail@v7@fmt@@@std@@DI@detail@v7@fmt@@QEAAXXZ@@012@YA?AV34@0HV?$basic_string_view@D@12@1V6?1??on_dec@?$int_writer@V?$back_insert_iterator@V?$buffer@D@detail@v7@fmt@@@std@@DI@012@QEAAXXZ@@Z@@Z 000000018000fe90 f i format.obj
 0001:0000f010       ??$_Reallocate_grow_by@V<lambda_1>@?1??append@?$basic_string@DU?$char_traits@D@std@@V?$allocator@D@2@@std@@QEAAAEAV34@_KD@Z@_KD@?$basic_string@DU?$char_traits@D@std@@V?$allocator@D@2@@std@@AEAAAEAV01@_KV<lambda_1>@?1??append@01@QEAAAEAV01@0D@Z@_KD@Z 0000000180010010 f i format.obj
 0001:0000f1b0       ??0runtime_error@std@@QEAA@AEBV01@@Z 00000001800101b0 f i format.obj
 0001:0000f1f0       ??1facet@locale@std@@MEAA@XZ 00000001800101f0 f i format.obj
 0001:0000f200       ??_G?$numpunct@D@std@@MEAAPEAXI@Z 0000000180010200 f i format.obj
 0001:0000f200       ??_E?$numpunct@D@std@@MEAAPEAXI@Z 0000000180010200 f i * CIL library *:* CIL module *
 0001:0000f260       ?do_decimal_point@?$numpunct@D@std@@MEBADXZ 0000000180010260 f i format.obj
 0001:0000f270       ?do_thousands_sep@?$numpunct@D@std@@MEBADXZ 0000000180010270 f i format.obj
 0001:0000f280       ?do_falsename@?$numpunct@D@std@@MEBA?AV?$basic_string@DU?$char_traits@D@std@@V?$allocator@D@2@@2@XZ 0000000180010280 f i format.obj
 0001:0000f2d0       ?do_truename@?$numpunct@D@std@@MEBA?AV?$basic_string@DU?$char_traits@D@std@@V?$allocator@D@2@@2@XZ 00000001800102d0 f i format.obj
 0001:0000f320       ??1?$_Tidy_guard@V?$numpunct@D@std@@@std@@QEAA@XZ 0000000180010320 f i format.obj
 0001:0000f360       ??1?$_Yarn@_W@std@@QEAA@XZ 0000000180010360 f i format.obj
 0001:0000f360       ??1?$_Yarn@D@std@@QEAA@XZ  0000000180010360 f i format.obj
 0001:0000f390       ??1_Locinfo@std@@QEAA@XZ   0000000180010390 f i format.obj
 0001:0000f430       ?_Getcat@?$numpunct@D@std@@SA_KPEAPEBVfacet@locale@2@PEBV42@@Z 0000000180010430 f i format.obj
 0001:0000f670       ??0bad_cast@std@@QEAA@XZ   0000000180010670 f i format.obj
 0001:0000f6a0       ??_Ebad_array_new_length@std@@UEAAPEAXI@Z 00000001800106a0 f i * CIL library *:* CIL module *
 0001:0000f6a0       ??_Gbad_cast@std@@UEAAPEAXI@Z 00000001800106a0 f i format.obj
 0001:0000f6a0       ??_Ebad_alloc@std@@UEAAPEAXI@Z 00000001800106a0 f i * CIL library *:* CIL module *
 0001:0000f6a0       ??_Eruntime_error@std@@UEAAPEAXI@Z 00000001800106a0 f i * CIL library *:* CIL module *
 0001:0000f6a0       ??_Glength_error@std@@UEAAPEAXI@Z 00000001800106a0 f i server.obj
 0001:0000f6a0       ??_Eexception@std@@UEAAPEAXI@Z 00000001800106a0 f i * CIL library *:* CIL module *
 0001:0000f6a0       ??_Elogic_error@std@@UEAAPEAXI@Z 00000001800106a0 f i * CIL library *:* CIL module *
 0001:0000f6a0       ??_Gformat_error@v7@fmt@@UEAAPEAXI@Z 00000001800106a0 f i format.obj
 0001:0000f6a0       ??_Glogic_error@std@@UEAAPEAXI@Z 00000001800106a0 f i server.obj
 0001:0000f6a0       ??_Gbad_array_new_length@std@@UEAAPEAXI@Z 00000001800106a0 f i format.obj
 0001:0000f6a0       ??_Gexception@std@@UEAAPEAXI@Z 00000001800106a0 f i format.obj
 0001:0000f6a0       ??_Elength_error@std@@UEAAPEAXI@Z 00000001800106a0 f i * CIL library *:* CIL module *
 0001:0000f6a0       ??_Gbad_alloc@std@@UEAAPEAXI@Z 00000001800106a0 f i format.obj
 0001:0000f6a0       ??_Gruntime_error@std@@UEAAPEAXI@Z 00000001800106a0 f i format.obj
 0001:0000f6a0       ??_Ebad_cast@std@@UEAAPEAXI@Z 00000001800106a0 f i * CIL library *:* CIL module *
 0001:0000f6a0       ??_Eformat_error@v7@fmt@@UEAAPEAXI@Z 00000001800106a0 f i * CIL library *:* CIL module *
 0001:0000f6f0       ??0bad_cast@std@@QEAA@AEBV01@@Z 00000001800106f0 f i format.obj
 0001:0000f730       ?_Throw_bad_cast@std@@YAXXZ 0000000180010730 f i format.obj
 0001:0000f750       ??1?$unique_ptr@V_Facet_base@std@@U?$default_delete@V_Facet_base@std@@@2@@std@@QEAA@XZ 0000000180010750 f i format.obj
 0001:0000f770       ?_Incref@facet@locale@std@@UEAAXXZ 0000000180010770 f i format.obj
 0001:0000f780       ??$use_facet@V?$numpunct@D@std@@@std@@YAAEBV?$numpunct@D@0@AEBVlocale@0@@Z 0000000180010780 f i format.obj
 0001:0000f8c0       ?_Xlen_string@std@@YAXXZ   00000001800108c0 f i format.obj
 0001:0000f8e0       ?assign@?$basic_string@DU?$char_traits@D@std@@V?$allocator@D@2@@std@@QEAAAEAV12@QEBD_K@Z 00000001800108e0 f i format.obj
 0001:0000fa40       ?do_grouping@?$numpunct@D@std@@MEBA?AV?$basic_string@DU?$char_traits@D@std@@V?$allocator@D@2@@2@XZ 0000000180010a40 f i format.obj
 0001:0000fa90       ?_Decref@facet@locale@std@@UEAAPEAV_Facet_base@3@XZ 0000000180010a90 f i format.obj
 0001:0000faa0       ??_G_Facet_base@std@@UEAAPEAXI@Z 0000000180010aa0 f i format.obj
 0001:0000faa0       ??_E_Facet_base@std@@UEAAPEAXI@Z 0000000180010aa0 f i * CIL library *:* CIL module *
 0001:0000fad0       ??1locale@std@@QEAA@XZ     0000000180010ad0 f i format.obj
 0001:0000fb00       ??0runtime_error@std@@QEAA@PEBD@Z 0000000180010b00 f i format.obj
 0001:0000fb70       ??0runtime_error@std@@QEAA@AEBV?$basic_string@DU?$char_traits@D@std@@V?$allocator@D@2@@1@@Z 0000000180010b70 f i format.obj
 0001:0000fbe0       ??1?$basic_string@DU?$char_traits@D@std@@V?$allocator@D@2@@std@@QEAA@XZ 0000000180010be0 f i format.obj
 0001:0000fc40       ??0bad_array_new_length@std@@QEAA@XZ 0000000180010c40 f i format.obj
 0001:0000fc70       ??0bad_array_new_length@std@@QEAA@AEBV01@@Z 0000000180010c70 f i format.obj
 0001:0000fcb0       ??0bad_alloc@std@@QEAA@AEBV01@@Z 0000000180010cb0 f i format.obj
 0001:0000fcf0       ?what@exception@std@@UEBAPEBDXZ 0000000180010cf0 f i format.obj
 0001:0000fd10       ??0exception@std@@QEAA@AEBV01@@Z 0000000180010d10 f i format.obj
 0001:0000fd50       ?_Throw_bad_array_new_length@std@@YAXXZ 0000000180010d50 f i format.obj
 0001:0000fd50       ?__scrt_throw_std_bad_array_new_length@@YAXXZ 0000000180010d50 f i LIBCMT:throw_bad_alloc.obj
 0001:0000fd70       ?grow@?$basic_memory_buffer@D$0BPE@V?$allocator@D@std@@@v7@fmt@@MEAAX_K@Z 0000000180010d70 f i format.obj
 0001:0000fe50       ??_G?$basic_memory_buffer@D$0BPE@V?$allocator@D@std@@@v7@fmt@@UEAAPEAXI@Z 0000000180010e50 f i format.obj
 0001:0000fe50       ??_E?$basic_memory_buffer@D$0BPE@V?$allocator@D@std@@@v7@fmt@@UEAAPEAXI@Z 0000000180010e50 f i * CIL library *:* CIL module *
 0001:0000fed0       ??1?$basic_memory_buffer@D$0BPE@V?$allocator@D@std@@@v7@fmt@@UEAA@XZ 0000000180010ed0 f i format.obj
 0001:0000ff30       __local_stdio_printf_options 0000000180010f30 f i format.obj
 0001:0000ff50       ??3@YAXPEAX@Z              0000000180010f50 f   LIBCMT:delete_scalar.obj
 0001:0000ff60       __local_stdio_scanf_options 0000000180010f60 f i imgui.obj
 0001:0000ff70       sprintf                    0000000180010f70 f i imgui_demo.obj
 0001:0000ffd0       ??$_Reallocate_grow_by@V<lambda_1>@?1??append@?$basic_string@DU?$char_traits@D@std@@V?$allocator@D@2@@std@@QEAAAEAV34@QEBD_K@Z@PEBD_K@?$basic_string@DU?$char_traits@D@std@@V?$allocator@D@2@@std@@AEAAAEAV01@_KV<lambda_1>@?1??append@01@QEAAAEAV01@QEBD0@Z@PEBD_K@Z 0000000180010fd0 f i imgui_rangeslider.obj
 0001:00010160       ?append@?$basic_string@DU?$char_traits@D@std@@V?$allocator@D@2@@std@@QEAAAEAV12@QEBD_K@Z 0000000180011160 f i imgui_rangeslider.obj
 0001:000101f0       ??0?$basic_string@DU?$char_traits@D@std@@V?$allocator@D@2@@std@@QEAA@AEBV01@@Z 00000001800111f0 f i imgui_searchablecombo.obj
 0001:000102d0       ??1?$vector@V?$basic_string@DU?$char_traits@D@std@@V?$allocator@D@2@@std@@V?$allocator@V?$basic_string@DU?$char_traits@D@std@@V?$allocator@D@2@@std@@@2@@std@@QEAA@XZ 00000001800112d0 f i imgui_searchablecombo.obj
 0001:000103b0       ??$_Reallocate_grow_by@V<lambda_1>@?1??push_back@?$basic_string@DU?$char_traits@D@std@@V?$allocator@D@2@@std@@QEAAXD@Z@D@?$basic_string@DU?$char_traits@D@std@@V?$allocator@D@2@@std@@AEAAAEAV01@_KV<lambda_1>@?1??push_back@01@QEAAXD@Z@D@Z 00000001800113b0 f i logsys.obj
 0001:00010520       ??0PrivateMatch@@QEAA@XZ   0000000180011520 f   privatematch_wrapper.obj
 0001:00010870       ?JoinMatch@PrivateMatch@@QEAAXV?$basic_string@DU?$char_traits@D@std@@V?$allocator@D@2@@std@@0@Z 0000000180011870 f   privatematch_wrapper.obj
 0001:000109c0       ?InitCvars@PrivateMatch@@QEAAXXZ 00000001800119c0 f   privatematch_wrapper.obj
 0001:00011070       ??4?$shared_ptr@UCustomMatchTeamSettings@@@std@@QEAAAEAV01@$$QEAV01@@Z 0000000180012070 f i privatematch_wrapper.obj
 0001:00011070       ??4?$shared_ptr@VPrivateMatch@@@std@@QEAAAEAV01@$$QEAV01@@Z 0000000180012070 f i SixMansPlugin-Rework.obj
 0001:00011070       ??4?$shared_ptr@VMatchmakingWrapper@@@std@@QEAAAEAV01@$$QEAV01@@Z 0000000180012070 f i privatematch_wrapper.obj
 0001:00011070       ??4?$shared_ptr@UCustomMatchSettings@@@std@@QEAAAEAV01@$$QEAV01@@Z 0000000180012070 f i privatematch_wrapper.obj
 0001:000110f0       ??1?$shared_ptr@VMatchmakingWrapper@@@std@@QEAA@XZ 00000001800120f0 f i privatematch_wrapper.obj
 0001:000110f0       ??1?$shared_ptr@UCustomMatchSettings@@@std@@QEAA@XZ 00000001800120f0 f i privatematch_wrapper.obj
 0001:000110f0       ??1?$shared_ptr@UCustomMatchTeamSettings@@@std@@QEAA@XZ 00000001800120f0 f i privatematch_wrapper.obj
 0001:00011140       ??$LOG@$$BY0O@D$$V@@YAXAEAY0O@$$CBD@Z 0000000180012140 f i privatematch_wrapper.obj
 0001:000111d0       ?_Delete_this@?$_Ref_count_obj2@VMatchmakingWrapper@@@std@@EEAAXXZ 00000001800121d0 f i privatematch_wrapper.obj
 0001:000111d0       ?_Delete_this@?$_Ref_count_obj2@VPrivateMatch@@@std@@EEAAXXZ 00000001800121d0 f i SixMansPlugin-Rework.obj
 0001:000111d0       ?_Delete_this@?$_Ref_count_obj2@UCustomMatchTeamSettings@@@std@@EEAAXXZ 00000001800121d0 f i privatematch_wrapper.obj
 0001:000111d0       ?_Delete_this@?$_Ref_count@VSixMansPlugin@@@std@@EEAAXXZ 00000001800121d0 f i SixMansPlugin-Rework.obj
 0001:000111d0       ?_Delete_this@?$_Ref_count_obj2@UCustomMatchSettings@@@std@@EEAAXXZ 00000001800121d0 f i privatematch_wrapper.obj
 0001:000111f0       ?_Destroy@?$_Ref_count_obj2@VMatchmakingWrapper@@@std@@EEAAXXZ 00000001800121f0 f i privatematch_wrapper.obj
 0001:00011200       ?_Destroy@?$_Ref_count_obj2@UCustomMatchTeamSettings@@@std@@EEAAXXZ 0000000180012200 f i privatematch_wrapper.obj
 0001:00011260       ?_Destroy@?$_Ref_count_obj2@UCustomMatchSettings@@@std@@EEAAXXZ 0000000180012260 f i privatematch_wrapper.obj
 0001:00011270       ??_G?$_Ref_count_obj2@VMatchmakingWrapper@@@std@@UEAAPEAXI@Z 0000000180012270 f i privatematch_wrapper.obj
 0001:00011270       ??_E?$_Ref_count_obj2@VMatchmakingWrapper@@@std@@UEAAPEAXI@Z 0000000180012270 f i * CIL library *:* CIL module *
 0001:000112a0       ??_G?$_Ref_count_obj2@UCustomMatchTeamSettings@@@std@@UEAAPEAXI@Z 00000001800122a0 f i privatematch_wrapper.obj
 0001:000112a0       ??_E?$_Ref_count_obj2@UCustomMatchTeamSettings@@@std@@UEAAPEAXI@Z 00000001800122a0 f i * CIL library *:* CIL module *
 0001:000112d0       ??_G?$_Ref_count_obj2@UCustomMatchSettings@@@std@@UEAAPEAXI@Z 00000001800122d0 f i privatematch_wrapper.obj
 0001:000112d0       ??_E?$_Ref_count_obj2@UCustomMatchSettings@@@std@@UEAAPEAXI@Z 00000001800122d0 f i * CIL library *:* CIL module *
 0001:00011300       ??$?0$$V@?$_Ref_count_obj2@UCustomMatchSettings@@@std@@QEAA@XZ 0000000180012300 f i privatematch_wrapper.obj
 0001:000113e0       ??1CustomMatchSettings@@QEAA@XZ 00000001800123e0 f i privatematch_wrapper.obj
 0001:00011aa0       _scprintf                  0000000180012aa0 f i privatematch_wrapper.obj
 0001:00011b00       ?to_string@std@@YA?AV?$basic_string@DU?$char_traits@D@std@@V?$allocator@D@2@@1@_K@Z 0000000180012b00 f i privatematch_wrapper.obj
 0001:00011bb0       sprintf_s                  0000000180012bb0 f i privatematch_wrapper.obj
 0001:00011c10       ??4?$basic_string@DU?$char_traits@D@std@@V?$allocator@D@2@@std@@QEAAAEAV01@$$QEAV01@@Z 0000000180012c10 f i privatematch_wrapper.obj
 0001:00011ca0       ?to_string@error_code@system@boost@@QEBA?AV?$basic_string@DU?$char_traits@D@std@@V?$allocator@D@2@@std@@XZ 0000000180012ca0 f i privatematch_wrapper.obj
 0001:00011e90       ?to_string@source_location@boost@@QEBA?AV?$basic_string@DU?$char_traits@D@std@@V?$allocator@D@2@@std@@XZ 0000000180012e90 f i privatematch_wrapper.obj
 0001:00012040       ?what@error_code@system@boost@@QEBA?AV?$basic_string@DU?$char_traits@D@std@@V?$allocator@D@2@@std@@XZ 0000000180013040 f i privatematch_wrapper.obj
 0001:000121f0       ??0system_error@system@boost@@QEAA@AEBVerror_code@12@PEBD@Z 00000001800131f0 f i privatematch_wrapper.obj
 0001:00012350       ??0?$wrapexcept@Vsystem_error@system@boost@@@boost@@QEAA@AEBVsystem_error@system@1@@Z 0000000180013350 f i privatematch_wrapper.obj
 0001:000123f0       ??1?$wrapexcept@Vsystem_error@system@boost@@@boost@@UEAA@XZ 00000001800133f0 f i privatematch_wrapper.obj
 0001:00012450       ??_G?$wrapexcept@Vsystem_error@system@boost@@@boost@@UEAAPEAXI@Z 0000000180013450 f i privatematch_wrapper.obj
 0001:00012450       ??_E?$wrapexcept@Vsystem_error@system@boost@@@boost@@UEAAPEAXI@Z 0000000180013450 f i * CIL library *:* CIL module *
 0001:000124d0       ??1deleter@?$wrapexcept@Vsystem_error@system@boost@@@boost@@QEAA@XZ 00000001800134d0 f i privatematch_wrapper.obj
 0001:000124f0       ?clone@?$wrapexcept@Vsystem_error@system@boost@@@boost@@UEBAPEBVclone_base@exception_detail@2@XZ 00000001800134f0 f i privatematch_wrapper.obj
 0001:00012550       ?rethrow@?$wrapexcept@Vsystem_error@system@boost@@@boost@@UEBAXXZ 0000000180013550 f i privatematch_wrapper.obj
 0001:00012578       ??_E?$wrapexcept@Vsystem_error@system@boost@@@boost@@W7EAAPEAXI@Z 0000000180013578 f i privatematch_wrapper.obj
 0001:00012584       ??_E?$wrapexcept@Vsystem_error@system@boost@@@boost@@WDI@EAAPEAXI@Z 0000000180013584 f i privatematch_wrapper.obj
 0001:00012590       ??0?$wrapexcept@Vsystem_error@system@boost@@@boost@@QEAA@AEBU01@@Z 0000000180013590 f i privatematch_wrapper.obj
 0001:00012650       ??_Gsystem_error@system@boost@@UEAAPEAXI@Z 0000000180013650 f i privatematch_wrapper.obj
 0001:00012650       ??_Esystem_error@system@boost@@UEAAPEAXI@Z 0000000180013650 f i * CIL library *:* CIL module *
 0001:000126a0       ??0system_error@system@boost@@QEAA@AEBV012@@Z 00000001800136a0 f i privatematch_wrapper.obj
 0001:00012700       ??$throw_exception@Vsystem_error@system@boost@@@boost@@YAXAEBVsystem_error@system@0@@Z 0000000180013700 f i privatematch_wrapper.obj
 0001:00012730       ?do_throw_error@detail@asio@boost@@YAXAEBVerror_code@system@3@PEBD@Z 0000000180013730 f i privatematch_wrapper.obj
 0001:00012760       ?_Get_deleter@_Ref_count_base@std@@UEBAPEAXAEBVtype_info@@@Z 0000000180013760 f i privatematch_wrapper.obj
 0001:00012770       ??1clone_base@exception_detail@boost@@UEAA@XZ 0000000180013770 f i privatematch_wrapper.obj
 0001:00012780       ?copy_boost_exception@exception_detail@boost@@YAXPEAVexception@2@PEBV32@@Z 0000000180013780 f i privatematch_wrapper.obj
 0001:00012850       ??_Eclone_base@exception_detail@boost@@UEAAPEAXI@Z 0000000180013850 f i * CIL library *:* CIL module *
 0001:00012850       ??_Gclone_base@exception_detail@boost@@UEAAPEAXI@Z 0000000180013850 f i privatematch_wrapper.obj
 0001:00012880       ??0clone_base@exception_detail@boost@@QEAA@AEBV012@@Z 0000000180013880 f i privatematch_wrapper.obj
 0001:00012890       ??1?$refcount_ptr@Uerror_info_container@exception_detail@boost@@@exception_detail@boost@@QEAA@XZ 0000000180013890 f i privatematch_wrapper.obj
 0001:000128c0       ??0exception@boost@@QEAA@AEBV01@@Z 00000001800138c0 f i privatematch_wrapper.obj
 0001:00012920       ?win_tss_ptr_create@detail@asio@boost@@YAKXZ 0000000180013920 f i privatematch_wrapper.obj
 0001:000129f0       ?name@system_error_category@detail@system@boost@@UEBAPEBDXZ 00000001800139f0 f i privatematch_wrapper.obj
 0001:00012a00       ?system_category_condition_win32@detail@system@boost@@YAHH@Z 0000000180013a00 f i privatematch_wrapper.obj
 0001:00012dd0       ?default_error_condition@system_error_category@detail@system@boost@@UEBA?AVerror_condition@34@H@Z 0000000180013dd0 f i privatematch_wrapper.obj
 0001:00012e10       ?equivalent@error_category@system@boost@@UEBA_NAEBVerror_code@23@H@Z 0000000180013e10 f i privatematch_wrapper.obj
 0001:00012eb0       ?equivalent@error_category@system@boost@@UEBA_NHAEBVerror_condition@23@@Z 0000000180013eb0 f i privatematch_wrapper.obj
 0001:00012f50       ?message@system_error_category@detail@system@boost@@UEBAPEBDHPEAD_K@Z 0000000180013f50 f i privatematch_wrapper.obj
 0001:00013010       ??1local_free@detail@system@boost@@QEAA@XZ 0000000180014010 f i privatematch_wrapper.obj
 0001:00013020       ?assign@?$basic_string@DU?$char_traits@D@std@@V?$allocator@D@2@@std@@QEAAAEAV12@_KD@Z 0000000180014020 f i privatematch_wrapper.obj
 0001:00013190       ?snprintf@detail@system@boost@@YAXPEAD_KPEBDZZ 0000000180014190 f i privatematch_wrapper.obj
 0001:000131f0       ?unknown_message_win32@detail@system@boost@@YA?AV?$basic_string@DU?$char_traits@D@std@@V?$allocator@D@2@@std@@H@Z 00000001800141f0 f i privatematch_wrapper.obj
 0001:00013290       ?system_category_message_win32@detail@system@boost@@YA?AV?$basic_string@DU?$char_traits@D@std@@V?$allocator@D@2@@std@@H@Z 0000000180014290 f i privatematch_wrapper.obj
 0001:00013530       ?message@system_error_category@detail@system@boost@@UEBA?AV?$basic_string@DU?$char_traits@D@std@@V?$allocator@D@2@@std@@H@Z 0000000180014530 f i privatematch_wrapper.obj
 0001:00013550       ?failed@error_category@system@boost@@UEBA_NH@Z 0000000180014550 f i privatematch_wrapper.obj
 0001:00013560       ??0length_error@std@@QEAA@PEBD@Z 0000000180014560 f i server.obj
 0001:000135d0       ??0length_error@std@@QEAA@AEBV01@@Z 00000001800145d0 f i server.obj
 0001:00013610       ??0logic_error@std@@QEAA@AEBV01@@Z 0000000180014610 f i server.obj
 0001:00013650       ?GetInstance@PrivateMatch@@SA?AV?$shared_ptr@VPrivateMatch@@@std@@XZ 0000000180014650 f i SixMansPlugin-Rework.obj
 0001:00013790       getPlugin                  0000000180014790 f   SixMansPlugin-Rework.obj
 0001:00013870       deleteMe                   0000000180014870 f   SixMansPlugin-Rework.obj
 0001:000138e0       ?onLoad@SixMansPlugin@@EEAAXXZ 00000001800148e0 f   SixMansPlugin-Rework.obj
 0001:00013ef0       ??1?$function@$$A6AXV?$vector@V?$basic_string@DU?$char_traits@D@std@@V?$allocator@D@2@@std@@V?$allocator@V?$basic_string@DU?$char_traits@D@std@@V?$allocator@D@2@@std@@@2@@std@@@Z@std@@QEAA@XZ 0000000180014ef0 f i SixMansPlugin-Rework.obj
 0001:00013f20       ?onUnload@SixMansPlugin@@EEAAXXZ 0000000180014f20 f   SixMansPlugin-Rework.obj
 0001:00013f20       ?onLoad@BakkesModPlugin@Plugin@BakkesMod@@UEAAXXZ 0000000180014f20 f   SixMansPlugin-Rework.obj
 0001:00013f20       ?onUnload@BakkesModPlugin@Plugin@BakkesMod@@UEAAXXZ 0000000180014f20 f   SixMansPlugin-Rework.obj
 0001:00013f20       _guard_check_icall_nop     0000000180014f20 f   LIBCMT:guard_support.obj
 0001:00013f30       ?_Destroy@?$_Ref_count@VSixMansPlugin@@@std@@EEAAXXZ 0000000180014f30 f i SixMansPlugin-Rework.obj
 0001:00013f40       ?_Destroy@?$_Ref_count_obj2@VPrivateMatch@@@std@@EEAAXXZ 0000000180014f40 f i SixMansPlugin-Rework.obj
 0001:00013f50       ??_GSixMansPlugin@@QEAAPEAXI@Z 0000000180014f50 f i SixMansPlugin-Rework.obj
 0001:00013fc0       ??_E?$_Ref_count@VSixMansPlugin@@@std@@UEAAPEAXI@Z 0000000180014fc0 f i * CIL library *:* CIL module *
 0001:00013fc0       ??_G?$_Ref_count@VSixMansPlugin@@@std@@UEAAPEAXI@Z 0000000180014fc0 f i SixMansPlugin-Rework.obj
 0001:00013ff0       ??_E?$_Ref_count_obj2@VPrivateMatch@@@std@@UEAAPEAXI@Z 0000000180014ff0 f i * CIL library *:* CIL module *
 0001:00013ff0       ??_G?$_Ref_count_obj2@VPrivateMatch@@@std@@UEAAPEAXI@Z 0000000180014ff0 f i SixMansPlugin-Rework.obj
 0001:00014020       ??1PrivateMatch@@QEAA@XZ   0000000180015020 f i SixMansPlugin-Rework.obj
 0001:00014460       ??4?$shared_ptr@VCVarManagerWrapper@@@std@@QEAAAEAV01@AEBV01@@Z 0000000180015460 f i SixMansPlugin-Rework.obj
 0001:000144f0       ??1BakkesModPlugin@Plugin@BakkesMod@@QEAA@XZ 00000001800154f0 f i SixMansPlugin-Rework.obj
 0001:00014580       ??0BakkesModPlugin@Plugin@BakkesMod@@QEAA@XZ 0000000180015580 f i SixMansPlugin-Rework.obj
 0001:000145a0       ??0BakkesModPlugin@Plugin@BakkesMod@@QEAA@AEBV012@@Z 00000001800155a0 f i pch.obj
 0001:00014600       ??0BakkesModPlugin@Plugin@BakkesMod@@QEAA@$$QEAV012@@Z 0000000180015600 f i pch.obj
 0001:00014660       ??4BakkesModPlugin@Plugin@BakkesMod@@QEAAAEAV012@AEBV012@@Z 0000000180015660 f i pch.obj
 0001:00014700       ??4BakkesModPlugin@Plugin@BakkesMod@@QEAAAEAV012@$$QEAV012@@Z 0000000180015700 f i pch.obj
 0001:000147e0       ?__autoclassinit2@BakkesModPlugin@Plugin@BakkesMod@@QEAAX_K@Z 00000001800157e0 f i pch.obj
 0001:000147ea       ??1CVarWrapper@@QEAA@XZ    00000001800157ea f   pluginsdk:pluginsdk.dll
 0001:000147f0       ??1MatchmakingWrapper@@QEAA@XZ 00000001800157f0 f   pluginsdk:pluginsdk.dll
 0001:000147f8       ??0bad_alloc@std@@QEAA@XZ  00000001800157f8 f i libcpmt:xthrow.obj
 0001:00014818       ?__scrt_throw_std_bad_alloc@@YAXXZ 0000000180015818 f   LIBCMT:throw_bad_alloc.obj
 0001:00014818       ?_Xbad_alloc@std@@YAXXZ    0000000180015818 f   libcpmt:xthrow.obj
 0001:00014838       ?_Xlength_error@std@@YAXPEBD@Z 0000000180015838 f   libcpmt:xthrow.obj
 0001:0001485c       ?_Xruntime_error@std@@YAXPEBD@Z 000000018001585c f   libcpmt:xthrow.obj
 0001:00014880       ??0_Locimp@locale@std@@AEAA@_N@Z 0000000180015880 f i libcpmt:locale0.obj
 0001:00014908       ??4?$_Yarn@D@std@@QEAAAEAV01@PEBD@Z 0000000180015908 f i libcpmt:locale0.obj
 0001:00014980       ??_G_Locimp@locale@std@@MEAAPEAXI@Z 0000000180015980 f i libcpmt:locale0.obj
 0001:00014980       ??_E_Locimp@locale@std@@MEAAPEAXI@Z 0000000180015980 f i libcpmt:locale0.obj
 0001:000149dc       ?_Facet_Register@std@@YAXPEAV_Facet_base@1@@Z 00000001800159dc f   libcpmt:locale0.obj
 0001:00014a14       ?_Getgloballocale@locale@std@@CAPEAV_Locimp@12@XZ 0000000180015a14 f   libcpmt:locale0.obj
 0001:00014a1c       ?_Init@locale@std@@CAPEAV_Locimp@12@_N@Z 0000000180015a1c f   libcpmt:locale0.obj
 0001:00014b14       ?_Locimp_dtor@_Locimp@locale@std@@CAXPEAV123@@Z 0000000180015b14 f   libcpmt:locale0.obj
 0001:00014b90       ?_Locinfo_ctor@_Locinfo@std@@SAXPEAV12@PEBD@Z 0000000180015b90 f   libcpmt:locale0.obj
 0001:00014bfc       ?_Locinfo_dtor@_Locinfo@std@@SAXPEAV12@@Z 0000000180015bfc f   libcpmt:locale0.obj
 0001:00014c18       ?_New_Locimp@_Locimp@locale@std@@CAPEAV123@_N@Z 0000000180015c18 f   libcpmt:locale0.obj
 0001:00014c48       ?_Setgloballocale@locale@std@@CAXPEAX@Z 0000000180015c48 f   libcpmt:locale0.obj
 0001:00014c7c       _Deletegloballocale        0000000180015c7c f   libcpmt:locale0.obj
 0001:00014cec       ??0_Init_locks@std@@QEAA@XZ 0000000180015cec f   libcpmt:xlock.obj
 0001:00014d30       ??0_Lockit@std@@QEAA@H@Z   0000000180015d30 f   libcpmt:xlock.obj
 0001:00014d6c       ??1_Init_locks@std@@QEAA@XZ 0000000180015d6c f   libcpmt:xlock.obj
 0001:00014da8       ??1_Lockit@std@@QEAA@XZ    0000000180015da8 f   libcpmt:xlock.obj
 0001:00014ddc       _Getcvt                    0000000180015ddc f   libcpmt:xwctomb.obj
 0001:00014e74       ??0bad_exception@std@@QEAA@AEBV01@@Z 0000000180015e74 f i libcpmt:excptptr.obj
 0001:00014eb8       ??0bad_exception@std@@QEAA@XZ 0000000180015eb8 f i libcpmt:excptptr.obj
 0001:00014ee8       ??1bad_exception@std@@UEAA@XZ 0000000180015ee8 f i libcpmt:excptptr.obj
 0001:00014f0c       ??_Gbad_exception@std@@UEAAPEAXI@Z 0000000180015f0c f i libcpmt:excptptr.obj
 0001:00014f0c       ??_Ebad_exception@std@@UEAAPEAXI@Z 0000000180015f0c f i libcpmt:excptptr.obj
 0001:00014f54       ?_CallMemberFunction0@@YAXQEAX0@Z 0000000180015f54 f i libcpmt:excptptr.obj
 0001:00014f58       ?_CallMemberFunction1@@YAXQEAX00@Z 0000000180015f58 f i libcpmt:excptptr.obj
 0001:00014f64       ?_CallMemberFunction2@@YAXQEAX00H@Z 0000000180015f64 f i libcpmt:excptptr.obj
 0001:00014f74       ?_Atexit@@YAXP6AXXZ@Z      0000000180015f74 f   libcpmt:iosptrs.obj
 0001:00014fb0       _Mtxdst                    0000000180015fb0 f   libcpmt:xmtx.obj
 0001:00014fb8       _Mtxinit                   0000000180015fb8 f   libcpmt:xmtx.obj
 0001:00014fc8       _Mtxlock                   0000000180015fc8 f   libcpmt:xmtx.obj
 0001:00014fd0       _Mtxunlock                 0000000180015fd0 f   libcpmt:xmtx.obj
 0001:000153a0       __security_check_cookie    00000001800163a0 f   LIBCMT:amdsecgs.obj
 0001:000153c0       ??3@YAXPEAX_K@Z            00000001800163c0 f   LIBCMT:delete_scalar_size.obj
 0001:000153c8       ??2@YAPEAX_K@Z             00000001800163c8 f   LIBCMT:new_scalar.obj
 0001:00015404       ??_Etype_info@@UEAAPEAXI@Z 0000000180016404 f i LIBCMT:std_type_info_static.obj
 0001:00015404       ??_Gtype_info@@UEAAPEAXI@Z 0000000180016404 f i LIBCMT:std_type_info_static.obj
 0001:00015430       ??_M@YAXPEAX_K1P6AX0@Z@Z   0000000180016430 f   LIBCMT:ehvecdtr.obj
 0001:0001549c       ?__ArrayUnwind@@YAXPEAX_K1P6AX0@Z@Z 000000018001649c f   LIBCMT:ehvecdtr.obj
 0001:000155f8       __scrt_acquire_startup_lock 00000001800165f8 f   LIBCMT:utility.obj
 0001:00015634       __scrt_dllmain_after_initialize_c 0000000180016634 f   LIBCMT:utility.obj
 0001:00015668       __scrt_dllmain_before_initialize_c 0000000180016668 f   LIBCMT:utility.obj
 0001:00015680       __scrt_dllmain_crt_thread_attach 0000000180016680 f   LIBCMT:utility.obj
 0001:000156a8       __scrt_dllmain_crt_thread_detach 00000001800166a8 f   LIBCMT:utility.obj
 0001:000156c0       __scrt_dllmain_exception_filter 00000001800166c0 f   LIBCMT:utility.obj
 0001:00015720       __scrt_dllmain_uninitialize_c 0000000180016720 f   LIBCMT:utility.obj
 0001:00015750       __scrt_dllmain_uninitialize_critical 0000000180016750 f   LIBCMT:utility.obj
 0001:00015764       __scrt_initialize_crt      0000000180016764 f   LIBCMT:utility.obj
 0001:000157b0       __scrt_initialize_onexit_tables 00000001800167b0 f   LIBCMT:utility.obj
 0001:0001583c       __scrt_is_nonwritable_in_current_image 000000018001683c f   LIBCMT:utility.obj
 0001:000158d4       __scrt_release_startup_lock 00000001800168d4 f   LIBCMT:utility.obj
 0001:000158f8       __scrt_uninitialize_crt    00000001800168f8 f   LIBCMT:utility.obj
 0001:00015924       _onexit                    0000000180016924 f   LIBCMT:utility.obj
 0001:00015960       atexit                     0000000180016960 f   LIBCMT:utility.obj
 0001:00015978       __raise_securityfailure    0000000180016978 f   LIBCMT:gs_report.obj
 0001:000159ac       __report_gsfailure         00000001800169ac f   LIBCMT:gs_report.obj
 0001:00015a80       __report_rangecheckfailure 0000000180016a80 f   LIBCMT:gs_report.obj
 0001:00015a94       __report_securityfailure   0000000180016a94 f   LIBCMT:gs_report.obj
 0001:00015f34       _DllMainCRTStartup         0000000180016f34 f   LIBCMT:dll_dllmain.obj
 0001:00015f74       __GSHandlerCheck           0000000180016f74 f   LIBCMT:gshandler.obj
 0001:00015f94       __GSHandlerCheckCommon     0000000180016f94 f   LIBCMT:gshandler.obj
 0001:00015ff0       __GSHandlerCheck_EH4       0000000180016ff0 f   LIBCMT:gshandlereh4.obj
 0001:00016080       _alloca_probe              0000000180017080 f   LIBCMT:chkstk.obj
 0001:00016080       __chkstk                   0000000180017080 f   LIBCMT:chkstk.obj
 0001:000160d0       __crt_debugger_hook        00000001800170d0 f   LIBCMT:utility_desktop.obj
 0001:000160d8       __scrt_fastfail            00000001800170d8 f   LIBCMT:utility_desktop.obj
 0001:00016224       __isa_available_init       0000000180017224 f   LIBCMT:cpu_disp.obj
 0001:000163d0       _get_startup_argv_mode     00000001800173d0 f   LIBCMT:argv_mode.obj
 0001:000163d0       DllMain                    00000001800173d0 f   LIBCMT:dll_dllmain_stub.obj
 0001:000163d8       __scrt_is_ucrt_dll_in_use  00000001800173d8 f   LIBCMT:ucrt_detection.obj
 0001:000163e4       __security_init_cookie     00000001800173e4 f   LIBCMT:gs_support.obj
 0001:00016490       ?__scrt_initialize_type_info@@YAXXZ 0000000180017490 f   LIBCMT:tncleanup.obj
 0001:000164a0       ?__scrt_uninitialize_type_info@@YAXXZ 00000001800174a0 f   LIBCMT:tncleanup.obj
 0001:000164ac       __scrt_initialize_default_local_stdio_options 00000001800174ac f   LIBCMT:default_local_stdio_options.obj
 0001:000164c8       __scrt_get_dyn_tls_init_callback 00000001800174c8 f   LIBCMT:dyn_tls_init.obj
 0001:000164d0       _RTC_Initialize            00000001800174d0 f   LIBCMT:initsect.obj
 0001:0001650c       _RTC_Terminate             000000018001750c f   LIBCMT:initsect.obj
 0001:00016550       ??$_CallSETranslator@V__FrameHandler3@@@@YAHPEAUEHExceptionRecord@@PEA_KPEAU_CONTEXT@@PEAU_xDISPATCHER_CONTEXT@@PEBU_s_FuncInfo@@K1H@Z 0000000180017550 f i libvcruntime:risctrnsctrl.obj
 0001:000165a4       ??$_CallSETranslator@V__FrameHandler4@@@@YAHPEAUEHExceptionRecord@@PEA_KPEAU_CONTEXT@@PEAU_xDISPATCHER_CONTEXT@@PEAUFuncInfo4@FH4@@K1H@Z 00000001800175a4 f i libvcruntime:risctrnsctrl.obj
 0001:000165f8       ?CatchTryBlock@__FrameHandler3@@SAPEBU_s_TryBlockMapEntry@@PEBU_s_FuncInfo@@H@Z 00000001800175f8 f   libvcruntime:risctrnsctrl.obj
 0001:0001665c       ?DecompFuncInfo@FH4@@YA_JPEAEAEAUFuncInfo4@1@_KH_N@Z 000000018001765c f i libvcruntime:risctrnsctrl.obj
 0001:00016780       ?ExecutionInCatch@__FrameHandler3@@SA_NPEAU_xDISPATCHER_CONTEXT@@PEBU_s_FuncInfo@@@Z 0000000180017780 f   libvcruntime:risctrnsctrl.obj
 0001:000167ac       ?ExecutionInCatch@__FrameHandler4@@SA_NPEAU_xDISPATCHER_CONTEXT@@PEAUFuncInfo4@FH4@@@Z 00000001800177ac f   libvcruntime:risctrnsctrl.obj
 0001:000167b4       ?FrameUnwindToEmptyState@__FrameHandler3@@SAXPEA_KPEAU_xDISPATCHER_CONTEXT@@PEBU_s_FuncInfo@@@Z 00000001800177b4 f   libvcruntime:risctrnsctrl.obj
 0001:00016818       ?FrameUnwindToEmptyState@__FrameHandler4@@SAXPEA_KPEAU_xDISPATCHER_CONTEXT@@PEAUFuncInfo4@FH4@@@Z 0000000180017818 f   libvcruntime:risctrnsctrl.obj
 0001:0001684c       ?GetEstablisherFrame@__FrameHandler3@@SAPEA_KPEA_KPEAU_xDISPATCHER_CONTEXT@@PEBU_s_FuncInfo@@0@Z 000000018001784c f   libvcruntime:risctrnsctrl.obj
 0001:00016918       ?GetEstablisherFrame@__FrameHandler4@@SAPEA_KPEA_KPEAU_xDISPATCHER_CONTEXT@@PEAUFuncInfo4@FH4@@0@Z 0000000180017918 f   libvcruntime:risctrnsctrl.obj
 0001:0001693c       ?GetRangeOfTrysToCheck@__FrameHandler3@@SA?AU?$pair@Viterator@TryBlockMap@__FrameHandler3@@V123@@std@@AEAVTryBlockMap@1@HPEAU_xDISPATCHER_CONTEXT@@PEBU_s_FuncInfo@@H@Z 000000018001793c f   libvcruntime:risctrnsctrl.obj
 0001:00016a7c       ?GetRangeOfTrysToCheck@__FrameHandler4@@SA?AU?$pair@Viterator@TryBlockMap4@FH4@@V123@@std@@AEAVTryBlockMap4@FH4@@HPEAU_xDISPATCHER_CONTEXT@@PEAUFuncInfo4@5@H@Z 0000000180017a7c f   libvcruntime:risctrnsctrl.obj
 0001:00016be8       ?UnwindNestedFrames@__FrameHandler3@@SAXPEA_KPEAUEHExceptionRecord@@PEAU_CONTEXT@@0PEAXPEBU_s_FuncInfo@@HHPEBU_s_HandlerType@@PEAU_xDISPATCHER_CONTEXT@@E@Z 0000000180017be8 f   libvcruntime:risctrnsctrl.obj
 0001:00016cec       ?UnwindNestedFrames@__FrameHandler4@@SAXPEA_KPEAUEHExceptionRecord@@PEAU_CONTEXT@@0PEAXPEAUFuncInfo4@FH4@@HHPEAUHandlerType4@5@PEAU_xDISPATCHER_CONTEXT@@E@Z 0000000180017cec f   libvcruntime:risctrnsctrl.obj
 0001:00016e0c       ?setBuffer@TryBlockMap4@FH4@@QEAAXViterator@12@@Z 0000000180017e0c f i libvcruntime:risctrnsctrl.obj
 0001:00016fd0       _CreateFrameInfo           0000000180017fd0 f   libvcruntime:risctrnsctrl.obj
 0001:0001700c       _FindAndUnlinkFrame        000000018001800c f   libvcruntime:risctrnsctrl.obj
 0001:00017060       _GetImageBase              0000000180018060 f   libvcruntime:risctrnsctrl.obj
 0001:00017074       _GetThrowImageBase         0000000180018074 f   libvcruntime:risctrnsctrl.obj
 0001:00017088       _SetImageBase              0000000180018088 f   libvcruntime:risctrnsctrl.obj
 0001:000170a0       _SetThrowImageBase         00000001800180a0 f   libvcruntime:risctrnsctrl.obj
 0001:000170b8       __CxxFrameHandler3         00000001800180b8 f   libvcruntime:risctrnsctrl.obj
 0001:00017140       __CxxFrameHandler4         0000000180018140 f   libvcruntime:risctrnsctrl.obj
 0001:00017200       __DestructExceptionObject  0000000180018200 f   libvcruntime:ehhelpers.obj
 0001:00017270       _IsExceptionObjectToBeDestroyed 0000000180018270 f   libvcruntime:ehhelpers.obj
 0001:000172a0       __AdjustPointer            00000001800182a0 f   libvcruntime:ehhelpers.obj
 0001:000172c4       __FrameUnwindFilter        00000001800182c4 f   libvcruntime:ehhelpers.obj
 0001:0001732c       __current_exception        000000018001832c f   libvcruntime:ehhelpers.obj
 0001:00017340       __current_exception_context 0000000180018340 f   libvcruntime:ehhelpers.obj
 0001:00017354       __std_terminate            0000000180018354 f   libvcruntime:ehhelpers.obj
 0001:00017360       __std_exception_copy       0000000180018360 f   libvcruntime:std_exception.obj
 0001:000173f0       __std_exception_destroy    00000001800183f0 f   libvcruntime:std_exception.obj
 0001:00017418       _get_purecall_handler      0000000180018418 f   libvcruntime:purevirt.obj
 0001:00017424       _purecall                  0000000180018424 f   libvcruntime:purevirt.obj
 0001:00017440       __C_specific_handler       0000000180018440 f   libvcruntime:riscchandler.obj
 0001:00017638       __std_type_info_compare    0000000180018638 f   libvcruntime:std_type_info.obj
 0001:00017660       __std_type_info_destroy_list 0000000180018660 f   libvcruntime:std_type_info.obj
 0001:0001768c       _CxxThrowException         000000018001868c f   libvcruntime:throw.obj
 0001:00017740       memcpy_repmovs             0000000180018740 f   libvcruntime:memcpy.obj
 0001:00017760       memcpy                     0000000180018760 f   libvcruntime:memcpy.obj
 0001:00017760       memmove                    0000000180018760 f   libvcruntime:memcpy.obj
 0001:00017df0       memset_repstos             0000000180018df0 f   libvcruntime:memset.obj
 0001:00017e10       memset                     0000000180018e10 f   libvcruntime:memset.obj
 0001:000181b0       memcmp                     00000001800191b0 f   libvcruntime:memcmp.obj
 0001:00018290       memchr                     0000000180019290 f   libvcruntime:memchr.obj
 0001:00018300       __vcrt_initialize          0000000180019300 f   libvcruntime:initialization.obj
 0001:00018328       __vcrt_thread_attach       0000000180019328 f   libvcruntime:initialization.obj
 0001:0001833c       __vcrt_thread_detach       000000018001933c f   libvcruntime:initialization.obj
 0001:00018350       __vcrt_uninitialize        0000000180019350 f   libvcruntime:initialization.obj
 0001:0001836c       __vcrt_uninitialize_critical 000000018001936c f   libvcruntime:initialization.obj
 0001:0001837c       __vcrt_freefls             000000018001937c f   libvcruntime:per_thread_data.obj
 0001:0001839c       __vcrt_freeptd             000000018001939c f   libvcruntime:per_thread_data.obj
 0001:000183ec       __vcrt_getptd              00000001800193ec f   libvcruntime:per_thread_data.obj
 0001:00018408       __vcrt_getptd_noexit       0000000180019408 f   libvcruntime:per_thread_data.obj
 0001:000184c8       __vcrt_initialize_ptd      00000001800194c8 f   libvcruntime:per_thread_data.obj
 0001:00018510       __vcrt_uninitialize_ptd    0000000180019510 f   libvcruntime:per_thread_data.obj
 0001:00018534       ?GetCurrentState@__FrameHandler3@@SAHPEA_KPEAU_xDISPATCHER_CONTEXT@@PEBU_s_FuncInfo@@@Z 0000000180019534 f   libvcruntime:ehstate.obj
 0001:0001855c       ?GetUnwindTryBlock@__FrameHandler3@@SAHPEA_KPEAU_xDISPATCHER_CONTEXT@@PEBU_s_FuncInfo@@@Z 000000018001955c f   libvcruntime:ehstate.obj
 0001:00018588       ?SetState@__FrameHandler3@@SAXPEA_KPEBU_s_FuncInfo@@H@Z 0000000180019588 f   libvcruntime:ehstate.obj
 0001:00018594       ?SetUnwindTryBlock@__FrameHandler3@@SAXPEA_KPEAU_xDISPATCHER_CONTEXT@@PEBU_s_FuncInfo@@H@Z 0000000180019594 f   libvcruntime:ehstate.obj
 0001:000185d0       ?StateFromControlPc@__FrameHandler3@@SAHPEBU_s_FuncInfo@@PEAU_xDISPATCHER_CONTEXT@@@Z 00000001800195d0 f   libvcruntime:ehstate.obj
 0001:000185d8       ?StateFromControlPc@__FrameHandler4@@SAHPEAUFuncInfo4@FH4@@PEAU_xDISPATCHER_CONTEXT@@@Z 00000001800195d8 f   libvcruntime:ehstate.obj
 0001:000185e0       ?StateFromIp@__FrameHandler3@@SAHPEBU_s_FuncInfo@@PEAU_xDISPATCHER_CONTEXT@@_K@Z 00000001800195e0 f   libvcruntime:ehstate.obj
 0001:00018648       ?StateFromIp@__FrameHandler4@@SAHPEAUFuncInfo4@FH4@@PEAU_xDISPATCHER_CONTEXT@@_K@Z 0000000180019648 f   libvcruntime:ehstate.obj
 0001:00019d48       ??$TypeMatchHelper@V__FrameHandler3@@@@YAHPEBU_s_HandlerType@@PEBU_s_CatchableType@@PEBU_s_ThrowInfo@@@Z 000000018001ad48 f i libvcruntime:frame.obj
 0001:00019e88       ??$TypeMatchHelper@V__FrameHandler4@@@@YAHPEAUHandlerType4@FH4@@PEBU_s_CatchableType@@PEBU_s_ThrowInfo@@@Z 000000018001ae88 f i libvcruntime:frame.obj
 0001:00019fcc       ??$__InternalCxxFrameHandler@V__FrameHandler3@@@@YA?AW4_EXCEPTION_DISPOSITION@@PEAUEHExceptionRecord@@PEA_KPEAU_CONTEXT@@PEAU_xDISPATCHER_CONTEXT@@PEBU_s_FuncInfo@@H1E@Z 000000018001afcc f i libvcruntime:frame.obj
 0001:0001a204       ??$__InternalCxxFrameHandler@V__FrameHandler4@@@@YA?AW4_EXCEPTION_DISPOSITION@@PEAUEHExceptionRecord@@PEA_KPEAU_CONTEXT@@PEAU_xDISPATCHER_CONTEXT@@PEAUFuncInfo4@FH4@@H1E@Z 000000018001b204 f i libvcruntime:frame.obj
 0001:0001a498       ??0HandlerMap4@FH4@@QEAA@PEBUTryBlockMapEntry4@1@_KH@Z 000000018001b498 f i libvcruntime:frame.obj
 0001:0001a514       ??0TryBlockMap4@FH4@@QEAA@PEBUFuncInfo4@1@_K@Z 000000018001b514 f i libvcruntime:frame.obj
 0001:0001a5ec       ?CxxCallCatchBlock@__FrameHandler3@@SAPEAXPEAU_EXCEPTION_RECORD@@@Z 000000018001b5ec f   libvcruntime:frame.obj
 0001:0001a7d8       ?CxxCallCatchBlock@__FrameHandler4@@SAPEAXPEAU_EXCEPTION_RECORD@@@Z 000000018001b7d8 f   libvcruntime:frame.obj
 0001:0001aa28       ?DecompHandler@HandlerMap4@FH4@@AEAAXXZ 000000018001ba28 f i libvcruntime:frame.obj
 0001:0001ac74       ?FrameUnwindToState@__FrameHandler3@@SAXPEA_KPEAU_xDISPATCHER_CONTEXT@@PEBU_s_FuncInfo@@H@Z 000000018001bc74 f   libvcruntime:frame.obj
 0001:0001ae00       ?FrameUnwindToState@__FrameHandler4@@SAXPEA_KPEAU_xDISPATCHER_CONTEXT@@PEAUFuncInfo4@FH4@@H@Z 000000018001be00 f   libvcruntime:frame.obj
 0001:0001b0fc       ?GetHandlerSearchState@__FrameHandler3@@SAHPEA_KPEAU_xDISPATCHER_CONTEXT@@PEBU_s_FuncInfo@@@Z 000000018001c0fc f i libvcruntime:frame.obj
 0001:0001b30c       ?ReadEntry@UWMap4@FH4@@AEAAXPEAPEAE@Z 000000018001c30c f i libvcruntime:frame.obj
 0001:0001b3a8       ?getStartStop@UWMap4@FH4@@QEAAXHHAEAViterator@12@0@Z 000000018001c3a8 f i libvcruntime:frame.obj
 0001:0001b478       ?getStateFromIterators@UWMap4@FH4@@SAHAEBViterator@12@H0H0@Z 000000018001c478 f i libvcruntime:frame.obj
 0001:0001b560       _NLG_Notify                000000018001c560 f   libvcruntime:notify.obj
 0001:0001b580       __NLG_Dispatch2            000000018001c580 f   libvcruntime:notify.obj
 0001:0001b590       __NLG_Return2              000000018001c590 f   libvcruntime:notify.obj
 0001:0001b594       __except_validate_context_record 000000018001c594 f   libvcruntime:jbcxrval.obj
 0001:0001b5cc       __vcrt_initialize_locks    000000018001c5cc f   libvcruntime:locks.obj
 0001:0001b614       __vcrt_uninitialize_locks  000000018001c614 f   libvcruntime:locks.obj
 0001:0001b79c       __vcrt_FlsAlloc            000000018001c79c f   libvcruntime:winapi_downlevel.obj
 0001:0001b7e4       __vcrt_FlsFree             000000018001c7e4 f   libvcruntime:winapi_downlevel.obj
 0001:0001b82c       __vcrt_FlsGetValue         000000018001c82c f   libvcruntime:winapi_downlevel.obj
 0001:0001b874       __vcrt_FlsSetValue         000000018001c874 f   libvcruntime:winapi_downlevel.obj
 0001:0001b8c8       __vcrt_InitializeCriticalSectionEx 000000018001c8c8 f   libvcruntime:winapi_downlevel.obj
 0001:0001b940       _CallSettingFrame          000000018001c940 f   libvcruntime:handlers.obj
 0001:0001b990       _CallSettingFrame_LookupContinuationIndex 000000018001c990 f   libvcruntime:handlers.obj
 0001:0001b9c0       _CallSettingFrame_NotifyContinuationAddr 000000018001c9c0 f   libvcruntime:handlers.obj
 0001:0001b9f0       _CallSettingFrameEncoded   000000018001c9f0 f   libvcruntime:handlers.obj
 0001:0001bdd0       ??$ensure_buffer_is_big_enough@D@formatting_buffer@__crt_stdio_output@@QEAA_N_K@Z 000000018001cdd0 f i libucrt:output.obj
 0001:0001be78       ??$type_case_integer_parse_into_buffer@I@?$output_processor@DV?$string_output_adapter@D@__crt_stdio_output@@V?$format_validation_base@DV?$string_output_adapter@D@__crt_stdio_output@@@2@@__crt_stdio_output@@AEAAXII_N@Z 000000018001ce78 f i libucrt:output.obj
 0001:0001be78       ??$type_case_integer_parse_into_buffer@I@?$output_processor@DV?$string_output_adapter@D@__crt_stdio_output@@V?$standard_base@DV?$string_output_adapter@D@__crt_stdio_output@@@2@@__crt_stdio_output@@AEAAXII_N@Z 000000018001ce78 f i libucrt:output.obj
 0001:0001bf00       ??$type_case_integer_parse_into_buffer@_K@?$output_processor@DV?$string_output_adapter@D@__crt_stdio_output@@V?$standard_base@DV?$string_output_adapter@D@__crt_stdio_output@@@2@@__crt_stdio_output@@AEAAX_KI_N@Z 000000018001cf00 f i libucrt:output.obj
 0001:0001bf00       ??$type_case_integer_parse_into_buffer@_K@?$output_processor@DV?$string_output_adapter@D@__crt_stdio_output@@V?$format_validation_base@DV?$string_output_adapter@D@__crt_stdio_output@@@2@@__crt_stdio_output@@AEAAX_KI_N@Z 000000018001cf00 f i libucrt:output.obj
 0001:0001bf90       ??$write_multiple_characters@V?$string_output_adapter@D@__crt_stdio_output@@D@__crt_stdio_output@@YAXAEBV?$string_output_adapter@D@0@DHQEAH@Z 000000018001cf90 f i libucrt:output.obj
 0001:0001c008       ??0_LocaleUpdate@@QEAA@QEAU__crt_locale_pointers@@@Z 000000018001d008 f i libucrt:output.obj
 0001:0001c0a4       ??1_LocaleUpdate@@QEAA@XZ  000000018001d0a4 f i libucrt:output.obj
 0001:0001c0c0       ?crop_zeroes@__crt_stdio_output@@YAXPEADQEAU__crt_locale_pointers@@@Z 000000018001d0c0 f i libucrt:output.obj
 0001:0001c160       ?force_decimal_point@__crt_stdio_output@@YAXPEADQEAU__crt_locale_pointers@@@Z 000000018001d160 f i libucrt:output.obj
 0001:0001c1d8       ?parse_int_from_format_string@?$output_processor@DV?$string_output_adapter@D@__crt_stdio_output@@V?$format_validation_base@DV?$string_output_adapter@D@__crt_stdio_output@@@2@@__crt_stdio_output@@AEAA_NQEAH@Z 000000018001d1d8 f i libucrt:output.obj
 0001:0001c1d8       ?parse_int_from_format_string@?$output_processor@DV?$string_output_adapter@D@__crt_stdio_output@@V?$standard_base@DV?$string_output_adapter@D@__crt_stdio_output@@@2@@__crt_stdio_output@@AEAA_NQEAH@Z 000000018001d1d8 f i libucrt:output.obj
 0001:0001c27c       ?process@?$output_processor@DV?$string_output_adapter@D@__crt_stdio_output@@V?$format_validation_base@DV?$string_output_adapter@D@__crt_stdio_output@@@2@@__crt_stdio_output@@QEAAHXZ 000000018001d27c f i libucrt:output.obj
 0001:0001c490       ?process@?$output_processor@DV?$string_output_adapter@D@__crt_stdio_output@@V?$standard_base@DV?$string_output_adapter@D@__crt_stdio_output@@@2@@__crt_stdio_output@@QEAAHXZ 000000018001d490 f i libucrt:output.obj
 0001:0001c698       ?state_case_normal@?$output_processor@DV?$string_output_adapter@D@__crt_stdio_output@@V?$format_validation_base@DV?$string_output_adapter@D@__crt_stdio_output@@@2@@__crt_stdio_output@@AEAA_NXZ 000000018001d698 f i libucrt:output.obj
 0001:0001c698       ?state_case_normal@?$output_processor@DV?$string_output_adapter@D@__crt_stdio_output@@V?$standard_base@DV?$string_output_adapter@D@__crt_stdio_output@@@2@@__crt_stdio_output@@AEAA_NXZ 000000018001d698 f i libucrt:output.obj
 0001:0001c70c       ?state_case_normal_tchar@?$output_processor@DV?$string_output_adapter@D@__crt_stdio_output@@V?$standard_base@DV?$string_output_adapter@D@__crt_stdio_output@@@2@@__crt_stdio_output@@AEAA_ND@Z 000000018001d70c f i libucrt:output.obj
 0001:0001c70c       ?state_case_normal_tchar@?$output_processor@DV?$string_output_adapter@D@__crt_stdio_output@@V?$format_validation_base@DV?$string_output_adapter@D@__crt_stdio_output@@@2@@__crt_stdio_output@@AEAA_ND@Z 000000018001d70c f i libucrt:output.obj
 0001:0001c7b4       ?state_case_size@?$output_processor@DV?$string_output_adapter@D@__crt_stdio_output@@V?$format_validation_base@DV?$string_output_adapter@D@__crt_stdio_output@@@2@@__crt_stdio_output@@AEAA_NXZ 000000018001d7b4 f i libucrt:output.obj
 0001:0001c7b4       ?state_case_size@?$output_processor@DV?$string_output_adapter@D@__crt_stdio_output@@V?$standard_base@DV?$string_output_adapter@D@__crt_stdio_output@@@2@@__crt_stdio_output@@AEAA_NXZ 000000018001d7b4 f i libucrt:output.obj
 0001:0001c924       ?state_case_type@?$output_processor@DV?$string_output_adapter@D@__crt_stdio_output@@V?$format_validation_base@DV?$string_output_adapter@D@__crt_stdio_output@@@2@@__crt_stdio_output@@AEAA_NXZ 000000018001d924 f i libucrt:output.obj
 0001:0001c924       ?state_case_type@?$output_processor@DV?$string_output_adapter@D@__crt_stdio_output@@V?$standard_base@DV?$string_output_adapter@D@__crt_stdio_output@@@2@@__crt_stdio_output@@AEAA_NXZ 000000018001d924 f i libucrt:output.obj
 0001:0001cb90       ?to_integer_size@__crt_stdio_output@@YA_KW4length_modifier@1@@Z 000000018001db90 f i libucrt:output.obj
 0001:0001cbf8       ?type_case_Z@?$output_processor@DV?$string_output_adapter@D@__crt_stdio_output@@V?$standard_base@DV?$string_output_adapter@D@__crt_stdio_output@@@2@@__crt_stdio_output@@AEAA_NXZ 000000018001dbf8 f i libucrt:output.obj
 0001:0001cbf8       ?type_case_Z@?$output_processor@DV?$string_output_adapter@D@__crt_stdio_output@@V?$format_validation_base@DV?$string_output_adapter@D@__crt_stdio_output@@@2@@__crt_stdio_output@@AEAA_NXZ 000000018001dbf8 f i libucrt:output.obj
 0001:0001cc6c       ?type_case_a@?$output_processor@DV?$string_output_adapter@D@__crt_stdio_output@@V?$format_validation_base@DV?$string_output_adapter@D@__crt_stdio_output@@@2@@__crt_stdio_output@@AEAA_NXZ 000000018001dc6c f i libucrt:output.obj
 0001:0001cc6c       ?type_case_a@?$output_processor@DV?$string_output_adapter@D@__crt_stdio_output@@V?$standard_base@DV?$string_output_adapter@D@__crt_stdio_output@@@2@@__crt_stdio_output@@AEAA_NXZ 000000018001dc6c f i libucrt:output.obj
 0001:0001ce28       ?type_case_c_tchar@?$output_processor@DV?$string_output_adapter@D@__crt_stdio_output@@V?$standard_base@DV?$string_output_adapter@D@__crt_stdio_output@@@2@@__crt_stdio_output@@AEAA_ND@Z 000000018001de28 f i libucrt:output.obj
 0001:0001ce28       ?type_case_c_tchar@?$output_processor@DV?$string_output_adapter@D@__crt_stdio_output@@V?$format_validation_base@DV?$string_output_adapter@D@__crt_stdio_output@@@2@@__crt_stdio_output@@AEAA_ND@Z 000000018001de28 f i libucrt:output.obj
 0001:0001cef0       ?type_case_integer@?$output_processor@DV?$string_output_adapter@D@__crt_stdio_output@@V?$standard_base@DV?$string_output_adapter@D@__crt_stdio_output@@@2@@__crt_stdio_output@@AEAA_NI_N@Z 000000018001def0 f i libucrt:output.obj
 0001:0001cef0       ?type_case_integer@?$output_processor@DV?$string_output_adapter@D@__crt_stdio_output@@V?$format_validation_base@DV?$string_output_adapter@D@__crt_stdio_output@@@2@@__crt_stdio_output@@AEAA_NI_N@Z 000000018001def0 f i libucrt:output.obj
 0001:0001d070       ?type_case_n@?$output_processor@DV?$string_output_adapter@D@__crt_stdio_output@@V?$standard_base@DV?$string_output_adapter@D@__crt_stdio_output@@@2@@__crt_stdio_output@@AEAA_NXZ 000000018001e070 f i libucrt:output.obj
 0001:0001d070       ?type_case_n@?$output_processor@DV?$string_output_adapter@D@__crt_stdio_output@@V?$format_validation_base@DV?$string_output_adapter@D@__crt_stdio_output@@@2@@__crt_stdio_output@@AEAA_NXZ 000000018001e070 f i libucrt:output.obj
 0001:0001d0f8       ?type_case_s@?$output_processor@DV?$string_output_adapter@D@__crt_stdio_output@@V?$format_validation_base@DV?$string_output_adapter@D@__crt_stdio_output@@@2@@__crt_stdio_output@@AEAA_NXZ 000000018001e0f8 f i libucrt:output.obj
 0001:0001d0f8       ?type_case_s@?$output_processor@DV?$string_output_adapter@D@__crt_stdio_output@@V?$standard_base@DV?$string_output_adapter@D@__crt_stdio_output@@@2@@__crt_stdio_output@@AEAA_NXZ 000000018001e0f8 f i libucrt:output.obj
 0001:0001d190       ?write_stored_string_tchar@?$output_processor@DV?$string_output_adapter@D@__crt_stdio_output@@V?$format_validation_base@DV?$string_output_adapter@D@__crt_stdio_output@@@2@@__crt_stdio_output@@AEAA_ND@Z 000000018001e190 f i libucrt:output.obj
 0001:0001d190       ?write_stored_string_tchar@?$output_processor@DV?$string_output_adapter@D@__crt_stdio_output@@V?$standard_base@DV?$string_output_adapter@D@__crt_stdio_output@@@2@@__crt_stdio_output@@AEAA_ND@Z 000000018001e190 f i libucrt:output.obj
 0001:0001d26c       ?write_string@?$string_output_adapter@D@__crt_stdio_output@@QEBAXQEBDHQEAHAEAV__crt_deferred_errno_cache@@@Z 000000018001e26c f i libucrt:output.obj
 0001:0001d310       __stdio_common_vsnprintf_s 000000018001e310 f   libucrt:output.obj
 0001:0001d45c       __stdio_common_vsprintf    000000018001e45c f   libucrt:output.obj
 0001:0001d464       __stdio_common_vsprintf_s  000000018001e464 f   libucrt:output.obj
[...]
 0002:00019270       $unwind$?x_ismbbtype_l@@YAHPEAU__crt_locale_pointers@@IHH@Z 0000000180050270     libucrt:ismbbyte.obj
 0002:00019280       $unwind$__acrt_update_thread_locale_data 0000000180050280     libucrt:locale_refcounting.obj
 0002:000192a4       $unwind$__acrt_fltout      00000001800502a4     libucrt:cfout.obj
 0002:000192c4       $unwind$__acrt_locale_initialize_monetary 00000001800502c4     libucrt:initmon.obj
 0002:000192c4       $unwind$?initialize_lc_time@@YA_NQEAU__crt_lc_time_data@@QEAU__crt_locale_data@@@Z 00000001800502c4     libucrt:inittime.obj
 0002:000192e0       $unwind$__acrt_locale_free_monetary 00000001800502e0     libucrt:initmon.obj
 0002:000192e8       $unwind$__acrt_locale_free_time 00000001800502e8     libucrt:inittime.obj
 0002:000192f8       $unwind$__acrt_get_qualified_locale 00000001800502f8     libucrt:get_qualified_locale.obj
 0002:00019314       $unwind$LangCountryEnumProcEx 0000000180050314     libucrt:get_qualified_locale.obj
 0002:00019334       $unwind$LanguageEnumProcEx 0000000180050334     libucrt:get_qualified_locale.obj
 0002:00019350       $unwind$GetLocaleNameFromDefault 0000000180050350     libucrt:get_qualified_locale.obj
 0002:00019368       $unwind$ProcessCodePage    0000000180050368     libucrt:get_qualified_locale.obj
 0002:00019368       $unwind$ProcessCodePage    0000000180050368     libucrt:getqloc_downlevel.obj
 0002:00019368       $unwind$TestDefaultLanguage 0000000180050368     libucrt:getqloc_downlevel.obj
 0002:00019378       $unwind$TestDefaultCountry 0000000180050378     libucrt:get_qualified_locale.obj
 0002:00019388       $unwind$__acrt_get_qualified_locale_downlevel 0000000180050388     libucrt:getqloc_downlevel.obj
 0002:000193a4       $unwind$LangCountryEnumProc 00000001800503a4     libucrt:getqloc_downlevel.obj
 0002:000193c4       $unwind$LanguageEnumProc   00000001800503c4     libucrt:getqloc_downlevel.obj
 0002:000193e0       $unwind$CountryEnumProc    00000001800503e0     libucrt:getqloc_downlevel.obj
 0002:00019400       $unwind$__acrt_fenv_set_control 0000000180050400     libucrt:_fenvutils.obj
 0002:00019410       $unwind$?__mbrtoc32_utf8@__crt_mbstring@@YA_KPEA_UPEBD_KPEAU_Mbstatet@@@Z 0000000180050410     libucrt:mbrtoc32.obj
 0002:0001942c       $unwind$_towlower_l        000000018005042c     libucrt:towlower.obj
 0002:00019438       $xdatasym                  0000000180050438     libucrt:fpsr.obj
 0002:00019440       $unwind$?__wcsrtombs_utf8@__crt_mbstring@@YA_KPEADPEAPEB_W_KPEAU_Mbstatet@@@Z 0000000180050440     libucrt:wcrtomb.obj
 0002:00019460       $unwind$_call_matherr      0000000180050460     libucrt:libm_error.obj
 0002:00019468       $unwind$_handle_error      0000000180050468     libucrt:libm_error.obj
 0002:00019468       $unwind$_handle_errorf     0000000180050468     libucrt:libm_error.obj
 0002:00019488       $unwind$strpbrk            0000000180050488     libucrt:strpbrk.obj
 0002:00019498       $unwind$fallbackMethod     0000000180050498     libucrt:strpbrk.obj
 0002:000194a8       $unwind$_mbsdec_l          00000001800504a8     libucrt:mbsdec.obj
 0002:000194b8       $xdatasym                  00000001800504b8     libucrt:log10.obj
 0002:000194c4       $unwind$common_control87   00000001800504c4     libucrt:ieee.obj
 0002:000194f0       $unwind$_log_special_common 00000001800504f0     libucrt:log_special.obj
 0002:000194fc       $unwind$_IsNonwritableInCurrentImage 00000001800504fc     LIBCMT:pesect.obj
 0002:00019520       $xdatasym                  0000000180050520     libucrt:sinf.obj
 0002:00019528       $xdatasym                  0000000180050528     libucrt:strcmp.obj
 0002:00019530       $xdatasym                  0000000180050530     libucrt:remainder_piby2f_forc.obj
 0002:00019540       $unwind$_sincosf_special   0000000180050540     libucrt:sincos_special.obj
 0002:000199a0       .edata                     00000001800509a0     SixMansPlugin-Rework.exp
 0002:000199c8       rgpv                       00000001800509c8     SixMansPlugin-Rework.exp
 0002:000199fc       rgszName                   00000001800509fc     SixMansPlugin-Rework.exp
 0002:00019a30       rgwOrd                     0000000180050a30     SixMansPlugin-Rework.exp
 0002:00019a4a       szName                     0000000180050a4a     SixMansPlugin-Rework.exp
 0002:00019a63       $N00001                    0000000180050a63     SixMansPlugin-Rework.exp
 0002:00019a9a       $N00002                    0000000180050a9a     SixMansPlugin-Rework.exp
 0002:00019acf       $N00003                    0000000180050acf     SixMansPlugin-Rework.exp
 0002:00019afc       $N00004                    0000000180050afc     SixMansPlugin-Rework.exp
 0002:00019b29       $N00005                    0000000180050b29     SixMansPlugin-Rework.exp
 0002:00019b67       $N00006                    0000000180050b67     SixMansPlugin-Rework.exp
 0002:00019ba3       $N00007                    0000000180050ba3     SixMansPlugin-Rework.exp
 0002:00019bcd       $N00008                    0000000180050bcd     SixMansPlugin-Rework.exp
 0002:00019c0b       $N00009                    0000000180050c0b     SixMansPlugin-Rework.exp
 0002:00019c3d       $N00010                    0000000180050c3d     SixMansPlugin-Rework.exp
 0002:00019c71       $N00011                    0000000180050c71     SixMansPlugin-Rework.exp
 0002:00019c7a       $N00012                    0000000180050c7a     SixMansPlugin-Rework.exp
 0002:00019c82       $N00013                    0000000180050c82     SixMansPlugin-Rework.exp
 0002:0001a5d6       .idata$6                   00000001800515d6     pluginsdk:pluginsdk.dll
 0002:0001a778       .idata$6                   0000000180051778     kernel32:KERNEL32.dll
 0002:0001a786       .idata$6                   0000000180051786     ws2_32:WS2_32.dll
 0003:00000000       ?init@std@@3JA             0000000180052000     libcpmt:xlock.obj
 0003:00000008       ?atcount_cdecl@@3_KA       0000000180052008     libcpmt:iosptrs.obj
 0003:00000050       ?__vcrt_flsindex@@3KA      0000000180052050     libvcruntime:per_thread_data.obj
 0003:00000168       ?errno_no_memory@@3HA      0000000180052168     libucrt:errno.obj
 0003:0000016c       ?doserrno_no_memory@@3KA   000000018005216c     libucrt:errno.obj
 0003:00000340       ?__acrt_flsindex@@3KA      0000000180052340     libucrt:per_thread_data.obj
 0003:00000348       _ctype_loc_style           0000000180052348     libucrt:wsetlocale.obj
 0003:000004c0       ?dazSupported@?1??_ctrlfp@@9@9 00000001800524c0     libucrt:fpctrl.obj
 0003:000004d0       ?tzstd_program@@3PADA      00000001800524d0     libucrt:timeset.obj
 0003:00000510       ?tzdst_program@@3PADA      0000000180052510     libucrt:timeset.obj
 0003:00000550       ?w_tzstd_program@@3PA_WA   0000000180052550     libucrt:timeset.obj
 0003:000005d0       ?w_tzdst_program@@3PA_WA   00000001800525d0     libucrt:timeset.obj
 0003:00000650       ?tzname_states@@3PAY01PEADA 0000000180052650     libucrt:timeset.obj
 0003:00000660       ?w_tzname_states@@3PAY01PEA_WA 0000000180052660     libucrt:timeset.obj
 0003:000008a0       _mbctypes                  00000001800528a0     libucrt:mbctype.obj
 0003:000009b0       _mbcasemaps                00000001800529b0     libucrt:mbctype.obj
 0003:00000ab0       ?__rgctypeflag@@3PADA      0000000180052ab0     libucrt:mbctype.obj
 0003:00000ac0       ?__rgcode_page_info@@3PAUcode_page_info@@A 0000000180052ac0     libucrt:mbctype.obj
 0003:00000bb0       ?__dcrt_lowio_console_output_handle@@3PEAXEA 0000000180052bb0     libucrt:initcon.obj
 0003:00000bc0       ?dazSupported@?1??common_control87@@9@9 0000000180052bc0     libucrt:ieee.obj
 0003:00000da0       ?MAP_CODENAMES@@3QBV?$basic_string@DU?$char_traits@D@std@@V?$allocator@D@2@@std@@B 0000000180052da0     privatematch_wrapper.obj
 0003:00001200       ?str_typename@@3V?$basic_string@DU?$char_traits@D@std@@V?$allocator@D@2@@std@@B 0000000180053200     privatematch_wrapper.obj
 0003:00001220       ?MAP_CODENAMES@@3QBV?$basic_string@DU?$char_traits@D@std@@V?$allocator@D@2@@std@@B 0000000180053220     server.obj
 0003:00001680       ?str_typename@@3V?$basic_string@DU?$char_traits@D@std@@V?$allocator@D@2@@std@@B 0000000180053680     server.obj
 0003:000016a0       ?MAP_CODENAMES@@3QBV?$basic_string@DU?$char_traits@D@std@@V?$allocator@D@2@@std@@B 00000001800536a0     settings.obj
 0003:00001b00       ?str_typename@@3V?$basic_string@DU?$char_traits@D@std@@V?$allocator@D@2@@std@@B 0000000180053b00     settings.obj
 0003:00001b20       ?MAP_CODENAMES@@3QBV?$basic_string@DU?$char_traits@D@std@@V?$allocator@D@2@@std@@B 0000000180053b20     SixMansPlugin-Rework.obj
 0003:00001f80       ?str_typename@@3V?$basic_string@DU?$char_traits@D@std@@V?$allocator@D@2@@std@@B 0000000180053f80     SixMansPlugin-Rework.obj
 0003:00001fa0       ?MAP_CODENAMES@@3QBV?$basic_string@DU?$char_traits@D@std@@V?$allocator@D@2@@std@@B 0000000180053fa0     SixMansPlugin-ReworkGUI.obj
 0003:00002400       ?str_typename@@3V?$basic_string@DU?$char_traits@D@std@@V?$allocator@D@2@@std@@B 0000000180054400     SixMansPlugin-ReworkGUI.obj
 0003:00002420       ?MAP_CODENAMES@@3QBV?$basic_string@DU?$char_traits@D@std@@V?$allocator@D@2@@std@@B 0000000180054420     timer.obj
 0003:00002880       ?str_typename@@3V?$basic_string@DU?$char_traits@D@std@@V?$allocator@D@2@@std@@B 0000000180054880     timer.obj
 0003:000029f0       ??_R0?AV<lambda_1>@?1??InitCvars@PrivateMatch@@QEAAXXZ@@8 00000001800549f0     privatematch_wrapper.obj
 0003:00002a40       ??_R0?AV<lambda_2>@?1??InitCvars@PrivateMatch@@QEAAXXZ@@8 0000000180054a40     privatematch_wrapper.obj
 0003:00002a90       ??_R0?AV<lambda_3>@?1??InitCvars@PrivateMatch@@QEAAXXZ@@8 0000000180054a90     privatematch_wrapper.obj
 0003:00002ae0       ??_R0?AV<lambda_4>@?1??InitCvars@PrivateMatch@@QEAAXXZ@@8 0000000180054ae0     privatematch_wrapper.obj
 0003:00002c60       ??_R0?AV<lambda_1>@?1??onLoad@SixMansPlugin@@EEAAXXZ@@8 0000000180054c60     SixMansPlugin-Rework.obj
 0003:00002cb0       ??_R0?AV<lambda_2>@?1??onLoad@SixMansPlugin@@EEAAXXZ@@8 0000000180054cb0     SixMansPlugin-Rework.obj
 0003:00002f00       ??_R0?AV?$_Func_impl_no_alloc@V<lambda_4>@?1??InitCvars@PrivateMatch@@QEAAXXZ@XV?$basic_string@DU?$char_traits@D@std@@V?$allocator@D@2@@std@@VCVarWrapper@@@std@@@8 0000000180054f00     privatematch_wrapper.obj
 0003:00002fb0       ??_R0?AV?$_Func_impl_no_alloc@V<lambda_3>@?1??InitCvars@PrivateMatch@@QEAAXXZ@XV?$basic_string@DU?$char_traits@D@std@@V?$allocator@D@2@@std@@VCVarWrapper@@@std@@@8 0000000180054fb0     privatematch_wrapper.obj
 0003:00003060       ??_R0?AV?$_Func_impl_no_alloc@V<lambda_2>@?1??InitCvars@PrivateMatch@@QEAAXXZ@XV?$basic_string@DU?$char_traits@D@std@@V?$allocator@D@2@@std@@VCVarWrapper@@@std@@@8 0000000180055060     privatematch_wrapper.obj
 0003:00003110       ??_R0?AV?$_Func_impl_no_alloc@V<lambda_1>@?1??InitCvars@PrivateMatch@@QEAAXXZ@XV?$basic_string@DU?$char_traits@D@std@@V?$allocator@D@2@@std@@VCVarWrapper@@@std@@@8 0000000180055110     privatematch_wrapper.obj
 0003:000033e0       ??_R0?AV?$_Func_impl_no_alloc@V<lambda_2>@?1??onLoad@SixMansPlugin@@EEAAXXZ@XV?$vector@V?$basic_string@DU?$char_traits@D@std@@V?$allocator@D@2@@std@@V?$allocator@V?$basic_string@DU?$char_traits@D@std@@V?$allocator@D@2@@std@@@2@@std@@@std@@@8 00000001800553e0     SixMansPlugin-Rework.obj
 0003:000034e0       ??_R0?AV?$_Func_impl_no_alloc@V<lambda_1>@?1??onLoad@SixMansPlugin@@EEAAXXZ@XV?$vector@V?$basic_string@DU?$char_traits@D@std@@V?$allocator@D@2@@std@@V?$allocator@V?$basic_string@DU?$char_traits@D@std@@V?$allocator@D@2@@std@@@2@@std@@@std@@@8 00000001800554e0     SixMansPlugin-Rework.obj
 0003:000037c0       ?classic_locale@std@@3Vlocale@1@A 00000001800557c0     libcpmt:locale0.obj
 0003:000037d8       ?_Fac_head@std@@3PEAU_Fac_node@1@EA 00000001800557d8     libcpmt:locale0.obj
 0003:000037e0       ?_Fac_tidy_reg@std@@3U_Fac_tidy_reg_t@1@B 00000001800557e0     libcpmt:locale0.obj
 0003:000037e8       global_locale              00000001800557e8     libcpmt:locale0.obj
 0003:000037f0       ?registered@?1??_Setgloballocale@locale@std@@CAXPEAX@Z@4_NA 00000001800557f0     libcpmt:locale0.obj
 0003:00003800       ?initlocks@std@@3V_Init_locks@1@A 0000000180055800     libcpmt:xlock.obj
 0003:00003810       ?mtx@std@@3PAU_RTL_CRITICAL_SECTION@@A 0000000180055810     libcpmt:xlock.obj
 0003:00003960       ?stdstr@std@@3PAPEAVios_base@1@A 0000000180055960     libcpmt:ios.obj
 0003:000039b0       ?stdopens@std@@3PADA       00000001800559b0     libcpmt:ios.obj
 0003:000039c0       ?_Thread_exit_data@?A0x07eafddf@@3U_At_thread_exit_block@1@A 00000001800559c0     libcpmt:xnotify.obj
 0003:00003d40       ?initlocks@std@@3V_Init_locks@1@A 0000000180055d40     libcpmt:iosptrs.obj
 0003:00003d41       ?init_atexit@@3U_Init_atexit@@A 0000000180055d41     libcpmt:iosptrs.obj
 0003:00003d50       ?atfuns_cdecl@@3PAP6AXXZA  0000000180055d50     libcpmt:iosptrs.obj
 0003:00003fc0       ?g_tss_cv@@3U_RTL_CONDITION_VARIABLE@@A 0000000180055fc0     LIBCMT:thread_safe_statics.obj
 0003:00003fc8       ?g_tss_event@@3PEAXEA      0000000180055fc8     LIBCMT:thread_safe_statics.obj
 0003:00003fd0       ?g_tss_mutex@@3U_RTL_CRITICAL_SECTION@@A 0000000180055fd0     LIBCMT:thread_safe_statics.obj
 0003:00003ff8       ?g_sleep_condition_variable_cs@@3P6AHPEAU_RTL_CONDITION_VARIABLE@@PEAU_RTL_CRITICAL_SECTION@@K@ZEA 0000000180055ff8     LIBCMT:thread_safe_statics.obj
 0003:00004000       ?g_wake_all_condition_variable@@3P6AXPEAU_RTL_CONDITION_VARIABLE@@@ZEA 0000000180056000     LIBCMT:thread_safe_statics.obj
 0003:00004018       ?is_initialized_as_dll@@3_NA 0000000180056018     LIBCMT:utility.obj
 0003:00004019       ?module_local_atexit_table_initialized@@3_NA 0000000180056019     LIBCMT:utility.obj
 0003:00004020       ?module_local_atexit_table@@3U_onexit_table_t@@A 0000000180056020     LIBCMT:utility.obj
 0003:00004038       ?module_local_at_quick_exit_table@@3U_onexit_table_t@@A 0000000180056038     LIBCMT:utility.obj
 0003:00004050       GS_ExceptionRecord         0000000180056050     LIBCMT:gs_report.obj
 0003:000040f0       GS_ContextRecord           00000001800560f0     LIBCMT:gs_report.obj
 0003:000045c0       ?__proc_attached@@3HA      00000001800565c0     LIBCMT:dll_dllmain.obj
 0003:000045f0       ?__vcrt_startup_thread_ptd@@3U__vcrt_ptd@@A 00000001800565f0     libvcruntime:per_thread_data.obj
 0003:000046b8       ?heap@@3V_HeapManager@@A   00000001800566b8     libvcruntime:undname.obj
 0003:000046e0       __vcrt_lock_table          00000001800566e0     libvcruntime:locks.obj
 0003:00004708       __vcrt_locks_initialized   0000000180056708     libvcruntime:locks.obj
 0003:00004710       ?module_handles@@3PAPEAUHINSTANCE__@@A 0000000180056710     libvcruntime:winapi_downlevel.obj
 0003:00004728       ?function_pointers@@3PAPEAXA 0000000180056728     libvcruntime:winapi_downlevel.obj
 0003:00004760       ?__acrt_invalid_parameter_handler@@3V?$dual_state_global@P6AXPEB_W00I_K@Z@__crt_state_management@@A 0000000180056760     libucrt:invalid_parameter.obj
 0003:00004770       ?source_frequency@@3_JA    0000000180056770     libucrt:clock.obj
 0003:00004778       ?start_count@@3_JA         0000000180056778     libucrt:clock.obj
 0003:00004780       ?ctrlc_action@@3V?$dual_state_global@P6AXH@Z@__crt_state_management@@A 0000000180056780     libucrt:signal.obj
 0003:00004788       ?ctrlbreak_action@@3V?$dual_state_global@P6AXH@Z@__crt_state_management@@A 0000000180056788     libucrt:signal.obj
 0003:00004790       ?abort_action@@3V?$dual_state_global@P6AXH@Z@__crt_state_management@@A 0000000180056790     libucrt:signal.obj
 0003:00004798       ?term_action@@3V?$dual_state_global@P6AXH@Z@__crt_state_management@@A 0000000180056798     libucrt:signal.obj
 0003:000047a0       ?__acrt_lock_table@@3PAU_RTL_CRITICAL_SECTION@@A 00000001800567a0     libucrt:locks.obj
 0003:000049d0       ?__acrt_locks_initialized@@3IA 00000001800569d0     libucrt:locks.obj
 0003:000049d8       ?__acrt_new_handler@@3V?$dual_state_global@P6AH_K@Z@__crt_state_management@@A 00000001800569d8     libucrt:new_handler.obj
 0003:000049e0       ?c_termination_complete@@3JA 00000001800569e0     libucrt:exit.obj
 0003:000049e8       ?thread_local_exit_callback_func@@3P6AXPEAXK0@ZEA 00000001800569e8     libucrt:exit.obj
 0003:00004a00       ?program_name@?1???$common_configure_argv@D@@YAHW4_crt_argv_mode@@@Z@4PADA 0000000180056a00     libucrt:argv_parsing.obj
 0003:00004b58       ?internal_state@?1??_mbtowc_l@@9@4U_Mbstatet@@A 0000000180056b58     libucrt:mbtowc.obj
 0003:00004b60       ?enable_percent_n@@3_KA    0000000180056b60     libucrt:printf_count_output.obj
 0003:00004fa0       ?module_handles@@3PAPEAUHINSTANCE__@@A 0000000180056fa0     libucrt:winapi_thunks.obj
 0003:00005040       ?encoded_function_pointers@@3PAPEAXA 0000000180057040     libucrt:winapi_thunks.obj
 0003:00005150       ?static_enum_proc@?1??enum_system_locales_ex_nolock@@YAHQ6AHPEA_WK_J@Z@Z@4P6AH0K1@ZEA 0000000180057150     libucrt:winapi_thunks.obj
 0003:00005158       ?__acrt_app_type@@3W4_crt_app_type@@A 0000000180057158     libucrt:report_runtime_error.obj
 0003:00005178       ?_tzname@@3V?$dual_state_global@PEAPEAD@__crt_state_management@@A 0000000180057178     libucrt:timeset.obj
 0003:00005180       ?w_tzname@@3V?$dual_state_global@PEAPEA_W@__crt_state_management@@A 0000000180057180     libucrt:timeset.obj
 0003:00005190       ?tz_api_used@@3HA          0000000180057190     libucrt:tzset.obj
 0003:00005194       ?tzset_init_state@@3V?$dual_state_global@J@__crt_state_management@@A 0000000180057194     libucrt:tzset.obj
 0003:000051a0       ?tz_info@@3U_TIME_ZONE_INFORMATION@@A 00000001800571a0     libucrt:tzset.obj
 0003:00005268       ?fSystemSet@@3HA           0000000180057268     libucrt:mbctype.obj
 0003:0000526c       ?initialized@?1??__acrt_initialize_multibyte@@9@4_NA 000000018005726c     libucrt:mbctype.obj
 0003:000052a8       ?user_matherr@@3V?$dual_state_global@P6AHPEAU_exception@@@Z@__crt_state_management@@A 00000001800572a8     libucrt:matherr.obj
 0003:000052b0       ?__acrt_global_new_mode@@3V?$dual_state_global@J@__crt_state_management@@A 00000001800572b0     libucrt:new_mode.obj
 0003:000052b8       ?internal_pst@?1??__mbrtoc32_utf8@__crt_mbstring@@YA_KPEA_UPEBD_KPEAU_Mbstatet@@@Z@4U3@A 00000001800572b8     libucrt:mbrtoc32.obj
 0003:000052c0       ?internal_pst@?1??__c16rtomb_utf8@__crt_mbstring@@YA_KPEAD_SPEAU_Mbstatet@@@Z@4U3@A 00000001800572c0     libucrt:c16rtomb.obj
 0003:000052e8       ?GImAllocatorUserData@@3PEAXEA 00000001800572e8     imgui.obj
 0003:00005318       ?g_pd3dDevice@@3PEAUID3D11Device@@EA 0000000180057318     imgui_impl_dx11.obj
 0003:00005320       ?g_hWnd@@3PEAUHWND__@@EA   0000000180057320     imgui_impl_win32.obj
 0003:000054b0       ?singleton@@3V?$shared_ptr@VSixMansPlugin@@@std@@A 00000001800574b0     SixMansPlugin-Rework.obj
 0005:00000000       MoveSmall                  000000018005b000     libvcruntime:memcpy.obj
 0005:00000040       MoveSmallYmm               000000018005b040     libvcruntime:memcpy.obj
 0005:00000064       MoveSmallYmmNT             000000018005b064     libvcruntime:memcpy.obj
 0005:00000088       MoveSmallXmm               000000018005b088     libvcruntime:memcpy.obj
 0005:000000b0       SetSmall                   000000018005b0b0     libvcruntime:memset.obj
 0005:000000f0       SetSmallYmm                000000018005b0f0     libvcruntime:memset.obj
 0005:00000114       SetSmallYmmNT              000000018005b114     libvcruntime:memset.obj
 0005:00000138       SetSmallXmm                000000018005b138     libvcruntime:memset.obj
 0006:000000a0       $R000000                   000000018005c0a0     SixMansPlugin-Rework.res
 0006:000003d8       $R000338                   000000018005c3d8     SixMansPlugin-Rework.res
