 SixMansPlugin-Rework

 Timestamp is 62241f72 (Sat Mar  5 21:41:54 2022)

 Preferred load address is 0000000180000000

 Start         Length     Name                   Class
 0001:00000000 00000f10H .text$di                CODE
 0001:00000f10 00011db0H .text$mn                CODE
 0001:00012cc0 00000040H .text$mn$00             CODE
 0001:00012d00 00000840H .text$x                 CODE
 0001:00013540 000001d0H .text$yd                CODE
 0002:00000000 00000240H .idata$5                DATA
 0002:00000240 00000038H .00cfg                  DATA
 0002:00000278 00000008H .CRT$XCA                DATA
 0002:00000280 00000018H .CRT$XCC                DATA
 0002:00000298 00000010H .CRT$XCL                DATA
 0002:000002a8 00000020H .CRT$XCU                DATA
 0002:000002c8 00000008H .CRT$XCZ                DATA
 0002:000002d0 00000008H .CRT$XIA                DATA
 0002:000002d8 00000030H .CRT$XIC                DATA
 0002:00000308 00000008H .CRT$XIZ                DATA
 0002:00000310 00000008H .CRT$XLA                DATA
 0002:00000318 00000008H .CRT$XLZ                DATA
 0002:00000320 00000008H .CRT$XPA                DATA
 0002:00000328 00000010H .CRT$XPX                DATA
 0002:00000338 00000008H .CRT$XPXA               DATA
 0002:00000340 00000008H .CRT$XPZ                DATA
 0002:00000348 00000008H .CRT$XTA                DATA
 0002:00000350 00000010H .CRT$XTZ                DATA
 0002:00000358 00000000H .gehcont$y              DATA
 0002:00000358 00000000H .gfids$y                DATA
 0002:00000360 00010320H .rdata                  DATA
 0002:00010680 00000000H .rdata$CastGuardVftablesA DATA
 0002:00010680 00000000H .rdata$CastGuardVftablesC DATA
 0002:00010680 00000028H .rdata$T                DATA
 0002:000106a8 00000544H .rdata$r                DATA
 0002:00010bec 00000128H .rdata$voltmd           DATA
 0002:00010d14 0000044cH .rdata$zzzdbg           DATA
 0002:00011160 00000008H .rtc$IAA                DATA
 0002:00011168 00000008H .rtc$IZZ                DATA
 0002:00011170 00000008H .rtc$TAA                DATA
 0002:00011178 00000008H .rtc$TZZ                DATA
 0002:00011180 00000004H .tls                    DATA
 0002:00011184 00000004H .tls$                   DATA
 0002:00011188 00000008H .tls$ZZZ                DATA
 0002:00011190 00001350H .xdata                  DATA
 0002:000124e0 000001e0H .xdata$x                DATA
 0002:000126c0 000002ecH .edata                  DATA
 0002:000129ac 00000014H .idata$2                DATA
 0002:000129c0 00000018H .idata$3                DATA
 0002:000129d8 00000240H .idata$4                DATA
 0002:00012c18 0000054aH .idata$6                DATA
 0003:00000000 00001620H .data                   DATA
 0003:00001620 00000100H .data$r                 DATA
 0003:00001720 000000f0H .data$rs                DATA
 0003:00001810 0000185cH .bss                    DATA
 0004:00000000 000012fcH .pdata                  DATA
 0005:00000000 0000015cH _RDATA                  DATA
 0006:00000000 000000a0H .rsrc$01                DATA
 0006:000000a0 000004b8H .rsrc$02                DATA

  Address         Publics by Value              Rva+Base               Lib:Object

 0000:00000000       __arm64x_extra_rfe_table_size 0000000000000000     <absolute>
 0000:00000000       ___safe_se_handler_count   0000000000000000     <absolute>
 0000:00000000       __arm64x_extra_rfe_table   0000000000000000     <absolute>
 0000:00000000       __guard_fids_count         0000000000000000     <absolute>
 0000:00000000       __x64_code_ranges_to_entry_points 0000000000000000     <absolute>
 0000:00000000       __guard_longjmp_table      0000000000000000     <absolute>
 0000:00000000       ___safe_se_handler_table   0000000000000000     <absolute>
 0000:00000000       __x64_code_ranges_to_entry_points_count 0000000000000000     <absolute>
 0000:00000000       __arm64x_redirection_metadata 0000000000000000     <absolute>
 0000:00000000       __hybrid_code_map          0000000000000000     <absolute>
 0000:00000000       __guard_eh_cont_count      0000000000000000     <absolute>
 0000:00000000       __guard_iat_table          0000000000000000     <absolute>
 0000:00000000       __guard_iat_count          0000000000000000     <absolute>
 0000:00000000       __guard_longjmp_count      0000000000000000     <absolute>
 0000:00000000       __dynamic_value_reloc_table 0000000000000000     <absolute>
 0000:00000000       __hybrid_auxiliary_iat     0000000000000000     <absolute>
 0000:00000000       __hybrid_auxiliary_iat_copy 0000000000000000     <absolute>
 0000:00000000       __AbsoluteZero             0000000000000000     <absolute>
 0000:00000000       __guard_check_icall_a64n_fptr 0000000000000000     <absolute>
 0000:00000000       __guard_fids_table         0000000000000000     <absolute>
 0000:00000000       __arm64x_redirection_metadata_count 0000000000000000     <absolute>
 0000:00000000       __enclave_config           0000000000000000     <absolute>
 0000:00000000       __guard_eh_cont_table      0000000000000000     <absolute>
 0000:00000000       __arm64x_native_entrypoint 0000000000000000     <absolute>
 0000:00000000       __hybrid_code_map_count    0000000000000000     <absolute>
 0000:00000100       __guard_flags              0000000000000100     <absolute>
 0000:00000000       __ImageBase                0000000180000000     <linker-defined>
 0001:00000f10       ?_Xlen_string@std@@YAXXZ   0000000180001f10 f i format.obj
 0001:00000f30       ?assign@?$basic_string@DU?$char_traits@D@std@@V?$allocator@D@2@@std@@QEAAAEAV12@QEBD_K@Z 0000000180001f30 f i format.obj
 0001:00001090       ??1?$basic_string@DU?$char_traits@D@std@@V?$allocator@D@2@@std@@QEAA@XZ 0000000180002090 f i format.obj
 0001:000010f0       ??0bad_array_new_length@std@@QEAA@XZ 00000001800020f0 f i format.obj
 0001:00001120       ??1length_error@std@@UEAA@XZ 0000000180002120 f i libcpmt:xthrow.obj
 0001:00001120       ??1bad_exception@std@@UEAA@XZ 0000000180002120 f i libvcruntime:frame.obj
 0001:00001120       ??1bad_array_new_length@std@@UEAA@XZ 0000000180002120 f i format.obj
 0001:00001120       ??1bad_alloc@std@@UEAA@XZ  0000000180002120 f i format.obj
 0001:00001140       ??_Gbad_exception@std@@UEAAPEAXI@Z 0000000180002140 f i libvcruntime:frame.obj
 0001:00001140       ??_Elength_error@std@@UEAAPEAXI@Z 0000000180002140 f i libcpmt:xthrow.obj
 0001:00001140       ??_Ebad_array_new_length@std@@UEAAPEAXI@Z 0000000180002140 f i * CIL library *:* CIL module *
 0001:00001140       ??_Gbad_alloc@std@@UEAAPEAXI@Z 0000000180002140 f i format.obj
 0001:00001140       ??_Ebad_alloc@std@@UEAAPEAXI@Z 0000000180002140 f i * CIL library *:* CIL module *
 0001:00001140       ??_Gexception@std@@UEAAPEAXI@Z 0000000180002140 f i format.obj
 0001:00001140       ??_Gbad_array_new_length@std@@UEAAPEAXI@Z 0000000180002140 f i format.obj
 0001:00001140       ??_Glength_error@std@@UEAAPEAXI@Z 0000000180002140 f i libcpmt:xthrow.obj
 0001:00001140       ??_Ebad_exception@std@@UEAAPEAXI@Z 0000000180002140 f i libvcruntime:frame.obj
 0001:00001140       ??_Glogic_error@std@@UEAAPEAXI@Z 0000000180002140 f i libcpmt:xthrow.obj
 0001:00001140       ??_Eexception@std@@UEAAPEAXI@Z 0000000180002140 f i * CIL library *:* CIL module *
 0001:00001140       ??_Elogic_error@std@@UEAAPEAXI@Z 0000000180002140 f i libcpmt:xthrow.obj
 0001:00001190       ??0bad_array_new_length@std@@QEAA@AEBV01@@Z 0000000180002190 f i format.obj
 0001:000011d0       ??0bad_alloc@std@@QEAA@AEBV01@@Z 00000001800021d0 f i format.obj
 0001:00001210       ?what@exception@std@@UEBAPEBDXZ 0000000180002210 f i format.obj
 0001:00001230       ??0exception@std@@QEAA@AEBV01@@Z 0000000180002230 f i format.obj
 0001:00001270       ?__scrt_throw_std_bad_array_new_length@@YAXXZ 0000000180002270 f i LIBCMT:throw_bad_alloc.obj
 0001:00001270       ?_Throw_bad_array_new_length@std@@YAXXZ 0000000180002270 f i format.obj
 0001:00001290       __local_stdio_printf_options 0000000180002290 f i format.obj
 0001:000012b0       ??3@YAXPEAX@Z              00000001800022b0 f   LIBCMT:delete_scalar.obj
 0001:000012c0       __local_stdio_scanf_options 00000001800022c0 f i imgui.obj
 0001:000012d0       getPlugin                  00000001800022d0 f   SixMansPlugin-Rework.obj
 0001:000013a0       deleteMe                   00000001800023a0 f   SixMansPlugin-Rework.obj
 0001:00001410       ?onLoad@SixMansPlugin@@EEAAXXZ 0000000180002410 f   SixMansPlugin-Rework.obj
 0001:00001490       ?onLoad@BakkesModPlugin@Plugin@BakkesMod@@UEAAXXZ 0000000180002490 f   SixMansPlugin-Rework.obj
 0001:00001490       ?onUnload@BakkesModPlugin@Plugin@BakkesMod@@UEAAXXZ 0000000180002490 f   SixMansPlugin-Rework.obj
 0001:00001490       _guard_check_icall_nop     0000000180002490 f   LIBCMT:guard_support.obj
 0001:00001490       ?onUnload@SixMansPlugin@@EEAAXXZ 0000000180002490 f   SixMansPlugin-Rework.obj
 0001:000014a0       ?_Delete_this@?$_Ref_count@VSixMansPlugin@@@std@@EEAAXXZ 00000001800024a0 f i SixMansPlugin-Rework.obj
 0001:000014c0       ?_Destroy@?$_Ref_count@VSixMansPlugin@@@std@@EEAAXXZ 00000001800024c0 f i SixMansPlugin-Rework.obj
 0001:000014f0       ??_G?$_Ref_count@VSixMansPlugin@@@std@@UEAAPEAXI@Z 00000001800024f0 f i SixMansPlugin-Rework.obj
 0001:000014f0       ??_E?$_Ref_count@VSixMansPlugin@@@std@@UEAAPEAXI@Z 00000001800024f0 f i * CIL library *:* CIL module *
 0001:00001520       ?_Get_deleter@_Ref_count_base@std@@UEBAPEAXAEBVtype_info@@@Z 0000000180002520 f i SixMansPlugin-Rework.obj
 0001:00001530       ??4?$shared_ptr@VCVarManagerWrapper@@@std@@QEAAAEAV01@AEBV01@@Z 0000000180002530 f i SixMansPlugin-Rework.obj
 0001:000015c0       ??1BakkesModPlugin@Plugin@BakkesMod@@QEAA@XZ 00000001800025c0 f i SixMansPlugin-Rework.obj
 0001:00001650       ??0BakkesModPlugin@Plugin@BakkesMod@@QEAA@XZ 0000000180002650 f i SixMansPlugin-Rework.obj
 0001:00001670       ??0BakkesModPlugin@Plugin@BakkesMod@@QEAA@AEBV012@@Z 0000000180002670 f i pch.obj
 0001:000016d0       ??0BakkesModPlugin@Plugin@BakkesMod@@QEAA@$$QEAV012@@Z 00000001800026d0 f i pch.obj
 0001:00001730       ??4BakkesModPlugin@Plugin@BakkesMod@@QEAAAEAV012@AEBV012@@Z 0000000180002730 f i pch.obj
 0001:000017d0       ??4BakkesModPlugin@Plugin@BakkesMod@@QEAAAEAV012@$$QEAV012@@Z 00000001800027d0 f i pch.obj
 0001:000018b0       ?__autoclassinit2@BakkesModPlugin@Plugin@BakkesMod@@QEAAX_K@Z 00000001800028b0 f i pch.obj
 0001:000018bc       ??0bad_alloc@std@@QEAA@XZ  00000001800028bc f i libcpmt:xthrow.obj
 0001:000018dc       ??0length_error@std@@QEAA@AEBV01@@Z 00000001800028dc f i libcpmt:xthrow.obj
 0001:00001918       ??0length_error@std@@QEAA@PEBD@Z 0000000180002918 f i libcpmt:xthrow.obj
 0001:00001960       ??0logic_error@std@@QEAA@AEBV01@@Z 0000000180002960 f i libcpmt:xthrow.obj
 0001:0000199c       ?_Xlength_error@std@@YAXPEBD@Z 000000018000299c f   libcpmt:xthrow.obj
 0001:000019c0       ??0_Init_locks@std@@QEAA@XZ 00000001800029c0 f   libcpmt:xlock.obj
 0001:00001a04       ??1_Init_locks@std@@QEAA@XZ 0000000180002a04 f   libcpmt:xlock.obj
 0001:00001a40       _Mtxdst                    0000000180002a40 f   libcpmt:xmtx.obj
 0001:00001a48       _Mtxinit                   0000000180002a48 f   libcpmt:xmtx.obj
 0001:00001a70       __security_check_cookie    0000000180002a70 f   LIBCMT:amdsecgs.obj
 0001:00001a90       ??3@YAXPEAX_K@Z            0000000180002a90 f   LIBCMT:delete_scalar_size.obj
 0001:00001a98       ??2@YAPEAX_K@Z             0000000180002a98 f   LIBCMT:new_scalar.obj
 0001:00001ad4       ??_Etype_info@@UEAAPEAXI@Z 0000000180002ad4 f i LIBCMT:std_type_info_static.obj
 0001:00001ad4       ??_Gtype_info@@UEAAPEAXI@Z 0000000180002ad4 f i LIBCMT:std_type_info_static.obj
 0001:00001b00       ??_M@YAXPEAX_K1P6AX0@Z@Z   0000000180002b00 f   LIBCMT:ehvecdtr.obj
 0001:00001b6c       ?__ArrayUnwind@@YAXPEAX_K1P6AX0@Z@Z 0000000180002b6c f   LIBCMT:ehvecdtr.obj
 0001:00001cc8       __scrt_acquire_startup_lock 0000000180002cc8 f   LIBCMT:utility.obj
 0001:00001d04       __scrt_dllmain_after_initialize_c 0000000180002d04 f   LIBCMT:utility.obj
 0001:00001d38       __scrt_dllmain_before_initialize_c 0000000180002d38 f   LIBCMT:utility.obj
 0001:00001d50       __scrt_dllmain_crt_thread_attach 0000000180002d50 f   LIBCMT:utility.obj
 0001:00001d78       __scrt_dllmain_crt_thread_detach 0000000180002d78 f   LIBCMT:utility.obj
 0001:00001d90       __scrt_dllmain_exception_filter 0000000180002d90 f   LIBCMT:utility.obj
 0001:00001df0       __scrt_dllmain_uninitialize_c 0000000180002df0 f   LIBCMT:utility.obj
 0001:00001e20       __scrt_dllmain_uninitialize_critical 0000000180002e20 f   LIBCMT:utility.obj
 0001:00001e34       __scrt_initialize_crt      0000000180002e34 f   LIBCMT:utility.obj
 0001:00001e80       __scrt_initialize_onexit_tables 0000000180002e80 f   LIBCMT:utility.obj
 0001:00001f0c       __scrt_is_nonwritable_in_current_image 0000000180002f0c f   LIBCMT:utility.obj
 0001:00001fa4       __scrt_release_startup_lock 0000000180002fa4 f   LIBCMT:utility.obj
 0001:00001fc8       __scrt_uninitialize_crt    0000000180002fc8 f   LIBCMT:utility.obj
 0001:00001ff4       _onexit                    0000000180002ff4 f   LIBCMT:utility.obj
 0001:00002030       atexit                     0000000180003030 f   LIBCMT:utility.obj
 0001:00002048       __raise_securityfailure    0000000180003048 f   LIBCMT:gs_report.obj
 0001:0000207c       __report_gsfailure         000000018000307c f   LIBCMT:gs_report.obj
 0001:00002150       __report_rangecheckfailure 0000000180003150 f   LIBCMT:gs_report.obj
 0001:00002164       __report_securityfailure   0000000180003164 f   LIBCMT:gs_report.obj
 0001:00002604       _DllMainCRTStartup         0000000180003604 f   LIBCMT:dll_dllmain.obj
 0001:00002644       __GSHandlerCheck           0000000180003644 f   LIBCMT:gshandler.obj
 0001:00002664       __GSHandlerCheckCommon     0000000180003664 f   LIBCMT:gshandler.obj
 0001:000026d0       _alloca_probe              00000001800036d0 f   LIBCMT:chkstk.obj
 0001:000026d0       __chkstk                   00000001800036d0 f   LIBCMT:chkstk.obj
 0001:00002720       ?__scrt_throw_std_bad_alloc@@YAXXZ 0000000180003720 f   LIBCMT:throw_bad_alloc.obj
 0001:00002740       __crt_debugger_hook        0000000180003740 f   LIBCMT:utility_desktop.obj
 0001:00002748       __scrt_fastfail            0000000180003748 f   LIBCMT:utility_desktop.obj
 0001:00002894       __isa_available_init       0000000180003894 f   LIBCMT:cpu_disp.obj
 0001:00002a40       _get_startup_argv_mode     0000000180003a40 f   LIBCMT:argv_mode.obj
 0001:00002a40       DllMain                    0000000180003a40 f   LIBCMT:dll_dllmain_stub.obj
 0001:00002a48       __scrt_is_ucrt_dll_in_use  0000000180003a48 f   LIBCMT:ucrt_detection.obj
 0001:00002a54       __security_init_cookie     0000000180003a54 f   LIBCMT:gs_support.obj
 0001:00002b00       ?__scrt_initialize_type_info@@YAXXZ 0000000180003b00 f   LIBCMT:tncleanup.obj
 0001:00002b10       ?__scrt_uninitialize_type_info@@YAXXZ 0000000180003b10 f   LIBCMT:tncleanup.obj
 0001:00002b1c       __scrt_initialize_default_local_stdio_options 0000000180003b1c f   LIBCMT:default_local_stdio_options.obj
 0001:00002b38       __scrt_get_dyn_tls_init_callback 0000000180003b38 f   LIBCMT:dyn_tls_init.obj
 0001:00002b40       _RTC_Initialize            0000000180003b40 f   LIBCMT:initsect.obj
 0001:00002b7c       _RTC_Terminate             0000000180003b7c f   LIBCMT:initsect.obj
 0001:00002bc0       ??$_CallSETranslator@V__FrameHandler4@@@@YAHPEAUEHExceptionRecord@@PEA_KPEAU_CONTEXT@@PEAU_xDISPATCHER_CONTEXT@@PEAUFuncInfo4@FH4@@K1H@Z 0000000180003bc0 f i libvcruntime:risctrnsctrl.obj
 0001:00002c14       ?DecompFuncInfo@FH4@@YA_JPEAEAEAUFuncInfo4@1@_KH_N@Z 0000000180003c14 f i libvcruntime:risctrnsctrl.obj
 0001:00002d38       ?ExecutionInCatch@__FrameHandler4@@SA_NPEAU_xDISPATCHER_CONTEXT@@PEAUFuncInfo4@FH4@@@Z 0000000180003d38 f   libvcruntime:risctrnsctrl.obj
 0001:00002d40       ?FrameUnwindToEmptyState@__FrameHandler4@@SAXPEA_KPEAU_xDISPATCHER_CONTEXT@@PEAUFuncInfo4@FH4@@@Z 0000000180003d40 f   libvcruntime:risctrnsctrl.obj
 0001:00002d74       ?GetEstablisherFrame@__FrameHandler4@@SAPEA_KPEA_KPEAU_xDISPATCHER_CONTEXT@@PEAUFuncInfo4@FH4@@0@Z 0000000180003d74 f   libvcruntime:risctrnsctrl.obj
 0001:00002d98       ?GetRangeOfTrysToCheck@__FrameHandler4@@SA?AU?$pair@Viterator@TryBlockMap4@FH4@@V123@@std@@AEAVTryBlockMap4@FH4@@HPEAU_xDISPATCHER_CONTEXT@@PEAUFuncInfo4@5@H@Z 0000000180003d98 f   libvcruntime:risctrnsctrl.obj
 0001:00002f04       ?UnwindNestedFrames@__FrameHandler4@@SAXPEA_KPEAUEHExceptionRecord@@PEAU_CONTEXT@@0PEAXPEAUFuncInfo4@FH4@@HHPEAUHandlerType4@5@PEAU_xDISPATCHER_CONTEXT@@E@Z 0000000180003f04 f   libvcruntime:risctrnsctrl.obj
 0001:00003024       ?setBuffer@TryBlockMap4@FH4@@QEAAXViterator@12@@Z 0000000180004024 f i libvcruntime:risctrnsctrl.obj
 0001:000031e8       _CreateFrameInfo           00000001800041e8 f   libvcruntime:risctrnsctrl.obj
 0001:00003224       _FindAndUnlinkFrame        0000000180004224 f   libvcruntime:risctrnsctrl.obj
 0001:00003278       _GetImageBase              0000000180004278 f   libvcruntime:risctrnsctrl.obj
 0001:0000328c       _GetThrowImageBase         000000018000428c f   libvcruntime:risctrnsctrl.obj
 0001:000032a0       _SetImageBase              00000001800042a0 f   libvcruntime:risctrnsctrl.obj
 0001:000032b8       _SetThrowImageBase         00000001800042b8 f   libvcruntime:risctrnsctrl.obj
 0001:000032d0       __CxxFrameHandler4         00000001800042d0 f   libvcruntime:risctrnsctrl.obj
 0001:00003390       __DestructExceptionObject  0000000180004390 f   libvcruntime:ehhelpers.obj
 0001:00003400       ?_CallMemberFunction0@@YAXQEAX0@Z 0000000180004400 f i libvcruntime:ehhelpers.obj
 0001:00003404       _IsExceptionObjectToBeDestroyed 0000000180004404 f   libvcruntime:ehhelpers.obj
 0001:00003434       __AdjustPointer            0000000180004434 f   libvcruntime:ehhelpers.obj
 0001:00003458       __FrameUnwindFilter        0000000180004458 f   libvcruntime:ehhelpers.obj
 0001:000034c0       __current_exception        00000001800044c0 f   libvcruntime:ehhelpers.obj
 0001:000034d4       __current_exception_context 00000001800044d4 f   libvcruntime:ehhelpers.obj
 0001:000034e8       __std_terminate            00000001800044e8 f   libvcruntime:ehhelpers.obj
 0001:000034f4       __std_exception_copy       00000001800044f4 f   libvcruntime:std_exception.obj
 0001:00003584       __std_exception_destroy    0000000180004584 f   libvcruntime:std_exception.obj
 0001:000035ac       _CxxThrowException         00000001800045ac f   libvcruntime:throw.obj
 0001:00003660       memcpy_repmovs             0000000180004660 f   libvcruntime:memcpy.obj
 0001:00003680       memcpy                     0000000180004680 f   libvcruntime:memcpy.obj
 0001:00003680       memmove                    0000000180004680 f   libvcruntime:memcpy.obj
 0001:00003d10       memchr                     0000000180004d10 f   libvcruntime:memchr.obj
 0001:00003d90       memset_repstos             0000000180004d90 f   libvcruntime:memset.obj
 0001:00003db0       memset                     0000000180004db0 f   libvcruntime:memset.obj
 0001:00004150       memcmp                     0000000180005150 f   libvcruntime:memcmp.obj
 0001:00004218       __C_specific_handler       0000000180005218 f   libvcruntime:riscchandler.obj
 0001:00004410       __vcrt_initialize          0000000180005410 f   libvcruntime:initialization.obj
 0001:00004438       __vcrt_thread_attach       0000000180005438 f   libvcruntime:initialization.obj
 0001:0000444c       __vcrt_thread_detach       000000018000544c f   libvcruntime:initialization.obj
 0001:00004460       __vcrt_uninitialize        0000000180005460 f   libvcruntime:initialization.obj
 0001:0000447c       __vcrt_uninitialize_critical 000000018000547c f   libvcruntime:initialization.obj
 0001:0000448c       __std_type_info_compare    000000018000548c f   libvcruntime:std_type_info.obj
 0001:000044b4       __std_type_info_destroy_list 00000001800054b4 f   libvcruntime:std_type_info.obj
 0001:000044e0       __vcrt_freefls             00000001800054e0 f   libvcruntime:per_thread_data.obj
 0001:00004500       __vcrt_freeptd             0000000180005500 f   libvcruntime:per_thread_data.obj
 0001:00004550       __vcrt_getptd              0000000180005550 f   libvcruntime:per_thread_data.obj
 0001:0000456c       __vcrt_getptd_noexit       000000018000556c f   libvcruntime:per_thread_data.obj
 0001:0000462c       __vcrt_initialize_ptd      000000018000562c f   libvcruntime:per_thread_data.obj
 0001:00004674       __vcrt_uninitialize_ptd    0000000180005674 f   libvcruntime:per_thread_data.obj
 0001:00004698       ?StateFromControlPc@__FrameHandler4@@SAHPEAUFuncInfo4@FH4@@PEAU_xDISPATCHER_CONTEXT@@@Z 0000000180005698 f   libvcruntime:ehstate.obj
 0001:000046a0       ?StateFromIp@__FrameHandler4@@SAHPEAUFuncInfo4@FH4@@PEAU_xDISPATCHER_CONTEXT@@_K@Z 00000001800056a0 f   libvcruntime:ehstate.obj
 0001:00005318       ??$TypeMatchHelper@V__FrameHandler3@@@@YAHPEBU_s_HandlerType@@PEBU_s_CatchableType@@PEBU_s_ThrowInfo@@@Z 0000000180006318 f i libvcruntime:frame.obj
 0001:00005458       ??$TypeMatchHelper@V__FrameHandler4@@@@YAHPEAUHandlerType4@FH4@@PEBU_s_CatchableType@@PEBU_s_ThrowInfo@@@Z 0000000180006458 f i libvcruntime:frame.obj
 0001:0000559c       ??$__InternalCxxFrameHandler@V__FrameHandler4@@@@YA?AW4_EXCEPTION_DISPOSITION@@PEAUEHExceptionRecord@@PEA_KPEAU_CONTEXT@@PEAU_xDISPATCHER_CONTEXT@@PEAUFuncInfo4@FH4@@H1E@Z 000000018000659c f i libvcruntime:frame.obj
 0001:00005830       ??0HandlerMap4@FH4@@QEAA@PEBUTryBlockMapEntry4@1@_KH@Z 0000000180006830 f i libvcruntime:frame.obj
 0001:000058ac       ??0TryBlockMap4@FH4@@QEAA@PEBUFuncInfo4@1@_K@Z 00000001800068ac f i libvcruntime:frame.obj
 0001:00005984       ??0bad_exception@std@@QEAA@AEBV01@@Z 0000000180006984 f i libvcruntime:frame.obj
 0001:000059c0       ??0bad_exception@std@@QEAA@XZ 00000001800069c0 f i libvcruntime:frame.obj
 0001:000059e0       ?CxxCallCatchBlock@__FrameHandler4@@SAPEAXPEAU_EXCEPTION_RECORD@@@Z 00000001800069e0 f   libvcruntime:frame.obj
 0001:00005c30       ?DecompHandler@HandlerMap4@FH4@@AEAAXXZ 0000000180006c30 f i libvcruntime:frame.obj
 0001:00005e7c       ?FrameUnwindToState@__FrameHandler4@@SAXPEA_KPEAU_xDISPATCHER_CONTEXT@@PEAUFuncInfo4@FH4@@H@Z 0000000180006e7c f   libvcruntime:frame.obj
 0001:000062f0       ?ReadEntry@UWMap4@FH4@@AEAAXPEAPEAE@Z 00000001800072f0 f i libvcruntime:frame.obj
 0001:0000638c       ?_CallMemberFunction1@@YAXQEAX00@Z 000000018000738c f i libvcruntime:frame.obj
 0001:00006398       ?_CallMemberFunction2@@YAXQEAX00H@Z 0000000180007398 f i libvcruntime:frame.obj
 0001:000063a8       ?getStartStop@UWMap4@FH4@@QEAAXHHAEAViterator@12@0@Z 00000001800073a8 f i libvcruntime:frame.obj
 0001:00006478       ?getStateFromIterators@UWMap4@FH4@@SAHAEBViterator@12@H0H0@Z 0000000180007478 f i libvcruntime:frame.obj
 0001:00006560       _NLG_Notify                0000000180007560 f   libvcruntime:notify.obj
 0001:00006580       __NLG_Dispatch2            0000000180007580 f   libvcruntime:notify.obj
 0001:00006590       __NLG_Return2              0000000180007590 f   libvcruntime:notify.obj
 0001:00006594       __except_validate_context_record 0000000180007594 f   libvcruntime:jbcxrval.obj
 0001:000065cc       __vcrt_initialize_locks    00000001800075cc f   libvcruntime:locks.obj
 0001:00006614       __vcrt_uninitialize_locks  0000000180007614 f   libvcruntime:locks.obj
 0001:0000679c       __vcrt_FlsAlloc            000000018000779c f   libvcruntime:winapi_downlevel.obj
 0001:000067e4       __vcrt_FlsFree             00000001800077e4 f   libvcruntime:winapi_downlevel.obj
 0001:0000682c       __vcrt_FlsGetValue         000000018000782c f   libvcruntime:winapi_downlevel.obj
 0001:00006874       __vcrt_FlsSetValue         0000000180007874 f   libvcruntime:winapi_downlevel.obj
 0001:000068c8       __vcrt_InitializeCriticalSectionEx 00000001800078c8 f   libvcruntime:winapi_downlevel.obj
 0001:00006940       _CallSettingFrame          0000000180007940 f   libvcruntime:handlers.obj
 0001:00006990       _CallSettingFrame_LookupContinuationIndex 0000000180007990 f   libvcruntime:handlers.obj
 0001:000069c0       _CallSettingFrame_NotifyContinuationAddr 00000001800079c0 f   libvcruntime:handlers.obj
 0001:000069f0       _CallSettingFrameEncoded   00000001800079f0 f   libvcruntime:handlers.obj
 0001:00006a38       ??0_LocaleUpdate@@QEAA@QEAU__crt_locale_pointers@@@Z 0000000180007a38 f i libucrt:output.obj
 0001:00006ad4       __acrt_initialize_stdio    0000000180007ad4 f   libucrt:_file.obj
 0001:00006bf4       __acrt_uninitialize_stdio  0000000180007bf4 f   libucrt:_file.obj
 0001:00006c50       _lock_file                 0000000180007c50 f   libucrt:_file.obj
 0001:00006c5c       _unlock_file               0000000180007c5c f   libucrt:_file.obj
 0001:00006c68       terminate                  0000000180007c68 f   libucrt:terminate.obj
 0001:00006c88       __acrt_errno_from_os_error 0000000180007c88 f   libucrt:errno.obj
 0001:00006cd0       __acrt_errno_map_os_error  0000000180007cd0 f   libucrt:errno.obj
 0001:00006d20       __doserrno                 0000000180007d20 f   libucrt:errno.obj
 0001:00006d40       _errno                     0000000180007d40 f   libucrt:errno.obj
 0001:00006d60       __acrt_call_reportfault    0000000180007d60 f   libucrt:invalid_parameter.obj
 0001:00006ebc       __acrt_initialize_invalid_parameter_handler 0000000180007ebc f   libucrt:invalid_parameter.obj
 0001:00006ec4       _invalid_parameter         0000000180007ec4 f   libucrt:invalid_parameter.obj
 0001:00006f74       _invalid_parameter_noinfo  0000000180007f74 f   libucrt:invalid_parameter.obj
 0001:00006f94       _invalid_parameter_noinfo_noreturn 0000000180007f94 f   libucrt:invalid_parameter.obj
 0001:00006fc4       _invoke_watson             0000000180007fc4 f   libucrt:invalid_parameter.obj
 0001:0000700c       _fileno                    000000018000800c f   libucrt:fileno.obj
 0001:00007034       _isatty                    0000000180008034 f   libucrt:isatty.obj
 0001:00007094       __acrt_lowio_create_handle_array 0000000180008094 f   libucrt:osfinfo.obj
 0001:0000713c       __acrt_lowio_destroy_handle_array 000000018000813c f   libucrt:osfinfo.obj
 0001:0000718c       __acrt_lowio_ensure_fh_exists 000000018000818c f   libucrt:osfinfo.obj
 0001:00007234       __acrt_lowio_lock_fh       0000000180008234 f   libucrt:osfinfo.obj
 0001:0000725c       __acrt_lowio_unlock_fh     000000018000825c f   libucrt:osfinfo.obj
 0001:00007284       _free_osfhnd               0000000180008284 f   libucrt:osfinfo.obj
 0001:00007340       _get_osfhandle             0000000180008340 f   libucrt:osfinfo.obj
 0001:000073b8       free                       00000001800083b8 f   libucrt:free.obj
 0001:000073cc       calloc                     00000001800083cc f   libucrt:calloc.obj
 0001:000073d4       _fclose_nolock             00000001800083d4 f   libucrt:fclose.obj
 0001:00007458       fclose                     0000000180008458 f   libucrt:fclose.obj
 0001:000074bc       ??$__acrt_mbs_to_wcs_cp@U__crt_win32_buffer_internal_dynamic_resizing@@@@YAHQEBDAEAV?$__crt_win32_buffer@_WU__crt_win32_buffer_internal_dynamic_resizing@@@@I@Z 00000001800084bc f i libucrt:open.obj
 0001:000076a8       _close                     00000001800086a8 f   libucrt:close.obj
 0001:0000774c       _close_nolock              000000018000874c f   libucrt:close.obj
 0001:00008088       _write                     0000000180009088 f   libucrt:write.obj
 0001:00008174       _write_nolock              0000000180009174 f   libucrt:write.obj
 0001:00008458       malloc                     0000000180009458 f   libucrt:malloc.obj
 0001:00008470       strncpy                    0000000180009470 f   libucrt:strncpy.obj
 0001:000085e0       qsort                      00000001800095e0 f   libucrt:qsort.obj
 0001:00008b5c       __acrt_stdio_flush_nolock  0000000180009b5c f   libucrt:fflush.obj
 0001:00008bd8       _fflush_nolock             0000000180009bd8 f   libucrt:fflush.obj
 0001:00008c24       _flushall                  0000000180009c24 f   libucrt:fflush.obj
 0001:00008c40       strncmp                    0000000180009c40 f   libucrt:strncmp.obj
 0001:00008cc0       __acrt_initialize_locks    0000000180009cc0 f   libucrt:locks.obj
 0001:00008d08       __acrt_lock                0000000180009d08 f   libucrt:locks.obj
 0001:00008d24       __acrt_uninitialize_locks  0000000180009d24 f   libucrt:locks.obj
 0001:00008d5c       __acrt_unlock              0000000180009d5c f   libucrt:locks.obj
 0001:00008d78       __pctype_func              0000000180009d78 f   libucrt:ctype.obj
 0001:00008db0       pow                        0000000180009db0 f   libucrt:pow.obj
 0001:0000a450       powf                       000000018000b450 f   libucrt:powf.obj
 0001:0000b318       abort                      000000018000c318 f   libucrt:abort.obj
 0001:0000b370       __strncnt                  000000018000c370 f   libucrt:strncnt.obj
 0001:0000b388       ??$__acrt_wcs_to_mbs_cp@U__crt_win32_buffer_no_resizing@@@@YAHQEB_WAEAV?$__crt_win32_buffer@DU__crt_win32_buffer_no_resizing@@@@I@Z 000000018000c388 f i libucrt:strftime.obj
 0001:0000b49c       __acrt_initialize_new_handler 000000018000c49c f   libucrt:new_handler.obj
 0001:0000b4a4       _callnewh                  000000018000c4a4 f   libucrt:new_handler.obj
 0001:0000b4d4       _query_new_handler         000000018000c4d4 f   libucrt:new_handler.obj
 0001:0000b508       _seh_filter_dll            000000018000c508 f   libucrt:exception_filter.obj
 0001:0000b51c       _seh_filter_exe            000000018000c51c f   libucrt:exception_filter.obj
 0001:0000b90c       __acrt_initialize_thread_local_exit_callback 000000018000c90c f   libucrt:exit.obj
 0001:0000b914       _cexit                     000000018000c914 f   libucrt:exit.obj
 0001:0000b924       _exit                      000000018000c924 f   libucrt:exit.obj
 0001:0000b930       _is_c_termination_complete 000000018000c930 f   libucrt:exit.obj
 0001:0000baf8       __acrt_allocate_buffer_for_argv 000000018000caf8 f   libucrt:argv_parsing.obj
 0001:0000bb58       _configure_narrow_argv     000000018000cb58 f   libucrt:argv_parsing.obj
 0001:0000bed0       __dcrt_uninitialize_environments_nolock 000000018000ced0 f   libucrt:environment_initialization.obj
 0001:0000bf08       _initialize_narrow_environment 000000018000cf08 f   libucrt:environment_initialization.obj
 0001:0000c250       _crt_atexit                000000018000d250 f   libucrt:onexit.obj
 0001:0000c260       _execute_onexit_table      000000018000d260 f   libucrt:onexit.obj
 0001:0000c29c       _initialize_onexit_table   000000018000d29c f   libucrt:onexit.obj
 0001:0000c2c4       _register_onexit_function  000000018000d2c4 f   libucrt:onexit.obj
 0001:0000c344       __acrt_uninitialize_command_line 000000018000d344 f   libucrt:argv_data.obj
 0001:0000c43c       __acrt_initialize          000000018000d43c f   libucrt:initialization.obj
 0001:0000c450       __acrt_thread_attach       000000018000d450 f   libucrt:initialization.obj
 0001:0000c464       __acrt_thread_detach       000000018000d464 f   libucrt:initialization.obj
 0001:0000c474       __acrt_uninitialize        000000018000d474 f   libucrt:initialization.obj
 0001:0000c4ac       __acrt_uninitialize_critical 000000018000d4ac f   libucrt:initialization.obj
 0001:0000c4bc       _initterm                  000000018000d4bc f   libucrt:initterm.obj
 0001:0000c520       _initterm_e                000000018000d520 f   libucrt:initterm.obj
 0001:0000c560       strcpy_s                   000000018000d560 f   libucrt:strcpy_s.obj
 0001:0000c5c0       wcsncmp                    000000018000d5c0 f   libucrt:wcsncmp.obj
 0001:0000c5ec       _free_base                 000000018000d5ec f   libucrt:free_base.obj
 0001:0000c62c       _malloc_base               000000018000d62c f   libucrt:malloc_base.obj
 0001:0000c68c       _mbtowc_l                  000000018000d68c f   libucrt:mbtowc.obj
 0001:0000c80c       mbtowc                     000000018000d80c f   libucrt:mbtowc.obj
 0001:0000cb8c       __acrt_freeptd             000000018000db8c f   libucrt:per_thread_data.obj
 0001:0000cbd0       __acrt_getptd              000000018000dbd0 f   libucrt:per_thread_data.obj
 0001:0000cca4       __acrt_getptd_head         000000018000dca4 f   libucrt:per_thread_data.obj
 0001:0000cd4c       __acrt_getptd_noexit       000000018000dd4c f   libucrt:per_thread_data.obj
 0001:0000ce18       __acrt_initialize_ptd      000000018000de18 f   libucrt:per_thread_data.obj
 0001:0000ce54       __acrt_uninitialize_ptd    000000018000de54 f   libucrt:per_thread_data.obj
 0001:0000ce78       __acrt_update_locale_info  000000018000de78 f   libucrt:locale_update.obj
 0001:0000ceac       __acrt_update_multibyte_info 000000018000deac f   libucrt:locale_update.obj
 0001:0000cf50       __acrt_set_locale_changed  000000018000df50 f   libucrt:wsetlocale.obj
 0001:0000cf5c       __acrt_uninitialize_locale 000000018000df5c f   libucrt:wsetlocale.obj
 0001:0000d188       __acrt_initialize_lowio    000000018000e188 f   libucrt:ioinit.obj
 0001:0000d1c4       __acrt_uninitialize_lowio  000000018000e1c4 f   libucrt:ioinit.obj
 0001:0000d204       _calloc_base               000000018000e204 f   libucrt:calloc_base.obj
 0001:0000d454       __acrt_AppPolicyGetProcessTerminationMethodInternal 000000018000e454 f   libucrt:winapi_thunks.obj
 0001:0000d4a4       __acrt_AreFileApisANSI     000000018000e4a4 f   libucrt:winapi_thunks.obj
 0001:0000d4e0       __acrt_FlsAlloc            000000018000e4e0 f   libucrt:winapi_thunks.obj
 0001:0000d528       __acrt_FlsFree             000000018000e528 f   libucrt:winapi_thunks.obj
 0001:0000d570       __acrt_FlsGetValue         000000018000e570 f   libucrt:winapi_thunks.obj
 0001:0000d5b8       __acrt_FlsSetValue         000000018000e5b8 f   libucrt:winapi_thunks.obj
 0001:0000d60c       __acrt_InitializeCriticalSectionEx 000000018000e60c f   libucrt:winapi_thunks.obj
 0001:0000d670       __acrt_LCMapStringEx       000000018000e670 f   libucrt:winapi_thunks.obj
 0001:0000d74c       __acrt_LocaleNameToLCID    000000018000e74c f   libucrt:winapi_thunks.obj
 0001:0000d79c       __acrt_initialize_winapi_thunks 000000018000e79c f   libucrt:winapi_thunks.obj
 0001:0000d7d0       __acrt_uninitialize_winapi_thunks 000000018000e7d0 f   libucrt:winapi_thunks.obj
 0001:0000d814       _fcloseall                 000000018000e814 f   libucrt:closeall.obj
 0001:0000d8c8       __acrt_stdio_free_buffer_nolock 000000018000e8c8 f   libucrt:_freebuf.obj
 0001:0000d908       strncpy_s                  000000018000e908 f   libucrt:strncpy_s.obj
 0001:0000d9dc       _query_app_type            000000018000e9dc f   libucrt:report_runtime_error.obj
 0001:0000d9e4       ?__acrt_stdio_free_stream@@YAXV__crt_stdio_stream@@@Z 000000018000e9e4 f   libucrt:stream.obj
 0001:0000da00       __acrt_MultiByteToWideChar 000000018000ea00 f   libucrt:multibytetowidechar.obj
 0001:0000daf8       _lseeki64_nolock           000000018000eaf8 f   libucrt:lseek.obj
 0001:0000db00       __acrt_WideCharToMultiByte 000000018000eb00 f   libucrt:widechartomultibyte.obj
 0001:0000dbb0       ?__mbrtowc_utf8@__crt_mbstring@@YA_KPEA_WPEBD_KPEAU_Mbstatet@@@Z 000000018000ebb0 f   libucrt:mbrtowc.obj
 0001:0000dbec       ?__mbsrtowcs_utf8@__crt_mbstring@@YA_KPEA_WPEAPEBD_KPEAU_Mbstatet@@@Z 000000018000ebec f   libucrt:mbrtowc.obj
 0001:0000dd64       _putwch_nolock             000000018000ed64 f   libucrt:putwch.obj
 0001:0000dda0       __ascii_wcsnicmp           000000018000eda0 f   libucrt:wcsnicmp.obj
 0001:0000ddec       _isleadbyte_l              000000018000edec f i libucrt:_wctype.obj
 0001:0000e150       __acrt_LCMapStringA        000000018000f150 f   libucrt:lcmapstringa.obj
 0001:0000e274       _commit                    000000018000f274 f   libucrt:commit.obj
 0001:0000e308       __acrt_GetStringTypeA      000000018000f308 f   libucrt:getstringtypea.obj
 0001:0000e498       _raise_exc                 000000018000f498 f   libucrt:fpexcept.obj
 0001:0000e4c0       _raise_exc_ex              000000018000f4c0 f   libucrt:fpexcept.obj
 0001:0000e7d0       _raise_excf                000000018000f7d0 f   libucrt:fpexcept.obj
 0001:0000e7fc       _set_errno_from_matherr    000000018000f7fc f   libucrt:fpexcept.obj
 0001:0000e82c       _clrfp                     000000018000f82c f   libucrt:fpctrl.obj
 0001:0000e84c       _ctrlfp                    000000018000f84c f   libucrt:fpctrl.obj
 0001:0000e8c8       _set_statfp                000000018000f8c8 f   libucrt:fpctrl.obj
 0001:0000e8e8       _statfp                    000000018000f8e8 f   libucrt:fpctrl.obj
 0001:0000e8fc       _realloc_base              000000018000f8fc f   libucrt:realloc_base.obj
 0001:0000e980       __acrt_initialize_fma3     000000018000f980 f   libucrt:fma3_available.obj
 0001:0000e9f0       _pow_special               000000018000f9f0 f   libucrt:pow_special.obj
 0001:0000eb14       _powf_special              000000018000fb14 f   libucrt:pow_special.obj
 0001:0000ece8       __acrt_get_sigabrt_handler 000000018000fce8 f   libucrt:signal.obj
 0001:0000ed18       __acrt_initialize_signal_handlers 000000018000fd18 f   libucrt:signal.obj
 0001:0000ed38       raise                      000000018000fd38 f   libucrt:signal.obj
 0001:0000efa4       __acrt_initialize_timeset  000000018000ffa4 f   libucrt:timeset.obj
 0001:0000eff4       __acrt_get_process_end_policy 000000018000fff4 f   libucrt:win_policies.obj
 0001:0000f044       ??$__acrt_wcs_to_mbs_cp@U__crt_win32_buffer_internal_dynamic_resizing@@@@YAHQEB_WAEAV?$__crt_win32_buffer@DU__crt_win32_buffer_internal_dynamic_resizing@@@@I@Z 0000000180010044 f i libucrt:argv_wildcards.obj
 0001:0000f874       __acrt_expand_narrow_argv_wildcards 0000000180010874 f   libucrt:argv_wildcards.obj
 0001:0000f87c       __acrt_GetModuleFileNameA  000000018001087c f   libucrt:getmodulefilenamea.obj
 0001:000100c4       __acrt_initialize_multibyte 00000001800110c4 f   libucrt:mbctype.obj
 0001:00010124       __acrt_update_thread_multibyte_data 0000000180011124 f   libucrt:mbctype.obj
 0001:00010140       _setmbcp_nolock            0000000180011140 f   libucrt:mbctype.obj
 0001:00010474       _ismbblead                 0000000180011474 f   libucrt:ismbbyte.obj
 0001:00010488       __acrt_initialize_command_line 0000000180011488 f   libucrt:argv_data.obj
 0001:000104b0       __dcrt_get_narrow_environment_from_os 00000001800114b0 f   libucrt:get_environment_from_os.obj
 0001:000105b4       _recalloc_base             00000001800115b4 f   libucrt:recalloc.obj
 0001:0001064c       __acrt_initialize_heap     000000018001164c f   libucrt:heap_handle.obj
 0001:00010668       __acrt_uninitialize_heap   0000000180011668 f   libucrt:heap_handle.obj
 0001:00010674       __acrt_execute_initializers 0000000180011674 f   libucrt:shared_initialization.obj
 0001:000106f4       __acrt_execute_uninitializers 00000001800116f4 f   libucrt:shared_initialization.obj
 0001:00010730       __acrt_has_user_matherr    0000000180011730 f   libucrt:matherr.obj
 0001:00010750       __acrt_initialize_user_matherr 0000000180011750 f   libucrt:matherr.obj
 0001:00010758       __acrt_invoke_user_matherr 0000000180011758 f   libucrt:matherr.obj
 0001:00010788       _query_new_mode            0000000180011788 f   libucrt:new_mode.obj
 0001:00010790       __acrt_add_locale_ref      0000000180011790 f   libucrt:locale_refcounting.obj
 0001:0001081c       __acrt_free_locale         000000018001181c f   libucrt:locale_refcounting.obj
 0001:00010994       __acrt_locale_add_lc_time_reference 0000000180011994 f   libucrt:locale_refcounting.obj
 0001:000109bc       __acrt_locale_free_lc_time_if_unreferenced 00000001800119bc f   libucrt:locale_refcounting.obj
 0001:000109f4       __acrt_locale_release_lc_time_reference 00000001800119f4 f   libucrt:locale_refcounting.obj
 0001:00010a1c       __acrt_release_locale_ref  0000000180011a1c f   libucrt:locale_refcounting.obj
 0001:00010ac4       __acrt_update_thread_locale_data 0000000180011ac4 f   libucrt:locale_refcounting.obj
 0001:00010b34       _updatetlocinfoEx_nolock   0000000180011b34 f   libucrt:locale_refcounting.obj
 0001:00010b9c       __acrt_locale_free_monetary 0000000180011b9c f   libucrt:initmon.obj
 0001:00010ca8       __acrt_locale_free_numeric 0000000180011ca8 f   libucrt:initnum.obj
 0001:00010d6c       __acrt_locale_free_time    0000000180011d6c f   libucrt:inittime.obj
 0001:00010e74       __acrt_DownlevelLocaleNameToLCID 0000000180011e74 f   libucrt:lcidtoname_downlevel.obj
 0001:00010f24       __acrt_initialize_fmode    0000000180011f24 f   libucrt:txtmode.obj
 0001:00010f40       ?__mbrtoc32_utf8@__crt_mbstring@@YA_KPEA_UPEBD_KPEAU_Mbstatet@@@Z 0000000180011f40 f   libucrt:mbrtoc32.obj
 0001:00011118       __dcrt_lowio_ensure_console_output_initialized 0000000180012118 f   libucrt:initcon.obj
 0001:0001116c       __dcrt_terminate_console_output 000000018001216c f   libucrt:initcon.obj
 0001:00011188       __dcrt_write_console       0000000180012188 f   libucrt:initcon.obj
 0001:00011260       _get_fpsr                  0000000180012260 f   libucrt:fpsr.obj
 0001:00011270       _set_fpsr                  0000000180012270 f   libucrt:fpsr.obj
 0001:0001127a       _fclrf                     000000018001227a f   libucrt:fpsr.obj
 0001:0001128e       _frnd                      000000018001228e f   libucrt:fpsr.obj
 0001:000113d4       _handle_error              00000001800123d4 f   libucrt:libm_error.obj
 0001:000114fc       _handle_errorf             00000001800124fc f   libucrt:libm_error.obj
 0001:00011630       _handle_nan                0000000180012630 f   libucrt:libm_error.obj
 0001:0001164c       _handle_nanf               000000018001264c f   libucrt:libm_error.obj
 0001:00011700       strpbrk                    0000000180012700 f   libucrt:strpbrk.obj
 0001:00011ac8       _mbsdec                    0000000180012ac8 f   libucrt:mbsdec.obj
 0001:00011ad0       _mbsdec_l                  0000000180012ad0 f   libucrt:mbsdec.obj
 0001:00011b7c       _msize_base                0000000180012b7c f   libucrt:msize.obj
 0001:00011bc0       log10                      0000000180012bc0 f   libucrt:log10.obj
 0001:00012170       _log10_special             0000000180013170 f   libucrt:log_special.obj
 0001:00012230       _FindPESection             0000000180013230 f   LIBCMT:pesect.obj
 0001:00012280       _IsNonwritableInCurrentImage 0000000180013280 f   LIBCMT:pesect.obj
 0001:000122d0       _ValidateImageBase         00000001800132d0 f   LIBCMT:pesect.obj
 0001:000122fc       __GSHandlerCheck_SEH       00000001800132fc f   LIBCMT:gshandlerseh.obj
 0001:00012390       sinf                       0000000180013390 f   libucrt:sinf.obj
 0001:00012a90       __remainder_piby2d2f_forC  0000000180013a90 f   libucrt:remainder_piby2f_forc.obj
 0001:00012ca8       _sinf_special              0000000180013ca8 f   libucrt:sincos_special.obj
 0001:00012cd0       _guard_dispatch_icall_nop  0000000180013cd0 f   LIBCMT:guard_dispatch.obj
 0001:00012cf0       _guard_xfg_dispatch_icall_nop 0000000180013cf0 f   LIBCMT:guard_xfg_dispatch.obj
 0002:00000000       __imp_QueryPerformanceCounter 0000000180015000     kernel32:KERNEL32.dll
 0002:00000008       __imp_HeapSize             0000000180015008     kernel32:KERNEL32.dll
 0002:00000010       __imp_GetProcessHeap       0000000180015010     kernel32:KERNEL32.dll
 0002:00000018       __imp_FreeEnvironmentStringsW 0000000180015018     kernel32:KERNEL32.dll
 0002:00000020       __imp_GetEnvironmentStringsW 0000000180015020     kernel32:KERNEL32.dll
 0002:00000028       __imp_GetCommandLineA      0000000180015028     kernel32:KERNEL32.dll
 0002:00000030       __imp_GetOEMCP             0000000180015030     kernel32:KERNEL32.dll
 0002:00000038       __imp_GetACP               0000000180015038     kernel32:KERNEL32.dll
 0002:00000040       __imp_IsValidCodePage      0000000180015040     kernel32:KERNEL32.dll
 0002:00000048       __imp_HeapReAlloc          0000000180015048     kernel32:KERNEL32.dll
 0002:00000050       __imp_FlushFileBuffers     0000000180015050     kernel32:KERNEL32.dll
 0002:00000058       __imp_WideCharToMultiByte  0000000180015058     kernel32:KERNEL32.dll
 0002:00000060       __imp_GetLastError         0000000180015060     kernel32:KERNEL32.dll
 0002:00000068       __imp_GetCommandLineW      0000000180015068     kernel32:KERNEL32.dll
 0002:00000070       __imp_WriteConsoleW        0000000180015070     kernel32:KERNEL32.dll
 0002:00000078       __imp_MultiByteToWideChar  0000000180015078     kernel32:KERNEL32.dll
 0002:00000080       __imp_CreateFileW          0000000180015080     kernel32:KERNEL32.dll
 0002:00000088       __imp_FindClose            0000000180015088     kernel32:KERNEL32.dll
 0002:00000090       __imp_FindFirstFileExW     0000000180015090     kernel32:KERNEL32.dll
 0002:00000098       __imp_FindNextFileW        0000000180015098     kernel32:KERNEL32.dll
 0002:000000a0       __imp_SetFilePointerEx     00000001800150a0     kernel32:KERNEL32.dll
 0002:000000a8       __imp_CloseHandle          00000001800150a8     kernel32:KERNEL32.dll
 0002:000000b0       __imp_EncodePointer        00000001800150b0     kernel32:KERNEL32.dll
 0002:000000b8       __imp_DecodePointer        00000001800150b8     kernel32:KERNEL32.dll
 0002:000000c0       __imp_EnterCriticalSection 00000001800150c0     kernel32:KERNEL32.dll
 0002:000000c8       __imp_LeaveCriticalSection 00000001800150c8     kernel32:KERNEL32.dll
 0002:000000d0       __imp_InitializeCriticalSectionEx 00000001800150d0     kernel32:KERNEL32.dll
 0002:000000d8       __imp_DeleteCriticalSection 00000001800150d8     kernel32:KERNEL32.dll
 0002:000000e0       __imp_GetStringTypeW       00000001800150e0     kernel32:KERNEL32.dll
 0002:000000e8       __imp_GetCPInfo            00000001800150e8     kernel32:KERNEL32.dll
 0002:000000f0       __imp_InitializeCriticalSectionAndSpinCount 00000001800150f0     kernel32:KERNEL32.dll
 0002:000000f8       __imp_CreateEventW         00000001800150f8     kernel32:KERNEL32.dll
 0002:00000100       __imp_GetModuleHandleW     0000000180015100     kernel32:KERNEL32.dll
 0002:00000108       __imp_GetProcAddress       0000000180015108     kernel32:KERNEL32.dll
 0002:00000110       __imp_RtlCaptureContext    0000000180015110     kernel32:KERNEL32.dll
 0002:00000118       __imp_RtlLookupFunctionEntry 0000000180015118     kernel32:KERNEL32.dll
 0002:00000120       __imp_RtlVirtualUnwind     0000000180015120     kernel32:KERNEL32.dll
 0002:00000128       __imp_UnhandledExceptionFilter 0000000180015128     kernel32:KERNEL32.dll
 0002:00000130       __imp_SetUnhandledExceptionFilter 0000000180015130     kernel32:KERNEL32.dll
 0002:00000138       __imp_GetCurrentProcess    0000000180015138     kernel32:KERNEL32.dll
 0002:00000140       __imp_TerminateProcess     0000000180015140     kernel32:KERNEL32.dll
 0002:00000148       __imp_IsProcessorFeaturePresent 0000000180015148     kernel32:KERNEL32.dll
 0002:00000150       __imp_IsDebuggerPresent    0000000180015150     kernel32:KERNEL32.dll
 0002:00000158       __imp_GetStartupInfoW      0000000180015158     kernel32:KERNEL32.dll
 0002:00000160       __imp_GetCurrentProcessId  0000000180015160     kernel32:KERNEL32.dll
 0002:00000168       __imp_GetCurrentThreadId   0000000180015168     kernel32:KERNEL32.dll
 0002:00000170       __imp_GetSystemTimeAsFileTime 0000000180015170     kernel32:KERNEL32.dll
 0002:00000178       __imp_InitializeSListHead  0000000180015178     kernel32:KERNEL32.dll
 0002:00000180       __imp_RtlUnwindEx          0000000180015180     kernel32:KERNEL32.dll
 0002:00000188       __imp_RtlPcToFileHeader    0000000180015188     kernel32:KERNEL32.dll
 0002:00000190       __imp_RaiseException       0000000180015190     kernel32:KERNEL32.dll
 0002:00000198       __imp_InterlockedFlushSList 0000000180015198     kernel32:KERNEL32.dll
 0002:000001a0       __imp_SetLastError         00000001800151a0     kernel32:KERNEL32.dll
 0002:000001a8       __imp_TlsAlloc             00000001800151a8     kernel32:KERNEL32.dll
 0002:000001b0       __imp_TlsGetValue          00000001800151b0     kernel32:KERNEL32.dll
 0002:000001b8       __imp_TlsSetValue          00000001800151b8     kernel32:KERNEL32.dll
 0002:000001c0       __imp_TlsFree              00000001800151c0     kernel32:KERNEL32.dll
 0002:000001c8       __imp_FreeLibrary          00000001800151c8     kernel32:KERNEL32.dll
 0002:000001d0       __imp_LoadLibraryExW       00000001800151d0     kernel32:KERNEL32.dll
 0002:000001d8       __imp_SetStdHandle         00000001800151d8     kernel32:KERNEL32.dll
 0002:000001e0       __imp_GetFileType          00000001800151e0     kernel32:KERNEL32.dll
 0002:000001e8       __imp_GetConsoleMode       00000001800151e8     kernel32:KERNEL32.dll
 0002:000001f0       __imp_WriteFile            00000001800151f0     kernel32:KERNEL32.dll
 0002:000001f8       __imp_GetConsoleOutputCP   00000001800151f8     kernel32:KERNEL32.dll
 0002:00000200       __imp_ExitProcess          0000000180015200     kernel32:KERNEL32.dll
 0002:00000208       __imp_GetModuleHandleExW   0000000180015208     kernel32:KERNEL32.dll
 0002:00000210       __imp_GetModuleFileNameW   0000000180015210     kernel32:KERNEL32.dll
 0002:00000218       __imp_HeapFree             0000000180015218     kernel32:KERNEL32.dll
 0002:00000220       __imp_HeapAlloc            0000000180015220     kernel32:KERNEL32.dll
 0002:00000228       __imp_GetStdHandle         0000000180015228     kernel32:KERNEL32.dll
 0002:00000230       __imp_LCMapStringW         0000000180015230     kernel32:KERNEL32.dll
 0002:00000238       \177KERNEL32_NULL_THUNK_DATA 0000000180015238     kernel32:KERNEL32.dll
 0002:00000240       __guard_check_icall_fptr   0000000180015240     LIBCMT:guard_support.obj
 0002:00000248       __guard_xfg_check_icall_fptr 0000000180015248     LIBCMT:guard_support.obj
 0002:00000250       __guard_dispatch_icall_fptr 0000000180015250     LIBCMT:guard_support.obj
 0002:00000258       __guard_xfg_dispatch_icall_fptr 0000000180015258     LIBCMT:guard_support.obj
 0002:00000260       __guard_xfg_table_dispatch_icall_fptr 0000000180015260     LIBCMT:guard_support.obj
 0002:00000268       __castguard_check_failure_os_handled_fptr 0000000180015268     LIBCMT:guard_support.obj
 0002:00000270       __guard_memcpy_fptr        0000000180015270     libvcruntime:softmemtag.obj
 0002:00000278       __xc_a                     0000000180015278     LIBCMT:initializers.obj
 0002:000002c8       __xc_z                     00000001800152c8     LIBCMT:initializers.obj
 0002:000002d0       __xi_a                     00000001800152d0     LIBCMT:initializers.obj
 0002:000002e0       __acrt_stdio_initializer   00000001800152e0     libucrt:stdio_initializer.obj
 0002:000002e8       __acrt_tran_fma3_initializer 00000001800152e8     libucrt:fma3_initializer.obj
 0002:000002f0       __acrt_timeset_initializer 00000001800152f0     libucrt:timeset_initializer.obj
 0002:000002f8       __acrt_multibyte_initializer 00000001800152f8     libucrt:multibyte_initializer.obj
 0002:00000300       __acrt_fmode_initializer   0000000180015300     libucrt:fmode_initializer.obj
 0002:00000308       __xi_z                     0000000180015308     LIBCMT:initializers.obj
 0002:00000310       __xl_a                     0000000180015310     LIBCMT:tlssup.obj
 0002:00000318       __xl_z                     0000000180015318     LIBCMT:tlssup.obj
 0002:00000320       __xp_a                     0000000180015320     LIBCMT:initializers.obj
 0002:00000328       __acrt_locale_terminator   0000000180015328     libucrt:locale_initializer.obj
 0002:00000330       __dcrt_console_output_terminator 0000000180015330     libucrt:console_output_initializer.obj
 0002:00000338       __acrt_stdio_terminator    0000000180015338     libucrt:stdio_initializer.obj
 0002:00000340       __xp_z                     0000000180015340     LIBCMT:initializers.obj
 0002:00000348       __xt_a                     0000000180015348     LIBCMT:initializers.obj
 0002:00000350       __xt_z                     0000000180015350     LIBCMT:initializers.obj
 0002:00000368       ??_7exception@std@@6B@     0000000180015368     libcpmt:xthrow.obj
 0002:00000380       ??_7bad_alloc@std@@6B@     0000000180015380     libcpmt:xthrow.obj
 0002:00000390       ??_C@_0P@GHFPNOJB@bad?5allocation@ 0000000180015390     libcpmt:xthrow.obj
 0002:000003a8       ??_7logic_error@std@@6B@   00000001800153a8     libcpmt:xthrow.obj
 0002:000003c0       ??_7length_error@std@@6B@  00000001800153c0     libcpmt:xthrow.obj
 0002:00000b30       ??_C@_0BN@LKKBCCDB@address?5family?5not?5supported@ 0000000180015b30     libcpmt:syserror.obj
 0002:00000b50       ??_C@_0P@LDMLAFHI@address?5in?5use@ 0000000180015b50     libcpmt:syserror.obj
 0002:00000b60       ??_C@_0BG@DHPCNBJB@address?5not?5available@ 0000000180015b60     libcpmt:syserror.obj
 0002:00000b78       ??_C@_0BC@DFIBIBIL@already?5connected@ 0000000180015b78     libcpmt:syserror.obj
 0002:00000b90       ??_C@_0BH@CAKOHOMI@argument?5list?5too?5long@ 0000000180015b90     libcpmt:syserror.obj
 0002:00000ba8       ??_C@_0BH@CGIMPKIM@argument?5out?5of?5domain@ 0000000180015ba8     libcpmt:syserror.obj
 0002:00000bc0       ??_C@_0M@KGHGGJGL@bad?5address@ 0000000180015bc0     libcpmt:syserror.obj
 0002:00000bd0       ??_C@_0BE@MPJPGCEO@bad?5file?5descriptor@ 0000000180015bd0     libcpmt:syserror.obj
 0002:00000be8       ??_C@_0M@PMMIEFCP@bad?5message@ 0000000180015be8     libcpmt:syserror.obj
 0002:00000bf8       ??_C@_0M@KPHOFDBE@broken?5pipe@ 0000000180015bf8     libcpmt:syserror.obj
 0002:00000c08       ??_C@_0BD@MGNDDEGM@connection?5aborted@ 0000000180015c08     libcpmt:syserror.obj
 0002:00000c20       ??_C@_0BP@KAIHPOGN@connection?5already?5in?5progress@ 0000000180015c20     libcpmt:syserror.obj
 0002:00000c40       ??_C@_0BD@PJLIIJEL@connection?5refused@ 0000000180015c40     libcpmt:syserror.obj
 0002:00000c58       ??_C@_0BB@IECNJNOI@connection?5reset@ 0000000180015c58     libcpmt:syserror.obj
 0002:00000c70       ??_C@_0BC@PPHBOELF@cross?5device?5link@ 0000000180015c70     libcpmt:syserror.obj
 0002:00000c88       ??_C@_0BN@KDMIFEIP@destination?5address?5required@ 0000000180015c88     libcpmt:syserror.obj
 0002:00000ca8       ??_C@_0BI@NGCEHDD@device?5or?5resource?5busy@ 0000000180015ca8     libcpmt:syserror.obj
 0002:00000cc0       ??_C@_0BE@JIDOCPHM@directory?5not?5empty@ 0000000180015cc0     libcpmt:syserror.obj
 0002:00000cd8       ??_C@_0BI@BNCLIGPB@executable?5format?5error@ 0000000180015cd8     libcpmt:syserror.obj
 0002:00000cf0       ??_C@_0M@MIDIAGJP@file?5exists@ 0000000180015cf0     libcpmt:syserror.obj
 0002:00000d00       ??_C@_0P@DNAJLBJK@file?5too?5large@ 0000000180015d00     libcpmt:syserror.obj
 0002:00000d10       ??_C@_0BC@EJHOMAAK@filename?5too?5long@ 0000000180015d10     libcpmt:syserror.obj
 0002:00000d28       ??_C@_0BH@KEFGLDAF@function?5not?5supported@ 0000000180015d28     libcpmt:syserror.obj
 0002:00000d40       ??_C@_0BB@DHFDFGDM@host?5unreachable@ 0000000180015d40     libcpmt:syserror.obj
 0002:00000d58       ??_C@_0BD@JPHBMONG@identifier?5removed@ 0000000180015d58     libcpmt:syserror.obj
 0002:00000d70       ??_C@_0BG@CDNPAGJK@illegal?5byte?5sequence@ 0000000180015d70     libcpmt:syserror.obj
 0002:00000d88       ??_C@_0CD@BNPLBMNA@inappropriate?5io?5control?5operat@ 0000000180015d88     libcpmt:syserror.obj
 0002:00000db0       ??_C@_0M@EGEKIIMP@interrupted@ 0000000180015db0     libcpmt:syserror.obj
 0002:00000dc0       ??_C@_0BB@FCMFBGOM@invalid?5argument@ 0000000180015dc0     libcpmt:syserror.obj
 0002:00000dd8       ??_C@_0N@OHAFKDEK@invalid?5seek@ 0000000180015dd8     libcpmt:syserror.obj
 0002:00000de8       ??_C@_08GLNPIFBN@io?5error@ 0000000180015de8     libcpmt:syserror.obj
 0002:00000df8       ??_C@_0P@FLLDBIDK@is?5a?5directory@ 0000000180015df8     libcpmt:syserror.obj
 0002:00000e08       ??_C@_0N@IFLPBIOP@message?5size@ 0000000180015e08     libcpmt:syserror.obj
 0002:00000e18       ??_C@_0N@KIIEAAIO@network?5down@ 0000000180015e18     libcpmt:syserror.obj
 0002:00000e28       ??_C@_0O@FNPDBHEE@network?5reset@ 0000000180015e28     libcpmt:syserror.obj
 0002:00000e38       ??_C@_0BE@IFNCKGE@network?5unreachable@ 0000000180015e38     libcpmt:syserror.obj
 0002:00000e50       ??_C@_0BA@PFFCAOFK@no?5buffer?5space@ 0000000180015e50     libcpmt:syserror.obj
 0002:00000e60       ??_C@_0BB@IEPBLJHK@no?5child?5process@ 0000000180015e60     libcpmt:syserror.obj
 0002:00000e78       ??_C@_07PLECNNKG@no?5link@ 0000000180015e78     libcpmt:syserror.obj
 0002:00000e80       ??_C@_0BC@NJECKMKE@no?5lock?5available@ 0000000180015e80     libcpmt:syserror.obj
 0002:00000e98       ??_C@_0BF@PBGGPKKE@no?5message?5available@ 0000000180015e98     libcpmt:syserror.obj
 0002:00000eb0       ??_C@_0L@EDOLMPAK@no?5message@ 0000000180015eb0     libcpmt:syserror.obj
 0002:00000ec0       ??_C@_0BD@EAMBFIDF@no?5protocol?5option@ 0000000180015ec0     libcpmt:syserror.obj
 0002:00000ed8       ??_C@_0BD@IJDJKDEA@no?5space?5on?5device@ 0000000180015ed8     libcpmt:syserror.obj
 0002:00000ef0       ??_C@_0BE@MKFDAFMP@no?5stream?5resources@ 0000000180015ef0     libcpmt:syserror.obj
 0002:00000f08       ??_C@_0BK@IMCPHCBI@no?5such?5device?5or?5address@ 0000000180015f08     libcpmt:syserror.obj
 0002:00000f28       ??_C@_0P@FDINDDOK@no?5such?5device@ 0000000180015f28     libcpmt:syserror.obj
 0002:00000f38       ??_C@_0BK@NDOCBPGE@no?5such?5file?5or?5directory@ 0000000180015f38     libcpmt:syserror.obj
 0002:00000f58       ??_C@_0BA@ENLPPKBN@no?5such?5process@ 0000000180015f58     libcpmt:syserror.obj
 0002:00000f68       ??_C@_0BA@DOCPFFJG@not?5a?5directory@ 0000000180015f68     libcpmt:syserror.obj
 0002:00000f78       ??_C@_0N@POEIPGGF@not?5a?5socket@ 0000000180015f78     libcpmt:syserror.obj
 0002:00000f88       ??_C@_0N@LGAPMMPI@not?5a?5stream@ 0000000180015f88     libcpmt:syserror.obj
 0002:00000f98       ??_C@_0O@GLMIBBEG@not?5connected@ 0000000180015f98     libcpmt:syserror.obj
 0002:00000fa8       ??_C@_0BC@ENOOLCNF@not?5enough?5memory@ 0000000180015fa8     libcpmt:syserror.obj
 0002:00000fc0       ??_C@_0O@NHEDABJP@not?5supported@ 0000000180015fc0     libcpmt:syserror.obj
 0002:00000fd0       ??_C@_0BD@MOLBPMEA@operation?5canceled@ 0000000180015fd0     libcpmt:syserror.obj
 0002:00000fe8       ??_C@_0BG@KDKHOPCO@operation?5in?5progress@ 0000000180015fe8     libcpmt:syserror.obj
 0002:00001000       ??_C@_0BI@OHIEJAAB@operation?5not?5permitted@ 0000000180016000     libcpmt:syserror.obj
 0002:00001018       ??_C@_0BI@LNEGIFLN@operation?5not?5supported@ 0000000180016018     libcpmt:syserror.obj
 0002:00001030       ??_C@_0BG@OEMDKMEE@operation?5would?5block@ 0000000180016030     libcpmt:syserror.obj
 0002:00001048       ??_C@_0L@BLPOFLNJ@owner?5dead@ 0000000180016048     libcpmt:syserror.obj
 0002:00001058       ??_C@_0BC@CIJDGCDI@permission?5denied@ 0000000180016058     libcpmt:syserror.obj
 0002:00001070       ??_C@_0P@FNPOCJBE@protocol?5error@ 0000000180016070     libcpmt:syserror.obj
 0002:00001080       ??_C@_0BH@JPPPLHJB@protocol?5not?5supported@ 0000000180016080     libcpmt:syserror.obj
 0002:00001098       ??_C@_0BG@EICBIHDP@read?5only?5file?5system@ 0000000180016098     libcpmt:syserror.obj
 0002:000010b0       ??_C@_0BO@BJBOMOEJ@resource?5deadlock?5would?5occur@ 00000001800160b0     libcpmt:syserror.obj
 0002:000010d0       ??_C@_0BP@LKNGHENJ@resource?5unavailable?5try?5again@ 00000001800160d0     libcpmt:syserror.obj
 0002:000010f0       ??_C@_0BE@GOIPJJHG@result?5out?5of?5range@ 00000001800160f0     libcpmt:syserror.obj
 0002:00001108       ??_C@_0BG@MPLKFPAE@state?5not?5recoverable@ 0000000180016108     libcpmt:syserror.obj
 0002:00001120       ??_C@_0P@DIIFGFCG@stream?5timeout@ 0000000180016120     libcpmt:syserror.obj
 0002:00001130       ??_C@_0P@IPFDMIFL@text?5file?5busy@ 0000000180016130     libcpmt:syserror.obj
 0002:00001140       ??_C@_09KJPPMAOI@timed?5out@ 0000000180016140     libcpmt:syserror.obj
 0002:00001150       ??_C@_0BO@HACHBEKI@too?5many?5files?5open?5in?5system@ 0000000180016150     libcpmt:syserror.obj
 0002:00001170       ??_C@_0BE@GHAFMPAH@too?5many?5files?5open@ 0000000180016170     libcpmt:syserror.obj
 0002:00001188       ??_C@_0P@HCOMKFCC@too?5many?5links@ 0000000180016188     libcpmt:syserror.obj
 0002:00001198       ??_C@_0BO@EFGOJEF@too?5many?5symbolic?5link?5levels@ 0000000180016198     libcpmt:syserror.obj
 0002:000011b8       ??_C@_0BA@KGKGOOJA@value?5too?5large@ 00000001800161b8     libcpmt:syserror.obj
 0002:000011c8       ??_C@_0BE@MIEJDDNH@wrong?5protocol?5type@ 00000001800161c8     libcpmt:syserror.obj
 0002:000012e0       ?_BADOFF@std@@3_JB         00000001800162e0     libcpmt:ios.obj
 0002:000012f0       ??_7bad_array_new_length@std@@6B@ 00000001800162f0     libcpmt:locale.obj
 0002:00001300       ??_C@_11LOCGONAA@@         0000000180016300     libcpmt:wlocale.obj
 0002:000013b0       ??_7type_info@@6B@         00000001800163b0     LIBCMT:std_type_info_static.obj
 0002:000013c0       ??_C@_1EC@JIJBPKFM@?$AAa?$AAp?$AAi?$AA?9?$AAm?$AAs?$AA?9?$AAw?$AAi?$AAn?$AA?9?$AAc?$AAo?$AAr?$AAe@ 00000001800163c0     LIBCMT:thread_safe_statics.obj
 0002:00001408       ??_C@_1BK@MGMFAEKH@?$AAk?$AAe?$AAr?$AAn?$AAe?$AAl?$AA3?$AA2?$AA?4?$AAd?$AAl?$AAl@ 0000000180016408     LIBCMT:thread_safe_statics.obj
 0002:00001428       ??_C@_0BJ@JEBJOJFJ@SleepConditionVariableCS@ 0000000180016428     LIBCMT:thread_safe_statics.obj
 0002:00001448       ??_C@_0BJ@PGPPEPCC@WakeAllConditionVariable@ 0000000180016448     LIBCMT:thread_safe_statics.obj
 0002:00001470       __xmm@ffffffffffffffffffffffffffffffff 0000000180016470     LIBCMT:utility.obj
 0002:00001490       _pDefaultRawDllMain        0000000180016490     LIBCMT:dll_dllmain.obj
 0002:00001490       _pRawDllMain               0000000180016490     LIBCMT:dll_dllmain.obj
 0002:00001498       ?s_negLengthTab@FH4@@3QBCB 0000000180016498     libvcruntime:risctrnsctrl.obj
 0002:000014a8       ?s_shiftTab@FH4@@3QBEB     00000001800164a8     libvcruntime:risctrnsctrl.obj
 0002:00001558       _pDestructExceptionObject  0000000180016558     libvcruntime:ehhelpers.obj
 0002:00001568       ??_7bad_exception@std@@6B@ 0000000180016568     libvcruntime:frame.obj
 0002:00001578       ??_C@_0O@DPKOEFFH@bad?5exception@ 0000000180016578     libvcruntime:frame.obj
 0002:00001ca0       ??_C@_08EHJDFFNH@__based?$CI@ 0000000180016ca0     libvcruntime:undname.obj
 0002:00001cb0       ??_C@_07KOLFKCDI@__cdecl@  0000000180016cb0     libvcruntime:undname.obj
 0002:00001cb8       ??_C@_08GHMPAG@__pascal@   0000000180016cb8     libvcruntime:undname.obj
 0002:00001cc8       ??_C@_09IFJBGAPI@__stdcall@ 0000000180016cc8     libvcruntime:undname.obj
 0002:00001cd8       ??_C@_0L@NPHFGOKO@__thiscall@ 0000000180016cd8     libvcruntime:undname.obj
 0002:00001ce8       ??_C@_0L@JMKHOMEK@__fastcall@ 0000000180016ce8     libvcruntime:undname.obj
 0002:00001cf8       ??_C@_0N@BCKKPABJ@__vectorcall@ 0000000180016cf8     libvcruntime:undname.obj
 0002:00001d08       ??_C@_09HIJEGCPM@__clrcall@ 0000000180016d08     libvcruntime:undname.obj
 0002:00001d14       ??_C@_06GHPCKEAG@__eabi@   0000000180016d14     libvcruntime:undname.obj
 0002:00001d20       ??_C@_09IOPIDJLG@__swift_1@ 0000000180016d20     libvcruntime:undname.obj
 0002:00001d30       ??_C@_09KFNFGKHF@__swift_2@ 0000000180016d30     libvcruntime:undname.obj
 0002:00001d40       ??_C@_09LMMOFLDE@__swift_3@ 0000000180016d40     libvcruntime:undname.obj
 0002:00001d50       ??_C@_07JOMMBBKO@__ptr64@  0000000180016d50     libvcruntime:undname.obj
 0002:00001d58       ??_C@_0L@PILCLIHE@__restrict@ 0000000180016d58     libvcruntime:undname.obj
 0002:00001d68       ??_C@_0M@GFIIJFMG@__unaligned@ 0000000180016d68     libvcruntime:undname.obj
 0002:00001d78       ??_C@_09DHDLOLLB@restrict?$CI@ 0000000180016d78     libvcruntime:undname.obj
 0002:00001d84       ??_C@_04NIHEBCM@?5new@     0000000180016d84     libvcruntime:undname.obj
 0002:00001d90       ??_C@_07FPCDHGMM@?5delete@ 0000000180016d90     libvcruntime:undname.obj
 0002:00001d98       ??_C@_01NEMOKFLO@?$DN@     0000000180016d98     libvcruntime:undname.obj
 0002:00001d9c       ??_C@_01DCLJPIOD@?$CB@     0000000180016d9c     libvcruntime:undname.obj
 0002:00001da0       ??_C@_02EGOFBIJA@?$DN?$DN@ 0000000180016da0     libvcruntime:undname.obj
 0002:00001da4       ??_C@_02FDNJECIE@?$CB?$DN@ 0000000180016da4     libvcruntime:undname.obj
 0002:00001da8       ??_C@_02GPECMEKF@?$FL?$FN@ 0000000180016da8     libvcruntime:undname.obj
 0002:00001db0       ??_C@_08LHJFAFGD@operator@ 0000000180016db0     libvcruntime:undname.obj
 0002:00001dbc       ??_C@_02HBOOOICD@?9?$DO@   0000000180016dbc     libvcruntime:undname.obj
 0002:00001dc0       ??_C@_02ECNGHCIF@?$CL?$CL@ 0000000180016dc0     libvcruntime:undname.obj
 0002:00001dc4       ??_C@_02BAABKJLB@?9?9@     0000000180016dc4     libvcruntime:undname.obj
 0002:00001dc8       ??_C@_01HNPIGOCE@?$CG@     0000000180016dc8     libvcruntime:undname.obj
 0002:00001dcc       ??_C@_03MNHNFDLC@?9?$DO?$CK@ 0000000180016dcc     libvcruntime:undname.obj
 0002:00001dd0       ??_C@_01KMDKNFGN@?1@       0000000180016dd0     libvcruntime:undname.obj
 0002:00001dd4       ??_C@_01FGNFDNOH@?$CF@     0000000180016dd4     libvcruntime:undname.obj
 0002:00001dd8       ??_C@_02EHCHHCKH@?$DM?$DN@ 0000000180016dd8     libvcruntime:undname.obj
 0002:00001ddc       ??_C@_02EEKDKGMJ@?$DO?$DN@ 0000000180016ddc     libvcruntime:undname.obj
 0002:00001de0       ??_C@_01IHBHIGKO@?0@       0000000180016de0     libvcruntime:undname.obj
 0002:00001de4       ??_C@_02HCKGKOFO@?$CI?$CJ@ 0000000180016de4     libvcruntime:undname.obj
 0002:00001de8       ??_C@_01PJKLJHI@?$HO@      0000000180016de8     libvcruntime:undname.obj
 0002:00001dec       ??_C@_01JKBOJNNK@?$FO@     0000000180016dec     libvcruntime:undname.obj
 0002:00001df0       ??_C@_01DNKMNLPK@?$HM@     0000000180016df0     libvcruntime:undname.obj
 0002:00001df4       ??_C@_02PPKAJPJL@?$CG?$CG@ 0000000180016df4     libvcruntime:undname.obj
 0002:00001df8       ??_C@_02NONPIBCD@?$HM?$HM@ 0000000180016df8     libvcruntime:undname.obj
 0002:00001dfc       ??_C@_02FPIMKNGF@?$CK?$DN@ 0000000180016dfc     libvcruntime:undname.obj
 0002:00001e00       ??_C@_02FOEOMHFC@?$CL?$DN@ 0000000180016e00     libvcruntime:undname.obj
 0002:00001e04       ??_C@_02FKMDLLOA@?9?$DN@   0000000180016e04     libvcruntime:undname.obj
 0002:00001e08       ??_C@_02FJEHGPIO@?1?$DN@   0000000180016e08     libvcruntime:undname.obj
 0002:00001e0c       ??_C@_02FENAOKFI@?$CF?$DN@ 0000000180016e0c     libvcruntime:undname.obj
 0002:00001e10       ??_C@_03IKFCCPFF@?$DO?$DO?$DN@ 0000000180016e10     libvcruntime:undname.obj
 0002:00001e14       ??_C@_03CDNPDDLA@?$DM?$DM?$DN@ 0000000180016e14     libvcruntime:undname.obj
 0002:00001e18       ??_C@_02FGJGFEAB@?$CG?$DN@ 0000000180016e18     libvcruntime:undname.obj
 0002:00001e1c       ??_C@_02DHLNPPGH@?$HM?$DN@ 0000000180016e1c     libvcruntime:undname.obj
 0002:00001e20       ??_C@_02MHEGNOJ@?$FO?$DN@  0000000180016e20     libvcruntime:undname.obj
 0002:00001e28       ??_C@_09IFPLHPGF@?$GAvftable?8@ 0000000180016e28     libvcruntime:undname.obj
 0002:00001e38       ??_C@_09BLBHBJP@?$GAvbtable?8@ 0000000180016e38     libvcruntime:undname.obj
 0002:00001e48       ??_C@_07FEEIOKP@?$GAvcall?8@ 0000000180016e48     libvcruntime:undname.obj
 0002:00001e50       ??_C@_08LLFFHHDJ@?$GAtypeof?8@ 0000000180016e50     libvcruntime:undname.obj
 0002:00001e60       ??_C@_0BF@KDPPACIK@?$GAlocal?5static?5guard?8@ 0000000180016e60     libvcruntime:undname.obj
 0002:00001e78       ??_C@_08OBABFOLI@?$GAstring?8@ 0000000180016e78     libvcruntime:undname.obj
 0002:00001e88       ??_C@_0BD@JDLKDPAB@?$GAvbase?5destructor?8@ 0000000180016e88     libvcruntime:undname.obj
 0002:00001ea0       ??_C@_0BN@DEGPLNFK@?$GAvector?5deleting?5destructor?8@ 0000000180016ea0     libvcruntime:undname.obj
 0002:00001ec0       ??_C@_0BO@OBMKPJIG@?$GAdefault?5constructor?5closure?8@ 0000000180016ec0     libvcruntime:undname.obj
 0002:00001ee0       ??_C@_0BN@IMDCHIKM@?$GAscalar?5deleting?5destructor?8@ 0000000180016ee0     libvcruntime:undname.obj
 0002:00001f00       ??_C@_0BO@PFGOCPJJ@?$GAvector?5constructor?5iterator?8@ 0000000180016f00     libvcruntime:undname.obj
 0002:00001f20       ??_C@_0BN@LFPFMEDL@?$GAvector?5destructor?5iterator?8@ 0000000180016f20     libvcruntime:undname.obj
 0002:00001f40       ??_C@_0CE@IKBNEHA@?$GAvector?5vbase?5constructor?5itera@ 0000000180016f40     libvcruntime:undname.obj
 0002:00001f68       ??_C@_0BL@NILFHHPC@?$GAvirtual?5displacement?5map?8@ 0000000180016f68     libvcruntime:undname.obj
 0002:00001f88       ??_C@_0CB@JONCMFFK@?$GAeh?5vector?5constructor?5iterator@ 0000000180016f88     libvcruntime:undname.obj
 0002:00001fb0       ??_C@_0CA@GCEOPDGL@?$GAeh?5vector?5destructor?5iterator?8@ 0000000180016fb0     libvcruntime:undname.obj
 0002:00001fd0       ??_C@_0CH@OOJPLCPH@?$GAeh?5vector?5vbase?5constructor?5it@ 0000000180016fd0     libvcruntime:undname.obj
 0002:00001ff8       ??_C@_0BL@LLKPOHJI@?$GAcopy?5constructor?5closure?8@ 0000000180016ff8     libvcruntime:undname.obj
 0002:00002018       ??_C@_0BA@KBCDOMBN@?$GAudt?5returning?8@ 0000000180017018     libvcruntime:undname.obj
 0002:00002028       ??_C@_03KLGMFNMG@?$GAEH@   0000000180017028     libvcruntime:undname.obj
 0002:0000202c       ??_C@_05KHLCHHI@?$GARTTI@  000000018001702c     libvcruntime:undname.obj
 0002:00002038       ??_C@_0BA@KKLDJDLB@?$GAlocal?5vftable?8@ 0000000180017038     libvcruntime:undname.obj
 0002:00002048       ??_C@_0CE@IIHCMGGL@?$GAlocal?5vftable?5constructor?5clos@ 0000000180017048     libvcruntime:undname.obj
 0002:0000206c       ??_C@_06FHBGPFGH@?5new?$FL?$FN@ 000000018001706c     libvcruntime:undname.obj
 0002:00002078       ??_C@_09LBNFPBCA@?5delete?$FL?$FN@ 0000000180017078     libvcruntime:undname.obj
 0002:00002088       ??_C@_0P@HJKNJFNN@?$GAomni?5callsig?8@ 0000000180017088     libvcruntime:undname.obj
 0002:00002098       ??_C@_0BL@CNOONJFP@?$GAplacement?5delete?5closure?8@ 0000000180017098     libvcruntime:undname.obj
 0002:000020b8       ??_C@_0BN@CKNJLHMB@?$GAplacement?5delete?$FL?$FN?5closure?8@ 00000001800170b8     libvcruntime:undname.obj
 0002:000020d8       ??_C@_0CG@CFDHKGGD@?$GAmanaged?5vector?5constructor?5ite@ 00000001800170d8     libvcruntime:undname.obj
 0002:00002100       ??_C@_0CF@IMGKMJNO@?$GAmanaged?5vector?5destructor?5iter@ 0000000180017100     libvcruntime:undname.obj
 0002:00002128       ??_C@_0CG@HLDDJMAG@?$GAeh?5vector?5copy?5constructor?5ite@ 0000000180017128     libvcruntime:undname.obj
 0002:00002150       ??_C@_0CM@FCBBDIGB@?$GAeh?5vector?5vbase?5copy?5construct@ 0000000180017150     libvcruntime:undname.obj
 0002:00002180       ??_C@_0BL@CLIPGLGB@?$GAdynamic?5initializer?5for?5?8@ 0000000180017180     libvcruntime:undname.obj
 0002:000021a0       ??_C@_0CB@PDBIFEP@?$GAdynamic?5atexit?5destructor?5for?5@ 00000001800171a0     libvcruntime:undname.obj
 0002:000021c8       ??_C@_0CD@CGAJBKEJ@?$GAvector?5copy?5constructor?5iterat@ 00000001800171c8     libvcruntime:undname.obj
 0002:000021f0       ??_C@_0CJ@GJELGAMM@?$GAvector?5vbase?5copy?5constructor?5@ 00000001800171f0     libvcruntime:undname.obj
 0002:00002220       ??_C@_0CL@FGIJHLCE@?$GAmanaged?5vector?5copy?5constructo@ 0000000180017220     libvcruntime:undname.obj
 0002:00002250       ??_C@_0BM@PMGGMLDN@?$GAlocal?5static?5thread?5guard?8@ 0000000180017250     libvcruntime:undname.obj
 0002:00002270       ??_C@_0N@BDNMDMOL@operator?5?$CC?$CC?5@ 0000000180017270     libvcruntime:undname.obj
 0002:00002280       ??_C@_0BC@GGEBGALA@operator?5co_await@ 0000000180017280     libvcruntime:undname.obj
 0002:00002298       ??_C@_0M@GAAIMMOH@operator?$DM?$DN?$DO@ 0000000180017298     libvcruntime:undname.obj
 0002:000022a8       ??_C@_0BC@DAFEJGAK@?5Type?5Descriptor?8@ 00000001800172a8     libvcruntime:undname.obj
 0002:000022c0       ??_C@_0BM@LDKODKLH@?5Base?5Class?5Descriptor?5at?5?$CI@ 00000001800172c0     libvcruntime:undname.obj
 0002:000022e0       ??_C@_0BD@LGICGFMM@?5Base?5Class?5Array?8@ 00000001800172e0     libvcruntime:undname.obj
 0002:000022f8       ??_C@_0BN@MECKDCOJ@?5Class?5Hierarchy?5Descriptor?8@ 00000001800172f8     libvcruntime:undname.obj
 0002:00002318       ??_C@_0BK@CFCOFLF@?5Complete?5Object?5Locator?8@ 0000000180017318     libvcruntime:undname.obj
 0002:00002338       ??_C@_0BG@JNJLAMPM@?$GAanonymous?5namespace?8@ 0000000180017338     libvcruntime:undname.obj
 0002:00002368       ??_C@_1DM@KHCHBNEB@?$AAa?$AAp?$AAi?$AA?9?$AAm?$AAs?$AA?9?$AAw?$AAi?$AAn?$AA?9?$AAc?$AAo?$AAr?$AAe@ 0000000180017368     libvcruntime:winapi_downlevel.obj
 0002:000023a8       ??_C@_1DK@LPPGFMPP@?$AAa?$AAp?$AAi?$AA?9?$AAm?$AAs?$AA?9?$AAw?$AAi?$AAn?$AA?9?$AAc?$AAo?$AAr?$AAe@ 00000001800173a8     libvcruntime:winapi_downlevel.obj
 0002:000023e8       ??_C@_1BC@GDMECMAK@?$AAk?$AAe?$AAr?$AAn?$AAe?$AAl?$AA3?$AA2@ 00000001800173e8     libvcruntime:winapi_downlevel.obj
 0002:00002400       ??_C@_1BA@PFFKHIOG@?$AAa?$AAp?$AAi?$AA?9?$AAm?$AAs?$AA?9@ 0000000180017400     libvcruntime:winapi_downlevel.obj
 0002:00002418       ??_C@_08KNHFBNJ@FlsAlloc@  0000000180017418     libvcruntime:winapi_downlevel.obj
 0002:00002430       ??_C@_07PEJMOBNF@FlsFree@  0000000180017430     libvcruntime:winapi_downlevel.obj
 0002:00002440       ??_C@_0M@GDNOONDI@FlsGetValue@ 0000000180017440     libvcruntime:winapi_downlevel.obj
 0002:00002458       ??_C@_0M@JCPCPOEF@FlsSetValue@ 0000000180017458     libvcruntime:winapi_downlevel.obj
 0002:00002470       ??_C@_0BM@HCFOFFN@InitializeCriticalSectionEx@ 0000000180017470     libvcruntime:winapi_downlevel.obj
 0002:00002600       __newctype                 0000000180017600     libucrt:ctype.obj
 0002:00002900       __newclmap                 0000000180017900     libucrt:ctype.obj
 0002:00002a80       __newcumap                 0000000180017a80     libucrt:ctype.obj
 0002:000048b0       __acrt_exception_action_table 00000001800198b0     libucrt:exception_filter.obj
 0002:00004970       __acrt_signal_action_table_count 0000000180019970     libucrt:exception_filter.obj
 0002:00004978       __acrt_signal_action_first_fpe_index 0000000180019978     libucrt:exception_filter.obj
 0002:00004980       __acrt_signal_action_fpe_count 0000000180019980     libucrt:exception_filter.obj
 0002:00004988       ??_C@_1BI@BGOHAHKC@?$AAm?$AAs?$AAc?$AAo?$AAr?$AAe?$AAe?$AA?4?$AAd?$AAl?$AAl@ 0000000180019988     libucrt:exit.obj
 0002:000049a0       ??_C@_0P@MIGLKIOC@CorExitProcess@ 00000001800199a0     libucrt:exit.obj
 0002:00004ab0       __lc_time_c                0000000180019ab0     libucrt:nlsdata.obj
 0002:00004d70       ??_C@_03KOEHGMDN@Sun@      0000000180019d70     libucrt:nlsdata.obj
 0002:00004d74       ??_C@_03PDAGKDH@Mon@       0000000180019d74     libucrt:nlsdata.obj
 0002:00004d78       ??_C@_03NAGEINEP@Tue@      0000000180019d78     libucrt:nlsdata.obj
 0002:00004d7c       ??_C@_03MHOMLAJA@Wed@      0000000180019d7c     libucrt:nlsdata.obj
 0002:00004d80       ??_C@_03IOFIKPDN@Thu@      0000000180019d80     libucrt:nlsdata.obj
 0002:00004d84       ??_C@_03IDIOELNC@Fri@      0000000180019d84     libucrt:nlsdata.obj
 0002:00004d88       ??_C@_03FEFJNEK@Sat@       0000000180019d88     libucrt:nlsdata.obj
 0002:00004d8c       ??_C@_06OOPIFAJ@Sunday@    0000000180019d8c     libucrt:nlsdata.obj
 0002:00004d94       ??_C@_06JLEDEDGH@Monday@   0000000180019d94     libucrt:nlsdata.obj
 0002:00004da0       ??_C@_07BAAGCFCM@Tuesday@  0000000180019da0     libucrt:nlsdata.obj
 0002:00004da8       ??_C@_09DLIGFAKA@Wednesday@ 0000000180019da8     libucrt:nlsdata.obj
 0002:00004db8       ??_C@_08HACCIKIA@Thursday@ 0000000180019db8     libucrt:nlsdata.obj
 0002:00004dc4       ??_C@_06JECMNKMI@Friday@   0000000180019dc4     libucrt:nlsdata.obj
 0002:00004dd0       ??_C@_08INBOOONO@Saturday@ 0000000180019dd0     libucrt:nlsdata.obj
 0002:00004ddc       ??_C@_03JIHJHPIE@Jan@      0000000180019ddc     libucrt:nlsdata.obj
 0002:00004de0       ??_C@_03HJBDCHOM@Feb@      0000000180019de0     libucrt:nlsdata.obj
 0002:00004de4       ??_C@_03ODNJBKGA@Mar@      0000000180019de4     libucrt:nlsdata.obj
 0002:00004de8       ??_C@_03LEOLGMJP@Apr@      0000000180019de8     libucrt:nlsdata.obj
 0002:00004dec       ??_C@_03CNMDKL@May@        0000000180019dec     libucrt:nlsdata.obj
 0002:00004df0       ??_C@_03IDFGHECI@Jun@      0000000180019df0     libucrt:nlsdata.obj
 0002:00004df4       ??_C@_03LBGABGKK@Jul@      0000000180019df4     libucrt:nlsdata.obj
 0002:00004df8       ??_C@_03IFJFEIGA@Aug@      0000000180019df8     libucrt:nlsdata.obj
 0002:00004dfc       ??_C@_03GGCAPAJC@Sep@      0000000180019dfc     libucrt:nlsdata.obj
 0002:00004e00       ??_C@_03BMAOKBAD@Oct@      0000000180019e00     libucrt:nlsdata.obj
 0002:00004e04       ??_C@_03JPJOFNIA@Nov@      0000000180019e04     libucrt:nlsdata.obj
 0002:00004e08       ??_C@_03MKABNOCG@Dec@      0000000180019e08     libucrt:nlsdata.obj
 0002:00004e10       ??_C@_07CGJPFGJA@January@  0000000180019e10     libucrt:nlsdata.obj
 0002:00004e18       ??_C@_08GNJGEPFN@February@ 0000000180019e18     libucrt:nlsdata.obj
 0002:00004e24       ??_C@_05HPCKOFNC@March@    0000000180019e24     libucrt:nlsdata.obj
 0002:00004e2c       ??_C@_05DMJDNLEJ@April@    0000000180019e2c     libucrt:nlsdata.obj
 0002:00004e34       ??_C@_04CNLMGBGM@June@     0000000180019e34     libucrt:nlsdata.obj
 0002:00004e3c       ??_C@_04MIEPOIFP@July@     0000000180019e3c     libucrt:nlsdata.obj
 0002:00004e44       ??_C@_06LBBHFDDG@August@   0000000180019e44     libucrt:nlsdata.obj
 0002:00004e50       ??_C@_09BHHEALKD@September@ 0000000180019e50     libucrt:nlsdata.obj
 0002:00004e60       ??_C@_07JJNFCEND@October@  0000000180019e60     libucrt:nlsdata.obj
 0002:00004e68       ??_C@_08HCHEGEOA@November@ 0000000180019e68     libucrt:nlsdata.obj
 0002:00004e78       ??_C@_08EDHMEBNP@December@ 0000000180019e78     libucrt:nlsdata.obj
 0002:00004e84       ??_C@_02DEDBPAFC@AM@       0000000180019e84     libucrt:nlsdata.obj
 0002:00004e88       ??_C@_02CJNFDJBF@PM@       0000000180019e88     libucrt:nlsdata.obj
 0002:00004e90       ??_C@_08BPBNCDIB@MM?1dd?1yy@ 0000000180019e90     libucrt:nlsdata.obj
 0002:00004ea0       ??_C@_0BE@CKGJFCPC@dddd?0?5MMMM?5dd?0?5yyyy@ 0000000180019ea0     libucrt:nlsdata.obj
 0002:00004eb8       ??_C@_08JCCMCCIL@HH?3mm?3ss@ 0000000180019eb8     libucrt:nlsdata.obj
 0002:00004ec8       ??_C@_17MBGCMIPB@?$AAS?$AAu?$AAn@ 0000000180019ec8     libucrt:nlsdata.obj
 0002:00004ed0       ??_C@_17KBOMKBF@?$AAM?$AAo?$AAn@ 0000000180019ed0     libucrt:nlsdata.obj
 0002:00004ed8       ??_C@_17BMKGEGOJ@?$AAT?$AAu?$AAe@ 0000000180019ed8     libucrt:nlsdata.obj
 0002:00004ee0       ??_C@_17CJEDCEPE@?$AAW?$AAe?$AAd@ 0000000180019ee0     libucrt:nlsdata.obj
 0002:00004ee8       ??_C@_17PDPHAADD@?$AAT?$AAh?$AAu@ 0000000180019ee8     libucrt:nlsdata.obj
 0002:00004ef0       ??_C@_17HFOLPPLP@?$AAF?$AAr?$AAi@ 0000000180019ef0     libucrt:nlsdata.obj
 0002:00004ef8       ??_C@_17GGIBDPIH@?$AAS?$AAa?$AAt@ 0000000180019ef8     libucrt:nlsdata.obj
 0002:00004f00       ??_C@_1O@IHNHDHPB@?$AAS?$AAu?$AAn?$AAd?$AAa?$AAy@ 0000000180019f00     libucrt:nlsdata.obj
 0002:00004f10       ??_C@_1O@MMNBFLIA@?$AAM?$AAo?$AAn?$AAd?$AAa?$AAy@ 0000000180019f10     libucrt:nlsdata.obj
 0002:00004f20       ??_C@_1BA@ENFBFFEK@?$AAT?$AAu?$AAe?$AAs?$AAd?$AAa?$AAy@ 0000000180019f20     libucrt:nlsdata.obj
 0002:00004f30       ??_C@_1BE@EBOGMDOH@?$AAW?$AAe?$AAd?$AAn?$AAe?$AAs?$AAd?$AAa?$AAy@ 0000000180019f30     libucrt:nlsdata.obj
 0002:00004f48       ??_C@_1BC@HHMNLIHE@?$AAT?$AAh?$AAu?$AAr?$AAs?$AAd?$AAa?$AAy@ 0000000180019f48     libucrt:nlsdata.obj
 0002:00004f60       ??_C@_1O@PDICJHAG@?$AAF?$AAr?$AAi?$AAd?$AAa?$AAy@ 0000000180019f60     libucrt:nlsdata.obj
[...]
 0002:00011fd0       $unwind$__acrt_LCMapStringEx 0000000180026fd0     libucrt:winapi_thunks.obj
 0002:00011fe4       $unwind$?construct_ptd_array@@YAXQEAU__acrt_ptd@@@Z 0000000180026fe4     libucrt:per_thread_data.obj
 0002:00011fec       $unwind$?destroy_ptd_array@@YAXQEAU__acrt_ptd@@@Z 0000000180026fec     libucrt:per_thread_data.obj
 0002:00011ff4       $unwind$??$?RV<lambda_0ae27a3a962d80f24befdcbee591983d>@@AEAV<lambda_8d0ee55de4b1038c4002e0adecdf1839>@@V<lambda_dc504788e8f1664fe9b84e20bfb512f2>@@@?$__crt_seh_guarded_call@X@@QEAAX$$QEAV<lambda_0ae27a3a962d80f24befdcbee591983d>@@AEAV<lambda_8d0ee55de4b1038c4002e0adecdf1839>@@$$QEAV<lambda_dc504788e8f1664fe9b84e20bfb512f2>@@@Z 0000000180026ff4     libucrt:per_thread_data.obj
 0002:00012018       $unwind$??$?RV<lambda_aa87e3671a710a21b5dc78c0bdf72e11>@@AEAV<lambda_92619d2358a28f41a33ba319515a20b9>@@V<lambda_6992ecaafeb10aed2b74cb1fae11a551>@@@?$__crt_seh_guarded_call@X@@QEAAX$$QEAV<lambda_aa87e3671a710a21b5dc78c0bdf72e11>@@AEAV<lambda_92619d2358a28f41a33ba319515a20b9>@@$$QEAV<lambda_6992ecaafeb10aed2b74cb1fae11a551>@@@Z 0000000180027018     libucrt:per_thread_data.obj
 0002:0001203c       $unwind$??$?RV<lambda_f2e299630e499de9f9a165e60fcd3db5>@@AEAV<lambda_2ae9d31cdba2644fcbeaf08da7c24588>@@V<lambda_40d01ff24d0e7b3814fdbdcee8eab3c7>@@@?$__crt_seh_guarded_call@X@@QEAAX$$QEAV<lambda_f2e299630e499de9f9a165e60fcd3db5>@@AEAV<lambda_2ae9d31cdba2644fcbeaf08da7c24588>@@$$QEAV<lambda_40d01ff24d0e7b3814fdbdcee8eab3c7>@@@Z 000000018002703c     libucrt:per_thread_data.obj
 0002:00012060       $unwind$??$?RV<lambda_2d41944a1d46af3157314b8a01080d33>@@AEAV<lambda_8f455de75cd7d7f24b4096f044d8b9e6>@@V<lambda_aa500f224e6afead328df44964fe2772>@@@?$__crt_seh_guarded_call@X@@QEAAX$$QEAV<lambda_2d41944a1d46af3157314b8a01080d33>@@AEAV<lambda_8f455de75cd7d7f24b4096f044d8b9e6>@@$$QEAV<lambda_aa500f224e6afead328df44964fe2772>@@@Z 0000000180027060     libucrt:per_thread_data.obj
 0002:00012084       $unwind$__acrt_uninitialize_locale 0000000180027084     libucrt:wsetlocale.obj
 0002:00012084       $unwind$__acrt_get_sigabrt_handler 0000000180027084     libucrt:signal.obj
 0002:0001208c       $unwind$??$?RV<lambda_410d79af7f07d98d83a3f525b3859a53>@@AEAV<lambda_3e16ef9562a7dcce91392c22ab16ea36>@@V<lambda_38119f0e861e05405d8a144b9b982f0a>@@@?$__crt_seh_guarded_call@X@@QEAAX$$QEAV<lambda_410d79af7f07d98d83a3f525b3859a53>@@AEAV<lambda_3e16ef9562a7dcce91392c22ab16ea36>@@$$QEAV<lambda_38119f0e861e05405d8a144b9b982f0a>@@@Z 000000018002708c     libucrt:wsetlocale.obj
 0002:000120b4       $unwind$__acrt_initialize_lowio 00000001800270b4     libucrt:ioinit.obj
 0002:000120d4       $unwind$?initialize_inherited_file_handles_nolock@@YAXXZ 00000001800270d4     libucrt:ioinit.obj
 0002:000120f0       $unwind$__acrt_initialize_winapi_thunks 00000001800270f0     libucrt:winapi_thunks.obj
 0002:000120f8       $unwind$_fcloseall         00000001800270f8     libucrt:closeall.obj
 0002:0001211c       $unwind$__acrt_WideCharToMultiByte 000000018002711c     libucrt:widechartomultibyte.obj
 0002:00012128       $unwind$?__mbsrtowcs_utf8@__crt_mbstring@@YA_KPEA_WPEAPEBD_KPEAU_Mbstatet@@@Z 0000000180027128     libucrt:mbrtowc.obj
 0002:00012140       $unwind$_putwch_nolock     0000000180027140     libucrt:putwch.obj
 0002:00012148       $unwind$__dcrt_lowio_ensure_console_output_initialized 0000000180027148     libucrt:initcon.obj
 0002:00012148       $unwind$_isleadbyte_l      0000000180027148     libucrt:_wctype.obj
 0002:00012148       $unwind$?getSystemCP@@YAHH@Z 0000000180027148     libucrt:mbctype.obj
 0002:00012150       $unwind$__acrt_LCMapStringA 0000000180027150     libucrt:lcmapstringa.obj
 0002:00012160       $unwind$?__acrt_LCMapStringA_stat@@YAHPEAU__crt_locale_pointers@@PEB_WKPEBDHPEADHHH@Z 0000000180027160     libucrt:lcmapstringa.obj
 0002:00012188       $unwind$??$?RV<lambda_a37b2b86f63e897a80ea819b0eb08c01>@@AEAV<lambda_38ce7e780aa69e748d6df282ebc68efe>@@V<lambda_99fb1378e971ab6e7edea83e3a7a83a2>@@@?$__crt_seh_guarded_call@H@@QEAAH$$QEAV<lambda_a37b2b86f63e897a80ea819b0eb08c01>@@AEAV<lambda_38ce7e780aa69e748d6df282ebc68efe>@@$$QEAV<lambda_99fb1378e971ab6e7edea83e3a7a83a2>@@@Z 0000000180027188     libucrt:commit.obj
 0002:000121ac       $unwind$__acrt_GetStringTypeA 00000001800271ac     libucrt:getstringtypea.obj
 0002:000121d4       $unwind$_raise_exc_ex      00000001800271d4     libucrt:fpexcept.obj
 0002:000121e8       $unwind$_ctrlfp            00000001800271e8     libucrt:fpctrl.obj
 0002:00012210       $unwind$__acrt_initialize_fma3 0000000180027210     libucrt:fma3_available.obj
 0002:00012218       $unwind$_powf_special      0000000180027218     libucrt:pow_special.obj
 0002:00012228       $unwind$_pow_special       0000000180027228     libucrt:pow_special.obj
 0002:00012234       $unwind$raise              0000000180027234     libucrt:signal.obj
 0002:00012270       $unwind$??$?RV<lambda_450d765d439847d4c735a33c368b5fc0>@@AEAV<lambda_44731a7d0e6d81c3e6aa82d741081786>@@V<lambda_601a2a7da3b7a96e9554ac7215c4b07c>@@@?$__crt_seh_guarded_call@P6AXH@Z@@QEAAP6AXH@Z$$QEAV<lambda_450d765d439847d4c735a33c368b5fc0>@@AEAV<lambda_44731a7d0e6d81c3e6aa82d741081786>@@$$QEAV<lambda_601a2a7da3b7a96e9554ac7215c4b07c>@@@Z 0000000180027270     libucrt:signal.obj
 0002:00012294       $unwind$__dcrt_get_narrow_environment_from_os 0000000180027294     libucrt:get_environment_from_os.obj
 0002:00012294       $unwind$??$__acrt_wcs_to_mbs_cp@U__crt_win32_buffer_internal_dynamic_resizing@@@@YAHQEB_WAEAV?$__crt_win32_buffer@DU__crt_win32_buffer_internal_dynamic_resizing@@@@I@Z 0000000180027294     libucrt:argv_wildcards.obj
 0002:000122ac       $unwind$??$common_expand_argv_wildcards@D@@YAHQEAPEADQEAPEAPEAD@Z 00000001800272ac     libucrt:argv_wildcards.obj
 0002:000122c4       $unwind$??$copy_and_add_argument_to_buffer@D@@YAHQEBD0_KAEAV?$argument_list@D@?A0x5f5c8891@@@Z 00000001800272c4     libucrt:argv_wildcards.obj
 0002:000122e0       $unwind$??$expand_argument_wildcards@D@@YAHQEAD0AEAV?$argument_list@D@?A0x5f5c8891@@@Z 00000001800272e0     libucrt:argv_wildcards.obj
 0002:00012304       $unwind$__acrt_GetModuleFileNameA 0000000180027304     libucrt:getmodulefilenamea.obj
 0002:00012320       $unwind$_setmbcp_nolock    0000000180027320     libucrt:mbctype.obj
 0002:00012340       $unwind$?update_thread_multibyte_data_internal@@YAPEAU__crt_multibyte_data@@QEAU__acrt_ptd@@QEAPEAU1@@Z 0000000180027340     libucrt:mbctype.obj
 0002:00012368       $unwind$?setmbcp_internal@@YAHH_NQEAU__acrt_ptd@@QEAPEAU__crt_multibyte_data@@@Z 0000000180027368     libucrt:mbctype.obj
 0002:00012378       $unwind$?setSBUpLow@@YAXPEAU__crt_multibyte_data@@@Z 0000000180027378     libucrt:mbctype.obj
 0002:00012394       $unwind$??$?RV<lambda_efdfa57d1f175319df784efa44bb7b81>@@AEAV<lambda_5f0a4c1567f8adc6734073e5d1e1b35c>@@V<lambda_2e8a7d3640ea6ccb4c2413664c2db6fd>@@@?$__crt_seh_guarded_call@X@@QEAAX$$QEAV<lambda_efdfa57d1f175319df784efa44bb7b81>@@AEAV<lambda_5f0a4c1567f8adc6734073e5d1e1b35c>@@$$QEAV<lambda_2e8a7d3640ea6ccb4c2413664c2db6fd>@@@Z 0000000180027394     libucrt:mbctype.obj
 0002:000123b8       $unwind$?x_ismbbtype_l@@YAHPEAU__crt_locale_pointers@@IHH@Z 00000001800273b8     libucrt:ismbbyte.obj
 0002:000123c8       $unwind$__acrt_update_thread_locale_data 00000001800273c8     libucrt:locale_refcounting.obj
 0002:000123ec       $unwind$__acrt_locale_free_monetary 00000001800273ec     libucrt:initmon.obj
 0002:000123f4       $unwind$__acrt_locale_free_time 00000001800273f4     libucrt:inittime.obj
 0002:00012404       $unwind$?__mbrtoc32_utf8@__crt_mbstring@@YA_KPEA_UPEBD_KPEAU_Mbstatet@@@Z 0000000180027404     libucrt:mbrtoc32.obj
 0002:00012420       $xdatasym                  0000000180027420     libucrt:fpsr.obj
 0002:00012428       $unwind$_call_matherr      0000000180027428     libucrt:libm_error.obj
 0002:00012430       $unwind$_handle_error      0000000180027430     libucrt:libm_error.obj
 0002:00012430       $unwind$_handle_errorf     0000000180027430     libucrt:libm_error.obj
 0002:00012450       $unwind$strpbrk            0000000180027450     libucrt:strpbrk.obj
 0002:00012460       $unwind$fallbackMethod     0000000180027460     libucrt:strpbrk.obj
 0002:00012470       $unwind$_mbsdec_l          0000000180027470     libucrt:mbsdec.obj
 0002:00012480       $xdatasym                  0000000180027480     libucrt:log10.obj
 0002:0001248c       $unwind$_log_special_common 000000018002748c     libucrt:log_special.obj
 0002:00012498       $unwind$_IsNonwritableInCurrentImage 0000000180027498     LIBCMT:pesect.obj
 0002:000124c0       $xdatasym                  00000001800274c0     libucrt:sinf.obj
 0002:000124c8       $xdatasym                  00000001800274c8     libucrt:remainder_piby2f_forc.obj
 0002:000124d8       $unwind$_sincosf_special   00000001800274d8     libucrt:sincos_special.obj
 0002:000126c0       .edata                     00000001800276c0     SixMansPlugin-Rework.exp
 0002:000126e8       rgpv                       00000001800276e8     SixMansPlugin-Rework.exp
 0002:0001271c       rgszName                   000000018002771c     SixMansPlugin-Rework.exp
 0002:00012750       rgwOrd                     0000000180027750     SixMansPlugin-Rework.exp
 0002:0001276a       szName                     000000018002776a     SixMansPlugin-Rework.exp
 0002:00012783       $N00001                    0000000180027783     SixMansPlugin-Rework.exp
 0002:000127ba       $N00002                    00000001800277ba     SixMansPlugin-Rework.exp
 0002:000127ef       $N00003                    00000001800277ef     SixMansPlugin-Rework.exp
 0002:0001281c       $N00004                    000000018002781c     SixMansPlugin-Rework.exp
 0002:00012849       $N00005                    0000000180027849     SixMansPlugin-Rework.exp
 0002:00012887       $N00006                    0000000180027887     SixMansPlugin-Rework.exp
 0002:000128c3       $N00007                    00000001800278c3     SixMansPlugin-Rework.exp
 0002:000128ed       $N00008                    00000001800278ed     SixMansPlugin-Rework.exp
 0002:0001292b       $N00009                    000000018002792b     SixMansPlugin-Rework.exp
 0002:0001295d       $N00010                    000000018002795d     SixMansPlugin-Rework.exp
 0002:00012991       $N00011                    0000000180027991     SixMansPlugin-Rework.exp
 0002:0001299a       $N00012                    000000018002799a     SixMansPlugin-Rework.exp
 0002:000129a2       $N00013                    00000001800279a2     SixMansPlugin-Rework.exp
 0002:00012c68       .idata$6                   0000000180027c68     kernel32:KERNEL32.dll
 0003:00000000       ?init@std@@3JA             0000000180029000     libcpmt:xlock.obj
 0003:00000008       ?atcount_cdecl@@3_KA       0000000180029008     libcpmt:iosptrs.obj
 0003:00000050       ?__vcrt_flsindex@@3KA      0000000180029050     libvcruntime:per_thread_data.obj
 0003:00000168       ?errno_no_memory@@3HA      0000000180029168     libucrt:errno.obj
 0003:0000016c       ?doserrno_no_memory@@3KA   000000018002916c     libucrt:errno.obj
 0003:00000314       ?__acrt_flsindex@@3KA      0000000180029314     libucrt:per_thread_data.obj
 0003:00000490       ?dazSupported@?1??_ctrlfp@@9@9 0000000180029490     libucrt:fpctrl.obj
 0003:000004a0       ?tzstd_program@@3PADA      00000001800294a0     libucrt:timeset.obj
 0003:000004e0       ?tzdst_program@@3PADA      00000001800294e0     libucrt:timeset.obj
 0003:00000520       ?w_tzstd_program@@3PA_WA   0000000180029520     libucrt:timeset.obj
 0003:000005a0       ?w_tzdst_program@@3PA_WA   00000001800295a0     libucrt:timeset.obj
 0003:00000620       ?tzname_states@@3PAY01PEADA 0000000180029620     libucrt:timeset.obj
 0003:00000630       ?w_tzname_states@@3PAY01PEA_WA 0000000180029630     libucrt:timeset.obj
 0003:00000870       _mbctypes                  0000000180029870     libucrt:mbctype.obj
 0003:00000980       _mbcasemaps                0000000180029980     libucrt:mbctype.obj
 0003:00000a80       ?__rgctypeflag@@3PADA      0000000180029a80     libucrt:mbctype.obj
 0003:00000a90       ?__rgcode_page_info@@3PAUcode_page_info@@A 0000000180029a90     libucrt:mbctype.obj
 0003:00000b80       ?__dcrt_lowio_console_output_handle@@3PEAXEA 0000000180029b80     libucrt:initcon.obj
 0003:00000d60       ?MAP_CODENAMES@@3QBV?$basic_string@DU?$char_traits@D@std@@V?$allocator@D@2@@std@@B 0000000180029d60     SixMansPlugin-Rework.obj
 0003:000011c0       ?MAP_CODENAMES@@3QBV?$basic_string@DU?$char_traits@D@std@@V?$allocator@D@2@@std@@B 000000018002a1c0     SixMansPlugin-ReworkGUI.obj
 0003:00001840       ?classic_locale@std@@3Vlocale@1@A 000000018002a840     libcpmt:locale0.obj
 0003:00001858       ?_Fac_head@std@@3PEAU_Fac_node@1@EA 000000018002a858     libcpmt:locale0.obj
 0003:00001860       ?_Fac_tidy_reg@std@@3U_Fac_tidy_reg_t@1@B 000000018002a860     libcpmt:locale0.obj
 0003:00001868       global_locale              000000018002a868     libcpmt:locale0.obj
 0003:00001870       ?initlocks@std@@3V_Init_locks@1@A 000000018002a870     libcpmt:xlock.obj
 0003:00001880       ?mtx@std@@3PAU_RTL_CRITICAL_SECTION@@A 000000018002a880     libcpmt:xlock.obj
 0003:000019d0       ?stdstr@std@@3PAPEAVios_base@1@A 000000018002a9d0     libcpmt:ios.obj
 0003:00001a20       ?stdopens@std@@3PADA       000000018002aa20     libcpmt:ios.obj
 0003:00001a80       ?initlocks@std@@3V_Init_locks@1@A 000000018002aa80     libcpmt:iosptrs.obj
 0003:00001a81       ?init_atexit@@3U_Init_atexit@@A 000000018002aa81     libcpmt:iosptrs.obj
 0003:00001a90       ?atfuns_cdecl@@3PAP6AXXZA  000000018002aa90     libcpmt:iosptrs.obj
 0003:00001bc8       ?g_tss_cv@@3U_RTL_CONDITION_VARIABLE@@A 000000018002abc8     LIBCMT:thread_safe_statics.obj
 0003:00001bd0       ?g_tss_event@@3PEAXEA      000000018002abd0     LIBCMT:thread_safe_statics.obj
 0003:00001bd8       ?g_tss_mutex@@3U_RTL_CRITICAL_SECTION@@A 000000018002abd8     LIBCMT:thread_safe_statics.obj
 0003:00001c00       ?g_sleep_condition_variable_cs@@3P6AHPEAU_RTL_CONDITION_VARIABLE@@PEAU_RTL_CRITICAL_SECTION@@K@ZEA 000000018002ac00     LIBCMT:thread_safe_statics.obj
 0003:00001c08       ?g_wake_all_condition_variable@@3P6AXPEAU_RTL_CONDITION_VARIABLE@@@ZEA 000000018002ac08     LIBCMT:thread_safe_statics.obj
 0003:00001c20       ?is_initialized_as_dll@@3_NA 000000018002ac20     LIBCMT:utility.obj
 0003:00001c21       ?module_local_atexit_table_initialized@@3_NA 000000018002ac21     LIBCMT:utility.obj
 0003:00001c28       ?module_local_atexit_table@@3U_onexit_table_t@@A 000000018002ac28     LIBCMT:utility.obj
 0003:00001c40       ?module_local_at_quick_exit_table@@3U_onexit_table_t@@A 000000018002ac40     LIBCMT:utility.obj
 0003:00001c60       GS_ExceptionRecord         000000018002ac60     LIBCMT:gs_report.obj
 0003:00001d00       GS_ContextRecord           000000018002ad00     LIBCMT:gs_report.obj
 0003:000021d0       ?__proc_attached@@3HA      000000018002b1d0     LIBCMT:dll_dllmain.obj
 0003:00002200       ?__vcrt_startup_thread_ptd@@3U__vcrt_ptd@@A 000000018002b200     libvcruntime:per_thread_data.obj
 0003:00002288       __vcrt_lock_table          000000018002b288     libvcruntime:locks.obj
 0003:000022b0       __vcrt_locks_initialized   000000018002b2b0     libvcruntime:locks.obj
 0003:000022f8       ?heap@@3V_HeapManager@@A   000000018002b2f8     libvcruntime:undname.obj
 0003:00002320       ?module_handles@@3PAPEAUHINSTANCE__@@A 000000018002b320     libvcruntime:winapi_downlevel.obj
 0003:00002338       ?function_pointers@@3PAPEAXA 000000018002b338     libvcruntime:winapi_downlevel.obj
 0003:00002370       ?__acrt_invalid_parameter_handler@@3V?$dual_state_global@P6AXPEB_W00I_K@Z@__crt_state_management@@A 000000018002b370     libucrt:invalid_parameter.obj
 0003:00002380       ?__acrt_lock_table@@3PAU_RTL_CRITICAL_SECTION@@A 000000018002b380     libucrt:locks.obj
 0003:000025b0       ?__acrt_locks_initialized@@3IA 000000018002b5b0     libucrt:locks.obj
 0003:000025b8       ?__acrt_new_handler@@3V?$dual_state_global@P6AH_K@Z@__crt_state_management@@A 000000018002b5b8     libucrt:new_handler.obj
 0003:000025c0       ?c_termination_complete@@3JA 000000018002b5c0     libucrt:exit.obj
 0003:000025c8       ?thread_local_exit_callback_func@@3P6AXPEAXK0@ZEA 000000018002b5c8     libucrt:exit.obj
 0003:000025e0       ?program_name@?1???$common_configure_argv@D@@YAHW4_crt_argv_mode@@@Z@4PADA 000000018002b5e0     libucrt:argv_parsing.obj
 0003:00002738       ?internal_state@?1??_mbtowc_l@@9@4U_Mbstatet@@A 000000018002b738     libucrt:mbtowc.obj
 0003:00002b70       ?module_handles@@3PAPEAUHINSTANCE__@@A 000000018002bb70     libucrt:winapi_thunks.obj
 0003:00002c10       ?encoded_function_pointers@@3PAPEAXA 000000018002bc10     libucrt:winapi_thunks.obj
 0003:00002d20       ?__acrt_app_type@@3W4_crt_app_type@@A 000000018002bd20     libucrt:report_runtime_error.obj
 0003:00002d30       ?ctrlc_action@@3V?$dual_state_global@P6AXH@Z@__crt_state_management@@A 000000018002bd30     libucrt:signal.obj
 0003:00002d38       ?ctrlbreak_action@@3V?$dual_state_global@P6AXH@Z@__crt_state_management@@A 000000018002bd38     libucrt:signal.obj
 0003:00002d40       ?abort_action@@3V?$dual_state_global@P6AXH@Z@__crt_state_management@@A 000000018002bd40     libucrt:signal.obj
 0003:00002d48       ?term_action@@3V?$dual_state_global@P6AXH@Z@__crt_state_management@@A 000000018002bd48     libucrt:signal.obj
 0003:00002d60       ?_tzname@@3V?$dual_state_global@PEAPEAD@__crt_state_management@@A 000000018002bd60     libucrt:timeset.obj
 0003:00002d68       ?w_tzname@@3V?$dual_state_global@PEAPEA_W@__crt_state_management@@A 000000018002bd68     libucrt:timeset.obj
 0003:00002d70       ?tz_api_used@@3HA          000000018002bd70     libucrt:tzset.obj
 0003:00002d74       ?tzset_init_state@@3V?$dual_state_global@J@__crt_state_management@@A 000000018002bd74     libucrt:tzset.obj
 0003:00002d80       ?tz_info@@3U_TIME_ZONE_INFORMATION@@A 000000018002bd80     libucrt:tzset.obj
 0003:00002e48       ?fSystemSet@@3HA           000000018002be48     libucrt:mbctype.obj
 0003:00002e4c       ?initialized@?1??__acrt_initialize_multibyte@@9@4_NA 000000018002be4c     libucrt:mbctype.obj
 0003:00002e88       ?user_matherr@@3V?$dual_state_global@P6AHPEAU_exception@@@Z@__crt_state_management@@A 000000018002be88     libucrt:matherr.obj
 0003:00002e90       ?__acrt_global_new_mode@@3V?$dual_state_global@J@__crt_state_management@@A 000000018002be90     libucrt:new_mode.obj
 0003:00002e98       ?internal_pst@?1??__mbrtoc32_utf8@__crt_mbstring@@YA_KPEA_UPEBD_KPEAU_Mbstatet@@@Z@4U3@A 000000018002be98     libucrt:mbrtoc32.obj
 0003:00002eb8       ?GImAllocatorUserData@@3PEAXEA 000000018002beb8     imgui.obj
 0003:00002ee8       ?g_pd3dDevice@@3PEAUID3D11Device@@EA 000000018002bee8     imgui_impl_dx11.obj
 0003:00002ef0       ?g_hWnd@@3PEAUHWND__@@EA   000000018002bef0     imgui_impl_win32.obj
 0003:00003020       ?singleton@@3V?$shared_ptr@VSixMansPlugin@@@std@@A 000000018002c020     SixMansPlugin-Rework.obj
 0005:00000000       MoveSmall                  000000018002f000     libvcruntime:memcpy.obj
 0005:00000040       MoveSmallYmm               000000018002f040     libvcruntime:memcpy.obj
 0005:00000064       MoveSmallYmmNT             000000018002f064     libvcruntime:memcpy.obj
 0005:00000088       MoveSmallXmm               000000018002f088     libvcruntime:memcpy.obj
 0005:000000b0       SetSmall                   000000018002f0b0     libvcruntime:memset.obj
 0005:000000f0       SetSmallYmm                000000018002f0f0     libvcruntime:memset.obj
 0005:00000114       SetSmallYmmNT              000000018002f114     libvcruntime:memset.obj
 0005:00000138       SetSmallXmm                000000018002f138     libvcruntime:memset.obj
 0006:000000a0       $R000000                   00000001800300a0     SixMansPlugin-Rework.res
 0006:000003d8       $R000338                   00000001800303d8     SixMansPlugin-Rework.res
