 SixMansPlugin-Rework

 Timestamp is 6224244e (Sat Mar  5 22:02:38 2022)

 Preferred load address is 0000000180000000

 Start         Length     Name                   Class
 0001:00000000 00001060H .text$di                CODE
 0001:00001060 0002a750H .text$mn                CODE
 0001:0002b7b0 00000040H .text$mn$00             CODE
 0001:0002b7f0 000010d0H .text$x                 CODE
 0001:0002c8c0 00000298H .text$yd                CODE
 0002:00000000 000002f0H .idata$5                DATA
 0002:000002f0 00000038H .00cfg                  DATA
 0002:00000328 00000008H .CRT$XCA                DATA
 0002:00000330 00000018H .CRT$XCC                DATA
 0002:00000348 00000010H .CRT$XCL                DATA
 0002:00000358 00000080H .CRT$XCU                DATA
 0002:000003d8 00000008H .CRT$XCZ                DATA
 0002:000003e0 00000008H .CRT$XIA                DATA
 0002:000003e8 00000030H .CRT$XIC                DATA
 0002:00000418 00000008H .CRT$XIZ                DATA
 0002:00000420 00000008H .CRT$XLA                DATA
 0002:00000428 00000008H .CRT$XLZ                DATA
 0002:00000430 00000008H .CRT$XPA                DATA
 0002:00000438 00000010H .CRT$XPX                DATA
 0002:00000448 00000008H .CRT$XPXA               DATA
 0002:00000450 00000008H .CRT$XPZ                DATA
 0002:00000458 00000008H .CRT$XTA                DATA
 0002:00000460 00000010H .CRT$XTZ                DATA
 0002:00000468 00000000H .gehcont$y              DATA
 0002:00000468 00000000H .gfids$y                DATA
 0002:00000470 00013590H .rdata                  DATA
 0002:00013a00 00000000H .rdata$CastGuardVftablesA DATA
 0002:00013a00 00000000H .rdata$CastGuardVftablesC DATA
 0002:00013a00 00000028H .rdata$T                DATA
 0002:00013a28 000018dcH .rdata$r                DATA
 0002:00015304 00000144H .rdata$voltmd           DATA
 0002:00015448 00000450H .rdata$zzzdbg           DATA
 0002:00015898 00000008H .rtc$IAA                DATA
 0002:000158a0 00000008H .rtc$IZZ                DATA
 0002:000158a8 00000008H .rtc$TAA                DATA
 0002:000158b0 00000008H .rtc$TZZ                DATA
 0002:000158b8 00000004H .tls                    DATA
 0002:000158bc 00000004H .tls$                   DATA
 0002:000158c0 00000008H .tls$ZZZ                DATA
 0002:000158c8 00002ee8H .xdata                  DATA
 0002:000187b0 000005e0H .xdata$x                DATA
 0002:00018d90 000002ecH .edata                  DATA
 0002:0001907c 0000003cH .idata$2                DATA
 0002:000190b8 00000018H .idata$3                DATA
 0002:000190d0 000002f0H .idata$4                DATA
 0002:000193c0 000006d6H .idata$6                DATA
 0003:00000000 00001750H .data                   DATA
 0003:00001750 00000340H .data$r                 DATA
 0003:00001a90 00000670H .data$rs                DATA
 0003:00002100 000018fcH .bss                    DATA
 0004:00000000 0000285cH .pdata                  DATA
 0005:00000000 0000015cH _RDATA                  DATA
 0006:00000000 000000a0H .rsrc$01                DATA
 0006:000000a0 000004b8H .rsrc$02                DATA

  Address         Publics by Value              Rva+Base               Lib:Object

 0000:00000000       __guard_fids_count         0000000000000000     <absolute>
 0000:00000000       __guard_longjmp_table      0000000000000000     <absolute>
 0000:00000000       __arm64x_extra_rfe_table   0000000000000000     <absolute>
 0000:00000000       ___safe_se_handler_table   0000000000000000     <absolute>
 0000:00000000       __hybrid_code_map          0000000000000000     <absolute>
 0000:00000000       __x64_code_ranges_to_entry_points_count 0000000000000000     <absolute>
 0000:00000000       __arm64x_extra_rfe_table_size 0000000000000000     <absolute>
 0000:00000000       ___safe_se_handler_count   0000000000000000     <absolute>
 0000:00000000       __arm64x_redirection_metadata 0000000000000000     <absolute>
 0000:00000000       __guard_iat_table          0000000000000000     <absolute>
 0000:00000000       __x64_code_ranges_to_entry_points 0000000000000000     <absolute>
 0000:00000000       __guard_iat_count          0000000000000000     <absolute>
 0000:00000000       __guard_longjmp_count      0000000000000000     <absolute>
 0000:00000000       __dynamic_value_reloc_table 0000000000000000     <absolute>
 0000:00000000       __hybrid_auxiliary_iat     0000000000000000     <absolute>
 0000:00000000       __hybrid_auxiliary_iat_copy 0000000000000000     <absolute>
 0000:00000000       __guard_eh_cont_count      0000000000000000     <absolute>
 0000:00000000       __AbsoluteZero             0000000000000000     <absolute>
 0000:00000000       __guard_check_icall_a64n_fptr 0000000000000000     <absolute>
 0000:00000000       __guard_fids_table         0000000000000000     <absolute>
 0000:00000000       __arm64x_redirection_metadata_count 0000000000000000     <absolute>
 0000:00000000       __enclave_config           0000000000000000     <absolute>
 0000:00000000       __guard_eh_cont_table      0000000000000000     <absolute>
 0000:00000000       __arm64x_native_entrypoint 0000000000000000     <absolute>
 0000:00000000       __hybrid_code_map_count    0000000000000000     <absolute>
 0000:00000100       __guard_flags              0000000000000100     <absolute>
 0000:00000000       __ImageBase                0000000180000000     <linker-defined>
 0001:00001060       ??$_Reallocate_grow_by@V<lambda_1>@?1??append@?$basic_string@DU?$char_traits@D@std@@V?$allocator@D@2@@std@@QEAAAEAV34@_KD@Z@_KD@?$basic_string@DU?$char_traits@D@std@@V?$allocator@D@2@@std@@AEAAAEAV01@_KV<lambda_1>@?1??append@01@QEAAAEAV01@0D@Z@_KD@Z 0000000180002060 f i format.obj
 0001:00001200       ?resize@?$basic_string@DU?$char_traits@D@std@@V?$allocator@D@2@@std@@QEAAX_KD@Z 0000000180002200 f i format.obj
 0001:000012a0       ??$_Reallocate_for@V<lambda_1>@?1??assign@?$basic_string@_WU?$char_traits@_W@std@@V?$allocator@_W@2@@std@@QEAAAEAV34@QEB_W_K@Z@PEB_W@?$basic_string@_WU?$char_traits@_W@std@@V?$allocator@_W@2@@std@@AEAAAEAV01@_KV<lambda_1>@?1??assign@01@QEAAAEAV01@QEB_W0@Z@PEB_W@Z 00000001800022a0 f i format.obj
 0001:00001400       ??1?$basic_string@_WU?$char_traits@_W@std@@V?$allocator@_W@2@@std@@QEAA@XZ 0000000180002400 f i format.obj
 0001:00001400       ??1path@filesystem@std@@QEAA@XZ 0000000180002400 f i logsys.obj
 0001:00001470       ??0runtime_error@std@@QEAA@AEBV01@@Z 0000000180002470 f i format.obj
 0001:000014b0       ??1?$_Yarn@D@std@@QEAA@XZ  00000001800024b0 f i format.obj
 0001:000014b0       ??1?$_Yarn@_W@std@@QEAA@XZ 00000001800024b0 f i format.obj
 0001:000014e0       ??0bad_cast@std@@QEAA@XZ   00000001800024e0 f i format.obj
 0001:00001510       ??1out_of_range@std@@UEAA@XZ 0000000180002510 f i libcpmt:xthrow.obj
 0001:00001510       ??1bad_alloc@std@@UEAA@XZ  0000000180002510 f i format.obj
 0001:00001510       ??1failure@ios_base@std@@UEAA@XZ 0000000180002510 f i logsys.obj
 0001:00001510       ??1length_error@std@@UEAA@XZ 0000000180002510 f i libcpmt:xthrow.obj
 0001:00001510       ??1bad_cast@std@@UEAA@XZ   0000000180002510 f i format.obj
 0001:00001510       ??1bad_exception@std@@UEAA@XZ 0000000180002510 f i libvcruntime:frame.obj
 0001:00001510       ??1system_error@std@@UEAA@XZ 0000000180002510 f i logsys.obj
 0001:00001510       ??1bad_array_new_length@std@@UEAA@XZ 0000000180002510 f i format.obj
 0001:00001510       ??1runtime_error@std@@UEAA@XZ 0000000180002510 f i format.obj
 0001:00001530       ??_Gexception@std@@UEAAPEAXI@Z 0000000180002530 f i format.obj
 0001:00001530       ??_Ebad_array_new_length@std@@UEAAPEAXI@Z 0000000180002530 f i * CIL library *:* CIL module *
 0001:00001530       ??_Eruntime_error@std@@UEAAPEAXI@Z 0000000180002530 f i * CIL library *:* CIL module *
 0001:00001530       ??_Gbad_alloc@std@@UEAAPEAXI@Z 0000000180002530 f i format.obj
 0001:00001530       ??_Elength_error@std@@UEAAPEAXI@Z 0000000180002530 f i libcpmt:xthrow.obj
 0001:00001530       ??_Gbad_cast@std@@UEAAPEAXI@Z 0000000180002530 f i format.obj
 0001:00001530       ??_Eout_of_range@std@@UEAAPEAXI@Z 0000000180002530 f i libcpmt:xthrow.obj
 0001:00001530       ??_Gout_of_range@std@@UEAAPEAXI@Z 0000000180002530 f i libcpmt:xthrow.obj
 0001:00001530       ??_Elogic_error@std@@UEAAPEAXI@Z 0000000180002530 f i libcpmt:xthrow.obj
 0001:00001530       ??_Glength_error@std@@UEAAPEAXI@Z 0000000180002530 f i libcpmt:xthrow.obj
 0001:00001530       ??_Gruntime_error@std@@UEAAPEAXI@Z 0000000180002530 f i format.obj
 0001:00001530       ??_Gbad_exception@std@@UEAAPEAXI@Z 0000000180002530 f i libvcruntime:frame.obj
 0001:00001530       ??_Ebad_cast@std@@UEAAPEAXI@Z 0000000180002530 f i * CIL library *:* CIL module *
 0001:00001530       ??_Eexception@std@@UEAAPEAXI@Z 0000000180002530 f i * CIL library *:* CIL module *
 0001:00001530       ??_Gbad_array_new_length@std@@UEAAPEAXI@Z 0000000180002530 f i format.obj
 0001:00001530       ??_Glogic_error@std@@UEAAPEAXI@Z 0000000180002530 f i libcpmt:xthrow.obj
 0001:00001530       ??_Ebad_exception@std@@UEAAPEAXI@Z 0000000180002530 f i libvcruntime:frame.obj
 0001:00001530       ??_Ebad_alloc@std@@UEAAPEAXI@Z 0000000180002530 f i * CIL library *:* CIL module *
 0001:00001580       ??0bad_cast@std@@QEAA@AEBV01@@Z 0000000180002580 f i format.obj
 0001:000015c0       ?_Throw_bad_cast@std@@YAXXZ 00000001800025c0 f i format.obj
 0001:000015e0       ??1?$unique_ptr@V_Facet_base@std@@U?$default_delete@V_Facet_base@std@@@2@@std@@QEAA@XZ 00000001800025e0 f i format.obj
 0001:00001600       ?_Incref@facet@locale@std@@UEAAXXZ 0000000180002600 f i format.obj
 0001:00001610       ?_Xlen_string@std@@YAXXZ   0000000180002610 f i format.obj
 0001:00001630       ?assign@?$basic_string@DU?$char_traits@D@std@@V?$allocator@D@2@@std@@QEAAAEAV12@QEBD_K@Z 0000000180002630 f i format.obj
 0001:00001790       ??0?$basic_string@DU?$char_traits@D@std@@V?$allocator@D@2@@std@@QEAA@QEBD@Z 0000000180002790 f i format.obj
 0001:000017d0       ?_Decref@facet@locale@std@@UEAAPEAV_Facet_base@3@XZ 00000001800027d0 f i format.obj
 0001:000017e0       ??_G_Facet_base@std@@UEAAPEAXI@Z 00000001800027e0 f i format.obj
 0001:000017e0       ??_E_Facet_base@std@@UEAAPEAXI@Z 00000001800027e0 f i * CIL library *:* CIL module *
 0001:00001810       ??1locale@std@@QEAA@XZ     0000000180002810 f i format.obj
 0001:00001840       ??0runtime_error@std@@QEAA@PEBD@Z 0000000180002840 f i format.obj
 0001:000018b0       ??1?$basic_string@DU?$char_traits@D@std@@V?$allocator@D@2@@std@@QEAA@XZ 00000001800028b0 f i format.obj
 0001:00001910       ??0bad_array_new_length@std@@QEAA@XZ 0000000180002910 f i format.obj
 0001:00001940       ??0bad_array_new_length@std@@QEAA@AEBV01@@Z 0000000180002940 f i format.obj
 0001:00001980       ??0bad_alloc@std@@QEAA@AEBV01@@Z 0000000180002980 f i format.obj
 0001:000019c0       ?what@exception@std@@UEBAPEBDXZ 00000001800029c0 f i format.obj
 0001:000019e0       ??0exception@std@@QEAA@AEBV01@@Z 00000001800029e0 f i format.obj
 0001:00001a20       ?__scrt_throw_std_bad_array_new_length@@YAXXZ 0000000180002a20 f i LIBCMT:throw_bad_alloc.obj
 0001:00001a20       ?_Throw_bad_array_new_length@std@@YAXXZ 0000000180002a20 f i format.obj
 0001:00001a40       __local_stdio_printf_options 0000000180002a40 f i format.obj
 0001:00001a60       ??3@YAXPEAX@Z              0000000180002a60 f   LIBCMT:delete_scalar.obj
 0001:00001a70       __local_stdio_scanf_options 0000000180002a70 f i imgui.obj
 0001:00001a80       ??$_Reallocate_grow_by@V<lambda_1>@?1??append@?$basic_string@DU?$char_traits@D@std@@V?$allocator@D@2@@std@@QEAAAEAV34@QEBD_K@Z@PEBD_K@?$basic_string@DU?$char_traits@D@std@@V?$allocator@D@2@@std@@AEAAAEAV01@_KV<lambda_1>@?1??append@01@QEAAAEAV01@QEBD0@Z@PEBD_K@Z 0000000180002a80 f i imgui_rangeslider.obj
 0001:00001c10       ?append@?$basic_string@DU?$char_traits@D@std@@V?$allocator@D@2@@std@@QEAAAEAV12@QEBD_K@Z 0000000180002c10 f i imgui_rangeslider.obj
 0001:00001ca0       ??0?$basic_string@DU?$char_traits@D@std@@V?$allocator@D@2@@std@@QEAA@AEBV01@@Z 0000000180002ca0 f i imgui_searchablecombo.obj
 0001:00001d80       ??_D?$basic_ifstream@DU?$char_traits@D@std@@@std@@QEAAXXZ 0000000180002d80 f i logsys.obj
 0001:00001e20       ??_D?$basic_ofstream@DU?$char_traits@D@std@@@std@@QEAAXXZ 0000000180002e20 f i logsys.obj
 0001:00001ec0       ??0LogSys@@QEAA@Vpath@filesystem@std@@@Z 0000000180002ec0 f   logsys.obj
 0001:000022c0       ??0?$basic_ofstream@DU?$char_traits@D@std@@@std@@QEAA@XZ 00000001800032c0 f i logsys.obj
 0001:00002390       ?imbue@?$basic_filebuf@DU?$char_traits@D@std@@@std@@MEAAXAEBVlocale@2@@Z 0000000180003390 f i logsys.obj
 0001:000023c0       ?sync@?$basic_filebuf@DU?$char_traits@D@std@@@std@@MEAAHXZ 00000001800033c0 f i logsys.obj
 0001:00002410       ?setbuf@?$basic_filebuf@DU?$char_traits@D@std@@@std@@MEAAPEAV?$basic_streambuf@DU?$char_traits@D@std@@@2@PEAD_J@Z 0000000180003410 f i logsys.obj
 0001:00002470       ?seekpos@?$basic_filebuf@DU?$char_traits@D@std@@@std@@MEAA?AV?$fpos@U_Mbstatet@@@2@V32@H@Z 0000000180003470 f i logsys.obj
 0001:00002550       ?seekoff@?$basic_filebuf@DU?$char_traits@D@std@@@std@@MEAA?AV?$fpos@U_Mbstatet@@@2@_JHH@Z 0000000180003550 f i logsys.obj
 0001:00002660       ?xsputn@?$basic_filebuf@DU?$char_traits@D@std@@@std@@MEAA_JPEBD_J@Z 0000000180003660 f i logsys.obj
 0001:00002790       ?xsgetn@?$basic_filebuf@DU?$char_traits@D@std@@@std@@MEAA_JPEAD_J@Z 0000000180003790 f i logsys.obj
 0001:00002930       ?uflow@?$basic_filebuf@DU?$char_traits@D@std@@@std@@MEAAHXZ 0000000180003930 f i logsys.obj
 0001:00002c00       ?underflow@?$basic_filebuf@DU?$char_traits@D@std@@@std@@MEAAHXZ 0000000180003c00 f i logsys.obj
 0001:00002c70       ?pbackfail@?$basic_filebuf@DU?$char_traits@D@std@@@std@@MEAAHH@Z 0000000180003c70 f i logsys.obj
 0001:00002d50       ?overflow@?$basic_filebuf@DU?$char_traits@D@std@@@std@@MEAAHH@Z 0000000180003d50 f i logsys.obj
 0001:00002ef0       ?_Unlock@?$basic_filebuf@DU?$char_traits@D@std@@@std@@UEAAXXZ 0000000180003ef0 f i logsys.obj
 0001:00002f10       ?_Lock@?$basic_filebuf@DU?$char_traits@D@std@@@std@@UEAAXXZ 0000000180003f10 f i logsys.obj
 0001:00002f30       ??1?$basic_filebuf@DU?$char_traits@D@std@@@std@@UEAA@XZ 0000000180003f30 f i logsys.obj
 0001:00002fe0       ??0?$basic_ifstream@DU?$char_traits@D@std@@@std@@QEAA@XZ 0000000180003fe0 f i logsys.obj
 0001:000030b0       ??_G?$basic_ofstream@DU?$char_traits@D@std@@@std@@UEAAPEAXI@Z 00000001800040b0 f i logsys.obj
 0001:000030b0       ??_E?$basic_ofstream@DU?$char_traits@D@std@@@std@@UEAAPEAXI@Z 00000001800040b0 f i * CIL library *:* CIL module *
 0001:000030f0       ??_G?$basic_filebuf@DU?$char_traits@D@std@@@std@@UEAAPEAXI@Z 00000001800040f0 f i logsys.obj
 0001:000030f0       ??_E?$basic_filebuf@DU?$char_traits@D@std@@@std@@UEAAPEAXI@Z 00000001800040f0 f i * CIL library *:* CIL module *
 0001:00003130       ??_E?$basic_ifstream@DU?$char_traits@D@std@@@std@@UEAAPEAXI@Z 0000000180004130 f i * CIL library *:* CIL module *
 0001:00003130       ??_G?$basic_ifstream@DU?$char_traits@D@std@@@std@@UEAAPEAXI@Z 0000000180004130 f i logsys.obj
 0001:00003170       ?do_length@?$codecvt@DDU_Mbstatet@@@std@@MEBAHAEAU_Mbstatet@@PEBD1_K@Z 0000000180004170 f i logsys.obj
 0001:00003190       ?do_unshift@?$codecvt@DDU_Mbstatet@@@std@@MEBAHAEAU_Mbstatet@@PEAD1AEAPEAD@Z 0000000180004190 f i logsys.obj
 0001:000031a0       ?do_out@?$codecvt@DDU_Mbstatet@@@std@@MEBAHAEAU_Mbstatet@@PEBD1AEAPEBDPEAD3AEAPEAD@Z 00000001800041a0 f i logsys.obj
 0001:000031a0       ?do_in@?$codecvt@DDU_Mbstatet@@@std@@MEBAHAEAU_Mbstatet@@PEBD1AEAPEBDPEAD3AEAPEAD@Z 00000001800041a0 f i logsys.obj
 0001:000031c0       __acrt_uninitialize_command_line 00000001800041c0 f i libucrt:argv_data.obj
 0001:000031c0       ?do_always_noconv@?$codecvt@DDU_Mbstatet@@@std@@MEBA_NXZ 00000001800041c0 f i logsys.obj
 0001:000031d0       ?_Initcvt@?$basic_filebuf@DU?$char_traits@D@std@@@std@@IEAAXAEBV?$codecvt@DDU_Mbstatet@@@2@@Z 00000001800041d0 f i logsys.obj
 0001:00003250       ?_Endwrite@?$basic_filebuf@DU?$char_traits@D@std@@@std@@IEAA_NXZ 0000000180004250 f i logsys.obj
 0001:00003340       ?_Init@?$basic_filebuf@DU?$char_traits@D@std@@@std@@IEAAXPEAU_iobuf@@W4_Initfl@12@@Z 0000000180004340 f i logsys.obj
 0001:00003440       ?close@?$basic_filebuf@DU?$char_traits@D@std@@@std@@QEAAPEAV12@XZ 0000000180004440 f i logsys.obj
 0001:00003540       ??0?$basic_filebuf@DU?$char_traits@D@std@@@std@@QEAA@XZ 0000000180004540 f i logsys.obj
 0001:00003600       ??_G?$codecvt@DDU_Mbstatet@@@std@@MEAAPEAXI@Z 0000000180004600 f i logsys.obj
 0001:00003600       ??_E?$codecvt@DDU_Mbstatet@@@std@@MEAAPEAXI@Z 0000000180004600 f i * CIL library *:* CIL module *
 0001:00003630       ?swap@?$basic_filebuf@DU?$char_traits@D@std@@@std@@QEAAXAEAV12@@Z 0000000180004630 f i logsys.obj
 0001:000038e0       ?swap@?$basic_ios@DU?$char_traits@D@std@@@std@@QEAAXAEAV12@@Z 00000001800048e0 f i logsys.obj
 0001:00003990       ??$use_facet@V?$codecvt@DDU_Mbstatet@@@std@@@std@@YAAEBV?$codecvt@DDU_Mbstatet@@@0@AEBVlocale@0@@Z 0000000180004990 f i logsys.obj
 0001:00003ad0       ?_Getcat@?$codecvt@DDU_Mbstatet@@@std@@SA_KPEAPEBVfacet@locale@2@PEBV42@@Z 0000000180004ad0 f i logsys.obj
 0001:00003c50       ??0?$basic_ofstream@DU?$char_traits@D@std@@@std@@QEAA@PEB_WHH@Z 0000000180004c50 f i logsys.obj
 0001:00003dc8       ??_E?$basic_ifstream@DU?$char_traits@D@std@@@std@@$4PPPPPPPM@A@EAAPEAXI@Z 0000000180004dc8 f i logsys.obj
 0001:00003dd4       ??_E?$basic_ofstream@DU?$char_traits@D@std@@@std@@$4PPPPPPPM@A@EAAPEAXI@Z 0000000180004dd4 f i logsys.obj
 0001:00003de0       ??$_Reallocate_grow_by@V<lambda_1>@?1??append@?$basic_string@_WU?$char_traits@_W@std@@V?$allocator@_W@2@@std@@QEAAAEAV34@_K_W@Z@_K_W@?$basic_string@_WU?$char_traits@_W@std@@V?$allocator@_W@2@@std@@AEAAAEAV01@_KV<lambda_1>@?1??append@01@QEAAAEAV01@0_W@Z@_K_W@Z 0000000180004de0 f i logsys.obj
 0001:00003fa0       ?_Convert_narrow_to_wide@filesystem@std@@YA?AV?$basic_string@_WU?$char_traits@_W@std@@V?$allocator@_W@2@@2@W4__std_code_page@@V?$basic_string_view@DU?$char_traits@D@std@@@2@@Z 0000000180004fa0 f i logsys.obj
 0001:000040f0       _get_startup_argv_mode     00000001800050f0 f i LIBCMT:argv_mode.obj
 0001:000040f0       ?do_encoding@codecvt_base@std@@MEBAHXZ 00000001800050f0 f i logsys.obj
 0001:000040f0       ?do_max_length@codecvt_base@std@@MEBAHXZ 00000001800050f0 f i logsys.obj
 0001:000040f0       DllMain                    00000001800050f0 f i LIBCMT:dll_dllmain_stub.obj
 0001:00004100       ??_E?$basic_istream@DU?$char_traits@D@std@@@std@@UEAAPEAXI@Z 0000000180005100 f i * CIL library *:* CIL module *
 0001:00004100       ??_G?$basic_istream@DU?$char_traits@D@std@@@std@@UEAAPEAXI@Z 0000000180005100 f i logsys.obj
 0001:00004164       ??_E?$basic_istream@DU?$char_traits@D@std@@@std@@$4PPPPPPPM@A@EAAPEAXI@Z 0000000180005164 f i logsys.obj
 0001:00004170       ??1?$basic_istream@DU?$char_traits@D@std@@@std@@UEAA@XZ 0000000180005170 f i logsys.obj
 0001:000041a0       ??_G?$basic_streambuf@DU?$char_traits@D@std@@@std@@UEAAPEAXI@Z 00000001800051a0 f i logsys.obj
 0001:000041a0       ??_E?$basic_streambuf@DU?$char_traits@D@std@@@std@@UEAAPEAXI@Z 00000001800051a0 f i * CIL library *:* CIL module *
 0001:00004220       ?underflow@?$basic_streambuf@DU?$char_traits@D@std@@@std@@MEAAHXZ 0000000180005220 f i logsys.obj
 0001:00004220       ?overflow@?$basic_streambuf@DU?$char_traits@D@std@@@std@@MEAAHH@Z 0000000180005220 f i logsys.obj
 0001:00004220       ?pbackfail@?$basic_streambuf@DU?$char_traits@D@std@@@std@@MEAAHH@Z 0000000180005220 f i logsys.obj
 0001:00004230       ?sync@?$basic_streambuf@DU?$char_traits@D@std@@@std@@MEAAHXZ 0000000180005230 f i logsys.obj
 0001:00004230       ?_Get_deleter@_Ref_count_base@std@@UEBAPEAXAEBVtype_info@@@Z 0000000180005230 f i SixMansPlugin-Rework.obj
 0001:00004230       ?showmanyc@?$basic_streambuf@DU?$char_traits@D@std@@@std@@MEAA_JXZ 0000000180005230 f i logsys.obj
 0001:00004240       ?seekoff@?$basic_streambuf@DU?$char_traits@D@std@@@std@@MEAA?AV?$fpos@U_Mbstatet@@@2@_JHH@Z 0000000180005240 f i logsys.obj
 0001:00004240       ?seekpos@?$basic_streambuf@DU?$char_traits@D@std@@@std@@MEAA?AV?$fpos@U_Mbstatet@@@2@V32@H@Z 0000000180005240 f i logsys.obj
 0001:00004260       ?setbuf@?$basic_streambuf@DU?$char_traits@D@std@@@std@@MEAAPEAV12@PEAD_J@Z 0000000180005260 f i logsys.obj
 0001:00004270       ?onLoad@BakkesModPlugin@Plugin@BakkesMod@@UEAAXXZ 0000000180005270 f i SixMansPlugin-Rework.obj
 0001:00004270       ?imbue@?$basic_streambuf@DU?$char_traits@D@std@@@std@@MEAAXAEBVlocale@2@@Z 0000000180005270 f i logsys.obj
 0001:00004270       ?_Lock@?$basic_streambuf@DU?$char_traits@D@std@@@std@@UEAAXXZ 0000000180005270 f i logsys.obj
 0001:00004270       ?onUnload@BakkesModPlugin@Plugin@BakkesMod@@UEAAXXZ 0000000180005270 f i SixMansPlugin-Rework.obj
 0001:00004270       ?onUnload@SixMansPlugin@@EEAAXXZ 0000000180005270 f i SixMansPlugin-Rework.obj
 0001:00004270       _guard_check_icall_nop     0000000180005270 f i LIBCMT:guard_support.obj
 0001:00004270       ?_Unlock@?$basic_streambuf@DU?$char_traits@D@std@@@std@@UEAAXXZ 0000000180005270 f i logsys.obj
 0001:00004280       ?_Gnavail@?$basic_streambuf@DU?$char_traits@D@std@@@std@@IEBA_JXZ 0000000180005280 f i logsys.obj
 0001:000042a0       ?uflow@?$basic_streambuf@DU?$char_traits@D@std@@@std@@MEAAHXZ 00000001800052a0 f i logsys.obj
 0001:000042e0       ?xsgetn@?$basic_streambuf@DU?$char_traits@D@std@@@std@@MEAA_JPEAD_J@Z 00000001800052e0 f i logsys.obj
 0001:00004390       ??_E?$ctype@D@std@@MEAAPEAXI@Z 0000000180005390 f i * CIL library *:* CIL module *
 0001:00004390       ??_G?$ctype@D@std@@MEAAPEAXI@Z 0000000180005390 f i logsys.obj
 0001:00004400       ?do_tolower@?$ctype@D@std@@MEBAPEBDPEADPEBD@Z 0000000180005400 f i logsys.obj
 0001:00004450       ?do_tolower@?$ctype@D@std@@MEBADD@Z 0000000180005450 f i logsys.obj
 0001:00004460       ?do_toupper@?$ctype@D@std@@MEBAPEBDPEADPEBD@Z 0000000180005460 f i logsys.obj
 0001:000044b0       ?do_toupper@?$ctype@D@std@@MEBADD@Z 00000001800054b0 f i logsys.obj
 0001:000044c0       ?do_widen@?$ctype@D@std@@MEBAPEBDPEBD0PEAD@Z 00000001800054c0 f i logsys.obj
 0001:000044e0       ?do_widen@?$ctype@D@std@@MEBADD@Z 00000001800054e0 f i logsys.obj
 0001:000044e0       ?do_narrow@?$ctype@D@std@@MEBADDD@Z 00000001800054e0 f i logsys.obj
 0001:000044f0       ?do_narrow@?$ctype@D@std@@MEBAPEBDPEBD0DPEAD@Z 00000001800054f0 f i logsys.obj
 0001:00004510       ?_Getcat@?$ctype@D@std@@SA_KPEAPEBVfacet@locale@2@PEBV42@@Z 0000000180005510 f i logsys.obj
 0001:000046a0       ?widen@?$basic_ios@DU?$char_traits@D@std@@@std@@QEBADD@Z 00000001800056a0 f i logsys.obj
 0001:00004830       ?init@?$basic_ios@DU?$char_traits@D@std@@@std@@IEAAXPEAV?$basic_streambuf@DU?$char_traits@D@std@@@2@_N@Z 0000000180005830 f i logsys.obj
 0001:000048e0       ??_E?$basic_ostream@DU?$char_traits@D@std@@@std@@UEAAPEAXI@Z 00000001800058e0 f i * CIL library *:* CIL module *
 0001:000048e0       ??_G?$basic_ostream@DU?$char_traits@D@std@@@std@@UEAAPEAXI@Z 00000001800058e0 f i logsys.obj
 0001:00004944       ??_E?$basic_ostream@DU?$char_traits@D@std@@@std@@$4PPPPPPPM@A@EAAPEAXI@Z 0000000180005944 f i logsys.obj
 0001:00004950       ??1?$basic_ostream@DU?$char_traits@D@std@@@std@@UEAA@XZ 0000000180005950 f i logsys.obj
 0001:00004980       ?xsputn@?$basic_streambuf@DU?$char_traits@D@std@@@std@@MEAA_JPEBD_J@Z 0000000180005980 f i logsys.obj
 0001:00004a30       ?_Pnavail@?$basic_streambuf@DU?$char_traits@D@std@@@std@@IEBA_JXZ 0000000180005a30 f i logsys.obj
 0001:00004a50       ??0failure@ios_base@std@@QEAA@PEBDAEBVerror_code@2@@Z 0000000180005a50 f i logsys.obj
 0001:00004b20       ??_G_Iostream_error_category2@std@@UEAAPEAXI@Z 0000000180005b20 f i logsys.obj
 0001:00004b20       ??_G_Generic_error_category@std@@UEAAPEAXI@Z 0000000180005b20 f i logsys.obj
 0001:00004b20       ??_E_Iostream_error_category2@std@@UEAAPEAXI@Z 0000000180005b20 f i * CIL library *:* CIL module *
 0001:00004b20       ??_G_System_error_category@std@@UEAAPEAXI@Z 0000000180005b20 f i logsys.obj
 0001:00004b20       ??_E_Generic_error_category@std@@UEAAPEAXI@Z 0000000180005b20 f i * CIL library *:* CIL module *
 0001:00004b20       ??_E_System_error_category@std@@UEAAPEAXI@Z 0000000180005b20 f i * CIL library *:* CIL module *
 0001:00004b50       ?name@_Iostream_error_category2@std@@UEBAPEBDXZ 0000000180005b50 f i logsys.obj
 0001:00004b60       ?message@_Iostream_error_category2@std@@UEBA?AV?$basic_string@DU?$char_traits@D@std@@V?$allocator@D@2@@2@H@Z 0000000180005b60 f i logsys.obj
 0001:00004bf0       ?make_error_code@std@@YA?AVerror_code@1@W4io_errc@1@@Z 0000000180005bf0 f i logsys.obj
 0001:00004c10       ??_Efailure@ios_base@std@@UEAAPEAXI@Z 0000000180005c10 f i * CIL library *:* CIL module *
 0001:00004c10       ??_Esystem_error@std@@UEAAPEAXI@Z 0000000180005c10 f i * CIL library *:* CIL module *
 0001:00004c10       ??_E_System_error@std@@UEAAPEAXI@Z 0000000180005c10 f i * CIL library *:* CIL module *
 0001:00004c10       ??_Gsystem_error@std@@UEAAPEAXI@Z 0000000180005c10 f i logsys.obj
 0001:00004c10       ??_G_System_error@std@@UEAAPEAXI@Z 0000000180005c10 f i logsys.obj
 0001:00004c10       ??_Gfailure@ios_base@std@@UEAAPEAXI@Z 0000000180005c10 f i logsys.obj
 0001:00004c60       ??0failure@ios_base@std@@QEAA@AEBV012@@Z 0000000180005c60 f i logsys.obj
 0001:00004cc0       ?clear@ios_base@std@@QEAAXH_N@Z 0000000180005cc0 f i logsys.obj
 0001:00004d50       ?_Find_root_name_end@filesystem@std@@YAPEB_WQEB_W0@Z 0000000180005d50 f i logsys.obj
 0001:00004e40       ?_Xran@?$_String_val@U?$_Simple_types@_W@std@@@std@@SAXXZ 0000000180005e40 f i logsys.obj
 0001:00004e60       ??$_Reallocate_grow_by@V<lambda_1>@?1??push_back@?$basic_string@_WU?$char_traits@_W@std@@V?$allocator@_W@2@@std@@QEAAX_W@Z@_W@?$basic_string@_WU?$char_traits@_W@std@@V?$allocator@_W@2@@std@@AEAAAEAV01@_KV<lambda_1>@?1??push_back@01@QEAAX_W@Z@_W@Z 0000000180005e60 f i logsys.obj
 0001:00005000       ??$_Reallocate_grow_by@V<lambda_1>@?1??append@?$basic_string@_WU?$char_traits@_W@std@@V?$allocator@_W@2@@std@@QEAAAEAV34@QEB_W_K@Z@PEB_W_K@?$basic_string@_WU?$char_traits@_W@std@@V?$allocator@_W@2@@std@@AEAAAEAV01@_KV<lambda_1>@?1??append@01@QEAAAEAV01@QEB_W0@Z@PEB_W_K@Z 0000000180006000 f i logsys.obj
 0001:000051d0       ??_0path@filesystem@std@@QEAAAEAV012@AEBV012@@Z 00000001800061d0 f i logsys.obj
 0001:00005500       ??Kfilesystem@std@@YA?AVpath@01@AEBV201@0@Z 0000000180006500 f i logsys.obj
 0001:00005550       ?_Throw_fs_error@filesystem@std@@YAXPEBDW4__std_win_error@@AEBVpath@12@@Z 0000000180006550 f i logsys.obj
 0001:000055c0       ?make_error_code@std@@YA?AVerror_code@1@W4errc@1@@Z 00000001800065c0 f i logsys.obj
 0001:000055e0       ?_Throw_system_error@std@@YAXW4errc@1@@Z 00000001800065e0 f i logsys.obj
 0001:00005620       ??0_System_error@std@@IEAA@Verror_code@1@AEBV?$basic_string@DU?$char_traits@D@std@@V?$allocator@D@2@@1@@Z 0000000180006620 f i logsys.obj
 0001:000057e0       ??0system_error@std@@QEAA@Verror_code@1@@Z 00000001800067e0 f i logsys.obj
 0001:000058a0       ?name@system_error_category@detail@system@boost@@UEBAPEBDXZ 00000001800068a0 f i pch.obj
 0001:000058a0       ?name@_System_error_category@std@@UEBAPEBDXZ 00000001800068a0 f i logsys.obj
 0001:000058b0       ??1_System_error_message@std@@QEAA@XZ 00000001800068b0 f i logsys.obj
 0001:000058c0       ?message@_System_error_category@std@@UEBA?AV?$basic_string@DU?$char_traits@D@std@@V?$allocator@D@2@@2@H@Z 00000001800068c0 f i logsys.obj
 0001:00005970       ?name@generic_error_category@detail@system@boost@@UEBAPEBDXZ 0000000180006970 f i pch.obj
 0001:00005970       ?name@_Generic_error_category@std@@UEBAPEBDXZ 0000000180006970 f i logsys.obj
 0001:00005980       ?message@_Generic_error_category@std@@UEBA?AV?$basic_string@DU?$char_traits@D@std@@V?$allocator@D@2@@2@H@Z 0000000180006980 f i logsys.obj
 0001:000059e0       ?default_error_condition@_System_error_category@std@@UEBA?AVerror_condition@2@H@Z 00000001800069e0 f i logsys.obj
 0001:00005a40       ?equivalent@error_category@std@@UEBA_NAEBVerror_code@2@H@Z 0000000180006a40 f i logsys.obj
 0001:00005a60       ?default_error_condition@error_category@std@@UEBA?AVerror_condition@2@H@Z 0000000180006a60 f i logsys.obj
 0001:00005a70       ?equivalent@error_category@std@@UEBA_NHAEBVerror_condition@2@@Z 0000000180006a70 f i logsys.obj
 0001:00005ab0       ?_Make_ec@filesystem@std@@YA?AVerror_code@2@W4__std_win_error@@@Z 0000000180006ab0 f i logsys.obj
 0001:00005ad0       ?_Throw_system_error_from_std_win_error@filesystem@std@@YAXW4__std_win_error@@@Z 0000000180006ad0 f i logsys.obj
 0001:00005b10       ??$_Convert_wide_to_narrow_replace_chars@U?$char_traits@D@std@@V?$allocator@D@2@@filesystem@std@@YA?AV?$basic_string@DU?$char_traits@D@std@@V?$allocator@D@2@@1@W4__std_code_page@@V?$basic_string_view@_WU?$char_traits@_W@std@@@1@AEBV?$allocator@D@1@@Z 0000000180006b10 f i logsys.obj
 0001:00005be0       ??$_Reallocate_grow_by@V<lambda_1>@?1??reserve@?$basic_string@DU?$char_traits@D@std@@V?$allocator@D@2@@std@@QEAAX_K@Z@$$V@?$basic_string@DU?$char_traits@D@std@@V?$allocator@D@2@@std@@AEAAAEAV01@_KV<lambda_1>@?1??reserve@01@QEAAX0@Z@@Z 0000000180006be0 f i logsys.obj
 0001:00005d30       ??$_Reallocate_grow_by@V<lambda_1>@?1??push_back@?$basic_string@DU?$char_traits@D@std@@V?$allocator@D@2@@std@@QEAAXD@Z@D@?$basic_string@DU?$char_traits@D@std@@V?$allocator@D@2@@std@@AEAAAEAV01@_KV<lambda_1>@?1??push_back@01@QEAAXD@Z@D@Z 0000000180006d30 f i logsys.obj
 0001:00005ea0       ?_Pretty_message@filesystem_error@filesystem@std@@CA?AV?$basic_string@DU?$char_traits@D@std@@V?$allocator@D@2@@3@V?$basic_string_view@DU?$char_traits@D@std@@@3@AEBVpath@23@1@Z 0000000180006ea0 f i logsys.obj
 0001:00006120       ??0filesystem_error@filesystem@std@@QEAA@AEBV?$basic_string@DU?$char_traits@D@std@@V?$allocator@D@2@@2@AEBVpath@12@Verror_code@2@@Z 0000000180007120 f i logsys.obj
 0001:00006240       ??1filesystem_error@filesystem@std@@UEAA@XZ 0000000180007240 f i logsys.obj
 0001:00006360       ??_Efilesystem_error@filesystem@std@@UEAAPEAXI@Z 0000000180007360 f i * CIL library *:* CIL module *
 0001:00006360       ??_Gfilesystem_error@filesystem@std@@UEAAPEAXI@Z 0000000180007360 f i logsys.obj
 0001:000064b0       ?what@filesystem_error@filesystem@std@@UEBAPEBDXZ 00000001800074b0 f i logsys.obj
 0001:000064c0       ??0path@filesystem@std@@QEAA@AEBV012@@Z 00000001800074c0 f i logsys.obj
 0001:000065b0       ??0filesystem_error@filesystem@std@@QEAA@AEBV012@@Z 00000001800075b0 f i logsys.obj
 0001:00006640       ??0system_error@std@@QEAA@AEBV01@@Z 0000000180007640 f i logsys.obj
 0001:000066a0       ??0_System_error@std@@QEAA@AEBV01@@Z 00000001800076a0 f i logsys.obj
 0001:000066f0       ?_Throw_fs_error@filesystem@std@@YAXPEBDAEBVerror_code@2@AEBVpath@12@@Z 00000001800076f0 f i logsys.obj
 0001:00006750       ??_E?$basic_ios@DU?$char_traits@D@std@@@std@@UEAAPEAXI@Z 0000000180007750 f i * CIL library *:* CIL module *
 0001:00006750       ??_G?$basic_ios@DU?$char_traits@D@std@@@std@@UEAAPEAXI@Z 0000000180007750 f i logsys.obj
 0001:00006790       ??_Eios_base@std@@UEAAPEAXI@Z 0000000180007790 f i * CIL library *:* CIL module *
 0001:00006790       ??_Gios_base@std@@UEAAPEAXI@Z 0000000180007790 f i logsys.obj
 0001:000067d0       ??1?$basic_ios@DU?$char_traits@D@std@@@std@@UEAA@XZ 00000001800077d0 f i logsys.obj
 0001:000067f0       getPlugin                  00000001800077f0 f   SixMansPlugin-Rework.obj
 0001:000068f0       ??1LogSys@@QEAA@XZ         00000001800078f0 f i SixMansPlugin-Rework.obj
 0001:00006970       deleteMe                   0000000180007970 f   SixMansPlugin-Rework.obj
 0001:000069e0       ?onLoad@SixMansPlugin@@EEAAXXZ 00000001800079e0 f   SixMansPlugin-Rework.obj
 0001:00006d20       ?_Delete_this@?$_Ref_count@VSixMansPlugin@@@std@@EEAAXXZ 0000000180007d20 f i SixMansPlugin-Rework.obj
 0001:00006d40       ?_Destroy@?$_Ref_count@VSixMansPlugin@@@std@@EEAAXXZ 0000000180007d40 f i SixMansPlugin-Rework.obj
 0001:00006d80       ??_E?$_Ref_count@VSixMansPlugin@@@std@@UEAAPEAXI@Z 0000000180007d80 f i * CIL library *:* CIL module *
 0001:00006d80       ??_G?$_Ref_count@VSixMansPlugin@@@std@@UEAAPEAXI@Z 0000000180007d80 f i SixMansPlugin-Rework.obj
 0001:00006db0       ??4?$shared_ptr@VCVarManagerWrapper@@@std@@QEAAAEAV01@AEBV01@@Z 0000000180007db0 f i SixMansPlugin-Rework.obj
 0001:00006e40       ??1BakkesModPlugin@Plugin@BakkesMod@@QEAA@XZ 0000000180007e40 f i SixMansPlugin-Rework.obj
 0001:00006ed0       ??0BakkesModPlugin@Plugin@BakkesMod@@QEAA@XZ 0000000180007ed0 f i SixMansPlugin-Rework.obj
 0001:00006ef0       ??0BakkesModPlugin@Plugin@BakkesMod@@QEAA@AEBV012@@Z 0000000180007ef0 f i pch.obj
 0001:00006f50       ??0BakkesModPlugin@Plugin@BakkesMod@@QEAA@$$QEAV012@@Z 0000000180007f50 f i pch.obj
 0001:00006fb0       ??4BakkesModPlugin@Plugin@BakkesMod@@QEAAAEAV012@AEBV012@@Z 0000000180007fb0 f i pch.obj
 0001:00007050       ??4BakkesModPlugin@Plugin@BakkesMod@@QEAAAEAV012@$$QEAV012@@Z 0000000180008050 f i pch.obj
 0001:00007130       ?__autoclassinit2@BakkesModPlugin@Plugin@BakkesMod@@QEAAX_K@Z 0000000180008130 f i pch.obj
 0001:00007140       ??1clone_base@exception_detail@boost@@UEAA@XZ 0000000180008140 f i pch.obj
 0001:00007150       ??_Eclone_base@exception_detail@boost@@UEAAPEAXI@Z 0000000180008150 f i * CIL library *:* CIL module *
 0001:00007150       ??_Gclone_base@exception_detail@boost@@UEAAPEAXI@Z 0000000180008150 f i pch.obj
 0001:00007180       ?failed@error_category@system@boost@@UEBA_NH@Z 0000000180008180 f i pch.obj
 0001:00007190       ?message@generic_error_category@detail@system@boost@@UEBAPEBDHPEAD_K@Z 0000000180008190 f i pch.obj
 0001:00007200       ?message@generic_error_category@detail@system@boost@@UEBA?AV?$basic_string@DU?$char_traits@D@std@@V?$allocator@D@2@@std@@H@Z 0000000180008200 f i pch.obj
 0001:00007270       ?snprintf@detail@system@boost@@YAXPEAD_KPEBDZZ 0000000180008270 f i pch.obj
 0001:000072d0       ??1local_free@detail@system@boost@@QEAA@XZ 00000001800082d0 f i pch.obj
 0001:000072e0       ?unknown_message_win32@detail@system@boost@@YA?AV?$basic_string@DU?$char_traits@D@std@@V?$allocator@D@2@@std@@H@Z 00000001800082e0 f i pch.obj
 0001:00007380       ?system_category_message_win32@detail@system@boost@@YA?AV?$basic_string@DU?$char_traits@D@std@@V?$allocator@D@2@@std@@H@Z 0000000180008380 f i pch.obj
 0001:00007620       ?system_category_condition_win32@detail@system@boost@@YAHH@Z 0000000180008620 f i pch.obj
 0001:000079e0       ?default_error_condition@system_error_category@detail@system@boost@@UEBA?AVerror_condition@34@H@Z 00000001800089e0 f i pch.obj
 0001:00007a80       ?message@system_error_category@detail@system@boost@@UEBA?AV?$basic_string@DU?$char_traits@D@std@@V?$allocator@D@2@@std@@H@Z 0000000180008a80 f i pch.obj
 0001:00007aa0       ?message@system_error_category@detail@system@boost@@UEBAPEBDHPEAD_K@Z 0000000180008aa0 f i pch.obj
 0001:00007b60       ?name@interop_error_category@detail@system@boost@@UEBAPEBDXZ 0000000180008b60 f i pch.obj
 0001:00007b70       ?message@interop_error_category@detail@system@boost@@UEBAPEBDHPEAD_K@Z 0000000180008b70 f i pch.obj
 0001:00007ba0       ?message@interop_error_category@detail@system@boost@@UEBA?AV?$basic_string@DU?$char_traits@D@std@@V?$allocator@D@2@@std@@H@Z 0000000180008ba0 f i pch.obj
 0001:00007c30       ?default_error_condition@error_category@system@boost@@UEBA?AVerror_condition@23@H@Z 0000000180008c30 f i pch.obj
 0001:00007c90       ?equivalent@error_category@system@boost@@UEBA_NHAEBVerror_condition@23@@Z 0000000180008c90 f i pch.obj
 0001:00007d00       ?equivalent@error_category@system@boost@@UEBA_NAEBVerror_code@23@H@Z 0000000180008d00 f i pch.obj
 0001:00007d90       ??0system_error@system@boost@@QEAA@Verror_code@12@PEBD@Z 0000000180008d90 f i pch.obj
 0001:00007e20       ??1system_error@system@boost@@UEAA@XZ 0000000180008e20 f i pch.obj
 0001:00007ea0       ??_Gsystem_error@system@boost@@UEAAPEAXI@Z 0000000180008ea0 f i pch.obj
 0001:00007ea0       ??_Esystem_error@system@boost@@UEAAPEAXI@Z 0000000180008ea0 f i * CIL library *:* CIL module *
 0001:00007ee0       ?what@system_error@system@boost@@UEBAPEBDXZ 0000000180008ee0 f i pch.obj
 0001:00008020       ?do_throw_error@detail@asio@boost@@YAXAEBVerror_code@system@3@PEBD@Z 0000000180009020 f i pch.obj
 0001:00008070       ?win_tss_ptr_create@detail@asio@boost@@YAKXZ 0000000180009070 f i pch.obj
 0001:00008150       ??1?$refcount_ptr@Uerror_info_container@exception_detail@boost@@@exception_detail@boost@@QEAA@XZ 0000000180009150 f i pch.obj
 0001:00008180       ?assign@?$basic_string@DU?$char_traits@D@std@@V?$allocator@D@2@@std@@QEAAAEAV12@_KD@Z 0000000180009180 f i pch.obj
 0001:000082f0       ??$throw_exception@Vsystem_error@system@boost@@@boost@@YAXAEBVsystem_error@system@0@@Z 00000001800092f0 f i pch.obj
 0001:00008320       ??1?$wrapexcept@Vsystem_error@system@boost@@@boost@@UEAA@XZ 0000000180009320 f i pch.obj
 0001:00008370       ??0?$wrapexcept@Vsystem_error@system@boost@@@boost@@QEAA@AEBU01@@Z 0000000180009370 f i pch.obj
 0001:00008450       ??0clone_base@exception_detail@boost@@QEAA@AEBV012@@Z 0000000180009450 f i pch.obj
 0001:00008460       ??0system_error@system@boost@@QEAA@AEBV012@@Z 0000000180009460 f i pch.obj
 0001:000084d0       ??0exception@boost@@QEAA@AEBV01@@Z 00000001800094d0 f i pch.obj
 0001:00008530       ??_E?$wrapexcept@Vsystem_error@system@boost@@@boost@@UEAAPEAXI@Z 0000000180009530 f i * CIL library *:* CIL module *
 0001:00008530       ??_G?$wrapexcept@Vsystem_error@system@boost@@@boost@@UEAAPEAXI@Z 0000000180009530 f i pch.obj
 0001:000085a0       ?rethrow@?$wrapexcept@Vsystem_error@system@boost@@@boost@@UEBAXXZ 00000001800095a0 f i pch.obj
 0001:000085d0       ?clone@?$wrapexcept@Vsystem_error@system@boost@@@boost@@UEBAPEBVclone_base@exception_detail@2@XZ 00000001800095d0 f i pch.obj
 0001:00008740       ??0?$wrapexcept@Vsystem_error@system@boost@@@boost@@QEAA@AEBVsystem_error@system@1@@Z 0000000180009740 f i pch.obj
 0001:00008800       ??1deleter@?$wrapexcept@Vsystem_error@system@boost@@@boost@@QEAA@XZ 0000000180009800 f i pch.obj
 0001:00008818       ??_E?$wrapexcept@Vsystem_error@system@boost@@@boost@@WFI@EAAPEAXI@Z 0000000180009818 f i pch.obj
 0001:00008824       ??_E?$wrapexcept@Vsystem_error@system@boost@@@boost@@W7EAAPEAXI@Z 0000000180009824 f i pch.obj
 0001:00008830       ??0bad_alloc@std@@QEAA@XZ  0000000180009830 f i libcpmt:xthrow.obj
 0001:00008850       ??0length_error@std@@QEAA@AEBV01@@Z 0000000180009850 f i libcpmt:xthrow.obj
 0001:0000888c       ??0length_error@std@@QEAA@PEBD@Z 000000018000988c f i libcpmt:xthrow.obj
 0001:000088d4       ??0logic_error@std@@QEAA@AEBV01@@Z 00000001800098d4 f i libcpmt:xthrow.obj
 0001:00008910       ??0out_of_range@std@@QEAA@AEBV01@@Z 0000000180009910 f i libcpmt:xthrow.obj
 0001:0000894c       ??0out_of_range@std@@QEAA@PEBD@Z 000000018000994c f i libcpmt:xthrow.obj
 0001:00008994       ?_Xlength_error@std@@YAXPEBD@Z 0000000180009994 f   libcpmt:xthrow.obj
 0001:000089b8       ?_Xout_of_range@std@@YAXPEBD@Z 00000001800099b8 f   libcpmt:xthrow.obj
 0001:000089dc       ?_Xruntime_error@std@@YAXPEBD@Z 00000001800099dc f   libcpmt:xthrow.obj
 0001:00008a00       ??0_Locimp@locale@std@@AEAA@_N@Z 0000000180009a00 f i libcpmt:locale0.obj
 0001:00008a88       ??4?$_Yarn@D@std@@QEAAAEAV01@PEBD@Z 0000000180009a88 f i libcpmt:locale0.obj
 0001:00008b00       ??_E_Locimp@locale@std@@MEAAPEAXI@Z 0000000180009b00 f i libcpmt:locale0.obj
 0001:00008b00       ??_G_Locimp@locale@std@@MEAAPEAXI@Z 0000000180009b00 f i libcpmt:locale0.obj
 0001:00008b5c       ?_Facet_Register@std@@YAXPEAV_Facet_base@1@@Z 0000000180009b5c f   libcpmt:locale0.obj
 0001:00008b94       ?_Getgloballocale@locale@std@@CAPEAV_Locimp@12@XZ 0000000180009b94 f   libcpmt:locale0.obj
 0001:00008b9c       ?_Init@locale@std@@CAPEAV_Locimp@12@_N@Z 0000000180009b9c f   libcpmt:locale0.obj
 0001:00008c94       ?_Locimp_dtor@_Locimp@locale@std@@CAXPEAV123@@Z 0000000180009c94 f   libcpmt:locale0.obj
 0001:00008d10       ?_Locinfo_ctor@_Locinfo@std@@SAXPEAV12@PEBD@Z 0000000180009d10 f   libcpmt:locale0.obj
 0001:00008d7c       ?_Locinfo_dtor@_Locinfo@std@@SAXPEAV12@@Z 0000000180009d7c f   libcpmt:locale0.obj
 0001:00008d98       ?_New_Locimp@_Locimp@locale@std@@CAPEAV123@_N@Z 0000000180009d98 f   libcpmt:locale0.obj
 0001:00008dc8       ?_Setgloballocale@locale@std@@CAXPEAX@Z 0000000180009dc8 f   libcpmt:locale0.obj
 0001:00008dfc       _Deletegloballocale        0000000180009dfc f   libcpmt:locale0.obj
 0001:00008e6c       ??0_Init_locks@std@@QEAA@XZ 0000000180009e6c f   libcpmt:xlock.obj
 0001:00008eb0       ??0_Lockit@std@@QEAA@H@Z   0000000180009eb0 f   libcpmt:xlock.obj
 0001:00008eec       ??1_Init_locks@std@@QEAA@XZ 0000000180009eec f   libcpmt:xlock.obj
 0001:00008f28       ??1_Lockit@std@@QEAA@XZ    0000000180009f28 f   libcpmt:xlock.obj
 0001:00008f5c       ?_Ios_base_dtor@ios_base@std@@CAXPEAV12@@Z 0000000180009f5c f   libcpmt:ios.obj
 0001:00008fd4       ?_Tidy@ios_base@std@@AEAAXXZ 0000000180009fd4 f i libcpmt:ios.obj
 0001:00009054       __std_fs_code_page         000000018000a054 f   libcpmt:filesystem.obj
 0001:0000907c       __std_fs_convert_narrow_to_wide 000000018000a07c f   libcpmt:filesystem.obj
 0001:000090c4       __std_fs_convert_wide_to_narrow_replace_chars 000000018000a0c4 f   libcpmt:filesystem.obj
 0001:00009190       __std_fs_create_directory  000000018000a190 f   libcpmt:filesystem.obj
 0001:00009208       __std_fs_get_stats         000000018000a208 f   libcpmt:filesystem.obj
 0001:000094a4       __std_fs_open_handle       000000018000a4a4 f   libcpmt:filesystem.obj
 0001:000094fc       ?_Syserror_map@std@@YAPEBDH@Z 000000018000a4fc f   libcpmt:syserror.obj
 0001:00009524       ?_Winerror_map@std@@YAHH@Z 000000018000a524 f   libcpmt:syserror.obj
 0001:00009548       __std_system_error_allocate_message 000000018000a548 f   libcpmt:syserror_import_lib.obj
 0001:000095a8       __std_system_error_deallocate_message 000000018000a5a8 f   libcpmt:syserror_import_lib.obj
 0001:000095b0       _Getctype                  000000018000a5b0 f   libcpmt:_tolower.obj
 0001:00009670       _Tolower                   000000018000a670 f   libcpmt:_tolower.obj
 0001:000097a4       _Toupper                   000000018000a7a4 f   libcpmt:_toupper.obj
 0001:000098e8       ??$_Xfiopen@_W@std@@YAPEAU_iobuf@@PEB_WHH@Z 000000018000a8e8 f i libcpmt:fiopen.obj
 0001:000099f4       ?_Fiopen@std@@YAPEAU_iobuf@@PEB_WHH@Z 000000018000a9f4 f   libcpmt:fiopen.obj
 0001:000099fc       ?_Atexit@@YAXP6AXXZ@Z      000000018000a9fc f   libcpmt:iosptrs.obj
 0001:00009a38       _Mtxdst                    000000018000aa38 f   libcpmt:xmtx.obj
 0001:00009a40       _Mtxinit                   000000018000aa40 f   libcpmt:xmtx.obj
 0001:00009a50       _Mtxlock                   000000018000aa50 f   libcpmt:xmtx.obj
 0001:00009a58       _Mtxunlock                 000000018000aa58 f   libcpmt:xmtx.obj
 0001:00009a60       __crtLCMapStringA          000000018000aa60 f   libcpmt:StlLCMapStringA.obj
 0001:00009d70       __security_check_cookie    000000018000ad70 f   LIBCMT:amdsecgs.obj
 0001:00009d90       ??3@YAXPEAX_K@Z            000000018000ad90 f   LIBCMT:delete_scalar_size.obj
 0001:00009d90       ??_V@YAXPEAX@Z             000000018000ad90 f   LIBCMT:delete_array.obj
 0001:00009d98       ??2@YAPEAX_K@Z             000000018000ad98 f   LIBCMT:new_scalar.obj
 0001:00009dd4       ??_Etype_info@@UEAAPEAXI@Z 000000018000add4 f i LIBCMT:std_type_info_static.obj
 0001:00009dd4       ??_Gtype_info@@UEAAPEAXI@Z 000000018000add4 f i LIBCMT:std_type_info_static.obj
 0001:00009e00       ??_M@YAXPEAX_K1P6AX0@Z@Z   000000018000ae00 f   LIBCMT:ehvecdtr.obj
 0001:00009e6c       ?__ArrayUnwind@@YAXPEAX_K1P6AX0@Z@Z 000000018000ae6c f   LIBCMT:ehvecdtr.obj
 0001:00009fc8       __scrt_acquire_startup_lock 000000018000afc8 f   LIBCMT:utility.obj
 0001:0000a004       __scrt_dllmain_after_initialize_c 000000018000b004 f   LIBCMT:utility.obj
 0001:0000a038       __scrt_dllmain_before_initialize_c 000000018000b038 f   LIBCMT:utility.obj
 0001:0000a050       __scrt_dllmain_crt_thread_attach 000000018000b050 f   LIBCMT:utility.obj
 0001:0000a078       __scrt_dllmain_crt_thread_detach 000000018000b078 f   LIBCMT:utility.obj
 0001:0000a090       __scrt_dllmain_exception_filter 000000018000b090 f   LIBCMT:utility.obj
 0001:0000a0f0       __scrt_dllmain_uninitialize_c 000000018000b0f0 f   LIBCMT:utility.obj
 0001:0000a120       __scrt_dllmain_uninitialize_critical 000000018000b120 f   LIBCMT:utility.obj
 0001:0000a134       __scrt_initialize_crt      000000018000b134 f   LIBCMT:utility.obj
 0001:0000a180       __scrt_initialize_onexit_tables 000000018000b180 f   LIBCMT:utility.obj
 0001:0000a20c       __scrt_is_nonwritable_in_current_image 000000018000b20c f   LIBCMT:utility.obj
 0001:0000a2a4       __scrt_release_startup_lock 000000018000b2a4 f   LIBCMT:utility.obj
 0001:0000a2c8       __scrt_uninitialize_crt    000000018000b2c8 f   LIBCMT:utility.obj
 0001:0000a2f4       _onexit                    000000018000b2f4 f   LIBCMT:utility.obj
 0001:0000a330       atexit                     000000018000b330 f   LIBCMT:utility.obj
 0001:0000a348       __raise_securityfailure    000000018000b348 f   LIBCMT:gs_report.obj
 0001:0000a37c       __report_gsfailure         000000018000b37c f   LIBCMT:gs_report.obj
 0001:0000a450       __report_rangecheckfailure 000000018000b450 f   LIBCMT:gs_report.obj
 0001:0000a464       __report_securityfailure   000000018000b464 f   LIBCMT:gs_report.obj
 0001:0000a904       _DllMainCRTStartup         000000018000b904 f   LIBCMT:dll_dllmain.obj
 0001:0000a944       __GSHandlerCheck           000000018000b944 f   LIBCMT:gshandler.obj
 0001:0000a964       __GSHandlerCheckCommon     000000018000b964 f   LIBCMT:gshandler.obj
 0001:0000a9c0       __GSHandlerCheck_EH4       000000018000b9c0 f   LIBCMT:gshandlereh4.obj
 0001:0000aa50       _alloca_probe              000000018000ba50 f   LIBCMT:chkstk.obj
 0001:0000aa50       __chkstk                   000000018000ba50 f   LIBCMT:chkstk.obj
 0001:0000aaa0       ?__scrt_throw_std_bad_alloc@@YAXXZ 000000018000baa0 f   LIBCMT:throw_bad_alloc.obj
 0001:0000aac0       __crt_debugger_hook        000000018000bac0 f   LIBCMT:utility_desktop.obj
 0001:0000aac8       __scrt_fastfail            000000018000bac8 f   LIBCMT:utility_desktop.obj
 0001:0000ac14       __isa_available_init       000000018000bc14 f   LIBCMT:cpu_disp.obj
 0001:0000adc0       __scrt_is_ucrt_dll_in_use  000000018000bdc0 f   LIBCMT:ucrt_detection.obj
 0001:0000adcc       __security_init_cookie     000000018000bdcc f   LIBCMT:gs_support.obj
 0001:0000ae78       ?__scrt_initialize_type_info@@YAXXZ 000000018000be78 f   LIBCMT:tncleanup.obj
 0001:0000ae88       ?__scrt_uninitialize_type_info@@YAXXZ 000000018000be88 f   LIBCMT:tncleanup.obj
 0001:0000ae94       __scrt_initialize_default_local_stdio_options 000000018000be94 f   LIBCMT:default_local_stdio_options.obj
 0001:0000aeb0       __scrt_get_dyn_tls_init_callback 000000018000beb0 f   LIBCMT:dyn_tls_init.obj
 0001:0000aeb8       _RTC_Initialize            000000018000beb8 f   LIBCMT:initsect.obj
 0001:0000aef4       _RTC_Terminate             000000018000bef4 f   LIBCMT:initsect.obj
 0001:0000af30       ??$_CallSETranslator@V__FrameHandler3@@@@YAHPEAUEHExceptionRecord@@PEA_KPEAU_CONTEXT@@PEAU_xDISPATCHER_CONTEXT@@PEBU_s_FuncInfo@@K1H@Z 000000018000bf30 f i libvcruntime:risctrnsctrl.obj
 0001:0000af84       ??$_CallSETranslator@V__FrameHandler4@@@@YAHPEAUEHExceptionRecord@@PEA_KPEAU_CONTEXT@@PEAU_xDISPATCHER_CONTEXT@@PEAUFuncInfo4@FH4@@K1H@Z 000000018000bf84 f i libvcruntime:risctrnsctrl.obj
 0001:0000afd8       ?CatchTryBlock@__FrameHandler3@@SAPEBU_s_TryBlockMapEntry@@PEBU_s_FuncInfo@@H@Z 000000018000bfd8 f   libvcruntime:risctrnsctrl.obj
 0001:0000b03c       ?DecompFuncInfo@FH4@@YA_JPEAEAEAUFuncInfo4@1@_KH_N@Z 000000018000c03c f i libvcruntime:risctrnsctrl.obj
 0001:0000b160       ?ExecutionInCatch@__FrameHandler3@@SA_NPEAU_xDISPATCHER_CONTEXT@@PEBU_s_FuncInfo@@@Z 000000018000c160 f   libvcruntime:risctrnsctrl.obj
 0001:0000b18c       ?ExecutionInCatch@__FrameHandler4@@SA_NPEAU_xDISPATCHER_CONTEXT@@PEAUFuncInfo4@FH4@@@Z 000000018000c18c f   libvcruntime:risctrnsctrl.obj
 0001:0000b194       ?FrameUnwindToEmptyState@__FrameHandler3@@SAXPEA_KPEAU_xDISPATCHER_CONTEXT@@PEBU_s_FuncInfo@@@Z 000000018000c194 f   libvcruntime:risctrnsctrl.obj
 0001:0000b1f8       ?FrameUnwindToEmptyState@__FrameHandler4@@SAXPEA_KPEAU_xDISPATCHER_CONTEXT@@PEAUFuncInfo4@FH4@@@Z 000000018000c1f8 f   libvcruntime:risctrnsctrl.obj
 0001:0000b22c       ?GetEstablisherFrame@__FrameHandler3@@SAPEA_KPEA_KPEAU_xDISPATCHER_CONTEXT@@PEBU_s_FuncInfo@@0@Z 000000018000c22c f   libvcruntime:risctrnsctrl.obj
 0001:0000b2f8       ?GetEstablisherFrame@__FrameHandler4@@SAPEA_KPEA_KPEAU_xDISPATCHER_CONTEXT@@PEAUFuncInfo4@FH4@@0@Z 000000018000c2f8 f   libvcruntime:risctrnsctrl.obj
 0001:0000b31c       ?GetRangeOfTrysToCheck@__FrameHandler3@@SA?AU?$pair@Viterator@TryBlockMap@__FrameHandler3@@V123@@std@@AEAVTryBlockMap@1@HPEAU_xDISPATCHER_CONTEXT@@PEBU_s_FuncInfo@@H@Z 000000018000c31c f   libvcruntime:risctrnsctrl.obj
 0001:0000b45c       ?GetRangeOfTrysToCheck@__FrameHandler4@@SA?AU?$pair@Viterator@TryBlockMap4@FH4@@V123@@std@@AEAVTryBlockMap4@FH4@@HPEAU_xDISPATCHER_CONTEXT@@PEAUFuncInfo4@5@H@Z 000000018000c45c f   libvcruntime:risctrnsctrl.obj
 0001:0000b5c8       ?UnwindNestedFrames@__FrameHandler3@@SAXPEA_KPEAUEHExceptionRecord@@PEAU_CONTEXT@@0PEAXPEBU_s_FuncInfo@@HHPEBU_s_HandlerType@@PEAU_xDISPATCHER_CONTEXT@@E@Z 000000018000c5c8 f   libvcruntime:risctrnsctrl.obj
 0001:0000b6cc       ?UnwindNestedFrames@__FrameHandler4@@SAXPEA_KPEAUEHExceptionRecord@@PEAU_CONTEXT@@0PEAXPEAUFuncInfo4@FH4@@HHPEAUHandlerType4@5@PEAU_xDISPATCHER_CONTEXT@@E@Z 000000018000c6cc f   libvcruntime:risctrnsctrl.obj
 0001:0000b7ec       ?setBuffer@TryBlockMap4@FH4@@QEAAXViterator@12@@Z 000000018000c7ec f i libvcruntime:risctrnsctrl.obj
 0001:0000b9b0       _CreateFrameInfo           000000018000c9b0 f   libvcruntime:risctrnsctrl.obj
 0001:0000b9ec       _FindAndUnlinkFrame        000000018000c9ec f   libvcruntime:risctrnsctrl.obj
 0001:0000ba40       _GetImageBase              000000018000ca40 f   libvcruntime:risctrnsctrl.obj
 0001:0000ba54       _GetThrowImageBase         000000018000ca54 f   libvcruntime:risctrnsctrl.obj
 0001:0000ba68       _SetImageBase              000000018000ca68 f   libvcruntime:risctrnsctrl.obj
 0001:0000ba80       _SetThrowImageBase         000000018000ca80 f   libvcruntime:risctrnsctrl.obj
 0001:0000ba98       __CxxFrameHandler3         000000018000ca98 f   libvcruntime:risctrnsctrl.obj
 0001:0000bb20       __CxxFrameHandler4         000000018000cb20 f   libvcruntime:risctrnsctrl.obj
 0001:0000bbe0       __DestructExceptionObject  000000018000cbe0 f   libvcruntime:ehhelpers.obj
 0001:0000bc50       ?_CallMemberFunction0@@YAXQEAX0@Z 000000018000cc50 f i libvcruntime:ehhelpers.obj
 0001:0000bc54       _IsExceptionObjectToBeDestroyed 000000018000cc54 f   libvcruntime:ehhelpers.obj
 0001:0000bc84       __AdjustPointer            000000018000cc84 f   libvcruntime:ehhelpers.obj
 0001:0000bca8       __FrameUnwindFilter        000000018000cca8 f   libvcruntime:ehhelpers.obj
 0001:0000bd10       __current_exception        000000018000cd10 f   libvcruntime:ehhelpers.obj
 0001:0000bd24       __current_exception_context 000000018000cd24 f   libvcruntime:ehhelpers.obj
 0001:0000bd38       __std_terminate            000000018000cd38 f   libvcruntime:ehhelpers.obj
 0001:0000bd44       __std_exception_copy       000000018000cd44 f   libvcruntime:std_exception.obj
 0001:0000bdd4       __std_exception_destroy    000000018000cdd4 f   libvcruntime:std_exception.obj
 0001:0000bdfc       _get_purecall_handler      000000018000cdfc f   libvcruntime:purevirt.obj
 0001:0000be08       _purecall                  000000018000ce08 f   libvcruntime:purevirt.obj
 0001:0000be24       _CxxThrowException         000000018000ce24 f   libvcruntime:throw.obj
 0001:0000bee0       memcpy_repmovs             000000018000cee0 f   libvcruntime:memcpy.obj
 0001:0000bf00       memcpy                     000000018000cf00 f   libvcruntime:memcpy.obj
 0001:0000bf00       memmove                    000000018000cf00 f   libvcruntime:memcpy.obj
 0001:0000c590       memchr                     000000018000d590 f   libvcruntime:memchr.obj
 0001:0000c610       memset_repstos             000000018000d610 f   libvcruntime:memset.obj
 0001:0000c630       memset                     000000018000d630 f   libvcruntime:memset.obj
 0001:0000c9d0       memcmp                     000000018000d9d0 f   libvcruntime:memcmp.obj
 0001:0000ca98       __C_specific_handler       000000018000da98 f   libvcruntime:riscchandler.obj
 0001:0000cc90       __vcrt_initialize          000000018000dc90 f   libvcruntime:initialization.obj
 0001:0000ccb8       __vcrt_thread_attach       000000018000dcb8 f   libvcruntime:initialization.obj
 0001:0000cccc       __vcrt_thread_detach       000000018000dccc f   libvcruntime:initialization.obj
 0001:0000cce0       __vcrt_uninitialize        000000018000dce0 f   libvcruntime:initialization.obj
 0001:0000ccfc       __vcrt_uninitialize_critical 000000018000dcfc f   libvcruntime:initialization.obj
 0001:0000cd0c       __std_type_info_compare    000000018000dd0c f   libvcruntime:std_type_info.obj
 0001:0000cd34       __std_type_info_destroy_list 000000018000dd34 f   libvcruntime:std_type_info.obj
 0001:0000cd60       __vcrt_freefls             000000018000dd60 f   libvcruntime:per_thread_data.obj
 0001:0000cd80       __vcrt_freeptd             000000018000dd80 f   libvcruntime:per_thread_data.obj
 0001:0000cdd0       __vcrt_getptd              000000018000ddd0 f   libvcruntime:per_thread_data.obj
 0001:0000cdec       __vcrt_getptd_noexit       000000018000ddec f   libvcruntime:per_thread_data.obj
 0001:0000ceac       __vcrt_initialize_ptd      000000018000deac f   libvcruntime:per_thread_data.obj
 0001:0000cef4       __vcrt_uninitialize_ptd    000000018000def4 f   libvcruntime:per_thread_data.obj
 0001:0000cf18       ?GetCurrentState@__FrameHandler3@@SAHPEA_KPEAU_xDISPATCHER_CONTEXT@@PEBU_s_FuncInfo@@@Z 000000018000df18 f   libvcruntime:ehstate.obj
 0001:0000cf40       ?GetUnwindTryBlock@__FrameHandler3@@SAHPEA_KPEAU_xDISPATCHER_CONTEXT@@PEBU_s_FuncInfo@@@Z 000000018000df40 f   libvcruntime:ehstate.obj
 0001:0000cf6c       ?SetState@__FrameHandler3@@SAXPEA_KPEBU_s_FuncInfo@@H@Z 000000018000df6c f   libvcruntime:ehstate.obj
 0001:0000cf78       ?SetUnwindTryBlock@__FrameHandler3@@SAXPEA_KPEAU_xDISPATCHER_CONTEXT@@PEBU_s_FuncInfo@@H@Z 000000018000df78 f   libvcruntime:ehstate.obj
 0001:0000cfb4       ?StateFromControlPc@__FrameHandler3@@SAHPEBU_s_FuncInfo@@PEAU_xDISPATCHER_CONTEXT@@@Z 000000018000dfb4 f   libvcruntime:ehstate.obj
 0001:0000cfbc       ?StateFromControlPc@__FrameHandler4@@SAHPEAUFuncInfo4@FH4@@PEAU_xDISPATCHER_CONTEXT@@@Z 000000018000dfbc f   libvcruntime:ehstate.obj
 0001:0000cfc4       ?StateFromIp@__FrameHandler3@@SAHPEBU_s_FuncInfo@@PEAU_xDISPATCHER_CONTEXT@@_K@Z 000000018000dfc4 f   libvcruntime:ehstate.obj
 0001:0000d02c       ?StateFromIp@__FrameHandler4@@SAHPEAUFuncInfo4@FH4@@PEAU_xDISPATCHER_CONTEXT@@_K@Z 000000018000e02c f   libvcruntime:ehstate.obj
 0001:0000e72c       ??$TypeMatchHelper@V__FrameHandler3@@@@YAHPEBU_s_HandlerType@@PEBU_s_CatchableType@@PEBU_s_ThrowInfo@@@Z 000000018000f72c f i libvcruntime:frame.obj
 0001:0000e86c       ??$TypeMatchHelper@V__FrameHandler4@@@@YAHPEAUHandlerType4@FH4@@PEBU_s_CatchableType@@PEBU_s_ThrowInfo@@@Z 000000018000f86c f i libvcruntime:frame.obj
 0001:0000e9b0       ??$__InternalCxxFrameHandler@V__FrameHandler3@@@@YA?AW4_EXCEPTION_DISPOSITION@@PEAUEHExceptionRecord@@PEA_KPEAU_CONTEXT@@PEAU_xDISPATCHER_CONTEXT@@PEBU_s_FuncInfo@@H1E@Z 000000018000f9b0 f i libvcruntime:frame.obj
 0001:0000ebe8       ??$__InternalCxxFrameHandler@V__FrameHandler4@@@@YA?AW4_EXCEPTION_DISPOSITION@@PEAUEHExceptionRecord@@PEA_KPEAU_CONTEXT@@PEAU_xDISPATCHER_CONTEXT@@PEAUFuncInfo4@FH4@@H1E@Z 000000018000fbe8 f i libvcruntime:frame.obj
 0001:0000ee7c       ??0HandlerMap4@FH4@@QEAA@PEBUTryBlockMapEntry4@1@_KH@Z 000000018000fe7c f i libvcruntime:frame.obj
 0001:0000eef8       ??0TryBlockMap4@FH4@@QEAA@PEBUFuncInfo4@1@_K@Z 000000018000fef8 f i libvcruntime:frame.obj
 0001:0000efd0       ??0bad_exception@std@@QEAA@AEBV01@@Z 000000018000ffd0 f i libvcruntime:frame.obj
 0001:0000f00c       ??0bad_exception@std@@QEAA@XZ 000000018001000c f i libvcruntime:frame.obj
 0001:0000f02c       ?CxxCallCatchBlock@__FrameHandler3@@SAPEAXPEAU_EXCEPTION_RECORD@@@Z 000000018001002c f   libvcruntime:frame.obj
 0001:0000f218       ?CxxCallCatchBlock@__FrameHandler4@@SAPEAXPEAU_EXCEPTION_RECORD@@@Z 0000000180010218 f   libvcruntime:frame.obj
 0001:0000f468       ?DecompHandler@HandlerMap4@FH4@@AEAAXXZ 0000000180010468 f i libvcruntime:frame.obj
 0001:0000f6b4       ?FrameUnwindToState@__FrameHandler3@@SAXPEA_KPEAU_xDISPATCHER_CONTEXT@@PEBU_s_FuncInfo@@H@Z 00000001800106b4 f   libvcruntime:frame.obj
 0001:0000f840       ?FrameUnwindToState@__FrameHandler4@@SAXPEA_KPEAU_xDISPATCHER_CONTEXT@@PEAUFuncInfo4@FH4@@H@Z 0000000180010840 f   libvcruntime:frame.obj
 0001:0000fb3c       ?GetHandlerSearchState@__FrameHandler3@@SAHPEA_KPEAU_xDISPATCHER_CONTEXT@@PEBU_s_FuncInfo@@@Z 0000000180010b3c f i libvcruntime:frame.obj
 0001:0000fd4c       ?ReadEntry@UWMap4@FH4@@AEAAXPEAPEAE@Z 0000000180010d4c f i libvcruntime:frame.obj
 0001:0000fde8       ?_CallMemberFunction1@@YAXQEAX00@Z 0000000180010de8 f i libvcruntime:frame.obj
 0001:0000fdf4       ?_CallMemberFunction2@@YAXQEAX00H@Z 0000000180010df4 f i libvcruntime:frame.obj
 0001:0000fe04       ?getStartStop@UWMap4@FH4@@QEAAXHHAEAViterator@12@0@Z 0000000180010e04 f i libvcruntime:frame.obj
 0001:0000fed4       ?getStateFromIterators@UWMap4@FH4@@SAHAEBViterator@12@H0H0@Z 0000000180010ed4 f i libvcruntime:frame.obj
 0001:0000ffb0       _NLG_Notify                0000000180010fb0 f   libvcruntime:notify.obj
 0001:0000ffd0       __NLG_Dispatch2            0000000180010fd0 f   libvcruntime:notify.obj
 0001:0000ffe0       __NLG_Return2              0000000180010fe0 f   libvcruntime:notify.obj
 0001:0000ffe4       __except_validate_context_record 0000000180010fe4 f   libvcruntime:jbcxrval.obj
 0001:0001001c       __vcrt_initialize_locks    000000018001101c f   libvcruntime:locks.obj
 0001:00010064       __vcrt_uninitialize_locks  0000000180011064 f   libvcruntime:locks.obj
 0001:000101ec       __vcrt_FlsAlloc            00000001800111ec f   libvcruntime:winapi_downlevel.obj
 0001:00010234       __vcrt_FlsFree             0000000180011234 f   libvcruntime:winapi_downlevel.obj
 0001:0001027c       __vcrt_FlsGetValue         000000018001127c f   libvcruntime:winapi_downlevel.obj
 0001:000102c4       __vcrt_FlsSetValue         00000001800112c4 f   libvcruntime:winapi_downlevel.obj
 0001:00010318       __vcrt_InitializeCriticalSectionEx 0000000180011318 f   libvcruntime:winapi_downlevel.obj
 0001:00010390       _CallSettingFrame          0000000180011390 f   libvcruntime:handlers.obj
 0001:000103e0       _CallSettingFrame_LookupContinuationIndex 00000001800113e0 f   libvcruntime:handlers.obj
 0001:00010410       _CallSettingFrame_NotifyContinuationAddr 0000000180011410 f   libvcruntime:handlers.obj
 0001:00010440       _CallSettingFrameEncoded   0000000180011440 f   libvcruntime:handlers.obj
 0001:00010654       ??$ensure_buffer_is_big_enough@D@formatting_buffer@__crt_stdio_output@@QEAA_N_K@Z 0000000180011654 f i libucrt:output.obj
 0001:000106fc       ??$type_case_integer_parse_into_buffer@I@?$output_processor@DV?$string_output_adapter@D@__crt_stdio_output@@V?$standard_base@DV?$string_output_adapter@D@__crt_stdio_output@@@2@@__crt_stdio_output@@AEAAXII_N@Z 00000001800116fc f i libucrt:output.obj
 0001:00010784       ??$type_case_integer_parse_into_buffer@_K@?$output_processor@DV?$string_output_adapter@D@__crt_stdio_output@@V?$standard_base@DV?$string_output_adapter@D@__crt_stdio_output@@@2@@__crt_stdio_output@@AEAAX_KI_N@Z 0000000180011784 f i libucrt:output.obj
 0001:00010814       ??$write_multiple_characters@V?$string_output_adapter@D@__crt_stdio_output@@D@__crt_stdio_output@@YAXAEBV?$string_output_adapter@D@0@DHQEAH@Z 0000000180011814 f i libucrt:output.obj
 0001:0001088c       ??0_LocaleUpdate@@QEAA@QEAU__crt_locale_pointers@@@Z 000000018001188c f i libucrt:output.obj
 0001:00010928       ??1_LocaleUpdate@@QEAA@XZ  0000000180011928 f i libucrt:output.obj
 0001:00010940       ?crop_zeroes@__crt_stdio_output@@YAXPEADQEAU__crt_locale_pointers@@@Z 0000000180011940 f i libucrt:output.obj
 0001:000109e0       ?force_decimal_point@__crt_stdio_output@@YAXPEADQEAU__crt_locale_pointers@@@Z 00000001800119e0 f i libucrt:output.obj
 0001:00010a58       ?parse_int_from_format_string@?$output_processor@DV?$string_output_adapter@D@__crt_stdio_output@@V?$standard_base@DV?$string_output_adapter@D@__crt_stdio_output@@@2@@__crt_stdio_output@@AEAA_NQEAH@Z 0000000180011a58 f i libucrt:output.obj
 0001:00010afc       ?process@?$output_processor@DV?$string_output_adapter@D@__crt_stdio_output@@V?$standard_base@DV?$string_output_adapter@D@__crt_stdio_output@@@2@@__crt_stdio_output@@QEAAHXZ 0000000180011afc f i libucrt:output.obj
 0001:00010d04       ?state_case_normal@?$output_processor@DV?$string_output_adapter@D@__crt_stdio_output@@V?$standard_base@DV?$string_output_adapter@D@__crt_stdio_output@@@2@@__crt_stdio_output@@AEAA_NXZ 0000000180011d04 f i libucrt:output.obj
 0001:00010d78       ?state_case_normal_tchar@?$output_processor@DV?$string_output_adapter@D@__crt_stdio_output@@V?$standard_base@DV?$string_output_adapter@D@__crt_stdio_output@@@2@@__crt_stdio_output@@AEAA_ND@Z 0000000180011d78 f i libucrt:output.obj
 0001:00010e20       ?state_case_size@?$output_processor@DV?$string_output_adapter@D@__crt_stdio_output@@V?$standard_base@DV?$string_output_adapter@D@__crt_stdio_output@@@2@@__crt_stdio_output@@AEAA_NXZ 0000000180011e20 f i libucrt:output.obj
 0001:00010f90       ?state_case_type@?$output_processor@DV?$string_output_adapter@D@__crt_stdio_output@@V?$standard_base@DV?$string_output_adapter@D@__crt_stdio_output@@@2@@__crt_stdio_output@@AEAA_NXZ 0000000180011f90 f i libucrt:output.obj
 0001:00011200       ?to_integer_size@__crt_stdio_output@@YA_KW4length_modifier@1@@Z 0000000180012200 f i libucrt:output.obj
 0001:00011268       ?type_case_Z@?$output_processor@DV?$string_output_adapter@D@__crt_stdio_output@@V?$standard_base@DV?$string_output_adapter@D@__crt_stdio_output@@@2@@__crt_stdio_output@@AEAA_NXZ 0000000180012268 f i libucrt:output.obj
 0001:000112dc       ?type_case_a@?$output_processor@DV?$string_output_adapter@D@__crt_stdio_output@@V?$standard_base@DV?$string_output_adapter@D@__crt_stdio_output@@@2@@__crt_stdio_output@@AEAA_NXZ 00000001800122dc f i libucrt:output.obj
 0001:00011498       ?type_case_c_tchar@?$output_processor@DV?$string_output_adapter@D@__crt_stdio_output@@V?$standard_base@DV?$string_output_adapter@D@__crt_stdio_output@@@2@@__crt_stdio_output@@AEAA_ND@Z 0000000180012498 f i libucrt:output.obj
 0001:00011560       ?type_case_integer@?$output_processor@DV?$string_output_adapter@D@__crt_stdio_output@@V?$standard_base@DV?$string_output_adapter@D@__crt_stdio_output@@@2@@__crt_stdio_output@@AEAA_NI_N@Z 0000000180012560 f i libucrt:output.obj
 0001:000116e0       ?type_case_n@?$output_processor@DV?$string_output_adapter@D@__crt_stdio_output@@V?$standard_base@DV?$string_output_adapter@D@__crt_stdio_output@@@2@@__crt_stdio_output@@AEAA_NXZ 00000001800126e0 f i libucrt:output.obj
 0001:00011768       ?type_case_s@?$output_processor@DV?$string_output_adapter@D@__crt_stdio_output@@V?$standard_base@DV?$string_output_adapter@D@__crt_stdio_output@@@2@@__crt_stdio_output@@AEAA_NXZ 0000000180012768 f i libucrt:output.obj
 0001:00011800       ?write_stored_string_tchar@?$output_processor@DV?$string_output_adapter@D@__crt_stdio_output@@V?$standard_base@DV?$string_output_adapter@D@__crt_stdio_output@@@2@@__crt_stdio_output@@AEAA_ND@Z 0000000180012800 f i libucrt:output.obj
 0001:000118dc       ?write_string@?$string_output_adapter@D@__crt_stdio_output@@QEBAXQEBDHQEAHAEAV__crt_deferred_errno_cache@@@Z 00000001800128dc f i libucrt:output.obj
 0001:00011980       __stdio_common_vsprintf    0000000180012980 f   libucrt:output.obj
 0001:00011988       __acrt_initialize_stdio    0000000180012988 f   libucrt:_file.obj
 0001:00011aa8       __acrt_iob_func            0000000180012aa8 f   libucrt:_file.obj
 0001:00011abc       __acrt_uninitialize_stdio  0000000180012abc f   libucrt:_file.obj
 0001:00011b18       _get_stream_buffer_pointers 0000000180012b18 f   libucrt:_file.obj
 0001:00011b60       _lock_file                 0000000180012b60 f   libucrt:_file.obj
 0001:00011b6c       _unlock_file               0000000180012b6c f   libucrt:_file.obj
 0001:00011b78       terminate                  0000000180012b78 f   libucrt:terminate.obj
 0001:00011b98       __acrt_errno_from_os_error 0000000180012b98 f   libucrt:errno.obj
 0001:00011be0       __acrt_errno_map_os_error  0000000180012be0 f   libucrt:errno.obj
 0001:00011c30       __doserrno                 0000000180012c30 f   libucrt:errno.obj
 0001:00011c50       _errno                     0000000180012c50 f   libucrt:errno.obj
 0001:00011c70       strerror                   0000000180012c70 f   libucrt:strerror.obj
 0001:00011d4c       __acrt_call_reportfault    0000000180012d4c f   libucrt:invalid_parameter.obj
 0001:00011ea8       __acrt_initialize_invalid_parameter_handler 0000000180012ea8 f   libucrt:invalid_parameter.obj
 0001:00011eb0       _invalid_parameter         0000000180012eb0 f   libucrt:invalid_parameter.obj
 0001:00011f60       _invalid_parameter_noinfo  0000000180012f60 f   libucrt:invalid_parameter.obj
 0001:00011f80       _invalid_parameter_noinfo_noreturn 0000000180012f80 f   libucrt:invalid_parameter.obj
 0001:00011fb0       _invoke_watson             0000000180012fb0 f   libucrt:invalid_parameter.obj
 0001:0001209c       _fwrite_nolock             000000018001309c f   libucrt:fwrite.obj
 0001:00012248       fwrite                     0000000180013248 f   libucrt:fwrite.obj
 0001:000122cc       fputc                      00000001800132cc f   libucrt:fputc.obj
 0001:000123f0       _fileno                    00000001800133f0 f   libucrt:fileno.obj
 0001:00012418       _isatty                    0000000180013418 f   libucrt:isatty.obj
 0001:00012478       __acrt_lowio_create_handle_array 0000000180013478 f   libucrt:osfinfo.obj
 0001:00012520       __acrt_lowio_destroy_handle_array 0000000180013520 f   libucrt:osfinfo.obj
 0001:00012570       __acrt_lowio_ensure_fh_exists 0000000180013570 f   libucrt:osfinfo.obj
 0001:00012618       __acrt_lowio_lock_fh       0000000180013618 f   libucrt:osfinfo.obj
 0001:00012640       __acrt_lowio_set_os_handle 0000000180013640 f   libucrt:osfinfo.obj
 0001:00012700       __acrt_lowio_unlock_fh     0000000180013700 f   libucrt:osfinfo.obj
 0001:00012728       _alloc_osfhnd              0000000180013728 f   libucrt:osfinfo.obj
 0001:00012868       _free_osfhnd               0000000180013868 f   libucrt:osfinfo.obj
 0001:00012924       _get_osfhandle             0000000180013924 f   libucrt:osfinfo.obj
 0001:0001299c       free                       000000018001399c f   libucrt:free.obj
 0001:000129b0       calloc                     00000001800139b0 f   libucrt:calloc.obj
 0001:000129b8       _fclose_nolock             00000001800139b8 f   libucrt:fclose.obj
 0001:00012a3c       fclose                     0000000180013a3c f   libucrt:fclose.obj
 0001:00012b6c       _wfsopen                   0000000180013b6c f   libucrt:fopen.obj
 0001:00012b74       ??$__acrt_mbs_to_wcs_cp@U__crt_win32_buffer_internal_dynamic_resizing@@@@YAHQEBDAEAV?$__crt_win32_buffer@_WU__crt_win32_buffer_internal_dynamic_resizing@@@@I@Z 0000000180013b74 f i libucrt:open.obj
 0001:00013314       _wsopen_nolock             0000000180014314 f   libucrt:open.obj
 0001:000136fc       _wsopen_s                  00000001800146fc f   libucrt:open.obj
 0001:000137a4       _close                     00000001800147a4 f   libucrt:close.obj
 0001:00013848       _close_nolock              0000000180014848 f   libucrt:close.obj
 0001:00013e70       _read                      0000000180014e70 f   libucrt:read.obj
 0001:00013f8c       _read_nolock               0000000180014f8c f   libucrt:read.obj
 0001:00014c60       _write                     0000000180015c60 f   libucrt:write.obj
 0001:00014d4c       _write_nolock              0000000180015d4c f   libucrt:write.obj
 0001:00015030       ??$__acrt_stdio_parse_mode@_W@@YA?AU__acrt_stdio_stream_mode@@QEB_W@Z 0000000180016030 f i libucrt:fdopen.obj
 0001:00015334       malloc                     0000000180016334 f   libucrt:malloc.obj
 0001:00015350       strncpy                    0000000180016350 f   libucrt:strncpy.obj
 0001:00015984       _ftelli64                  0000000180016984 f   libucrt:ftell.obj
 0001:0001598c       _ftelli64_nolock           000000018001698c f   libucrt:ftell.obj
 0001:00015b9c       _fseeki64                  0000000180016b9c f   libucrt:fseek.obj
 0001:00015ba4       fseek                      0000000180016ba4 f   libucrt:fseek.obj
 0001:00015bac       _fread_nolock_s            0000000180016bac f   libucrt:fread.obj
 0001:00015e0c       fread                      0000000180016e0c f   libucrt:fread.obj
 0001:00015e2c       fread_s                    0000000180016e2c f   libucrt:fread.obj
 0001:00015ee0       qsort                      0000000180016ee0 f   libucrt:qsort.obj
 0001:0001649c       __acrt_stdio_flush_nolock  000000018001749c f   libucrt:fflush.obj
 0001:00016518       _fflush_nolock             0000000180017518 f   libucrt:fflush.obj
 0001:00016564       _flushall                  0000000180017564 f   libucrt:fflush.obj
 0001:0001656c       fflush                     000000018001756c f   libucrt:fflush.obj
 0001:000165e0       ?divide@__crt_strtox@@YA_KAEAUbig_integer@1@AEBU21@@Z 00000001800175e0 f i libucrt:input.obj
 0001:00016a0c       _ischartype_l              0000000180017a0c f i libucrt:input.obj
 0001:00016b20       strncmp                    0000000180017b20 f   libucrt:strncmp.obj
 0001:00016cc4       setvbuf                    0000000180017cc4 f   libucrt:setvbuf.obj
 0001:00016d60       fsetpos                    0000000180017d60 f   libucrt:fsetpos.obj
 0001:00016d98       fgetpos                    0000000180017d98 f   libucrt:fgetpos.obj
 0001:00016de4       _fgetc_nolock              0000000180017de4 f   libucrt:fgetc.obj
 0001:00016e28       fgetc                      0000000180017e28 f   libucrt:fgetc.obj
 0001:00016f30       _ungetc_nolock             0000000180017f30 f   libucrt:ungetc.obj
 0001:00017058       ungetc                     0000000180018058 f   libucrt:ungetc.obj
 0001:000170f8       __acrt_get_sigabrt_handler 00000001800180f8 f   libucrt:signal.obj
 0001:00017128       __acrt_initialize_signal_handlers 0000000180018128 f   libucrt:signal.obj
 0001:00017148       raise                      0000000180018148 f   libucrt:signal.obj
 0001:00017690       setlocale                  0000000180018690 f   libucrt:setlocale.obj
 0001:000176dc       __acrt_initialize_locks    00000001800186dc f   libucrt:locks.obj
 0001:00017724       __acrt_lock                0000000180018724 f   libucrt:locks.obj
 0001:00017740       __acrt_uninitialize_locks  0000000180018740 f   libucrt:locks.obj
 0001:00017778       __acrt_unlock              0000000180018778 f   libucrt:locks.obj
 0001:00017794       _lock_locales              0000000180018794 f   libucrt:locks.obj
 0001:000177b0       _unlock_locales            00000001800187b0 f   libucrt:locks.obj
 0001:000177c0       ___lc_codepage_func        00000001800187c0 f   libucrt:initctype.obj
 0001:000177f0       ___lc_locale_name_func     00000001800187f0 f   libucrt:initctype.obj
 0001:00017824       __acrt_locale_initialize_ctype 0000000180018824 f   libucrt:initctype.obj
 0001:00017e88       __pctype_func              0000000180018e88 f   libucrt:ctype.obj
 0001:00017ec0       islower                    0000000180018ec0 f   libucrt:_ctype.obj
 0001:00017f70       isupper                    0000000180018f70 f   libucrt:_ctype.obj
 0001:00018018       _wcsdup                    0000000180019018 f   libucrt:wcsdup.obj
 0001:000180a0       pow                        00000001800190a0 f   libucrt:pow.obj
 0001:00019740       powf                       000000018001a740 f   libucrt:powf.obj
 0001:0001a608       abort                      000000018001b608 f   libucrt:abort.obj
 0001:0001a660       __strncnt                  000000018001b660 f   libucrt:strncnt.obj
 0001:0001a678       ??$__acrt_wcs_to_mbs_cp@U__crt_win32_buffer_no_resizing@@@@YAHQEB_WAEAV?$__crt_win32_buffer@DU__crt_win32_buffer_no_resizing@@@@I@Z 000000018001b678 f i libucrt:strftime.obj
 0001:0001a78c       strnlen                    000000018001b78c f   libucrt:strnlen.obj
 0001:0001a8dc       wcsnlen                    000000018001b8dc f   libucrt:strnlen.obj
 0001:0001aab4       __acrt_initialize_new_handler 000000018001bab4 f   libucrt:new_handler.obj
 0001:0001aabc       _callnewh                  000000018001babc f   libucrt:new_handler.obj
 0001:0001aaec       _query_new_handler         000000018001baec f   libucrt:new_handler.obj
 0001:0001ab20       _seh_filter_dll            000000018001bb20 f   libucrt:exception_filter.obj
 0001:0001ab34       _seh_filter_exe            000000018001bb34 f   libucrt:exception_filter.obj
 0001:0001af24       __acrt_initialize_thread_local_exit_callback 000000018001bf24 f   libucrt:exit.obj
 0001:0001af2c       _cexit                     000000018001bf2c f   libucrt:exit.obj
 0001:0001af3c       _exit                      000000018001bf3c f   libucrt:exit.obj
 0001:0001af48       _is_c_termination_complete 000000018001bf48 f   libucrt:exit.obj
 0001:0001b110       __acrt_allocate_buffer_for_argv 000000018001c110 f   libucrt:argv_parsing.obj
 0001:0001b170       _configure_narrow_argv     000000018001c170 f   libucrt:argv_parsing.obj
 0001:0001b4e8       __dcrt_uninitialize_environments_nolock 000000018001c4e8 f   libucrt:environment_initialization.obj
 0001:0001b520       _initialize_narrow_environment 000000018001c520 f   libucrt:environment_initialization.obj
 0001:0001b868       _crt_atexit                000000018001c868 f   libucrt:onexit.obj
 0001:0001b878       _execute_onexit_table      000000018001c878 f   libucrt:onexit.obj
 0001:0001b8b4       _initialize_onexit_table   000000018001c8b4 f   libucrt:onexit.obj
 0001:0001b8dc       _register_onexit_function  000000018001c8dc f   libucrt:onexit.obj
 0001:0001ba50       __acrt_initialize          000000018001ca50 f   libucrt:initialization.obj
 0001:0001ba64       __acrt_thread_attach       000000018001ca64 f   libucrt:initialization.obj
 0001:0001ba78       __acrt_thread_detach       000000018001ca78 f   libucrt:initialization.obj
 0001:0001ba88       __acrt_uninitialize        000000018001ca88 f   libucrt:initialization.obj
 0001:0001bac0       __acrt_uninitialize_critical 000000018001cac0 f   libucrt:initialization.obj
 0001:0001bad0       _initterm                  000000018001cad0 f   libucrt:initterm.obj
 0001:0001bb34       _initterm_e                000000018001cb34 f   libucrt:initterm.obj
 0001:0001bb74       strcpy_s                   000000018001cb74 f   libucrt:strcpy_s.obj
 0001:0001bbd4       ??$parse_integer@KV?$c_string_character_source@D@__crt_strtox@@@__crt_strtox@@YAKQEAU__crt_locale_pointers@@V?$c_string_character_source@D@0@H_N@Z 000000018001cbd4 f i libucrt:atox.obj
 0001:0001bed8       ??$parse_integer@KV?$c_string_character_source@_W@__crt_strtox@@@__crt_strtox@@YAKQEAU__crt_locale_pointers@@V?$c_string_character_source@_W@0@H_N@Z 000000018001ced8 f i libucrt:atox.obj
 0001:0001c580       _wtol                      000000018001d580 f   libucrt:atox.obj
 0001:0001c5ac       wcsncmp                    000000018001d5ac f   libucrt:wcsncmp.obj
 0001:0001c5d8       _free_base                 000000018001d5d8 f   libucrt:free_base.obj
 0001:0001c618       _malloc_base               000000018001d618 f   libucrt:malloc_base.obj
 0001:0001c678       strtol                     000000018001d678 f   libucrt:strtox.obj
 0001:0001c6a4       _mbtowc_l                  000000018001d6a4 f   libucrt:mbtowc.obj
 0001:0001c824       mbtowc                     000000018001d824 f   libucrt:mbtowc.obj
 0001:0001c82c       _wctomb_s_l                000000018001d82c f   libucrt:wctomb.obj
 0001:0001cd40       __acrt_freeptd             000000018001dd40 f   libucrt:per_thread_data.obj
 0001:0001cd84       __acrt_getptd              000000018001dd84 f   libucrt:per_thread_data.obj
 0001:0001ce58       __acrt_getptd_head         000000018001de58 f   libucrt:per_thread_data.obj
 0001:0001cf00       __acrt_getptd_noexit       000000018001df00 f   libucrt:per_thread_data.obj
 0001:0001cfcc       __acrt_initialize_ptd      000000018001dfcc f   libucrt:per_thread_data.obj
 0001:0001d008       __acrt_uninitialize_ptd    000000018001e008 f   libucrt:per_thread_data.obj
 0001:0001d02c       __acrt_update_locale_info  000000018001e02c f   libucrt:locale_update.obj
 0001:0001d060       __acrt_update_multibyte_info 000000018001e060 f   libucrt:locale_update.obj
 0001:0001daa0       __acrt_fp_format           000000018001eaa0 f   libucrt:cvt.obj
 0001:0001ddd8       _get_printf_count_output   000000018001edd8 f   libucrt:printf_count_output.obj
 0001:0001ddf0       __acrt_should_use_temporary_buffer 000000018001edf0 f   libucrt:_sftbuf.obj
 0001:0001de38       __acrt_stdio_begin_temporary_buffering_nolock 000000018001ee38 f   libucrt:_sftbuf.obj
 0001:0001df00       __acrt_stdio_end_temporary_buffering_nolock 000000018001ef00 f   libucrt:_sftbuf.obj
 0001:0001e1a4       ?commit_locale_name@_expandlocale_locale_name_cache@@QEAAXQEB_W_K@Z 000000018001f1a4 f i libucrt:wsetlocale.obj
 0001:0001e21c       __acrt_copy_locale_name    000000018001f21c f   libucrt:wsetlocale.obj
 0001:0001e2a0       __acrt_set_locale_changed  000000018001f2a0 f   libucrt:wsetlocale.obj
 0001:0001e2ac       __acrt_uninitialize_locale 000000018001f2ac f   libucrt:wsetlocale.obj
 0001:0001e2dc       __lc_lctowcs               000000018001f2dc f   libucrt:wsetlocale.obj
 0001:0001e380       __lc_wcstolc               000000018001f380 f   libucrt:wsetlocale.obj
 0001:0001ea28       _wcscats                   000000018001fa28 f   libucrt:wsetlocale.obj
 0001:0001ea90       _wsetlocale                000000018001fa90 f   libucrt:wsetlocale.obj
 0001:0001f9dc       __acrt_initialize_lowio    00000001800209dc f   libucrt:ioinit.obj
 0001:0001fa18       __acrt_uninitialize_lowio  0000000180020a18 f   libucrt:ioinit.obj
 0001:0001fa58       _calloc_base               0000000180020a58 f   libucrt:calloc_base.obj
 0001:0001fd4c       __acrt_AppPolicyGetProcessTerminationMethodInternal 0000000180020d4c f   libucrt:winapi_thunks.obj
 0001:0001fd9c       __acrt_AreFileApisANSI     0000000180020d9c f   libucrt:winapi_thunks.obj
 0001:0001fdd8       __acrt_EnumSystemLocalesEx 0000000180020dd8 f   libucrt:winapi_thunks.obj
 0001:0001fe70       __acrt_FlsAlloc            0000000180020e70 f   libucrt:winapi_thunks.obj
 0001:0001feb8       __acrt_FlsFree             0000000180020eb8 f   libucrt:winapi_thunks.obj
 0001:0001ff00       __acrt_FlsGetValue         0000000180020f00 f   libucrt:winapi_thunks.obj
 0001:0001ff48       __acrt_FlsSetValue         0000000180020f48 f   libucrt:winapi_thunks.obj
 0001:0001ff9c       __acrt_GetLocaleInfoEx     0000000180020f9c f   libucrt:winapi_thunks.obj
 0001:00020020       __acrt_GetUserDefaultLocaleName 0000000180021020 f   libucrt:winapi_thunks.obj
 0001:00020084       __acrt_InitializeCriticalSectionEx 0000000180021084 f   libucrt:winapi_thunks.obj
[...]
 0002:00018194       $unwind$_mbstowcs_s_l      0000000180046194     libucrt:mbstowcs.obj
 0002:000181ac       $unwind$?_mbstowcs_l_helper@@YA_KPEA_WPEBD_KPEAU__crt_locale_pointers@@@Z 00000001800461ac     libucrt:mbstowcs.obj
 0002:000181c4       $unwind$??$write_buffer_nolock@D@@YA_NDV__crt_stdio_stream@@@Z 00000001800461c4     libucrt:_flsbuf.obj
 0002:000181d4       $unwind$?__acrt_stdio_allocate_stream@@YA?AV__crt_stdio_stream@@XZ 00000001800461d4     libucrt:stream.obj
 0002:000181f4       $unwind$_wopenfile         00000001800461f4     libucrt:openfile.obj
 0002:00018208       $unwind$_setmode_nolock    0000000180046208     libucrt:setmode.obj
 0002:00018218       $unwind$??$common_lseek@_J@@YA_JH_JH@Z 0000000180046218     libucrt:lseek.obj
 0002:00018248       $unwind$__acrt_WideCharToMultiByte 0000000180046248     libucrt:widechartomultibyte.obj
 0002:00018254       $unwind$?__mbsrtowcs_utf8@__crt_mbstring@@YA_KPEA_WPEAPEBD_KPEAU_Mbstatet@@@Z 0000000180046254     libucrt:mbrtowc.obj
 0002:0001826c       $unwind$_putwch_nolock     000000018004626c     libucrt:putwch.obj
 0002:00018274       $unwind$_wcsnicmp_l        0000000180046274     libucrt:wcsnicmp.obj
 0002:00018290       $unwind$__acrt_LCMapStringA 0000000180046290     libucrt:lcmapstringa.obj
 0002:000182a0       $unwind$?__acrt_LCMapStringA_stat@@YAHPEAU__crt_locale_pointers@@PEB_WKPEBDHPEADHHH@Z 00000001800462a0     libucrt:lcmapstringa.obj
 0002:000182c8       $unwind$??$?RV<lambda_a37b2b86f63e897a80ea819b0eb08c01>@@AEAV<lambda_38ce7e780aa69e748d6df282ebc68efe>@@V<lambda_99fb1378e971ab6e7edea83e3a7a83a2>@@@?$__crt_seh_guarded_call@H@@QEAAH$$QEAV<lambda_a37b2b86f63e897a80ea819b0eb08c01>@@AEAV<lambda_38ce7e780aa69e748d6df282ebc68efe>@@$$QEAV<lambda_99fb1378e971ab6e7edea83e3a7a83a2>@@@Z 00000001800462c8     libucrt:commit.obj
 0002:000182ec       $unwind$_isctype_l         00000001800462ec     libucrt:isctype.obj
 0002:00018308       $unwind$?_wcstombs_l_helper@@YA_KPEADPEB_W_KPEAU__crt_locale_pointers@@@Z 0000000180046308     libucrt:wcstombs.obj
 0002:0001832c       $stateUnwindMap$?_wcstombs_l_helper@@YA_KPEADPEB_W_KPEAU__crt_locale_pointers@@@Z 000000018004632c     libucrt:wcstombs.obj
 0002:00018338       $ip2state$?_wcstombs_l_helper@@YA_KPEADPEB_W_KPEAU__crt_locale_pointers@@@Z 0000000180046338     libucrt:wcstombs.obj
 0002:00018348       $unwind$__acrt_GetLocaleInfoA 0000000180046348     libucrt:getlocaleinfoa.obj
 0002:00018368       $unwind$?InternalGetLocaleInfoA@@YAHQEAU__crt_locale_pointers@@QEB_WKQEADH@Z 0000000180046368     libucrt:getlocaleinfoa.obj
 0002:00018390       $unwind$__acrt_GetStringTypeA 0000000180046390     libucrt:getstringtypea.obj
 0002:000183b8       $unwind$_raise_exc_ex      00000001800463b8     libucrt:fpexcept.obj
 0002:000183cc       $unwind$_ctrlfp            00000001800463cc     libucrt:fpctrl.obj
 0002:000183f4       $unwind$__acrt_initialize_fma3 00000001800463f4     libucrt:fma3_available.obj
 0002:000183fc       $unwind$_powf_special      00000001800463fc     libucrt:pow_special.obj
 0002:0001840c       $unwind$_pow_special       000000018004640c     libucrt:pow_special.obj
 0002:00018418       $unwind$_wcsicmp_l         0000000180046418     libucrt:wcsicmp.obj
 0002:00018430       $unwind$??$common_expand_argv_wildcards@D@@YAHQEAPEADQEAPEAPEAD@Z 0000000180046430     libucrt:argv_wildcards.obj
 0002:00018448       $unwind$__acrt_GetModuleFileNameA 0000000180046448     libucrt:getmodulefilenamea.obj
 0002:00018464       $unwind$_setmbcp_nolock    0000000180046464     libucrt:mbctype.obj
 0002:00018484       $unwind$?update_thread_multibyte_data_internal@@YAPEAU__crt_multibyte_data@@QEAU__acrt_ptd@@QEAPEAU1@@Z 0000000180046484     libucrt:mbctype.obj
 0002:000184ac       $unwind$?setmbcp_internal@@YAHH_NQEAU__acrt_ptd@@QEAPEAU__crt_multibyte_data@@@Z 00000001800464ac     libucrt:mbctype.obj
 0002:000184bc       $unwind$?setSBUpLow@@YAXPEAU__crt_multibyte_data@@@Z 00000001800464bc     libucrt:mbctype.obj
 0002:000184d8       $unwind$??$?RV<lambda_efdfa57d1f175319df784efa44bb7b81>@@AEAV<lambda_5f0a4c1567f8adc6734073e5d1e1b35c>@@V<lambda_2e8a7d3640ea6ccb4c2413664c2db6fd>@@@?$__crt_seh_guarded_call@X@@QEAAX$$QEAV<lambda_efdfa57d1f175319df784efa44bb7b81>@@AEAV<lambda_5f0a4c1567f8adc6734073e5d1e1b35c>@@$$QEAV<lambda_2e8a7d3640ea6ccb4c2413664c2db6fd>@@@Z 00000001800464d8     libucrt:mbctype.obj
 0002:000184fc       $unwind$?x_ismbbtype_l@@YAHPEAU__crt_locale_pointers@@IHH@Z 00000001800464fc     libucrt:ismbbyte.obj
 0002:0001850c       $unwind$__acrt_update_thread_locale_data 000000018004650c     libucrt:locale_refcounting.obj
 0002:00018530       $unwind$__acrt_fltout      0000000180046530     libucrt:cfout.obj
 0002:00018550       $unwind$__acrt_locale_initialize_monetary 0000000180046550     libucrt:initmon.obj
 0002:00018550       $unwind$?initialize_lc_time@@YA_NQEAU__crt_lc_time_data@@QEAU__crt_locale_data@@@Z 0000000180046550     libucrt:inittime.obj
 0002:0001856c       $unwind$__acrt_locale_free_monetary 000000018004656c     libucrt:initmon.obj
 0002:00018574       $unwind$__acrt_locale_free_time 0000000180046574     libucrt:inittime.obj
 0002:00018584       $unwind$__acrt_get_qualified_locale 0000000180046584     libucrt:get_qualified_locale.obj
 0002:000185a0       $unwind$LangCountryEnumProcEx 00000001800465a0     libucrt:get_qualified_locale.obj
 0002:000185c0       $unwind$LanguageEnumProcEx 00000001800465c0     libucrt:get_qualified_locale.obj
 0002:000185dc       $unwind$GetLocaleNameFromDefault 00000001800465dc     libucrt:get_qualified_locale.obj
 0002:000185f4       $unwind$TestDefaultCountry 00000001800465f4     libucrt:get_qualified_locale.obj
 0002:00018604       $unwind$__acrt_get_qualified_locale_downlevel 0000000180046604     libucrt:getqloc_downlevel.obj
 0002:00018620       $unwind$LangCountryEnumProc 0000000180046620     libucrt:getqloc_downlevel.obj
 0002:00018640       $unwind$LanguageEnumProc   0000000180046640     libucrt:getqloc_downlevel.obj
 0002:0001865c       $unwind$CountryEnumProc    000000018004665c     libucrt:getqloc_downlevel.obj
 0002:0001867c       $unwind$__acrt_fenv_set_control 000000018004667c     libucrt:_fenvutils.obj
 0002:0001868c       $unwind$?__mbrtoc32_utf8@__crt_mbstring@@YA_KPEA_UPEBD_KPEAU_Mbstatet@@@Z 000000018004668c     libucrt:mbrtoc32.obj
 0002:000186a8       $unwind$_towlower_l        00000001800466a8     libucrt:towlower.obj
 0002:000186b0       $unwind$?__wcsrtombs_utf8@__crt_mbstring@@YA_KPEADPEAPEB_W_KPEAU_Mbstatet@@@Z 00000001800466b0     libucrt:wcrtomb.obj
 0002:000186d0       $xdatasym                  00000001800466d0     libucrt:fpsr.obj
 0002:000186d8       $unwind$_call_matherr      00000001800466d8     libucrt:libm_error.obj
 0002:000186e0       $unwind$_handle_error      00000001800466e0     libucrt:libm_error.obj
 0002:000186e0       $unwind$_handle_errorf     00000001800466e0     libucrt:libm_error.obj
 0002:00018700       $unwind$strpbrk            0000000180046700     libucrt:strpbrk.obj
 0002:00018710       $unwind$fallbackMethod     0000000180046710     libucrt:strpbrk.obj
 0002:00018720       $xdatasym                  0000000180046720     libucrt:log10.obj
 0002:0001872c       $unwind$common_control87   000000018004672c     libucrt:ieee.obj
 0002:00018758       $unwind$_log_special_common 0000000180046758     libucrt:log_special.obj
 0002:00018764       $unwind$_IsNonwritableInCurrentImage 0000000180046764     LIBCMT:pesect.obj
 0002:00018788       $unwind$_local_unwind      0000000180046788     libvcruntime:jmpuwind.obj
 0002:00018790       $xdatasym                  0000000180046790     libucrt:sinf.obj
 0002:00018798       $xdatasym                  0000000180046798     libucrt:remainder_piby2f_forc.obj
 0002:000187a8       $unwind$_sincosf_special   00000001800467a8     libucrt:sincos_special.obj
 0002:00018d90       .edata                     0000000180046d90     SixMansPlugin-Rework.exp
 0002:00018db8       rgpv                       0000000180046db8     SixMansPlugin-Rework.exp
 0002:00018dec       rgszName                   0000000180046dec     SixMansPlugin-Rework.exp
 0002:00018e20       rgwOrd                     0000000180046e20     SixMansPlugin-Rework.exp
 0002:00018e3a       szName                     0000000180046e3a     SixMansPlugin-Rework.exp
 0002:00018e53       $N00001                    0000000180046e53     SixMansPlugin-Rework.exp
 0002:00018e8a       $N00002                    0000000180046e8a     SixMansPlugin-Rework.exp
 0002:00018ebf       $N00003                    0000000180046ebf     SixMansPlugin-Rework.exp
 0002:00018eec       $N00004                    0000000180046eec     SixMansPlugin-Rework.exp
 0002:00018f19       $N00005                    0000000180046f19     SixMansPlugin-Rework.exp
 0002:00018f57       $N00006                    0000000180046f57     SixMansPlugin-Rework.exp
 0002:00018f93       $N00007                    0000000180046f93     SixMansPlugin-Rework.exp
 0002:00018fbd       $N00008                    0000000180046fbd     SixMansPlugin-Rework.exp
 0002:00018ffb       $N00009                    0000000180046ffb     SixMansPlugin-Rework.exp
 0002:0001902d       $N00010                    000000018004702d     SixMansPlugin-Rework.exp
 0002:00019061       $N00011                    0000000180047061     SixMansPlugin-Rework.exp
 0002:0001906a       $N00012                    000000018004706a     SixMansPlugin-Rework.exp
 0002:00019072       $N00013                    0000000180047072     SixMansPlugin-Rework.exp
 0002:000193fe       .idata$6                   00000001800473fe     pluginsdk:pluginsdk.dll
 0002:000194f8       .idata$6                   00000001800474f8     kernel32:KERNEL32.dll
 0002:00019506       .idata$6                   0000000180047506     ws2_32:WS2_32.dll
 0003:00000000       ?init@std@@3JA             0000000180048000     libcpmt:xlock.obj
 0003:00000048       ?atcount_cdecl@@3_KA       0000000180048048     libcpmt:iosptrs.obj
 0003:00000090       ?__vcrt_flsindex@@3KA      0000000180048090     libvcruntime:per_thread_data.obj
 0003:000001a8       ?errno_no_memory@@3HA      00000001800481a8     libucrt:errno.obj
 0003:000001ac       ?doserrno_no_memory@@3KA   00000001800481ac     libucrt:errno.obj
 0003:00000374       ?__acrt_flsindex@@3KA      0000000180048374     libucrt:per_thread_data.obj
 0003:00000378       _ctype_loc_style           0000000180048378     libucrt:wsetlocale.obj
 0003:0000053c       ?dazSupported@?1??_ctrlfp@@9@9 000000018004853c     libucrt:fpctrl.obj
 0003:00000540       ?tzstd_program@@3PADA      0000000180048540     libucrt:timeset.obj
 0003:00000580       ?tzdst_program@@3PADA      0000000180048580     libucrt:timeset.obj
 0003:000005c0       ?w_tzstd_program@@3PA_WA   00000001800485c0     libucrt:timeset.obj
 0003:00000640       ?w_tzdst_program@@3PA_WA   0000000180048640     libucrt:timeset.obj
 0003:000006c0       ?tzname_states@@3PAY01PEADA 00000001800486c0     libucrt:timeset.obj
 0003:000006d0       ?w_tzname_states@@3PAY01PEA_WA 00000001800486d0     libucrt:timeset.obj
 0003:00000910       _mbctypes                  0000000180048910     libucrt:mbctype.obj
 0003:00000a20       _mbcasemaps                0000000180048a20     libucrt:mbctype.obj
 0003:00000b20       ?__rgctypeflag@@3PADA      0000000180048b20     libucrt:mbctype.obj
 0003:00000b30       ?__rgcode_page_info@@3PAUcode_page_info@@A 0000000180048b30     libucrt:mbctype.obj
 0003:00000c20       ?__dcrt_lowio_console_output_handle@@3PEAXEA 0000000180048c20     libucrt:initcon.obj
 0003:00000c30       ?dazSupported@?1??common_control87@@9@9 0000000180048c30     libucrt:ieee.obj
 0003:00000e10       ?MAP_CODENAMES@@3QBV?$basic_string@DU?$char_traits@D@std@@V?$allocator@D@2@@std@@B 0000000180048e10     SixMansPlugin-Rework.obj
 0003:00001270       ?MAP_CODENAMES@@3QBV?$basic_string@DU?$char_traits@D@std@@V?$allocator@D@2@@std@@B 0000000180049270     SixMansPlugin-ReworkGUI.obj
 0003:00002130       ?classic_locale@std@@3Vlocale@1@A 000000018004a130     libcpmt:locale0.obj
 0003:00002148       ?_Fac_head@std@@3PEAU_Fac_node@1@EA 000000018004a148     libcpmt:locale0.obj
 0003:00002150       ?_Fac_tidy_reg@std@@3U_Fac_tidy_reg_t@1@B 000000018004a150     libcpmt:locale0.obj
 0003:00002158       global_locale              000000018004a158     libcpmt:locale0.obj
 0003:00002160       ?registered@?1??_Setgloballocale@locale@std@@CAXPEAX@Z@4_NA 000000018004a160     libcpmt:locale0.obj
 0003:00002170       ?initlocks@std@@3V_Init_locks@1@A 000000018004a170     libcpmt:xlock.obj
 0003:00002180       ?mtx@std@@3PAU_RTL_CRITICAL_SECTION@@A 000000018004a180     libcpmt:xlock.obj
 0003:000022d0       ?stdstr@std@@3PAPEAVios_base@1@A 000000018004a2d0     libcpmt:ios.obj
 0003:00002320       ?stdopens@std@@3PADA       000000018004a320     libcpmt:ios.obj
 0003:00002380       ?initlocks@std@@3V_Init_locks@1@A 000000018004a380     libcpmt:iosptrs.obj
 0003:00002381       ?init_atexit@@3U_Init_atexit@@A 000000018004a381     libcpmt:iosptrs.obj
 0003:00002390       ?atfuns_cdecl@@3PAP6AXXZA  000000018004a390     libcpmt:iosptrs.obj
 0003:000024c8       ?g_tss_cv@@3U_RTL_CONDITION_VARIABLE@@A 000000018004a4c8     LIBCMT:thread_safe_statics.obj
 0003:000024d0       ?g_tss_event@@3PEAXEA      000000018004a4d0     LIBCMT:thread_safe_statics.obj
 0003:000024d8       ?g_tss_mutex@@3U_RTL_CRITICAL_SECTION@@A 000000018004a4d8     LIBCMT:thread_safe_statics.obj
 0003:00002500       ?g_sleep_condition_variable_cs@@3P6AHPEAU_RTL_CONDITION_VARIABLE@@PEAU_RTL_CRITICAL_SECTION@@K@ZEA 000000018004a500     LIBCMT:thread_safe_statics.obj
 0003:00002508       ?g_wake_all_condition_variable@@3P6AXPEAU_RTL_CONDITION_VARIABLE@@@ZEA 000000018004a508     LIBCMT:thread_safe_statics.obj
 0003:00002520       ?is_initialized_as_dll@@3_NA 000000018004a520     LIBCMT:utility.obj
 0003:00002521       ?module_local_atexit_table_initialized@@3_NA 000000018004a521     LIBCMT:utility.obj
 0003:00002528       ?module_local_atexit_table@@3U_onexit_table_t@@A 000000018004a528     LIBCMT:utility.obj
 0003:00002540       ?module_local_at_quick_exit_table@@3U_onexit_table_t@@A 000000018004a540     LIBCMT:utility.obj
 0003:00002560       GS_ExceptionRecord         000000018004a560     LIBCMT:gs_report.obj
 0003:00002600       GS_ContextRecord           000000018004a600     LIBCMT:gs_report.obj
 0003:00002ad0       ?__proc_attached@@3HA      000000018004aad0     LIBCMT:dll_dllmain.obj
 0003:00002b00       ?__vcrt_startup_thread_ptd@@3U__vcrt_ptd@@A 000000018004ab00     libvcruntime:per_thread_data.obj
 0003:00002b88       __vcrt_lock_table          000000018004ab88     libvcruntime:locks.obj
 0003:00002bb0       __vcrt_locks_initialized   000000018004abb0     libvcruntime:locks.obj
 0003:00002bf8       ?heap@@3V_HeapManager@@A   000000018004abf8     libvcruntime:undname.obj
 0003:00002c20       ?module_handles@@3PAPEAUHINSTANCE__@@A 000000018004ac20     libvcruntime:winapi_downlevel.obj
 0003:00002c38       ?function_pointers@@3PAPEAXA 000000018004ac38     libvcruntime:winapi_downlevel.obj
 0003:00002c78       ?__acrt_invalid_parameter_handler@@3V?$dual_state_global@P6AXPEB_W00I_K@Z@__crt_state_management@@A 000000018004ac78     libucrt:invalid_parameter.obj
 0003:00002c88       ?ctrlc_action@@3V?$dual_state_global@P6AXH@Z@__crt_state_management@@A 000000018004ac88     libucrt:signal.obj
 0003:00002c90       ?ctrlbreak_action@@3V?$dual_state_global@P6AXH@Z@__crt_state_management@@A 000000018004ac90     libucrt:signal.obj
 0003:00002c98       ?abort_action@@3V?$dual_state_global@P6AXH@Z@__crt_state_management@@A 000000018004ac98     libucrt:signal.obj
 0003:00002ca0       ?term_action@@3V?$dual_state_global@P6AXH@Z@__crt_state_management@@A 000000018004aca0     libucrt:signal.obj
 0003:00002cb0       ?__acrt_lock_table@@3PAU_RTL_CRITICAL_SECTION@@A 000000018004acb0     libucrt:locks.obj
 0003:00002ee0       ?__acrt_locks_initialized@@3IA 000000018004aee0     libucrt:locks.obj
 0003:00002ee8       ?__acrt_new_handler@@3V?$dual_state_global@P6AH_K@Z@__crt_state_management@@A 000000018004aee8     libucrt:new_handler.obj
 0003:00002ef0       ?c_termination_complete@@3JA 000000018004aef0     libucrt:exit.obj
 0003:00002ef8       ?thread_local_exit_callback_func@@3P6AXPEAXK0@ZEA 000000018004aef8     libucrt:exit.obj
 0003:00002f10       ?program_name@?1???$common_configure_argv@D@@YAHW4_crt_argv_mode@@@Z@4PADA 000000018004af10     libucrt:argv_parsing.obj
 0003:00003068       ?internal_state@?1??_mbtowc_l@@9@4U_Mbstatet@@A 000000018004b068     libucrt:mbtowc.obj
 0003:00003070       ?enable_percent_n@@3_KA    000000018004b070     libucrt:printf_count_output.obj
 0003:000034b0       ?module_handles@@3PAPEAUHINSTANCE__@@A 000000018004b4b0     libucrt:winapi_thunks.obj
 0003:00003550       ?encoded_function_pointers@@3PAPEAXA 000000018004b550     libucrt:winapi_thunks.obj
 0003:00003660       ?static_enum_proc@?1??enum_system_locales_ex_nolock@@YAHQ6AHPEA_WK_J@Z@Z@4P6AH0K1@ZEA 000000018004b660     libucrt:winapi_thunks.obj
 0003:00003668       ?__acrt_app_type@@3W4_crt_app_type@@A 000000018004b668     libucrt:report_runtime_error.obj
 0003:00003690       ?_tzname@@3V?$dual_state_global@PEAPEAD@__crt_state_management@@A 000000018004b690     libucrt:timeset.obj
 0003:00003698       ?w_tzname@@3V?$dual_state_global@PEAPEA_W@__crt_state_management@@A 000000018004b698     libucrt:timeset.obj
 0003:000036a0       ?tz_api_used@@3HA          000000018004b6a0     libucrt:tzset.obj
 0003:000036a4       ?tzset_init_state@@3V?$dual_state_global@J@__crt_state_management@@A 000000018004b6a4     libucrt:tzset.obj
 0003:000036b0       ?tz_info@@3U_TIME_ZONE_INFORMATION@@A 000000018004b6b0     libucrt:tzset.obj
 0003:00003778       ?fSystemSet@@3HA           000000018004b778     libucrt:mbctype.obj
 0003:0000377c       ?initialized@?1??__acrt_initialize_multibyte@@9@4_NA 000000018004b77c     libucrt:mbctype.obj
 0003:000037b8       ?user_matherr@@3V?$dual_state_global@P6AHPEAU_exception@@@Z@__crt_state_management@@A 000000018004b7b8     libucrt:matherr.obj
 0003:000037c0       ?__acrt_global_new_mode@@3V?$dual_state_global@J@__crt_state_management@@A 000000018004b7c0     libucrt:new_mode.obj
 0003:000037c8       ?internal_pst@?1??__mbrtoc32_utf8@__crt_mbstring@@YA_KPEA_UPEBD_KPEAU_Mbstatet@@@Z@4U3@A 000000018004b7c8     libucrt:mbrtoc32.obj
 0003:000037d0       ?internal_pst@?1??__c16rtomb_utf8@__crt_mbstring@@YA_KPEAD_SPEAU_Mbstatet@@@Z@4U3@A 000000018004b7d0     libucrt:c16rtomb.obj
 0003:000037f8       ?GImAllocatorUserData@@3PEAXEA 000000018004b7f8     imgui.obj
 0003:00003828       ?g_pd3dDevice@@3PEAUID3D11Device@@EA 000000018004b828     imgui_impl_dx11.obj
 0003:00003830       ?g_hWnd@@3PEAUHWND__@@EA   000000018004b830     imgui_impl_win32.obj
 0003:00003960       ?singleton@@3V?$shared_ptr@VSixMansPlugin@@@std@@A 000000018004b960     SixMansPlugin-Rework.obj
 0003:00003980       ?$S7@@3V?$winsock_init@$01$0A@@detail@asio@boost@@A 000000018004b980     pch.obj
 0005:00000000       MoveSmall                  000000018004f000     libvcruntime:memcpy.obj
 0005:00000040       MoveSmallYmm               000000018004f040     libvcruntime:memcpy.obj
 0005:00000064       MoveSmallYmmNT             000000018004f064     libvcruntime:memcpy.obj
 0005:00000088       MoveSmallXmm               000000018004f088     libvcruntime:memcpy.obj
 0005:000000b0       SetSmall                   000000018004f0b0     libvcruntime:memset.obj
 0005:000000f0       SetSmallYmm                000000018004f0f0     libvcruntime:memset.obj
 0005:00000114       SetSmallYmmNT              000000018004f114     libvcruntime:memset.obj
 0005:00000138       SetSmallXmm                000000018004f138     libvcruntime:memset.obj
 0006:000000a0       $R000000                   00000001800500a0     SixMansPlugin-Rework.res
 0006:000003d8       $R000338                   00000001800503d8     SixMansPlugin-Rework.res
