 SixMansPlugin-Rework

 Timestamp is 62244482 (Sun Mar  6 00:20:02 2022)

 Preferred load address is 0000000180000000

 Start         Length     Name                   Class
 0001:00000000 00001080H .text$di                CODE
 0001:00001080 0002abd0H .text$mn                CODE
 0001:0002bc50 00000040H .text$mn$00             CODE
 0001:0002bc90 000010b0H .text$x                 CODE
 0001:0002cd40 000002b8H .text$yd                CODE
 0002:00000000 000002f0H .idata$5                DATA
 0002:000002f0 00000038H .00cfg                  DATA
 0002:00000328 00000008H .CRT$XCA                DATA
 0002:00000330 00000018H .CRT$XCC                DATA
 0002:00000348 00000010H .CRT$XCL                DATA
 0002:00000358 00000088H .CRT$XCU                DATA
 0002:000003e0 00000008H .CRT$XCZ                DATA
 0002:000003e8 00000008H .CRT$XIA                DATA
 0002:000003f0 00000038H .CRT$XIC                DATA
 0002:00000428 00000008H .CRT$XIZ                DATA
 0002:00000430 00000008H .CRT$XLA                DATA
 0002:00000438 00000008H .CRT$XLZ                DATA
 0002:00000440 00000008H .CRT$XPA                DATA
 0002:00000448 00000010H .CRT$XPX                DATA
 0002:00000458 00000008H .CRT$XPXA               DATA
 0002:00000460 00000008H .CRT$XPZ                DATA
 0002:00000468 00000008H .CRT$XTA                DATA
 0002:00000470 00000010H .CRT$XTZ                DATA
 0002:00000478 00000000H .gehcont$y              DATA
 0002:00000478 00000000H .gfids$y                DATA
 0002:00000480 00013900H .rdata                  DATA
 0002:00013d80 00000000H .rdata$CastGuardVftablesA DATA
 0002:00013d80 00000000H .rdata$CastGuardVftablesC DATA
 0002:00013d80 00000028H .rdata$T                DATA
 0002:00013da8 000018dcH .rdata$r                DATA
 0002:00015684 00000144H .rdata$voltmd           DATA
 0002:000157c8 00000450H .rdata$zzzdbg           DATA
 0002:00015c18 00000008H .rtc$IAA                DATA
 0002:00015c20 00000008H .rtc$IZZ                DATA
 0002:00015c28 00000008H .rtc$TAA                DATA
 0002:00015c30 00000008H .rtc$TZZ                DATA
 0002:00015c38 00000004H .tls                    DATA
 0002:00015c3c 00000004H .tls$                   DATA
 0002:00015c40 00000008H .tls$ZZZ                DATA
 0002:00015c48 00002f38H .xdata                  DATA
 0002:00018b80 000005e0H .xdata$x                DATA
 0002:00019160 000002ecH .edata                  DATA
 0002:0001944c 0000003cH .idata$2                DATA
 0002:00019488 00000018H .idata$3                DATA
 0002:000194a0 000002f0H .idata$4                DATA
 0002:00019790 000006d6H .idata$6                DATA
 0003:00000000 00001760H .data                   DATA
 0003:00001760 00000340H .data$r                 DATA
 0003:00001aa0 00000670H .data$rs                DATA
 0003:00002110 00001a54H .bss                    DATA
 0004:00000000 000028b0H .pdata                  DATA
 0005:00000000 0000015cH _RDATA                  DATA
 0006:00000000 000000a0H .rsrc$01                DATA
 0006:000000a0 000004b8H .rsrc$02                DATA

  Address         Publics by Value              Rva+Base               Lib:Object

 0000:00000000       __guard_fids_count         0000000000000000     <absolute>
 0000:00000000       __x64_code_ranges_to_entry_points 0000000000000000     <absolute>
 0000:00000000       __guard_longjmp_table      0000000000000000     <absolute>
 0000:00000000       __hybrid_code_map          0000000000000000     <absolute>
 0000:00000000       ___safe_se_handler_table   0000000000000000     <absolute>
 0000:00000000       __arm64x_extra_rfe_table_size 0000000000000000     <absolute>
 0000:00000000       __x64_code_ranges_to_entry_points_count 0000000000000000     <absolute>
 0000:00000000       ___safe_se_handler_count   0000000000000000     <absolute>
 0000:00000000       __arm64x_redirection_metadata 0000000000000000     <absolute>
 0000:00000000       __guard_iat_table          0000000000000000     <absolute>
 0000:00000000       __arm64x_extra_rfe_table   0000000000000000     <absolute>
 0000:00000000       __guard_iat_count          0000000000000000     <absolute>
 0000:00000000       __guard_longjmp_count      0000000000000000     <absolute>
 0000:00000000       __dynamic_value_reloc_table 0000000000000000     <absolute>
 0000:00000000       __guard_eh_cont_count      0000000000000000     <absolute>
 0000:00000000       __hybrid_auxiliary_iat     0000000000000000     <absolute>
 0000:00000000       __hybrid_auxiliary_iat_copy 0000000000000000     <absolute>
 0000:00000000       __AbsoluteZero             0000000000000000     <absolute>
 0000:00000000       __guard_check_icall_a64n_fptr 0000000000000000     <absolute>
 0000:00000000       __guard_fids_table         0000000000000000     <absolute>
 0000:00000000       __arm64x_redirection_metadata_count 0000000000000000     <absolute>
 0000:00000000       __enclave_config           0000000000000000     <absolute>
 0000:00000000       __guard_eh_cont_table      0000000000000000     <absolute>
 0000:00000000       __arm64x_native_entrypoint 0000000000000000     <absolute>
 0000:00000000       __hybrid_code_map_count    0000000000000000     <absolute>
 0000:00000100       __guard_flags              0000000000000100     <absolute>
 0000:00000000       __ImageBase                0000000180000000     <linker-defined>
 0001:00001080       ??$_Reallocate_grow_by@V<lambda_1>@?1??append@?$basic_string@DU?$char_traits@D@std@@V?$allocator@D@2@@std@@QEAAAEAV34@_KD@Z@_KD@?$basic_string@DU?$char_traits@D@std@@V?$allocator@D@2@@std@@AEAAAEAV01@_KV<lambda_1>@?1??append@01@QEAAAEAV01@0D@Z@_KD@Z 0000000180002080 f i format.obj
 0001:00001220       ?resize@?$basic_string@DU?$char_traits@D@std@@V?$allocator@D@2@@std@@QEAAX_KD@Z 0000000180002220 f i format.obj
 0001:000012c0       ??$_Reallocate_for@V<lambda_1>@?1??assign@?$basic_string@_WU?$char_traits@_W@std@@V?$allocator@_W@2@@std@@QEAAAEAV34@QEB_W_K@Z@PEB_W@?$basic_string@_WU?$char_traits@_W@std@@V?$allocator@_W@2@@std@@AEAAAEAV01@_KV<lambda_1>@?1??assign@01@QEAAAEAV01@QEB_W0@Z@PEB_W@Z 00000001800022c0 f i format.obj
 0001:00001420       ??1?$basic_string@_WU?$char_traits@_W@std@@V?$allocator@_W@2@@std@@QEAA@XZ 0000000180002420 f i format.obj
 0001:00001420       ??1path@filesystem@std@@QEAA@XZ 0000000180002420 f i logsys.obj
 0001:00001490       ??0runtime_error@std@@QEAA@AEBV01@@Z 0000000180002490 f i format.obj
 0001:000014d0       ??1?$_Yarn@_W@std@@QEAA@XZ 00000001800024d0 f i format.obj
 0001:000014d0       ??1?$_Yarn@D@std@@QEAA@XZ  00000001800024d0 f i format.obj
 0001:00001500       ??0bad_cast@std@@QEAA@XZ   0000000180002500 f i format.obj
 0001:00001530       ??1failure@ios_base@std@@UEAA@XZ 0000000180002530 f i logsys.obj
 0001:00001530       ??1exception@std@@UEAA@XZ  0000000180002530 f i format.obj
 0001:00001530       ??1bad_array_new_length@std@@UEAA@XZ 0000000180002530 f i format.obj
 0001:00001530       ??1runtime_error@std@@UEAA@XZ 0000000180002530 f i format.obj
 0001:00001530       ??1length_error@std@@UEAA@XZ 0000000180002530 f i server.obj
 0001:00001530       ??1bad_alloc@std@@UEAA@XZ  0000000180002530 f i format.obj
 0001:00001530       ??1out_of_range@std@@UEAA@XZ 0000000180002530 f i libcpmt:xthrow.obj
 0001:00001530       ??1system_error@std@@UEAA@XZ 0000000180002530 f i logsys.obj
 0001:00001530       ??1bad_cast@std@@UEAA@XZ   0000000180002530 f i format.obj
 0001:00001550       ??_Gruntime_error@std@@UEAAPEAXI@Z 0000000180002550 f i format.obj
 0001:00001550       ??_Gbad_cast@std@@UEAAPEAXI@Z 0000000180002550 f i format.obj
 0001:00001550       ??_Elogic_error@std@@UEAAPEAXI@Z 0000000180002550 f i * CIL library *:* CIL module *
 0001:00001550       ??_Gexception@std@@UEAAPEAXI@Z 0000000180002550 f i format.obj
 0001:00001550       ??_Gout_of_range@std@@UEAAPEAXI@Z 0000000180002550 f i libcpmt:xthrow.obj
 0001:00001550       ??_Eruntime_error@std@@UEAAPEAXI@Z 0000000180002550 f i * CIL library *:* CIL module *
 0001:00001550       ??_Glogic_error@std@@UEAAPEAXI@Z 0000000180002550 f i server.obj
 0001:00001550       ??_Elength_error@std@@UEAAPEAXI@Z 0000000180002550 f i * CIL library *:* CIL module *
 0001:00001550       ??_Ebad_cast@std@@UEAAPEAXI@Z 0000000180002550 f i * CIL library *:* CIL module *
 0001:00001550       ??_Eout_of_range@std@@UEAAPEAXI@Z 0000000180002550 f i libcpmt:xthrow.obj
 0001:00001550       ??_Ebad_array_new_length@std@@UEAAPEAXI@Z 0000000180002550 f i * CIL library *:* CIL module *
 0001:00001550       ??_Gbad_array_new_length@std@@UEAAPEAXI@Z 0000000180002550 f i format.obj
 0001:00001550       ??_Eexception@std@@UEAAPEAXI@Z 0000000180002550 f i * CIL library *:* CIL module *
 0001:00001550       ??_Ebad_alloc@std@@UEAAPEAXI@Z 0000000180002550 f i * CIL library *:* CIL module *
 0001:00001550       ??_Gbad_alloc@std@@UEAAPEAXI@Z 0000000180002550 f i format.obj
 0001:00001550       ??_Glength_error@std@@UEAAPEAXI@Z 0000000180002550 f i server.obj
 0001:000015a0       ??0bad_cast@std@@QEAA@AEBV01@@Z 00000001800025a0 f i format.obj
 0001:000015e0       ?_Throw_bad_cast@std@@YAXXZ 00000001800025e0 f i format.obj
 0001:00001600       ??1?$unique_ptr@V_Facet_base@std@@U?$default_delete@V_Facet_base@std@@@2@@std@@QEAA@XZ 0000000180002600 f i format.obj
 0001:00001620       ?_Incref@facet@locale@std@@UEAAXXZ 0000000180002620 f i format.obj
 0001:00001630       ?_Xlen_string@std@@YAXXZ   0000000180002630 f i format.obj
 0001:00001650       ?assign@?$basic_string@DU?$char_traits@D@std@@V?$allocator@D@2@@std@@QEAAAEAV12@QEBD_K@Z 0000000180002650 f i format.obj
 0001:000017b0       ??0?$basic_string@DU?$char_traits@D@std@@V?$allocator@D@2@@std@@QEAA@QEBD@Z 00000001800027b0 f i format.obj
 0001:000017f0       ?_Decref@facet@locale@std@@UEAAPEAV_Facet_base@3@XZ 00000001800027f0 f i format.obj
 0001:00001800       ??_E_Facet_base@std@@UEAAPEAXI@Z 0000000180002800 f i * CIL library *:* CIL module *
 0001:00001800       ??_G_Facet_base@std@@UEAAPEAXI@Z 0000000180002800 f i format.obj
 0001:00001830       ??1locale@std@@QEAA@XZ     0000000180002830 f i format.obj
 0001:00001860       ??0runtime_error@std@@QEAA@PEBD@Z 0000000180002860 f i format.obj
 0001:000018d0       ??1?$basic_string@DU?$char_traits@D@std@@V?$allocator@D@2@@std@@QEAA@XZ 00000001800028d0 f i format.obj
 0001:00001930       ??0bad_array_new_length@std@@QEAA@XZ 0000000180002930 f i format.obj
 0001:00001960       ??0bad_array_new_length@std@@QEAA@AEBV01@@Z 0000000180002960 f i format.obj
 0001:000019a0       ??0bad_alloc@std@@QEAA@AEBV01@@Z 00000001800029a0 f i format.obj
 0001:000019e0       ?what@exception@std@@UEBAPEBDXZ 00000001800029e0 f i format.obj
 0001:00001a00       ??0exception@std@@QEAA@AEBV01@@Z 0000000180002a00 f i format.obj
 0001:00001a40       ?_Throw_bad_array_new_length@std@@YAXXZ 0000000180002a40 f i format.obj
 0001:00001a40       ?__scrt_throw_std_bad_array_new_length@@YAXXZ 0000000180002a40 f i LIBCMT:throw_bad_alloc.obj
 0001:00001a60       __local_stdio_printf_options 0000000180002a60 f i format.obj
 0001:00001a80       ??3@YAXPEAX@Z              0000000180002a80 f   LIBCMT:delete_scalar.obj
 0001:00001a90       __local_stdio_scanf_options 0000000180002a90 f i imgui.obj
 0001:00001aa0       ??$_Reallocate_grow_by@V<lambda_1>@?1??append@?$basic_string@DU?$char_traits@D@std@@V?$allocator@D@2@@std@@QEAAAEAV34@QEBD_K@Z@PEBD_K@?$basic_string@DU?$char_traits@D@std@@V?$allocator@D@2@@std@@AEAAAEAV01@_KV<lambda_1>@?1??append@01@QEAAAEAV01@QEBD0@Z@PEBD_K@Z 0000000180002aa0 f i imgui_rangeslider.obj
 0001:00001c30       ?append@?$basic_string@DU?$char_traits@D@std@@V?$allocator@D@2@@std@@QEAAAEAV12@QEBD_K@Z 0000000180002c30 f i imgui_rangeslider.obj
 0001:00001cc0       ??0?$basic_string@DU?$char_traits@D@std@@V?$allocator@D@2@@std@@QEAA@AEBV01@@Z 0000000180002cc0 f i imgui_searchablecombo.obj
 0001:00001da0       ??_D?$basic_ifstream@DU?$char_traits@D@std@@@std@@QEAAXXZ 0000000180002da0 f i logsys.obj
 0001:00001e40       ??_D?$basic_ofstream@DU?$char_traits@D@std@@@std@@QEAAXXZ 0000000180002e40 f i logsys.obj
 0001:00001ee0       ??0LogSys@@QEAA@Vpath@filesystem@std@@@Z 0000000180002ee0 f   logsys.obj
 0001:000022e0       ??0?$basic_ofstream@DU?$char_traits@D@std@@@std@@QEAA@XZ 00000001800032e0 f i logsys.obj
 0001:000023b0       ?imbue@?$basic_filebuf@DU?$char_traits@D@std@@@std@@MEAAXAEBVlocale@2@@Z 00000001800033b0 f i logsys.obj
 0001:000023e0       ?sync@?$basic_filebuf@DU?$char_traits@D@std@@@std@@MEAAHXZ 00000001800033e0 f i logsys.obj
 0001:00002430       ?setbuf@?$basic_filebuf@DU?$char_traits@D@std@@@std@@MEAAPEAV?$basic_streambuf@DU?$char_traits@D@std@@@2@PEAD_J@Z 0000000180003430 f i logsys.obj
 0001:00002490       ?seekpos@?$basic_filebuf@DU?$char_traits@D@std@@@std@@MEAA?AV?$fpos@U_Mbstatet@@@2@V32@H@Z 0000000180003490 f i logsys.obj
 0001:00002570       ?seekoff@?$basic_filebuf@DU?$char_traits@D@std@@@std@@MEAA?AV?$fpos@U_Mbstatet@@@2@_JHH@Z 0000000180003570 f i logsys.obj
 0001:00002680       ?xsputn@?$basic_filebuf@DU?$char_traits@D@std@@@std@@MEAA_JPEBD_J@Z 0000000180003680 f i logsys.obj
 0001:000027b0       ?xsgetn@?$basic_filebuf@DU?$char_traits@D@std@@@std@@MEAA_JPEAD_J@Z 00000001800037b0 f i logsys.obj
 0001:00002950       ?uflow@?$basic_filebuf@DU?$char_traits@D@std@@@std@@MEAAHXZ 0000000180003950 f i logsys.obj
 0001:00002c20       ?underflow@?$basic_filebuf@DU?$char_traits@D@std@@@std@@MEAAHXZ 0000000180003c20 f i logsys.obj
 0001:00002c90       ?pbackfail@?$basic_filebuf@DU?$char_traits@D@std@@@std@@MEAAHH@Z 0000000180003c90 f i logsys.obj
 0001:00002d70       ?overflow@?$basic_filebuf@DU?$char_traits@D@std@@@std@@MEAAHH@Z 0000000180003d70 f i logsys.obj
 0001:00002f10       ?_Unlock@?$basic_filebuf@DU?$char_traits@D@std@@@std@@UEAAXXZ 0000000180003f10 f i logsys.obj
 0001:00002f30       ?_Lock@?$basic_filebuf@DU?$char_traits@D@std@@@std@@UEAAXXZ 0000000180003f30 f i logsys.obj
 0001:00002f50       ??1?$basic_filebuf@DU?$char_traits@D@std@@@std@@UEAA@XZ 0000000180003f50 f i logsys.obj
 0001:00003000       ??0?$basic_ifstream@DU?$char_traits@D@std@@@std@@QEAA@XZ 0000000180004000 f i logsys.obj
 0001:000030d0       ??_G?$basic_ofstream@DU?$char_traits@D@std@@@std@@UEAAPEAXI@Z 00000001800040d0 f i logsys.obj
 0001:000030d0       ??_E?$basic_ofstream@DU?$char_traits@D@std@@@std@@UEAAPEAXI@Z 00000001800040d0 f i * CIL library *:* CIL module *
 0001:00003110       ??_G?$basic_filebuf@DU?$char_traits@D@std@@@std@@UEAAPEAXI@Z 0000000180004110 f i logsys.obj
 0001:00003110       ??_E?$basic_filebuf@DU?$char_traits@D@std@@@std@@UEAAPEAXI@Z 0000000180004110 f i * CIL library *:* CIL module *
 0001:00003150       ??_G?$basic_ifstream@DU?$char_traits@D@std@@@std@@UEAAPEAXI@Z 0000000180004150 f i logsys.obj
 0001:00003150       ??_E?$basic_ifstream@DU?$char_traits@D@std@@@std@@UEAAPEAXI@Z 0000000180004150 f i * CIL library *:* CIL module *
 0001:00003190       ?do_length@?$codecvt@DDU_Mbstatet@@@std@@MEBAHAEAU_Mbstatet@@PEBD1_K@Z 0000000180004190 f i logsys.obj
 0001:000031b0       ?do_unshift@?$codecvt@DDU_Mbstatet@@@std@@MEBAHAEAU_Mbstatet@@PEAD1AEAPEAD@Z 00000001800041b0 f i logsys.obj
 0001:000031c0       ?do_out@?$codecvt@DDU_Mbstatet@@@std@@MEBAHAEAU_Mbstatet@@PEBD1AEAPEBDPEAD3AEAPEAD@Z 00000001800041c0 f i logsys.obj
 0001:000031c0       ?do_in@?$codecvt@DDU_Mbstatet@@@std@@MEBAHAEAU_Mbstatet@@PEBD1AEAPEBDPEAD3AEAPEAD@Z 00000001800041c0 f i logsys.obj
 0001:000031e0       __acrt_uninitialize_command_line 00000001800041e0 f i libucrt:argv_data.obj
 0001:000031e0       ?do_always_noconv@?$codecvt@DDU_Mbstatet@@@std@@MEBA_NXZ 00000001800041e0 f i logsys.obj
 0001:000031f0       ?_Initcvt@?$basic_filebuf@DU?$char_traits@D@std@@@std@@IEAAXAEBV?$codecvt@DDU_Mbstatet@@@2@@Z 00000001800041f0 f i logsys.obj
 0001:00003270       ?_Endwrite@?$basic_filebuf@DU?$char_traits@D@std@@@std@@IEAA_NXZ 0000000180004270 f i logsys.obj
 0001:00003360       ?_Init@?$basic_filebuf@DU?$char_traits@D@std@@@std@@IEAAXPEAU_iobuf@@W4_Initfl@12@@Z 0000000180004360 f i logsys.obj
 0001:00003460       ?close@?$basic_filebuf@DU?$char_traits@D@std@@@std@@QEAAPEAV12@XZ 0000000180004460 f i logsys.obj
 0001:00003560       ??0?$basic_filebuf@DU?$char_traits@D@std@@@std@@QEAA@XZ 0000000180004560 f i logsys.obj
 0001:000035f0       ??_G?$codecvt@DDU_Mbstatet@@@std@@MEAAPEAXI@Z 00000001800045f0 f i logsys.obj
 0001:000035f0       ??_E?$codecvt@DDU_Mbstatet@@@std@@MEAAPEAXI@Z 00000001800045f0 f i * CIL library *:* CIL module *
 0001:00003620       ?swap@?$basic_filebuf@DU?$char_traits@D@std@@@std@@QEAAXAEAV12@@Z 0000000180004620 f i logsys.obj
 0001:000038d0       ?swap@?$basic_ios@DU?$char_traits@D@std@@@std@@QEAAXAEAV12@@Z 00000001800048d0 f i logsys.obj
 0001:00003980       ??$use_facet@V?$codecvt@DDU_Mbstatet@@@std@@@std@@YAAEBV?$codecvt@DDU_Mbstatet@@@0@AEBVlocale@0@@Z 0000000180004980 f i logsys.obj
 0001:00003ac0       ?_Getcat@?$codecvt@DDU_Mbstatet@@@std@@SA_KPEAPEBVfacet@locale@2@PEBV42@@Z 0000000180004ac0 f i logsys.obj
 0001:00003c40       ??0?$basic_ofstream@DU?$char_traits@D@std@@@std@@QEAA@PEB_WHH@Z 0000000180004c40 f i logsys.obj
 0001:00003db8       ??_E?$basic_ifstream@DU?$char_traits@D@std@@@std@@$4PPPPPPPM@A@EAAPEAXI@Z 0000000180004db8 f i logsys.obj
 0001:00003dc4       ??_E?$basic_ofstream@DU?$char_traits@D@std@@@std@@$4PPPPPPPM@A@EAAPEAXI@Z 0000000180004dc4 f i logsys.obj
 0001:00003dd0       ??$_Reallocate_grow_by@V<lambda_1>@?1??append@?$basic_string@_WU?$char_traits@_W@std@@V?$allocator@_W@2@@std@@QEAAAEAV34@_K_W@Z@_K_W@?$basic_string@_WU?$char_traits@_W@std@@V?$allocator@_W@2@@std@@AEAAAEAV01@_KV<lambda_1>@?1??append@01@QEAAAEAV01@0_W@Z@_K_W@Z 0000000180004dd0 f i logsys.obj
 0001:00003f90       ?_Convert_narrow_to_wide@filesystem@std@@YA?AV?$basic_string@_WU?$char_traits@_W@std@@V?$allocator@_W@2@@2@W4__std_code_page@@V?$basic_string_view@DU?$char_traits@D@std@@@2@@Z 0000000180004f90 f i logsys.obj
 0001:000040e0       ??0?$basic_streambuf@DU?$char_traits@D@std@@@std@@IEAA@XZ 00000001800050e0 f i logsys.obj
 0001:00004170       DllMain                    0000000180005170 f i LIBCMT:dll_dllmain_stub.obj
 0001:00004170       ?do_max_length@codecvt_base@std@@MEBAHXZ 0000000180005170 f i logsys.obj
 0001:00004170       _get_startup_argv_mode     0000000180005170 f i LIBCMT:argv_mode.obj
 0001:00004170       ?do_encoding@codecvt_base@std@@MEBAHXZ 0000000180005170 f i logsys.obj
 0001:00004180       ??_E?$basic_istream@DU?$char_traits@D@std@@@std@@UEAAPEAXI@Z 0000000180005180 f i * CIL library *:* CIL module *
 0001:00004180       ??_G?$basic_istream@DU?$char_traits@D@std@@@std@@UEAAPEAXI@Z 0000000180005180 f i logsys.obj
 0001:000041e4       ??_E?$basic_istream@DU?$char_traits@D@std@@@std@@$4PPPPPPPM@A@EAAPEAXI@Z 00000001800051e4 f i logsys.obj
 0001:000041f0       ??1?$basic_istream@DU?$char_traits@D@std@@@std@@UEAA@XZ 00000001800051f0 f i logsys.obj
 0001:00004220       ??_E?$basic_streambuf@DU?$char_traits@D@std@@@std@@UEAAPEAXI@Z 0000000180005220 f i * CIL library *:* CIL module *
 0001:00004220       ??_G?$basic_streambuf@DU?$char_traits@D@std@@@std@@UEAAPEAXI@Z 0000000180005220 f i logsys.obj
 0001:000042a0       ?pbackfail@?$basic_streambuf@DU?$char_traits@D@std@@@std@@MEAAHH@Z 00000001800052a0 f i logsys.obj
 0001:000042a0       ?underflow@?$basic_streambuf@DU?$char_traits@D@std@@@std@@MEAAHXZ 00000001800052a0 f i logsys.obj
 0001:000042a0       ?overflow@?$basic_streambuf@DU?$char_traits@D@std@@@std@@MEAAHH@Z 00000001800052a0 f i logsys.obj
 0001:000042b0       ?showmanyc@?$basic_streambuf@DU?$char_traits@D@std@@@std@@MEAA_JXZ 00000001800052b0 f i logsys.obj
 0001:000042b0       ?sync@?$basic_streambuf@DU?$char_traits@D@std@@@std@@MEAAHXZ 00000001800052b0 f i logsys.obj
 0001:000042b0       ?_Get_deleter@_Ref_count_base@std@@UEBAPEAXAEBVtype_info@@@Z 00000001800052b0 f i server.obj
 0001:000042c0       ?seekoff@?$basic_streambuf@DU?$char_traits@D@std@@@std@@MEAA?AV?$fpos@U_Mbstatet@@@2@_JHH@Z 00000001800052c0 f i logsys.obj
 0001:000042c0       ?seekpos@?$basic_streambuf@DU?$char_traits@D@std@@@std@@MEAA?AV?$fpos@U_Mbstatet@@@2@V32@H@Z 00000001800052c0 f i logsys.obj
 0001:000042e0       ?setbuf@?$basic_streambuf@DU?$char_traits@D@std@@@std@@MEAAPEAV12@PEAD_J@Z 00000001800052e0 f i logsys.obj
 0001:000042f0       ?imbue@?$basic_streambuf@DU?$char_traits@D@std@@@std@@MEAAXAEBVlocale@2@@Z 00000001800052f0 f i logsys.obj
 0001:000042f0       _guard_check_icall_nop     00000001800052f0 f i LIBCMT:guard_support.obj
 0001:000042f0       ?_Lock@?$basic_streambuf@DU?$char_traits@D@std@@@std@@UEAAXXZ 00000001800052f0 f i logsys.obj
 0001:000042f0       ?onLoad@BakkesModPlugin@Plugin@BakkesMod@@UEAAXXZ 00000001800052f0 f i SixMansPlugin-Rework.obj
 0001:000042f0       ?_Unlock@?$basic_streambuf@DU?$char_traits@D@std@@@std@@UEAAXXZ 00000001800052f0 f i logsys.obj
 0001:000042f0       ?onUnload@SixMansPlugin@@EEAAXXZ 00000001800052f0 f i SixMansPlugin-Rework.obj
 0001:000042f0       ?onUnload@BakkesModPlugin@Plugin@BakkesMod@@UEAAXXZ 00000001800052f0 f i SixMansPlugin-Rework.obj
 0001:00004300       ?_Gnavail@?$basic_streambuf@DU?$char_traits@D@std@@@std@@IEBA_JXZ 0000000180005300 f i logsys.obj
 0001:00004320       ?uflow@?$basic_streambuf@DU?$char_traits@D@std@@@std@@MEAAHXZ 0000000180005320 f i logsys.obj
 0001:00004360       ?xsgetn@?$basic_streambuf@DU?$char_traits@D@std@@@std@@MEAA_JPEAD_J@Z 0000000180005360 f i logsys.obj
 0001:00004410       ??_E?$ctype@D@std@@MEAAPEAXI@Z 0000000180005410 f i * CIL library *:* CIL module *
 0001:00004410       ??_G?$ctype@D@std@@MEAAPEAXI@Z 0000000180005410 f i logsys.obj
 0001:00004480       ?do_tolower@?$ctype@D@std@@MEBAPEBDPEADPEBD@Z 0000000180005480 f i logsys.obj
 0001:000044d0       ?do_tolower@?$ctype@D@std@@MEBADD@Z 00000001800054d0 f i logsys.obj
 0001:000044e0       ?do_toupper@?$ctype@D@std@@MEBAPEBDPEADPEBD@Z 00000001800054e0 f i logsys.obj
 0001:00004530       ?do_toupper@?$ctype@D@std@@MEBADD@Z 0000000180005530 f i logsys.obj
 0001:00004540       ?do_widen@?$ctype@D@std@@MEBAPEBDPEBD0PEAD@Z 0000000180005540 f i logsys.obj
 0001:00004560       ?do_widen@?$ctype@D@std@@MEBADD@Z 0000000180005560 f i logsys.obj
 0001:00004560       ?do_narrow@?$ctype@D@std@@MEBADDD@Z 0000000180005560 f i logsys.obj
 0001:00004570       ?do_narrow@?$ctype@D@std@@MEBAPEBDPEBD0DPEAD@Z 0000000180005570 f i logsys.obj
 0001:00004590       ?_Getcat@?$ctype@D@std@@SA_KPEAPEBVfacet@locale@2@PEBV42@@Z 0000000180005590 f i logsys.obj
 0001:00004720       ??$use_facet@V?$ctype@D@std@@@std@@YAAEBV?$ctype@D@0@AEBVlocale@0@@Z 0000000180005720 f i logsys.obj
 0001:00004860       ?init@?$basic_ios@DU?$char_traits@D@std@@@std@@IEAAXPEAV?$basic_streambuf@DU?$char_traits@D@std@@@2@_N@Z 0000000180005860 f i logsys.obj
 0001:00004950       ??_E?$basic_ostream@DU?$char_traits@D@std@@@std@@UEAAPEAXI@Z 0000000180005950 f i * CIL library *:* CIL module *
 0001:00004950       ??_G?$basic_ostream@DU?$char_traits@D@std@@@std@@UEAAPEAXI@Z 0000000180005950 f i logsys.obj
 0001:000049b4       ??_E?$basic_ostream@DU?$char_traits@D@std@@@std@@$4PPPPPPPM@A@EAAPEAXI@Z 00000001800059b4 f i logsys.obj
 0001:000049c0       ??1?$basic_ostream@DU?$char_traits@D@std@@@std@@UEAA@XZ 00000001800059c0 f i logsys.obj
 0001:000049f0       ?xsputn@?$basic_streambuf@DU?$char_traits@D@std@@@std@@MEAA_JPEBD_J@Z 00000001800059f0 f i logsys.obj
 0001:00004aa0       ?_Pnavail@?$basic_streambuf@DU?$char_traits@D@std@@@std@@IEBA_JXZ 0000000180005aa0 f i logsys.obj
 0001:00004ac0       ??0failure@ios_base@std@@QEAA@PEBDAEBVerror_code@2@@Z 0000000180005ac0 f i logsys.obj
 0001:00004b90       ??_G_System_error_category@std@@UEAAPEAXI@Z 0000000180005b90 f i logsys.obj
 0001:00004b90       ??_E_Iostream_error_category2@std@@UEAAPEAXI@Z 0000000180005b90 f i * CIL library *:* CIL module *
 0001:00004b90       ??_E_Generic_error_category@std@@UEAAPEAXI@Z 0000000180005b90 f i * CIL library *:* CIL module *
 0001:00004b90       ??_E_System_error_category@std@@UEAAPEAXI@Z 0000000180005b90 f i * CIL library *:* CIL module *
 0001:00004b90       ??_G_Generic_error_category@std@@UEAAPEAXI@Z 0000000180005b90 f i logsys.obj
 0001:00004b90       ??_G_Iostream_error_category2@std@@UEAAPEAXI@Z 0000000180005b90 f i logsys.obj
 0001:00004bc0       ?name@_Iostream_error_category2@std@@UEBAPEBDXZ 0000000180005bc0 f i logsys.obj
 0001:00004bd0       ?message@_Iostream_error_category2@std@@UEBA?AV?$basic_string@DU?$char_traits@D@std@@V?$allocator@D@2@@2@H@Z 0000000180005bd0 f i logsys.obj
 0001:00004c60       ?make_error_code@std@@YA?AVerror_code@1@W4io_errc@1@@Z 0000000180005c60 f i logsys.obj
 0001:00004c80       ??_E_System_error@std@@UEAAPEAXI@Z 0000000180005c80 f i * CIL library *:* CIL module *
 0001:00004c80       ??_Gsystem_error@std@@UEAAPEAXI@Z 0000000180005c80 f i logsys.obj
 0001:00004c80       ??_Esystem_error@std@@UEAAPEAXI@Z 0000000180005c80 f i * CIL library *:* CIL module *
 0001:00004c80       ??_Efailure@ios_base@std@@UEAAPEAXI@Z 0000000180005c80 f i * CIL library *:* CIL module *
 0001:00004c80       ??_Gfailure@ios_base@std@@UEAAPEAXI@Z 0000000180005c80 f i logsys.obj
 0001:00004c80       ??_G_System_error@std@@UEAAPEAXI@Z 0000000180005c80 f i logsys.obj
 0001:00004cd0       ??0failure@ios_base@std@@QEAA@AEBV012@@Z 0000000180005cd0 f i logsys.obj
 0001:00004d30       ?clear@ios_base@std@@QEAAXH_N@Z 0000000180005d30 f i logsys.obj
 0001:00004dc0       ?_Find_root_name_end@filesystem@std@@YAPEB_WQEB_W0@Z 0000000180005dc0 f i logsys.obj
 0001:00004eb0       ?_Xran@?$_String_val@U?$_Simple_types@_W@std@@@std@@SAXXZ 0000000180005eb0 f i logsys.obj
 0001:00004ed0       ??$_Reallocate_grow_by@V<lambda_1>@?1??push_back@?$basic_string@_WU?$char_traits@_W@std@@V?$allocator@_W@2@@std@@QEAAX_W@Z@_W@?$basic_string@_WU?$char_traits@_W@std@@V?$allocator@_W@2@@std@@AEAAAEAV01@_KV<lambda_1>@?1??push_back@01@QEAAX_W@Z@_W@Z 0000000180005ed0 f i logsys.obj
 0001:00005070       ??$_Reallocate_grow_by@V<lambda_1>@?1??append@?$basic_string@_WU?$char_traits@_W@std@@V?$allocator@_W@2@@std@@QEAAAEAV34@QEB_W_K@Z@PEB_W_K@?$basic_string@_WU?$char_traits@_W@std@@V?$allocator@_W@2@@std@@AEAAAEAV01@_KV<lambda_1>@?1??append@01@QEAAAEAV01@QEB_W0@Z@PEB_W_K@Z 0000000180006070 f i logsys.obj
 0001:00005240       ??_0path@filesystem@std@@QEAAAEAV012@AEBV012@@Z 0000000180006240 f i logsys.obj
 0001:00005570       ??Kfilesystem@std@@YA?AVpath@01@AEBV201@0@Z 0000000180006570 f i logsys.obj
 0001:000055c0       ?_Throw_fs_error@filesystem@std@@YAXPEBDW4__std_win_error@@AEBVpath@12@@Z 00000001800065c0 f i logsys.obj
 0001:00005630       ?make_error_code@std@@YA?AVerror_code@1@W4errc@1@@Z 0000000180006630 f i logsys.obj
 0001:00005650       ?_Throw_system_error@std@@YAXW4errc@1@@Z 0000000180006650 f i logsys.obj
 0001:00005690       ??0_System_error@std@@IEAA@Verror_code@1@AEBV?$basic_string@DU?$char_traits@D@std@@V?$allocator@D@2@@1@@Z 0000000180006690 f i logsys.obj
 0001:00005850       ??0system_error@std@@QEAA@Verror_code@1@@Z 0000000180006850 f i logsys.obj
 0001:00005910       ?name@system_error_category@detail@system@boost@@UEBAPEBDXZ 0000000180006910 f i server.obj
 0001:00005910       ?name@_System_error_category@std@@UEBAPEBDXZ 0000000180006910 f i logsys.obj
 0001:00005920       ??1_System_error_message@std@@QEAA@XZ 0000000180006920 f i logsys.obj
 0001:00005930       ?message@_System_error_category@std@@UEBA?AV?$basic_string@DU?$char_traits@D@std@@V?$allocator@D@2@@2@H@Z 0000000180006930 f i logsys.obj
 0001:000059e0       ?name@_Generic_error_category@std@@UEBAPEBDXZ 00000001800069e0 f i logsys.obj
 0001:000059e0       ?name@generic_error_category@detail@system@boost@@UEBAPEBDXZ 00000001800069e0 f i server.obj
 0001:000059f0       ?message@_Generic_error_category@std@@UEBA?AV?$basic_string@DU?$char_traits@D@std@@V?$allocator@D@2@@2@H@Z 00000001800069f0 f i logsys.obj
 0001:00005a50       ?default_error_condition@_System_error_category@std@@UEBA?AVerror_condition@2@H@Z 0000000180006a50 f i logsys.obj
 0001:00005ab0       ?equivalent@error_category@std@@UEBA_NAEBVerror_code@2@H@Z 0000000180006ab0 f i logsys.obj
 0001:00005ad0       ?default_error_condition@error_category@std@@UEBA?AVerror_condition@2@H@Z 0000000180006ad0 f i logsys.obj
 0001:00005ae0       ?equivalent@error_category@std@@UEBA_NHAEBVerror_condition@2@@Z 0000000180006ae0 f i logsys.obj
 0001:00005b20       ?_Make_ec@filesystem@std@@YA?AVerror_code@2@W4__std_win_error@@@Z 0000000180006b20 f i logsys.obj
 0001:00005b40       ?_Throw_system_error_from_std_win_error@filesystem@std@@YAXW4__std_win_error@@@Z 0000000180006b40 f i logsys.obj
 0001:00005b80       ??$_Convert_wide_to_narrow_replace_chars@U?$char_traits@D@std@@V?$allocator@D@2@@filesystem@std@@YA?AV?$basic_string@DU?$char_traits@D@std@@V?$allocator@D@2@@1@W4__std_code_page@@V?$basic_string_view@_WU?$char_traits@_W@std@@@1@AEBV?$allocator@D@1@@Z 0000000180006b80 f i logsys.obj
 0001:00005c50       ??$_Reallocate_grow_by@V<lambda_1>@?1??reserve@?$basic_string@DU?$char_traits@D@std@@V?$allocator@D@2@@std@@QEAAX_K@Z@$$V@?$basic_string@DU?$char_traits@D@std@@V?$allocator@D@2@@std@@AEAAAEAV01@_KV<lambda_1>@?1??reserve@01@QEAAX0@Z@@Z 0000000180006c50 f i logsys.obj
 0001:00005da0       ??$_Reallocate_grow_by@V<lambda_1>@?1??push_back@?$basic_string@DU?$char_traits@D@std@@V?$allocator@D@2@@std@@QEAAXD@Z@D@?$basic_string@DU?$char_traits@D@std@@V?$allocator@D@2@@std@@AEAAAEAV01@_KV<lambda_1>@?1??push_back@01@QEAAXD@Z@D@Z 0000000180006da0 f i logsys.obj
 0001:00005f10       ?_Pretty_message@filesystem_error@filesystem@std@@CA?AV?$basic_string@DU?$char_traits@D@std@@V?$allocator@D@2@@3@V?$basic_string_view@DU?$char_traits@D@std@@@3@AEBVpath@23@1@Z 0000000180006f10 f i logsys.obj
 0001:00006190       ??0filesystem_error@filesystem@std@@QEAA@AEBV?$basic_string@DU?$char_traits@D@std@@V?$allocator@D@2@@2@AEBVpath@12@Verror_code@2@@Z 0000000180007190 f i logsys.obj
 0001:000062b0       ??1filesystem_error@filesystem@std@@UEAA@XZ 00000001800072b0 f i logsys.obj
 0001:000063d0       ??_Gfilesystem_error@filesystem@std@@UEAAPEAXI@Z 00000001800073d0 f i logsys.obj
 0001:000063d0       ??_Efilesystem_error@filesystem@std@@UEAAPEAXI@Z 00000001800073d0 f i * CIL library *:* CIL module *
 0001:00006520       ?what@filesystem_error@filesystem@std@@UEBAPEBDXZ 0000000180007520 f i logsys.obj
 0001:00006530       ??0path@filesystem@std@@QEAA@AEBV012@@Z 0000000180007530 f i logsys.obj
 0001:00006620       ??0filesystem_error@filesystem@std@@QEAA@AEBV012@@Z 0000000180007620 f i logsys.obj
 0001:000066b0       ??0system_error@std@@QEAA@AEBV01@@Z 00000001800076b0 f i logsys.obj
 0001:00006710       ??0_System_error@std@@QEAA@AEBV01@@Z 0000000180007710 f i logsys.obj
 0001:00006760       ?_Throw_fs_error@filesystem@std@@YAXPEBDAEBVerror_code@2@AEBVpath@12@@Z 0000000180007760 f i logsys.obj
 0001:000067c0       ??_E?$basic_ios@DU?$char_traits@D@std@@@std@@UEAAPEAXI@Z 00000001800077c0 f i * CIL library *:* CIL module *
 0001:000067c0       ??_G?$basic_ios@DU?$char_traits@D@std@@@std@@UEAAPEAXI@Z 00000001800077c0 f i logsys.obj
 0001:00006800       ??_Eios_base@std@@UEAAPEAXI@Z 0000000180007800 f i * CIL library *:* CIL module *
 0001:00006800       ??_Gios_base@std@@UEAAPEAXI@Z 0000000180007800 f i logsys.obj
 0001:00006840       ??1?$basic_ios@DU?$char_traits@D@std@@@std@@UEAA@XZ 0000000180007840 f i logsys.obj
 0001:00006860       ??0system_error@system@boost@@QEAA@Verror_code@12@PEBD@Z 0000000180007860 f i server.obj
 0001:000068f0       ??0?$wrapexcept@Vsystem_error@system@boost@@@boost@@QEAA@AEBVsystem_error@system@1@@Z 00000001800078f0 f i server.obj
 0001:000069b0       ??1system_error@system@boost@@UEAA@XZ 00000001800079b0 f i server.obj
 0001:00006a30       ??1?$wrapexcept@Vsystem_error@system@boost@@@boost@@UEAA@XZ 0000000180007a30 f i server.obj
 0001:00006a80       ??_G?$wrapexcept@Vsystem_error@system@boost@@@boost@@UEAAPEAXI@Z 0000000180007a80 f i server.obj
 0001:00006a80       ??_E?$wrapexcept@Vsystem_error@system@boost@@@boost@@UEAAPEAXI@Z 0000000180007a80 f i * CIL library *:* CIL module *
 0001:00006af0       ??1deleter@?$wrapexcept@Vsystem_error@system@boost@@@boost@@QEAA@XZ 0000000180007af0 f i server.obj
 0001:00006b10       ?clone@?$wrapexcept@Vsystem_error@system@boost@@@boost@@UEBAPEBVclone_base@exception_detail@2@XZ 0000000180007b10 f i server.obj
 0001:00006b70       ?rethrow@?$wrapexcept@Vsystem_error@system@boost@@@boost@@UEBAXXZ 0000000180007b70 f i server.obj
 0001:00006b98       ??_E?$wrapexcept@Vsystem_error@system@boost@@@boost@@W7EAAPEAXI@Z 0000000180007b98 f i server.obj
 0001:00006ba4       ??_E?$wrapexcept@Vsystem_error@system@boost@@@boost@@WFI@EAAPEAXI@Z 0000000180007ba4 f i server.obj
 0001:00006bb0       ??0?$wrapexcept@Vsystem_error@system@boost@@@boost@@QEAA@AEBU01@@Z 0000000180007bb0 f i server.obj
 0001:00006c90       ??_Esystem_error@system@boost@@UEAAPEAXI@Z 0000000180007c90 f i * CIL library *:* CIL module *
 0001:00006c90       ??_Gsystem_error@system@boost@@UEAAPEAXI@Z 0000000180007c90 f i server.obj
 0001:00006cd0       ?what@system_error@system@boost@@UEBAPEBDXZ 0000000180007cd0 f i server.obj
 0001:00006e10       ??0system_error@system@boost@@QEAA@AEBV012@@Z 0000000180007e10 f i server.obj
 0001:00006e80       ??$throw_exception@Vsystem_error@system@boost@@@boost@@YAXAEBVsystem_error@system@0@@Z 0000000180007e80 f i server.obj
 0001:00006eb0       ?do_throw_error@detail@asio@boost@@YAXAEBVerror_code@system@3@PEBD@Z 0000000180007eb0 f i server.obj
 0001:00006f00       ??0length_error@std@@QEAA@PEBD@Z 0000000180007f00 f i server.obj
 0001:00006f70       ??0length_error@std@@QEAA@AEBV01@@Z 0000000180007f70 f i server.obj
 0001:00006fb0       ??0logic_error@std@@QEAA@AEBV01@@Z 0000000180007fb0 f i server.obj
 0001:00006ff0       ??1clone_base@exception_detail@boost@@UEAA@XZ 0000000180007ff0 f i server.obj
 0001:00007000       ?copy_boost_exception@exception_detail@boost@@YAXPEAVexception@2@PEBV32@@Z 0000000180008000 f i server.obj
 0001:000070d0       ??_Gclone_base@exception_detail@boost@@UEAAPEAXI@Z 00000001800080d0 f i server.obj
 0001:000070d0       ??_Eclone_base@exception_detail@boost@@UEAAPEAXI@Z 00000001800080d0 f i * CIL library *:* CIL module *
 0001:00007100       ??0clone_base@exception_detail@boost@@QEAA@AEBV012@@Z 0000000180008100 f i server.obj
 0001:00007110       ??1?$refcount_ptr@Uerror_info_container@exception_detail@boost@@@exception_detail@boost@@QEAA@XZ 0000000180008110 f i server.obj
 0001:00007140       ??0exception@boost@@QEAA@AEBV01@@Z 0000000180008140 f i server.obj
 0001:000071a0       ?win_tss_ptr_create@detail@asio@boost@@YAKXZ 00000001800081a0 f i server.obj
 0001:00007280       ?system_category_condition_win32@detail@system@boost@@YAHH@Z 0000000180008280 f i server.obj
 0001:00007640       ?default_error_condition@system_error_category@detail@system@boost@@UEBA?AVerror_condition@34@H@Z 0000000180008640 f i server.obj
 0001:000076e0       ?name@interop_error_category@detail@system@boost@@UEBAPEBDXZ 00000001800086e0 f i server.obj
 0001:000076f0       ?message@interop_error_category@detail@system@boost@@UEBAPEBDHPEAD_K@Z 00000001800086f0 f i server.obj
 0001:00007720       ?message@interop_error_category@detail@system@boost@@UEBA?AV?$basic_string@DU?$char_traits@D@std@@V?$allocator@D@2@@std@@H@Z 0000000180008720 f i server.obj
 0001:000077b0       ?equivalent@error_category@system@boost@@UEBA_NAEBVerror_code@23@H@Z 00000001800087b0 f i server.obj
 0001:00007840       ?message@generic_error_category@detail@system@boost@@UEBAPEBDHPEAD_K@Z 0000000180008840 f i server.obj
 0001:000078b0       ?message@generic_error_category@detail@system@boost@@UEBA?AV?$basic_string@DU?$char_traits@D@std@@V?$allocator@D@2@@std@@H@Z 00000001800088b0 f i server.obj
 0001:00007920       ?default_error_condition@error_category@system@boost@@UEBA?AVerror_condition@23@H@Z 0000000180008920 f i server.obj
 0001:00007980       ?equivalent@error_category@system@boost@@UEBA_NHAEBVerror_condition@23@@Z 0000000180008980 f i server.obj
 0001:000079f0       ?message@system_error_category@detail@system@boost@@UEBAPEBDHPEAD_K@Z 00000001800089f0 f i server.obj
 0001:00007ab0       ??1local_free@detail@system@boost@@QEAA@XZ 0000000180008ab0 f i server.obj
 0001:00007ac0       ?assign@?$basic_string@DU?$char_traits@D@std@@V?$allocator@D@2@@std@@QEAAAEAV12@_KD@Z 0000000180008ac0 f i server.obj
 0001:00007c30       ?snprintf@detail@system@boost@@YAXPEAD_KPEBDZZ 0000000180008c30 f i server.obj
 0001:00007c90       ?unknown_message_win32@detail@system@boost@@YA?AV?$basic_string@DU?$char_traits@D@std@@V?$allocator@D@2@@std@@H@Z 0000000180008c90 f i server.obj
 0001:00007d30       ?system_category_message_win32@detail@system@boost@@YA?AV?$basic_string@DU?$char_traits@D@std@@V?$allocator@D@2@@std@@H@Z 0000000180008d30 f i server.obj
 0001:00007fd0       ?message@system_error_category@detail@system@boost@@UEBA?AV?$basic_string@DU?$char_traits@D@std@@V?$allocator@D@2@@std@@H@Z 0000000180008fd0 f i server.obj
 0001:00007ff0       ?failed@error_category@system@boost@@UEBA_NH@Z 0000000180008ff0 f i server.obj
 0001:00008000       getPlugin                  0000000180009000 f   SixMansPlugin-Rework.obj
 0001:00008100       ??1LogSys@@QEAA@XZ         0000000180009100 f i SixMansPlugin-Rework.obj
 0001:00008180       deleteMe                   0000000180009180 f   SixMansPlugin-Rework.obj
 0001:000081f0       ?onLoad@SixMansPlugin@@EEAAXXZ 00000001800091f0 f   SixMansPlugin-Rework.obj
 0001:00008530       ?_Delete_this@?$_Ref_count@VSixMansPlugin@@@std@@EEAAXXZ 0000000180009530 f i SixMansPlugin-Rework.obj
 0001:00008550       ?_Destroy@?$_Ref_count@VSixMansPlugin@@@std@@EEAAXXZ 0000000180009550 f i SixMansPlugin-Rework.obj
 0001:00008590       ??_E?$_Ref_count@VSixMansPlugin@@@std@@UEAAPEAXI@Z 0000000180009590 f i * CIL library *:* CIL module *
 0001:00008590       ??_G?$_Ref_count@VSixMansPlugin@@@std@@UEAAPEAXI@Z 0000000180009590 f i SixMansPlugin-Rework.obj
 0001:000085c0       ??4?$shared_ptr@VCVarManagerWrapper@@@std@@QEAAAEAV01@AEBV01@@Z 00000001800095c0 f i SixMansPlugin-Rework.obj
 0001:00008650       ??1BakkesModPlugin@Plugin@BakkesMod@@QEAA@XZ 0000000180009650 f i SixMansPlugin-Rework.obj
 0001:000086e0       ??0BakkesModPlugin@Plugin@BakkesMod@@QEAA@XZ 00000001800096e0 f i SixMansPlugin-Rework.obj
 0001:00008700       ??0BakkesModPlugin@Plugin@BakkesMod@@QEAA@AEBV012@@Z 0000000180009700 f i pch.obj
 0001:00008760       ??0BakkesModPlugin@Plugin@BakkesMod@@QEAA@$$QEAV012@@Z 0000000180009760 f i pch.obj
 0001:000087c0       ??4BakkesModPlugin@Plugin@BakkesMod@@QEAAAEAV012@AEBV012@@Z 00000001800097c0 f i pch.obj
 0001:00008860       ??4BakkesModPlugin@Plugin@BakkesMod@@QEAAAEAV012@$$QEAV012@@Z 0000000180009860 f i pch.obj
 0001:00008940       ?__autoclassinit2@BakkesModPlugin@Plugin@BakkesMod@@QEAAX_K@Z 0000000180009940 f i pch.obj
 0001:0000894c       ??0bad_alloc@std@@QEAA@XZ  000000018000994c f i libcpmt:xthrow.obj
 0001:0000896c       ??0out_of_range@std@@QEAA@AEBV01@@Z 000000018000996c f i libcpmt:xthrow.obj
 0001:000089a8       ??0out_of_range@std@@QEAA@PEBD@Z 00000001800099a8 f i libcpmt:xthrow.obj
 0001:000089f0       ?_Xlength_error@std@@YAXPEBD@Z 00000001800099f0 f   libcpmt:xthrow.obj
 0001:00008a14       ?_Xout_of_range@std@@YAXPEBD@Z 0000000180009a14 f   libcpmt:xthrow.obj
 0001:00008a38       ?_Xruntime_error@std@@YAXPEBD@Z 0000000180009a38 f   libcpmt:xthrow.obj
 0001:00008a5c       ??0_Locimp@locale@std@@AEAA@_N@Z 0000000180009a5c f i libcpmt:locale0.obj
 0001:00008ae4       ??4?$_Yarn@D@std@@QEAAAEAV01@PEBD@Z 0000000180009ae4 f i libcpmt:locale0.obj
 0001:00008b5c       ??_E_Locimp@locale@std@@MEAAPEAXI@Z 0000000180009b5c f i libcpmt:locale0.obj
 0001:00008b5c       ??_G_Locimp@locale@std@@MEAAPEAXI@Z 0000000180009b5c f i libcpmt:locale0.obj
 0001:00008bb8       ?_Facet_Register@std@@YAXPEAV_Facet_base@1@@Z 0000000180009bb8 f   libcpmt:locale0.obj
 0001:00008bf0       ?_Getgloballocale@locale@std@@CAPEAV_Locimp@12@XZ 0000000180009bf0 f   libcpmt:locale0.obj
 0001:00008bf8       ?_Init@locale@std@@CAPEAV_Locimp@12@_N@Z 0000000180009bf8 f   libcpmt:locale0.obj
 0001:00008cf0       ?_Locimp_dtor@_Locimp@locale@std@@CAXPEAV123@@Z 0000000180009cf0 f   libcpmt:locale0.obj
 0001:00008d6c       ?_Locinfo_ctor@_Locinfo@std@@SAXPEAV12@PEBD@Z 0000000180009d6c f   libcpmt:locale0.obj
 0001:00008dd8       ?_Locinfo_dtor@_Locinfo@std@@SAXPEAV12@@Z 0000000180009dd8 f   libcpmt:locale0.obj
 0001:00008df4       ?_New_Locimp@_Locimp@locale@std@@CAPEAV123@_N@Z 0000000180009df4 f   libcpmt:locale0.obj
 0001:00008e24       ?_Setgloballocale@locale@std@@CAXPEAX@Z 0000000180009e24 f   libcpmt:locale0.obj
 0001:00008e58       _Deletegloballocale        0000000180009e58 f   libcpmt:locale0.obj
 0001:00008ec8       ??0_Init_locks@std@@QEAA@XZ 0000000180009ec8 f   libcpmt:xlock.obj
 0001:00008f0c       ??0_Lockit@std@@QEAA@H@Z   0000000180009f0c f   libcpmt:xlock.obj
 0001:00008f48       ??1_Init_locks@std@@QEAA@XZ 0000000180009f48 f   libcpmt:xlock.obj
 0001:00008f84       ??1_Lockit@std@@QEAA@XZ    0000000180009f84 f   libcpmt:xlock.obj
 0001:00008fb8       ?_Ios_base_dtor@ios_base@std@@CAXPEAV12@@Z 0000000180009fb8 f   libcpmt:ios.obj
 0001:00009030       ?_Tidy@ios_base@std@@AEAAXXZ 000000018000a030 f i libcpmt:ios.obj
 0001:000090b0       __std_fs_code_page         000000018000a0b0 f   libcpmt:filesystem.obj
 0001:000090d8       __std_fs_convert_narrow_to_wide 000000018000a0d8 f   libcpmt:filesystem.obj
 0001:00009120       __std_fs_convert_wide_to_narrow_replace_chars 000000018000a120 f   libcpmt:filesystem.obj
 0001:000091ec       __std_fs_create_directory  000000018000a1ec f   libcpmt:filesystem.obj
 0001:00009264       __std_fs_get_stats         000000018000a264 f   libcpmt:filesystem.obj
 0001:00009500       __std_fs_open_handle       000000018000a500 f   libcpmt:filesystem.obj
 0001:00009558       ?_Syserror_map@std@@YAPEBDH@Z 000000018000a558 f   libcpmt:syserror.obj
 0001:00009580       ?_Winerror_map@std@@YAHH@Z 000000018000a580 f   libcpmt:syserror.obj
 0001:000095a4       __std_system_error_allocate_message 000000018000a5a4 f   libcpmt:syserror_import_lib.obj
 0001:00009604       __std_system_error_deallocate_message 000000018000a604 f   libcpmt:syserror_import_lib.obj
 0001:0000960c       _Getctype                  000000018000a60c f   libcpmt:_tolower.obj
 0001:000096cc       _Tolower                   000000018000a6cc f   libcpmt:_tolower.obj
 0001:00009800       _Toupper                   000000018000a800 f   libcpmt:_toupper.obj
 0001:00009944       ??$_Xfiopen@_W@std@@YAPEAU_iobuf@@PEB_WHH@Z 000000018000a944 f i libcpmt:fiopen.obj
 0001:00009a50       ?_Fiopen@std@@YAPEAU_iobuf@@PEB_WHH@Z 000000018000aa50 f   libcpmt:fiopen.obj
 0001:00009a58       ??0bad_exception@std@@QEAA@AEBV01@@Z 000000018000aa58 f i libcpmt:excptptr.obj
 0001:00009a9c       ??0bad_exception@std@@QEAA@XZ 000000018000aa9c f i libcpmt:excptptr.obj
 0001:00009acc       ??1bad_exception@std@@UEAA@XZ 000000018000aacc f i libcpmt:excptptr.obj
 0001:00009af0       ??_Ebad_exception@std@@UEAAPEAXI@Z 000000018000aaf0 f i libcpmt:excptptr.obj
 0001:00009af0       ??_Gbad_exception@std@@UEAAPEAXI@Z 000000018000aaf0 f i libcpmt:excptptr.obj
 0001:00009b38       ?_CallMemberFunction0@@YAXQEAX0@Z 000000018000ab38 f i libcpmt:excptptr.obj
 0001:00009b3c       ?_CallMemberFunction1@@YAXQEAX00@Z 000000018000ab3c f i libcpmt:excptptr.obj
 0001:00009b48       ?_CallMemberFunction2@@YAXQEAX00H@Z 000000018000ab48 f i libcpmt:excptptr.obj
 0001:00009b58       ?_Atexit@@YAXP6AXXZ@Z      000000018000ab58 f   libcpmt:iosptrs.obj
 0001:00009b94       _Mtxdst                    000000018000ab94 f   libcpmt:xmtx.obj
 0001:00009b9c       _Mtxinit                   000000018000ab9c f   libcpmt:xmtx.obj
 0001:00009bac       _Mtxlock                   000000018000abac f   libcpmt:xmtx.obj
 0001:00009bb4       _Mtxunlock                 000000018000abb4 f   libcpmt:xmtx.obj
 0001:00009bbc       __crtLCMapStringA          000000018000abbc f   libcpmt:StlLCMapStringA.obj
 0001:0000a280       __security_check_cookie    000000018000b280 f   LIBCMT:amdsecgs.obj
 0001:0000a2a0       ??_V@YAXPEAX@Z             000000018000b2a0 f   LIBCMT:delete_array.obj
 0001:0000a2a0       ??3@YAXPEAX_K@Z            000000018000b2a0 f   LIBCMT:delete_scalar_size.obj
 0001:0000a2a8       ??2@YAPEAX_K@Z             000000018000b2a8 f   LIBCMT:new_scalar.obj
 0001:0000a2e4       ??_Etype_info@@UEAAPEAXI@Z 000000018000b2e4 f i LIBCMT:std_type_info_static.obj
 0001:0000a2e4       ??_Gtype_info@@UEAAPEAXI@Z 000000018000b2e4 f i LIBCMT:std_type_info_static.obj
 0001:0000a310       ??_M@YAXPEAX_K1P6AX0@Z@Z   000000018000b310 f   LIBCMT:ehvecdtr.obj
 0001:0000a37c       ?__ArrayUnwind@@YAXPEAX_K1P6AX0@Z@Z 000000018000b37c f   LIBCMT:ehvecdtr.obj
 0001:0000a4d8       __scrt_acquire_startup_lock 000000018000b4d8 f   LIBCMT:utility.obj
 0001:0000a514       __scrt_dllmain_after_initialize_c 000000018000b514 f   LIBCMT:utility.obj
 0001:0000a548       __scrt_dllmain_before_initialize_c 000000018000b548 f   LIBCMT:utility.obj
 0001:0000a560       __scrt_dllmain_crt_thread_attach 000000018000b560 f   LIBCMT:utility.obj
 0001:0000a588       __scrt_dllmain_crt_thread_detach 000000018000b588 f   LIBCMT:utility.obj
 0001:0000a5a0       __scrt_dllmain_exception_filter 000000018000b5a0 f   LIBCMT:utility.obj
 0001:0000a600       __scrt_dllmain_uninitialize_c 000000018000b600 f   LIBCMT:utility.obj
 0001:0000a630       __scrt_dllmain_uninitialize_critical 000000018000b630 f   LIBCMT:utility.obj
 0001:0000a644       __scrt_initialize_crt      000000018000b644 f   LIBCMT:utility.obj
 0001:0000a690       __scrt_initialize_onexit_tables 000000018000b690 f   LIBCMT:utility.obj
 0001:0000a71c       __scrt_is_nonwritable_in_current_image 000000018000b71c f   LIBCMT:utility.obj
 0001:0000a7b4       __scrt_release_startup_lock 000000018000b7b4 f   LIBCMT:utility.obj
 0001:0000a7d8       __scrt_uninitialize_crt    000000018000b7d8 f   LIBCMT:utility.obj
 0001:0000a804       _onexit                    000000018000b804 f   LIBCMT:utility.obj
 0001:0000a840       atexit                     000000018000b840 f   LIBCMT:utility.obj
 0001:0000a858       __raise_securityfailure    000000018000b858 f   LIBCMT:gs_report.obj
 0001:0000a88c       __report_gsfailure         000000018000b88c f   LIBCMT:gs_report.obj
 0001:0000a960       __report_rangecheckfailure 000000018000b960 f   LIBCMT:gs_report.obj
 0001:0000a974       __report_securityfailure   000000018000b974 f   LIBCMT:gs_report.obj
 0001:0000ae14       _DllMainCRTStartup         000000018000be14 f   LIBCMT:dll_dllmain.obj
 0001:0000ae54       __GSHandlerCheck           000000018000be54 f   LIBCMT:gshandler.obj
 0001:0000ae74       __GSHandlerCheckCommon     000000018000be74 f   LIBCMT:gshandler.obj
 0001:0000aed0       __GSHandlerCheck_EH4       000000018000bed0 f   LIBCMT:gshandlereh4.obj
 0001:0000af60       __chkstk                   000000018000bf60 f   LIBCMT:chkstk.obj
 0001:0000af60       _alloca_probe              000000018000bf60 f   LIBCMT:chkstk.obj
 0001:0000afb0       ?__scrt_throw_std_bad_alloc@@YAXXZ 000000018000bfb0 f   LIBCMT:throw_bad_alloc.obj
 0001:0000afd0       __crt_debugger_hook        000000018000bfd0 f   LIBCMT:utility_desktop.obj
 0001:0000afd8       __scrt_fastfail            000000018000bfd8 f   LIBCMT:utility_desktop.obj
 0001:0000b124       __isa_available_init       000000018000c124 f   LIBCMT:cpu_disp.obj
 0001:0000b2d0       __scrt_is_ucrt_dll_in_use  000000018000c2d0 f   LIBCMT:ucrt_detection.obj
 0001:0000b2dc       __security_init_cookie     000000018000c2dc f   LIBCMT:gs_support.obj
 0001:0000b388       ?__scrt_initialize_type_info@@YAXXZ 000000018000c388 f   LIBCMT:tncleanup.obj
 0001:0000b398       ?__scrt_uninitialize_type_info@@YAXXZ 000000018000c398 f   LIBCMT:tncleanup.obj
 0001:0000b3a4       __scrt_initialize_default_local_stdio_options 000000018000c3a4 f   LIBCMT:default_local_stdio_options.obj
 0001:0000b3c0       __scrt_get_dyn_tls_init_callback 000000018000c3c0 f   LIBCMT:dyn_tls_init.obj
 0001:0000b3c8       _RTC_Initialize            000000018000c3c8 f   LIBCMT:initsect.obj
 0001:0000b404       _RTC_Terminate             000000018000c404 f   LIBCMT:initsect.obj
 0001:0000b440       ??$_CallSETranslator@V__FrameHandler3@@@@YAHPEAUEHExceptionRecord@@PEA_KPEAU_CONTEXT@@PEAU_xDISPATCHER_CONTEXT@@PEBU_s_FuncInfo@@K1H@Z 000000018000c440 f i libvcruntime:risctrnsctrl.obj
 0001:0000b494       ??$_CallSETranslator@V__FrameHandler4@@@@YAHPEAUEHExceptionRecord@@PEA_KPEAU_CONTEXT@@PEAU_xDISPATCHER_CONTEXT@@PEAUFuncInfo4@FH4@@K1H@Z 000000018000c494 f i libvcruntime:risctrnsctrl.obj
 0001:0000b4e8       ?CatchTryBlock@__FrameHandler3@@SAPEBU_s_TryBlockMapEntry@@PEBU_s_FuncInfo@@H@Z 000000018000c4e8 f   libvcruntime:risctrnsctrl.obj
 0001:0000b54c       ?DecompFuncInfo@FH4@@YA_JPEAEAEAUFuncInfo4@1@_KH_N@Z 000000018000c54c f i libvcruntime:risctrnsctrl.obj
 0001:0000b670       ?ExecutionInCatch@__FrameHandler3@@SA_NPEAU_xDISPATCHER_CONTEXT@@PEBU_s_FuncInfo@@@Z 000000018000c670 f   libvcruntime:risctrnsctrl.obj
 0001:0000b69c       ?ExecutionInCatch@__FrameHandler4@@SA_NPEAU_xDISPATCHER_CONTEXT@@PEAUFuncInfo4@FH4@@@Z 000000018000c69c f   libvcruntime:risctrnsctrl.obj
 0001:0000b6a4       ?FrameUnwindToEmptyState@__FrameHandler3@@SAXPEA_KPEAU_xDISPATCHER_CONTEXT@@PEBU_s_FuncInfo@@@Z 000000018000c6a4 f   libvcruntime:risctrnsctrl.obj
 0001:0000b708       ?FrameUnwindToEmptyState@__FrameHandler4@@SAXPEA_KPEAU_xDISPATCHER_CONTEXT@@PEAUFuncInfo4@FH4@@@Z 000000018000c708 f   libvcruntime:risctrnsctrl.obj
 0001:0000b73c       ?GetEstablisherFrame@__FrameHandler3@@SAPEA_KPEA_KPEAU_xDISPATCHER_CONTEXT@@PEBU_s_FuncInfo@@0@Z 000000018000c73c f   libvcruntime:risctrnsctrl.obj
 0001:0000b808       ?GetEstablisherFrame@__FrameHandler4@@SAPEA_KPEA_KPEAU_xDISPATCHER_CONTEXT@@PEAUFuncInfo4@FH4@@0@Z 000000018000c808 f   libvcruntime:risctrnsctrl.obj
 0001:0000b82c       ?GetRangeOfTrysToCheck@__FrameHandler3@@SA?AU?$pair@Viterator@TryBlockMap@__FrameHandler3@@V123@@std@@AEAVTryBlockMap@1@HPEAU_xDISPATCHER_CONTEXT@@PEBU_s_FuncInfo@@H@Z 000000018000c82c f   libvcruntime:risctrnsctrl.obj
 0001:0000b96c       ?GetRangeOfTrysToCheck@__FrameHandler4@@SA?AU?$pair@Viterator@TryBlockMap4@FH4@@V123@@std@@AEAVTryBlockMap4@FH4@@HPEAU_xDISPATCHER_CONTEXT@@PEAUFuncInfo4@5@H@Z 000000018000c96c f   libvcruntime:risctrnsctrl.obj
 0001:0000bad8       ?UnwindNestedFrames@__FrameHandler3@@SAXPEA_KPEAUEHExceptionRecord@@PEAU_CONTEXT@@0PEAXPEBU_s_FuncInfo@@HHPEBU_s_HandlerType@@PEAU_xDISPATCHER_CONTEXT@@E@Z 000000018000cad8 f   libvcruntime:risctrnsctrl.obj
 0001:0000bbdc       ?UnwindNestedFrames@__FrameHandler4@@SAXPEA_KPEAUEHExceptionRecord@@PEAU_CONTEXT@@0PEAXPEAUFuncInfo4@FH4@@HHPEAUHandlerType4@5@PEAU_xDISPATCHER_CONTEXT@@E@Z 000000018000cbdc f   libvcruntime:risctrnsctrl.obj
 0001:0000bcfc       ?setBuffer@TryBlockMap4@FH4@@QEAAXViterator@12@@Z 000000018000ccfc f i libvcruntime:risctrnsctrl.obj
 0001:0000bec0       _CreateFrameInfo           000000018000cec0 f   libvcruntime:risctrnsctrl.obj
 0001:0000befc       _FindAndUnlinkFrame        000000018000cefc f   libvcruntime:risctrnsctrl.obj
 0001:0000bf50       _GetImageBase              000000018000cf50 f   libvcruntime:risctrnsctrl.obj
 0001:0000bf64       _GetThrowImageBase         000000018000cf64 f   libvcruntime:risctrnsctrl.obj
 0001:0000bf78       _SetImageBase              000000018000cf78 f   libvcruntime:risctrnsctrl.obj
 0001:0000bf90       _SetThrowImageBase         000000018000cf90 f   libvcruntime:risctrnsctrl.obj
 0001:0000bfa8       __CxxFrameHandler3         000000018000cfa8 f   libvcruntime:risctrnsctrl.obj
 0001:0000c030       __CxxFrameHandler4         000000018000d030 f   libvcruntime:risctrnsctrl.obj
 0001:0000c0f0       __DestructExceptionObject  000000018000d0f0 f   libvcruntime:ehhelpers.obj
 0001:0000c160       _IsExceptionObjectToBeDestroyed 000000018000d160 f   libvcruntime:ehhelpers.obj
 0001:0000c190       __AdjustPointer            000000018000d190 f   libvcruntime:ehhelpers.obj
 0001:0000c1b4       __FrameUnwindFilter        000000018000d1b4 f   libvcruntime:ehhelpers.obj
 0001:0000c21c       __current_exception        000000018000d21c f   libvcruntime:ehhelpers.obj
 0001:0000c230       __current_exception_context 000000018000d230 f   libvcruntime:ehhelpers.obj
 0001:0000c244       __std_terminate            000000018000d244 f   libvcruntime:ehhelpers.obj
 0001:0000c250       __std_exception_copy       000000018000d250 f   libvcruntime:std_exception.obj
 0001:0000c2e0       __std_exception_destroy    000000018000d2e0 f   libvcruntime:std_exception.obj
 0001:0000c308       _get_purecall_handler      000000018000d308 f   libvcruntime:purevirt.obj
 0001:0000c314       _purecall                  000000018000d314 f   libvcruntime:purevirt.obj
 0001:0000c330       __C_specific_handler       000000018000d330 f   libvcruntime:riscchandler.obj
 0001:0000c528       __std_type_info_compare    000000018000d528 f   libvcruntime:std_type_info.obj
 0001:0000c550       __std_type_info_destroy_list 000000018000d550 f   libvcruntime:std_type_info.obj
 0001:0000c57c       _CxxThrowException         000000018000d57c f   libvcruntime:throw.obj
 0001:0000c630       memcpy_repmovs             000000018000d630 f   libvcruntime:memcpy.obj
 0001:0000c650       memcpy                     000000018000d650 f   libvcruntime:memcpy.obj
 0001:0000c650       memmove                    000000018000d650 f   libvcruntime:memcpy.obj
 0001:0000cce0       memset_repstos             000000018000dce0 f   libvcruntime:memset.obj
 0001:0000cd00       memset                     000000018000dd00 f   libvcruntime:memset.obj
 0001:0000d0a0       memchr                     000000018000e0a0 f   libvcruntime:memchr.obj
 0001:0000d120       memcmp                     000000018000e120 f   libvcruntime:memcmp.obj
 0001:0000d1e8       __vcrt_initialize          000000018000e1e8 f   libvcruntime:initialization.obj
 0001:0000d210       __vcrt_thread_attach       000000018000e210 f   libvcruntime:initialization.obj
 0001:0000d224       __vcrt_thread_detach       000000018000e224 f   libvcruntime:initialization.obj
 0001:0000d238       __vcrt_uninitialize        000000018000e238 f   libvcruntime:initialization.obj
 0001:0000d254       __vcrt_uninitialize_critical 000000018000e254 f   libvcruntime:initialization.obj
 0001:0000d264       __vcrt_freefls             000000018000e264 f   libvcruntime:per_thread_data.obj
 0001:0000d284       __vcrt_freeptd             000000018000e284 f   libvcruntime:per_thread_data.obj
 0001:0000d2d4       __vcrt_getptd              000000018000e2d4 f   libvcruntime:per_thread_data.obj
 0001:0000d2f0       __vcrt_getptd_noexit       000000018000e2f0 f   libvcruntime:per_thread_data.obj
 0001:0000d3b0       __vcrt_initialize_ptd      000000018000e3b0 f   libvcruntime:per_thread_data.obj
 0001:0000d3f8       __vcrt_uninitialize_ptd    000000018000e3f8 f   libvcruntime:per_thread_data.obj
 0001:0000d41c       ?GetCurrentState@__FrameHandler3@@SAHPEA_KPEAU_xDISPATCHER_CONTEXT@@PEBU_s_FuncInfo@@@Z 000000018000e41c f   libvcruntime:ehstate.obj
 0001:0000d444       ?GetUnwindTryBlock@__FrameHandler3@@SAHPEA_KPEAU_xDISPATCHER_CONTEXT@@PEBU_s_FuncInfo@@@Z 000000018000e444 f   libvcruntime:ehstate.obj
 0001:0000d470       ?SetState@__FrameHandler3@@SAXPEA_KPEBU_s_FuncInfo@@H@Z 000000018000e470 f   libvcruntime:ehstate.obj
 0001:0000d47c       ?SetUnwindTryBlock@__FrameHandler3@@SAXPEA_KPEAU_xDISPATCHER_CONTEXT@@PEBU_s_FuncInfo@@H@Z 000000018000e47c f   libvcruntime:ehstate.obj
 0001:0000d4b8       ?StateFromControlPc@__FrameHandler3@@SAHPEBU_s_FuncInfo@@PEAU_xDISPATCHER_CONTEXT@@@Z 000000018000e4b8 f   libvcruntime:ehstate.obj
 0001:0000d4c0       ?StateFromControlPc@__FrameHandler4@@SAHPEAUFuncInfo4@FH4@@PEAU_xDISPATCHER_CONTEXT@@@Z 000000018000e4c0 f   libvcruntime:ehstate.obj
 0001:0000d4c8       ?StateFromIp@__FrameHandler3@@SAHPEBU_s_FuncInfo@@PEAU_xDISPATCHER_CONTEXT@@_K@Z 000000018000e4c8 f   libvcruntime:ehstate.obj
 0001:0000d530       ?StateFromIp@__FrameHandler4@@SAHPEAUFuncInfo4@FH4@@PEAU_xDISPATCHER_CONTEXT@@_K@Z 000000018000e530 f   libvcruntime:ehstate.obj
 0001:0000ec30       ??$TypeMatchHelper@V__FrameHandler3@@@@YAHPEBU_s_HandlerType@@PEBU_s_CatchableType@@PEBU_s_ThrowInfo@@@Z 000000018000fc30 f i libvcruntime:frame.obj
 0001:0000ed70       ??$TypeMatchHelper@V__FrameHandler4@@@@YAHPEAUHandlerType4@FH4@@PEBU_s_CatchableType@@PEBU_s_ThrowInfo@@@Z 000000018000fd70 f i libvcruntime:frame.obj
 0001:0000eeb4       ??$__InternalCxxFrameHandler@V__FrameHandler3@@@@YA?AW4_EXCEPTION_DISPOSITION@@PEAUEHExceptionRecord@@PEA_KPEAU_CONTEXT@@PEAU_xDISPATCHER_CONTEXT@@PEBU_s_FuncInfo@@H1E@Z 000000018000feb4 f i libvcruntime:frame.obj
 0001:0000f0ec       ??$__InternalCxxFrameHandler@V__FrameHandler4@@@@YA?AW4_EXCEPTION_DISPOSITION@@PEAUEHExceptionRecord@@PEA_KPEAU_CONTEXT@@PEAU_xDISPATCHER_CONTEXT@@PEAUFuncInfo4@FH4@@H1E@Z 00000001800100ec f i libvcruntime:frame.obj
 0001:0000f380       ??0HandlerMap4@FH4@@QEAA@PEBUTryBlockMapEntry4@1@_KH@Z 0000000180010380 f i libvcruntime:frame.obj
 0001:0000f3fc       ??0TryBlockMap4@FH4@@QEAA@PEBUFuncInfo4@1@_K@Z 00000001800103fc f i libvcruntime:frame.obj
 0001:0000f4d4       ?CxxCallCatchBlock@__FrameHandler3@@SAPEAXPEAU_EXCEPTION_RECORD@@@Z 00000001800104d4 f   libvcruntime:frame.obj
 0001:0000f6c0       ?CxxCallCatchBlock@__FrameHandler4@@SAPEAXPEAU_EXCEPTION_RECORD@@@Z 00000001800106c0 f   libvcruntime:frame.obj
 0001:0000f910       ?DecompHandler@HandlerMap4@FH4@@AEAAXXZ 0000000180010910 f i libvcruntime:frame.obj
 0001:0000fb5c       ?FrameUnwindToState@__FrameHandler3@@SAXPEA_KPEAU_xDISPATCHER_CONTEXT@@PEBU_s_FuncInfo@@H@Z 0000000180010b5c f   libvcruntime:frame.obj
 0001:0000fce8       ?FrameUnwindToState@__FrameHandler4@@SAXPEA_KPEAU_xDISPATCHER_CONTEXT@@PEAUFuncInfo4@FH4@@H@Z 0000000180010ce8 f   libvcruntime:frame.obj
 0001:0000ffe4       ?GetHandlerSearchState@__FrameHandler3@@SAHPEA_KPEAU_xDISPATCHER_CONTEXT@@PEBU_s_FuncInfo@@@Z 0000000180010fe4 f i libvcruntime:frame.obj
 0001:000101f4       ?ReadEntry@UWMap4@FH4@@AEAAXPEAPEAE@Z 00000001800111f4 f i libvcruntime:frame.obj
 0001:00010290       ?getStartStop@UWMap4@FH4@@QEAAXHHAEAViterator@12@0@Z 0000000180011290 f i libvcruntime:frame.obj
 0001:00010360       ?getStateFromIterators@UWMap4@FH4@@SAHAEBViterator@12@H0H0@Z 0000000180011360 f i libvcruntime:frame.obj
 0001:00010440       _NLG_Notify                0000000180011440 f   libvcruntime:notify.obj
 0001:00010460       __NLG_Dispatch2            0000000180011460 f   libvcruntime:notify.obj
 0001:00010470       __NLG_Return2              0000000180011470 f   libvcruntime:notify.obj
 0001:00010474       __except_validate_context_record 0000000180011474 f   libvcruntime:jbcxrval.obj
 0001:000104ac       __vcrt_initialize_locks    00000001800114ac f   libvcruntime:locks.obj
 0001:000104f4       __vcrt_uninitialize_locks  00000001800114f4 f   libvcruntime:locks.obj
 0001:0001067c       __vcrt_FlsAlloc            000000018001167c f   libvcruntime:winapi_downlevel.obj
 0001:000106c4       __vcrt_FlsFree             00000001800116c4 f   libvcruntime:winapi_downlevel.obj
 0001:0001070c       __vcrt_FlsGetValue         000000018001170c f   libvcruntime:winapi_downlevel.obj
 0001:00010754       __vcrt_FlsSetValue         0000000180011754 f   libvcruntime:winapi_downlevel.obj
 0001:000107a8       __vcrt_InitializeCriticalSectionEx 00000001800117a8 f   libvcruntime:winapi_downlevel.obj
 0001:00010820       _CallSettingFrame          0000000180011820 f   libvcruntime:handlers.obj
 0001:00010870       _CallSettingFrame_LookupContinuationIndex 0000000180011870 f   libvcruntime:handlers.obj
 0001:000108a0       _CallSettingFrame_NotifyContinuationAddr 00000001800118a0 f   libvcruntime:handlers.obj
 0001:000108d0       _CallSettingFrameEncoded   00000001800118d0 f   libvcruntime:handlers.obj
 0001:00010ae4       ??$ensure_buffer_is_big_enough@D@formatting_buffer@__crt_stdio_output@@QEAA_N_K@Z 0000000180011ae4 f i libucrt:output.obj
 0001:00010b8c       ??$type_case_integer_parse_into_buffer@I@?$output_processor@DV?$string_output_adapter@D@__crt_stdio_output@@V?$standard_base@DV?$string_output_adapter@D@__crt_stdio_output@@@2@@__crt_stdio_output@@AEAAXII_N@Z 0000000180011b8c f i libucrt:output.obj
 0001:00010c14       ??$type_case_integer_parse_into_buffer@_K@?$output_processor@DV?$string_output_adapter@D@__crt_stdio_output@@V?$standard_base@DV?$string_output_adapter@D@__crt_stdio_output@@@2@@__crt_stdio_output@@AEAAX_KI_N@Z 0000000180011c14 f i libucrt:output.obj
 0001:00010ca4       ??$write_multiple_characters@V?$string_output_adapter@D@__crt_stdio_output@@D@__crt_stdio_output@@YAXAEBV?$string_output_adapter@D@0@DHQEAH@Z 0000000180011ca4 f i libucrt:output.obj
 0001:00010d1c       ??0_LocaleUpdate@@QEAA@QEAU__crt_locale_pointers@@@Z 0000000180011d1c f i libucrt:output.obj
 0001:00010db8       ??1_LocaleUpdate@@QEAA@XZ  0000000180011db8 f i libucrt:output.obj
 0001:00010dd0       ?crop_zeroes@__crt_stdio_output@@YAXPEADQEAU__crt_locale_pointers@@@Z 0000000180011dd0 f i libucrt:output.obj
 0001:00010e70       ?force_decimal_point@__crt_stdio_output@@YAXPEADQEAU__crt_locale_pointers@@@Z 0000000180011e70 f i libucrt:output.obj
 0001:00010ee8       ?parse_int_from_format_string@?$output_processor@DV?$string_output_adapter@D@__crt_stdio_output@@V?$standard_base@DV?$string_output_adapter@D@__crt_stdio_output@@@2@@__crt_stdio_output@@AEAA_NQEAH@Z 0000000180011ee8 f i libucrt:output.obj
 0001:00010f8c       ?process@?$output_processor@DV?$string_output_adapter@D@__crt_stdio_output@@V?$standard_base@DV?$string_output_adapter@D@__crt_stdio_output@@@2@@__crt_stdio_output@@QEAAHXZ 0000000180011f8c f i libucrt:output.obj
 0001:00011194       ?state_case_normal@?$output_processor@DV?$string_output_adapter@D@__crt_stdio_output@@V?$standard_base@DV?$string_output_adapter@D@__crt_stdio_output@@@2@@__crt_stdio_output@@AEAA_NXZ 0000000180012194 f i libucrt:output.obj
 0001:00011208       ?state_case_normal_tchar@?$output_processor@DV?$string_output_adapter@D@__crt_stdio_output@@V?$standard_base@DV?$string_output_adapter@D@__crt_stdio_output@@@2@@__crt_stdio_output@@AEAA_ND@Z 0000000180012208 f i libucrt:output.obj
 0001:000112b0       ?state_case_size@?$output_processor@DV?$string_output_adapter@D@__crt_stdio_output@@V?$standard_base@DV?$string_output_adapter@D@__crt_stdio_output@@@2@@__crt_stdio_output@@AEAA_NXZ 00000001800122b0 f i libucrt:output.obj
 0001:00011420       ?state_case_type@?$output_processor@DV?$string_output_adapter@D@__crt_stdio_output@@V?$standard_base@DV?$string_output_adapter@D@__crt_stdio_output@@@2@@__crt_stdio_output@@AEAA_NXZ 0000000180012420 f i libucrt:output.obj
 0001:00011690       ?to_integer_size@__crt_stdio_output@@YA_KW4length_modifier@1@@Z 0000000180012690 f i libucrt:output.obj
 0001:000116f8       ?type_case_Z@?$output_processor@DV?$string_output_adapter@D@__crt_stdio_output@@V?$standard_base@DV?$string_output_adapter@D@__crt_stdio_output@@@2@@__crt_stdio_output@@AEAA_NXZ 00000001800126f8 f i libucrt:output.obj
 0001:0001176c       ?type_case_a@?$output_processor@DV?$string_output_adapter@D@__crt_stdio_output@@V?$standard_base@DV?$string_output_adapter@D@__crt_stdio_output@@@2@@__crt_stdio_output@@AEAA_NXZ 000000018001276c f i libucrt:output.obj
 0001:00011928       ?type_case_c_tchar@?$output_processor@DV?$string_output_adapter@D@__crt_stdio_output@@V?$standard_base@DV?$string_output_adapter@D@__crt_stdio_output@@@2@@__crt_stdio_output@@AEAA_ND@Z 0000000180012928 f i libucrt:output.obj
 0001:000119f0       ?type_case_integer@?$output_processor@DV?$string_output_adapter@D@__crt_stdio_output@@V?$standard_base@DV?$string_output_adapter@D@__crt_stdio_output@@@2@@__crt_stdio_output@@AEAA_NI_N@Z 00000001800129f0 f i libucrt:output.obj
 0001:00011b70       ?type_case_n@?$output_processor@DV?$string_output_adapter@D@__crt_stdio_output@@V?$standard_base@DV?$string_output_adapter@D@__crt_stdio_output@@@2@@__crt_stdio_output@@AEAA_NXZ 0000000180012b70 f i libucrt:output.obj
 0001:00011bf8       ?type_case_s@?$output_processor@DV?$string_output_adapter@D@__crt_stdio_output@@V?$standard_base@DV?$string_output_adapter@D@__crt_stdio_output@@@2@@__crt_stdio_output@@AEAA_NXZ 0000000180012bf8 f i libucrt:output.obj
 0001:00011c90       ?write_stored_string_tchar@?$output_processor@DV?$string_output_adapter@D@__crt_stdio_output@@V?$standard_base@DV?$string_output_adapter@D@__crt_stdio_output@@@2@@__crt_stdio_output@@AEAA_ND@Z 0000000180012c90 f i libucrt:output.obj
 0001:00011d6c       ?write_string@?$string_output_adapter@D@__crt_stdio_output@@QEBAXQEBDHQEAHAEAV__crt_deferred_errno_cache@@@Z 0000000180012d6c f i libucrt:output.obj
 0001:00011e10       __stdio_common_vsprintf    0000000180012e10 f   libucrt:output.obj
 0001:00011e18       __acrt_initialize_stdio    0000000180012e18 f   libucrt:_file.obj
 0001:00011f38       __acrt_iob_func            0000000180012f38 f   libucrt:_file.obj
 0001:00011f4c       __acrt_uninitialize_stdio  0000000180012f4c f   libucrt:_file.obj
 0001:00011fa8       _get_stream_buffer_pointers 0000000180012fa8 f   libucrt:_file.obj
 0001:00011ff0       _lock_file                 0000000180012ff0 f   libucrt:_file.obj
 0001:00011ffc       _unlock_file               0000000180012ffc f   libucrt:_file.obj
 0001:00012008       terminate                  0000000180013008 f   libucrt:terminate.obj
 0001:00012028       __acrt_errno_from_os_error 0000000180013028 f   libucrt:errno.obj
 0001:00012070       __acrt_errno_map_os_error  0000000180013070 f   libucrt:errno.obj
 0001:000120c0       __doserrno                 00000001800130c0 f   libucrt:errno.obj
 0001:000120e0       _errno                     00000001800130e0 f   libucrt:errno.obj
 0001:00012100       strerror                   0000000180013100 f   libucrt:strerror.obj
 0001:000121dc       __acrt_call_reportfault    00000001800131dc f   libucrt:invalid_parameter.obj
 0001:00012338       __acrt_initialize_invalid_parameter_handler 0000000180013338 f   libucrt:invalid_parameter.obj
 0001:00012340       _invalid_parameter         0000000180013340 f   libucrt:invalid_parameter.obj
 0001:000123f0       _invalid_parameter_noinfo  00000001800133f0 f   libucrt:invalid_parameter.obj
 0001:00012410       _invalid_parameter_noinfo_noreturn 0000000180013410 f   libucrt:invalid_parameter.obj
 0001:00012440       _invoke_watson             0000000180013440 f   libucrt:invalid_parameter.obj
 0001:0001252c       _fwrite_nolock             000000018001352c f   libucrt:fwrite.obj
 0001:000126d8       fwrite                     00000001800136d8 f   libucrt:fwrite.obj
 0001:0001275c       fputc                      000000018001375c f   libucrt:fputc.obj
 0001:00012880       _fileno                    0000000180013880 f   libucrt:fileno.obj
 0001:000128a8       _isatty                    00000001800138a8 f   libucrt:isatty.obj
 0001:00012908       __acrt_lowio_create_handle_array 0000000180013908 f   libucrt:osfinfo.obj
 0001:000129b0       __acrt_lowio_destroy_handle_array 00000001800139b0 f   libucrt:osfinfo.obj
 0001:00012a00       __acrt_lowio_ensure_fh_exists 0000000180013a00 f   libucrt:osfinfo.obj
 0001:00012aa8       __acrt_lowio_lock_fh       0000000180013aa8 f   libucrt:osfinfo.obj
 0001:00012ad0       __acrt_lowio_set_os_handle 0000000180013ad0 f   libucrt:osfinfo.obj
 0001:00012b90       __acrt_lowio_unlock_fh     0000000180013b90 f   libucrt:osfinfo.obj
 0001:00012bb8       _alloc_osfhnd              0000000180013bb8 f   libucrt:osfinfo.obj
 0001:00012cf8       _free_osfhnd               0000000180013cf8 f   libucrt:osfinfo.obj
 0001:00012db4       _get_osfhandle             0000000180013db4 f   libucrt:osfinfo.obj
 0001:00012e2c       free                       0000000180013e2c f   libucrt:free.obj
 0001:00012e40       calloc                     0000000180013e40 f   libucrt:calloc.obj
 0001:00012e48       _fclose_nolock             0000000180013e48 f   libucrt:fclose.obj
 0001:00012ecc       fclose                     0000000180013ecc f   libucrt:fclose.obj
 0001:00012ffc       _wfsopen                   0000000180013ffc f   libucrt:fopen.obj
 0001:00013004       ??$__acrt_mbs_to_wcs_cp@U__crt_win32_buffer_internal_dynamic_resizing@@@@YAHQEBDAEAV?$__crt_win32_buffer@_WU__crt_win32_buffer_internal_dynamic_resizing@@@@I@Z 0000000180014004 f i libucrt:open.obj
 0001:000137a4       _wsopen_nolock             00000001800147a4 f   libucrt:open.obj
 0001:00013b8c       _wsopen_s                  0000000180014b8c f   libucrt:open.obj
 0001:00013c34       _close                     0000000180014c34 f   libucrt:close.obj
 0001:00013cd8       _close_nolock              0000000180014cd8 f   libucrt:close.obj
 0001:00014300       _read                      0000000180015300 f   libucrt:read.obj
 0001:0001441c       _read_nolock               000000018001541c f   libucrt:read.obj
 0001:000150f0       _write                     00000001800160f0 f   libucrt:write.obj
 0001:000151dc       _write_nolock              00000001800161dc f   libucrt:write.obj
 0001:000154c0       ??$__acrt_stdio_parse_mode@_W@@YA?AU__acrt_stdio_stream_mode@@QEB_W@Z 00000001800164c0 f i libucrt:fdopen.obj
 0001:000157c4       malloc                     00000001800167c4 f   libucrt:malloc.obj
 0001:000157e0       strncpy                    00000001800167e0 f   libucrt:strncpy.obj
 0001:00015e14       _ftelli64                  0000000180016e14 f   libucrt:ftell.obj
 0001:00015e1c       _ftelli64_nolock           0000000180016e1c f   libucrt:ftell.obj
 0001:0001602c       _fseeki64                  000000018001702c f   libucrt:fseek.obj
 0001:00016034       fseek                      0000000180017034 f   libucrt:fseek.obj
 0001:0001603c       _fread_nolock_s            000000018001703c f   libucrt:fread.obj
 0001:0001629c       fread                      000000018001729c f   libucrt:fread.obj
 0001:000162bc       fread_s                    00000001800172bc f   libucrt:fread.obj
 0001:00016370       qsort                      0000000180017370 f   libucrt:qsort.obj
 0001:0001692c       __acrt_stdio_flush_nolock  000000018001792c f   libucrt:fflush.obj
 0001:000169a8       _fflush_nolock             00000001800179a8 f   libucrt:fflush.obj
 0001:000169f4       _flushall                  00000001800179f4 f   libucrt:fflush.obj
 0001:000169fc       fflush                     00000001800179fc f   libucrt:fflush.obj
 0001:00016a70       ?divide@__crt_strtox@@YA_KAEAUbig_integer@1@AEBU21@@Z 0000000180017a70 f i libucrt:input.obj
 0001:00016e9c       _ischartype_l              0000000180017e9c f i libucrt:input.obj
 0001:00016fb0       strncmp                    0000000180017fb0 f   libucrt:strncmp.obj
 0001:00017154       setvbuf                    0000000180018154 f   libucrt:setvbuf.obj
 0001:000171f0       fsetpos                    00000001800181f0 f   libucrt:fsetpos.obj
 0001:00017228       fgetpos                    0000000180018228 f   libucrt:fgetpos.obj
 0001:00017274       _fgetc_nolock              0000000180018274 f   libucrt:fgetc.obj
 0001:000172b8       fgetc                      00000001800182b8 f   libucrt:fgetc.obj
 0001:000173c0       _ungetc_nolock             00000001800183c0 f   libucrt:ungetc.obj
 0001:000174e8       ungetc                     00000001800184e8 f   libucrt:ungetc.obj
 0001:00017540       ??$parse_integer@KV?$c_string_character_source@D@__crt_strtox@@@__crt_strtox@@YAKQEAU__crt_locale_pointers@@V?$c_string_character_source@D@0@H_N@Z 0000000180018540 f i libucrt:strtox.obj
 0001:00017844       ??$parse_integer@KV?$c_string_character_source@_W@__crt_strtox@@@__crt_strtox@@YAKQEAU__crt_locale_pointers@@V?$c_string_character_source@_W@0@H_N@Z 0000000180018844 f i libucrt:strtox.obj
 0001:00017eec       strtol                     0000000180018eec f   libucrt:strtox.obj
 0001:00017f60       __acrt_get_sigabrt_handler 0000000180018f60 f   libucrt:signal.obj
 0001:00017f90       __acrt_initialize_signal_handlers 0000000180018f90 f   libucrt:signal.obj
 0001:00017fb0       raise                      0000000180018fb0 f   libucrt:signal.obj
 0001:000184f8       setlocale                  00000001800194f8 f   libucrt:setlocale.obj
 0001:00018544       __acrt_initialize_locks    0000000180019544 f   libucrt:locks.obj
 0001:0001858c       __acrt_lock                000000018001958c f   libucrt:locks.obj
 0001:000185a8       __acrt_uninitialize_locks  00000001800195a8 f   libucrt:locks.obj
 0001:000185e0       __acrt_unlock              00000001800195e0 f   libucrt:locks.obj
 0001:000185fc       _lock_locales              00000001800195fc f   libucrt:locks.obj
 0001:00018618       _unlock_locales            0000000180019618 f   libucrt:locks.obj
 0001:00018628       ___lc_codepage_func        0000000180019628 f   libucrt:initctype.obj
 0001:00018658       ___lc_locale_name_func     0000000180019658 f   libucrt:initctype.obj
 0001:0001868c       __acrt_locale_initialize_ctype 000000018001968c f   libucrt:initctype.obj
 0001:00018cf0       __pctype_func              0000000180019cf0 f   libucrt:ctype.obj
 0001:00018d20       islower                    0000000180019d20 f   libucrt:_ctype.obj
 0001:00018dd0       isupper                    0000000180019dd0 f   libucrt:_ctype.obj
 0001:00018e78       _wcsdup                    0000000180019e78 f   libucrt:wcsdup.obj
 0001:00018efc       abort                      0000000180019efc f   libucrt:abort.obj
 0001:00018f60       pow                        0000000180019f60 f   libucrt:pow.obj
 0001:0001a600       powf                       000000018001b600 f   libucrt:powf.obj
 0001:0001b4c8       __strncnt                  000000018001c4c8 f   libucrt:strncnt.obj
 0001:0001b4e0       ??$__acrt_wcs_to_mbs_cp@U__crt_win32_buffer_no_resizing@@@@YAHQEB_WAEAV?$__crt_win32_buffer@DU__crt_win32_buffer_no_resizing@@@@I@Z 000000018001c4e0 f i libucrt:strftime.obj
 0001:0001b5f4       strnlen                    000000018001c5f4 f   libucrt:strnlen.obj
 0001:0001b744       wcsnlen                    000000018001c744 f   libucrt:strnlen.obj
 0001:0001b91c       __acrt_initialize_new_handler 000000018001c91c f   libucrt:new_handler.obj
 0001:0001b924       _callnewh                  000000018001c924 f   libucrt:new_handler.obj
 0001:0001b954       _query_new_handler         000000018001c954 f   libucrt:new_handler.obj
 0001:0001b988       _seh_filter_dll            000000018001c988 f   libucrt:exception_filter.obj
 0001:0001b99c       _seh_filter_exe            000000018001c99c f   libucrt:exception_filter.obj
 0001:0001bd8c       __acrt_initialize_thread_local_exit_callback 000000018001cd8c f   libucrt:exit.obj
 0001:0001bd94       _cexit                     000000018001cd94 f   libucrt:exit.obj
 0001:0001bda4       _exit                      000000018001cda4 f   libucrt:exit.obj
 0001:0001bdb0       _is_c_termination_complete 000000018001cdb0 f   libucrt:exit.obj
 0001:0001bf78       __acrt_allocate_buffer_for_argv 000000018001cf78 f   libucrt:argv_parsing.obj
 0001:0001bfd8       _configure_narrow_argv     000000018001cfd8 f   libucrt:argv_parsing.obj
 0001:0001c350       __dcrt_uninitialize_environments_nolock 000000018001d350 f   libucrt:environment_initialization.obj
 0001:0001c388       _initialize_narrow_environment 000000018001d388 f   libucrt:environment_initialization.obj
 0001:0001c6d0       _crt_atexit                000000018001d6d0 f   libucrt:onexit.obj
 0001:0001c6e0       _execute_onexit_table      000000018001d6e0 f   libucrt:onexit.obj
 0001:0001c71c       _initialize_onexit_table   000000018001d71c f   libucrt:onexit.obj
 0001:0001c744       _register_onexit_function  000000018001d744 f   libucrt:onexit.obj
 0001:0001c8b8       __acrt_initialize          000000018001d8b8 f   libucrt:initialization.obj
 0001:0001c8cc       __acrt_thread_attach       000000018001d8cc f   libucrt:initialization.obj
 0001:0001c8e0       __acrt_thread_detach       000000018001d8e0 f   libucrt:initialization.obj
 0001:0001c8f0       __acrt_uninitialize        000000018001d8f0 f   libucrt:initialization.obj
 0001:0001c928       __acrt_uninitialize_critical 000000018001d928 f   libucrt:initialization.obj
 0001:0001c938       _initterm                  000000018001d938 f   libucrt:initterm.obj
 0001:0001c99c       _initterm_e                000000018001d99c f   libucrt:initterm.obj
 0001:0001c9dc       strcpy_s                   000000018001d9dc f   libucrt:strcpy_s.obj
 0001:0001ca3c       _wtol                      000000018001da3c f   libucrt:atox.obj
 0001:0001ca68       wcsncmp                    000000018001da68 f   libucrt:wcsncmp.obj
 0001:0001ca94       _free_base                 000000018001da94 f   libucrt:free_base.obj
 0001:0001cad4       _malloc_base               000000018001dad4 f   libucrt:malloc_base.obj
 0001:0001cb34       _mbtowc_l                  000000018001db34 f   libucrt:mbtowc.obj
 0001:0001ccb4       mbtowc                     000000018001dcb4 f   libucrt:mbtowc.obj
 0001:0001ccbc       _wctomb_s_l                000000018001dcbc f   libucrt:wctomb.obj
 0001:0001d1d0       __acrt_freeptd             000000018001e1d0 f   libucrt:per_thread_data.obj
 0001:0001d214       __acrt_getptd              000000018001e214 f   libucrt:per_thread_data.obj
 0001:0001d2e8       __acrt_getptd_head         000000018001e2e8 f   libucrt:per_thread_data.obj
 0001:0001d390       __acrt_getptd_noexit       000000018001e390 f   libucrt:per_thread_data.obj
 0001:0001d45c       __acrt_initialize_ptd      000000018001e45c f   libucrt:per_thread_data.obj
 0001:0001d498       __acrt_uninitialize_ptd    000000018001e498 f   libucrt:per_thread_data.obj
 0001:0001d4bc       __acrt_update_locale_info  000000018001e4bc f   libucrt:locale_update.obj
 0001:0001d4f0       __acrt_update_multibyte_info 000000018001e4f0 f   libucrt:locale_update.obj
 0001:0001df30       __acrt_fp_format           000000018001ef30 f   libucrt:cvt.obj
 0001:0001e268       _get_printf_count_output   000000018001f268 f   libucrt:printf_count_output.obj
 0001:0001e280       __acrt_should_use_temporary_buffer 000000018001f280 f   libucrt:_sftbuf.obj
 0001:0001e2c8       __acrt_stdio_begin_temporary_buffering_nolock 000000018001f2c8 f   libucrt:_sftbuf.obj
 0001:0001e390       __acrt_stdio_end_temporary_buffering_nolock 000000018001f390 f   libucrt:_sftbuf.obj
 0001:0001e634       ?commit_locale_name@_expandlocale_locale_name_cache@@QEAAXQEB_W_K@Z 000000018001f634 f i libucrt:wsetlocale.obj
 0001:0001e6ac       __acrt_copy_locale_name    000000018001f6ac f   libucrt:wsetlocale.obj
 0001:0001e730       __acrt_set_locale_changed  000000018001f730 f   libucrt:wsetlocale.obj
 0001:0001e73c       __acrt_uninitialize_locale 000000018001f73c f   libucrt:wsetlocale.obj
 0001:0001e76c       __lc_lctowcs               000000018001f76c f   libucrt:wsetlocale.obj
 0001:0001e810       __lc_wcstolc               000000018001f810 f   libucrt:wsetlocale.obj
 0001:0001eeb8       _wcscats                   000000018001feb8 f   libucrt:wsetlocale.obj
 0001:0001ef20       _wsetlocale                000000018001ff20 f   libucrt:wsetlocale.obj
 0001:0001fe6c       __acrt_initialize_lowio    0000000180020e6c f   libucrt:ioinit.obj
 0001:0001fea8       __acrt_uninitialize_lowio  0000000180020ea8 f   libucrt:ioinit.obj
 0001:0001fee8       _calloc_base               0000000180020ee8 f   libucrt:calloc_base.obj
 0001:000201dc       __acrt_AppPolicyGetProcessTerminationMethodInternal 00000001800211dc f   libucrt:winapi_thunks.obj
 0001:0002022c       __acrt_AreFileApisANSI     000000018002122c f   libucrt:winapi_thunks.obj
 0001:00020268       __acrt_EnumSystemLocalesEx 0000000180021268 f   libucrt:winapi_thunks.obj
 0001:00020300       __acrt_FlsAlloc            0000000180021300 f   libucrt:winapi_thunks.obj
 0001:00020348       __acrt_FlsFree             0000000180021348 f   libucrt:winapi_thunks.obj
 0001:00020390       __acrt_FlsGetValue         0000000180021390 f   libucrt:winapi_thunks.obj
[...]
 0002:00018560       $unwind$_mbstowcs_s_l      0000000180046560     libucrt:mbstowcs.obj
 0002:00018578       $unwind$?_mbstowcs_l_helper@@YA_KPEA_WPEBD_KPEAU__crt_locale_pointers@@@Z 0000000180046578     libucrt:mbstowcs.obj
 0002:00018590       $unwind$??$write_buffer_nolock@D@@YA_NDV__crt_stdio_stream@@@Z 0000000180046590     libucrt:_flsbuf.obj
 0002:000185a0       $unwind$?__acrt_stdio_allocate_stream@@YA?AV__crt_stdio_stream@@XZ 00000001800465a0     libucrt:stream.obj
 0002:000185c0       $unwind$_wopenfile         00000001800465c0     libucrt:openfile.obj
 0002:000185d4       $unwind$_setmode_nolock    00000001800465d4     libucrt:setmode.obj
 0002:000185e4       $unwind$??$common_lseek@_J@@YA_JH_JH@Z 00000001800465e4     libucrt:lseek.obj
 0002:00018614       $unwind$__acrt_WideCharToMultiByte 0000000180046614     libucrt:widechartomultibyte.obj
 0002:00018620       $unwind$?__mbsrtowcs_utf8@__crt_mbstring@@YA_KPEA_WPEAPEBD_KPEAU_Mbstatet@@@Z 0000000180046620     libucrt:mbrtowc.obj
 0002:00018638       $unwind$_putwch_nolock     0000000180046638     libucrt:putwch.obj
 0002:00018640       $unwind$_wcsnicmp_l        0000000180046640     libucrt:wcsnicmp.obj
 0002:0001865c       $unwind$__acrt_LCMapStringA 000000018004665c     libucrt:lcmapstringa.obj
 0002:0001866c       $unwind$?__acrt_LCMapStringA_stat@@YAHPEAU__crt_locale_pointers@@PEB_WKPEBDHPEADHHH@Z 000000018004666c     libucrt:lcmapstringa.obj
 0002:00018694       $unwind$??$?RV<lambda_a37b2b86f63e897a80ea819b0eb08c01>@@AEAV<lambda_38ce7e780aa69e748d6df282ebc68efe>@@V<lambda_99fb1378e971ab6e7edea83e3a7a83a2>@@@?$__crt_seh_guarded_call@H@@QEAAH$$QEAV<lambda_a37b2b86f63e897a80ea819b0eb08c01>@@AEAV<lambda_38ce7e780aa69e748d6df282ebc68efe>@@$$QEAV<lambda_99fb1378e971ab6e7edea83e3a7a83a2>@@@Z 0000000180046694     libucrt:commit.obj
 0002:000186b8       $unwind$_isctype_l         00000001800466b8     libucrt:isctype.obj
 0002:000186d4       $unwind$_raise_exc_ex      00000001800466d4     libucrt:fpexcept.obj
 0002:000186e8       $unwind$_ctrlfp            00000001800466e8     libucrt:fpctrl.obj
 0002:00018710       $unwind$?_wcstombs_l_helper@@YA_KPEADPEB_W_KPEAU__crt_locale_pointers@@@Z 0000000180046710     libucrt:wcstombs.obj
 0002:00018734       $stateUnwindMap$?_wcstombs_l_helper@@YA_KPEADPEB_W_KPEAU__crt_locale_pointers@@@Z 0000000180046734     libucrt:wcstombs.obj
 0002:00018740       $ip2state$?_wcstombs_l_helper@@YA_KPEADPEB_W_KPEAU__crt_locale_pointers@@@Z 0000000180046740     libucrt:wcstombs.obj
 0002:00018750       $unwind$__acrt_GetLocaleInfoA 0000000180046750     libucrt:getlocaleinfoa.obj
 0002:00018770       $unwind$?InternalGetLocaleInfoA@@YAHQEAU__crt_locale_pointers@@QEB_WKQEADH@Z 0000000180046770     libucrt:getlocaleinfoa.obj
 0002:00018798       $unwind$__acrt_GetStringTypeA 0000000180046798     libucrt:getstringtypea.obj
 0002:000187c0       $unwind$__acrt_initialize_fma3 00000001800467c0     libucrt:fma3_available.obj
 0002:000187c8       $unwind$_powf_special      00000001800467c8     libucrt:pow_special.obj
 0002:000187d8       $unwind$_pow_special       00000001800467d8     libucrt:pow_special.obj
 0002:000187e4       $unwind$_wcsicmp_l         00000001800467e4     libucrt:wcsicmp.obj
 0002:000187fc       $unwind$??$common_expand_argv_wildcards@D@@YAHQEAPEADQEAPEAPEAD@Z 00000001800467fc     libucrt:argv_wildcards.obj
 0002:00018814       $unwind$__acrt_GetModuleFileNameA 0000000180046814     libucrt:getmodulefilenamea.obj
 0002:00018830       $unwind$_setmbcp_nolock    0000000180046830     libucrt:mbctype.obj
 0002:00018850       $unwind$?update_thread_multibyte_data_internal@@YAPEAU__crt_multibyte_data@@QEAU__acrt_ptd@@QEAPEAU1@@Z 0000000180046850     libucrt:mbctype.obj
 0002:00018878       $unwind$?setmbcp_internal@@YAHH_NQEAU__acrt_ptd@@QEAPEAU__crt_multibyte_data@@@Z 0000000180046878     libucrt:mbctype.obj
 0002:00018888       $unwind$?setSBUpLow@@YAXPEAU__crt_multibyte_data@@@Z 0000000180046888     libucrt:mbctype.obj
 0002:000188a4       $unwind$??$?RV<lambda_efdfa57d1f175319df784efa44bb7b81>@@AEAV<lambda_5f0a4c1567f8adc6734073e5d1e1b35c>@@V<lambda_2e8a7d3640ea6ccb4c2413664c2db6fd>@@@?$__crt_seh_guarded_call@X@@QEAAX$$QEAV<lambda_efdfa57d1f175319df784efa44bb7b81>@@AEAV<lambda_5f0a4c1567f8adc6734073e5d1e1b35c>@@$$QEAV<lambda_2e8a7d3640ea6ccb4c2413664c2db6fd>@@@Z 00000001800468a4     libucrt:mbctype.obj
 0002:000188c8       $unwind$?x_ismbbtype_l@@YAHPEAU__crt_locale_pointers@@IHH@Z 00000001800468c8     libucrt:ismbbyte.obj
 0002:000188d8       $unwind$__acrt_update_thread_locale_data 00000001800468d8     libucrt:locale_refcounting.obj
 0002:000188fc       $unwind$__acrt_fltout      00000001800468fc     libucrt:cfout.obj
 0002:0001891c       $unwind$__acrt_locale_initialize_monetary 000000018004691c     libucrt:initmon.obj
 0002:0001891c       $unwind$?initialize_lc_time@@YA_NQEAU__crt_lc_time_data@@QEAU__crt_locale_data@@@Z 000000018004691c     libucrt:inittime.obj
 0002:00018938       $unwind$__acrt_locale_free_monetary 0000000180046938     libucrt:initmon.obj
 0002:00018940       $unwind$__acrt_locale_free_time 0000000180046940     libucrt:inittime.obj
 0002:00018950       $unwind$__acrt_get_qualified_locale 0000000180046950     libucrt:get_qualified_locale.obj
 0002:0001896c       $unwind$LangCountryEnumProcEx 000000018004696c     libucrt:get_qualified_locale.obj
 0002:0001898c       $unwind$LanguageEnumProcEx 000000018004698c     libucrt:get_qualified_locale.obj
 0002:000189a8       $unwind$GetLocaleNameFromDefault 00000001800469a8     libucrt:get_qualified_locale.obj
 0002:000189c0       $unwind$TestDefaultCountry 00000001800469c0     libucrt:get_qualified_locale.obj
 0002:000189d0       $unwind$__acrt_get_qualified_locale_downlevel 00000001800469d0     libucrt:getqloc_downlevel.obj
 0002:000189ec       $unwind$LangCountryEnumProc 00000001800469ec     libucrt:getqloc_downlevel.obj
 0002:00018a0c       $unwind$LanguageEnumProc   0000000180046a0c     libucrt:getqloc_downlevel.obj
 0002:00018a28       $unwind$CountryEnumProc    0000000180046a28     libucrt:getqloc_downlevel.obj
 0002:00018a48       $unwind$__acrt_fenv_set_control 0000000180046a48     libucrt:_fenvutils.obj
 0002:00018a58       $unwind$?__mbrtoc32_utf8@__crt_mbstring@@YA_KPEA_UPEBD_KPEAU_Mbstatet@@@Z 0000000180046a58     libucrt:mbrtoc32.obj
 0002:00018a74       $unwind$_towlower_l        0000000180046a74     libucrt:towlower.obj
 0002:00018a80       $xdatasym                  0000000180046a80     libucrt:fpsr.obj
 0002:00018a88       $unwind$?__wcsrtombs_utf8@__crt_mbstring@@YA_KPEADPEAPEB_W_KPEAU_Mbstatet@@@Z 0000000180046a88     libucrt:wcrtomb.obj
 0002:00018aa8       $unwind$_call_matherr      0000000180046aa8     libucrt:libm_error.obj
 0002:00018ab0       $unwind$_handle_error      0000000180046ab0     libucrt:libm_error.obj
 0002:00018ab0       $unwind$_handle_errorf     0000000180046ab0     libucrt:libm_error.obj
 0002:00018ad0       $unwind$strpbrk            0000000180046ad0     libucrt:strpbrk.obj
 0002:00018ae0       $unwind$fallbackMethod     0000000180046ae0     libucrt:strpbrk.obj
 0002:00018af0       $xdatasym                  0000000180046af0     libucrt:log10.obj
 0002:00018afc       $unwind$common_control87   0000000180046afc     libucrt:ieee.obj
 0002:00018b28       $unwind$_log_special_common 0000000180046b28     libucrt:log_special.obj
 0002:00018b34       $unwind$_IsNonwritableInCurrentImage 0000000180046b34     LIBCMT:pesect.obj
 0002:00018b58       $unwind$_local_unwind      0000000180046b58     libvcruntime:jmpuwind.obj
 0002:00018b60       $xdatasym                  0000000180046b60     libucrt:sinf.obj
 0002:00018b68       $xdatasym                  0000000180046b68     libucrt:remainder_piby2f_forc.obj
 0002:00018b78       $unwind$_sincosf_special   0000000180046b78     libucrt:sincos_special.obj
 0002:00019160       .edata                     0000000180047160     SixMansPlugin-Rework.exp
 0002:00019188       rgpv                       0000000180047188     SixMansPlugin-Rework.exp
 0002:000191bc       rgszName                   00000001800471bc     SixMansPlugin-Rework.exp
 0002:000191f0       rgwOrd                     00000001800471f0     SixMansPlugin-Rework.exp
 0002:0001920a       szName                     000000018004720a     SixMansPlugin-Rework.exp
 0002:00019223       $N00001                    0000000180047223     SixMansPlugin-Rework.exp
 0002:0001925a       $N00002                    000000018004725a     SixMansPlugin-Rework.exp
 0002:0001928f       $N00003                    000000018004728f     SixMansPlugin-Rework.exp
 0002:000192bc       $N00004                    00000001800472bc     SixMansPlugin-Rework.exp
 0002:000192e9       $N00005                    00000001800472e9     SixMansPlugin-Rework.exp
 0002:00019327       $N00006                    0000000180047327     SixMansPlugin-Rework.exp
 0002:00019363       $N00007                    0000000180047363     SixMansPlugin-Rework.exp
 0002:0001938d       $N00008                    000000018004738d     SixMansPlugin-Rework.exp
 0002:000193cb       $N00009                    00000001800473cb     SixMansPlugin-Rework.exp
 0002:000193fd       $N00010                    00000001800473fd     SixMansPlugin-Rework.exp
 0002:00019431       $N00011                    0000000180047431     SixMansPlugin-Rework.exp
 0002:0001943a       $N00012                    000000018004743a     SixMansPlugin-Rework.exp
 0002:00019442       $N00013                    0000000180047442     SixMansPlugin-Rework.exp
 0002:000197ce       .idata$6                   00000001800477ce     pluginsdk:pluginsdk.dll
 0002:0001993e       .idata$6                   000000018004793e     kernel32:KERNEL32.dll
 0002:0001994c       .idata$6                   000000018004794c     ws2_32:WS2_32.dll
 0003:00000000       ?init@std@@3JA             0000000180048000     libcpmt:xlock.obj
 0003:00000048       ?atcount_cdecl@@3_KA       0000000180048048     libcpmt:iosptrs.obj
 0003:00000090       ?__vcrt_flsindex@@3KA      0000000180048090     libvcruntime:per_thread_data.obj
 0003:000001a8       ?errno_no_memory@@3HA      00000001800481a8     libucrt:errno.obj
 0003:000001ac       ?doserrno_no_memory@@3KA   00000001800481ac     libucrt:errno.obj
 0003:00000380       ?__acrt_flsindex@@3KA      0000000180048380     libucrt:per_thread_data.obj
 0003:00000388       _ctype_loc_style           0000000180048388     libucrt:wsetlocale.obj
 0003:00000548       ?dazSupported@?1??_ctrlfp@@9@9 0000000180048548     libucrt:fpctrl.obj
 0003:00000550       ?tzstd_program@@3PADA      0000000180048550     libucrt:timeset.obj
 0003:00000590       ?tzdst_program@@3PADA      0000000180048590     libucrt:timeset.obj
 0003:000005d0       ?w_tzstd_program@@3PA_WA   00000001800485d0     libucrt:timeset.obj
 0003:00000650       ?w_tzdst_program@@3PA_WA   0000000180048650     libucrt:timeset.obj
 0003:000006d0       ?tzname_states@@3PAY01PEADA 00000001800486d0     libucrt:timeset.obj
 0003:000006e0       ?w_tzname_states@@3PAY01PEA_WA 00000001800486e0     libucrt:timeset.obj
 0003:00000920       _mbctypes                  0000000180048920     libucrt:mbctype.obj
 0003:00000a30       _mbcasemaps                0000000180048a30     libucrt:mbctype.obj
 0003:00000b30       ?__rgctypeflag@@3PADA      0000000180048b30     libucrt:mbctype.obj
 0003:00000b40       ?__rgcode_page_info@@3PAUcode_page_info@@A 0000000180048b40     libucrt:mbctype.obj
 0003:00000c30       ?__dcrt_lowio_console_output_handle@@3PEAXEA 0000000180048c30     libucrt:initcon.obj
 0003:00000c40       ?dazSupported@?1??common_control87@@9@9 0000000180048c40     libucrt:ieee.obj
 0003:00000e20       ?MAP_CODENAMES@@3QBV?$basic_string@DU?$char_traits@D@std@@V?$allocator@D@2@@std@@B 0000000180048e20     SixMansPlugin-Rework.obj
 0003:00001280       ?MAP_CODENAMES@@3QBV?$basic_string@DU?$char_traits@D@std@@V?$allocator@D@2@@std@@B 0000000180049280     SixMansPlugin-ReworkGUI.obj
 0003:00002140       ?classic_locale@std@@3Vlocale@1@A 000000018004a140     libcpmt:locale0.obj
 0003:00002158       ?_Fac_head@std@@3PEAU_Fac_node@1@EA 000000018004a158     libcpmt:locale0.obj
 0003:00002160       ?_Fac_tidy_reg@std@@3U_Fac_tidy_reg_t@1@B 000000018004a160     libcpmt:locale0.obj
 0003:00002168       global_locale              000000018004a168     libcpmt:locale0.obj
 0003:00002170       ?registered@?1??_Setgloballocale@locale@std@@CAXPEAX@Z@4_NA 000000018004a170     libcpmt:locale0.obj
 0003:00002180       ?initlocks@std@@3V_Init_locks@1@A 000000018004a180     libcpmt:xlock.obj
 0003:00002190       ?mtx@std@@3PAU_RTL_CRITICAL_SECTION@@A 000000018004a190     libcpmt:xlock.obj
 0003:000022e0       ?stdstr@std@@3PAPEAVios_base@1@A 000000018004a2e0     libcpmt:ios.obj
 0003:00002330       ?stdopens@std@@3PADA       000000018004a330     libcpmt:ios.obj
 0003:00002390       ?initlocks@std@@3V_Init_locks@1@A 000000018004a390     libcpmt:iosptrs.obj
 0003:00002391       ?init_atexit@@3U_Init_atexit@@A 000000018004a391     libcpmt:iosptrs.obj
 0003:000023a0       ?atfuns_cdecl@@3PAP6AXXZA  000000018004a3a0     libcpmt:iosptrs.obj
 0003:00002618       ?g_tss_cv@@3U_RTL_CONDITION_VARIABLE@@A 000000018004a618     LIBCMT:thread_safe_statics.obj
 0003:00002620       ?g_tss_event@@3PEAXEA      000000018004a620     LIBCMT:thread_safe_statics.obj
 0003:00002628       ?g_tss_mutex@@3U_RTL_CRITICAL_SECTION@@A 000000018004a628     LIBCMT:thread_safe_statics.obj
 0003:00002650       ?g_sleep_condition_variable_cs@@3P6AHPEAU_RTL_CONDITION_VARIABLE@@PEAU_RTL_CRITICAL_SECTION@@K@ZEA 000000018004a650     LIBCMT:thread_safe_statics.obj
 0003:00002658       ?g_wake_all_condition_variable@@3P6AXPEAU_RTL_CONDITION_VARIABLE@@@ZEA 000000018004a658     LIBCMT:thread_safe_statics.obj
 0003:00002670       ?is_initialized_as_dll@@3_NA 000000018004a670     LIBCMT:utility.obj
 0003:00002671       ?module_local_atexit_table_initialized@@3_NA 000000018004a671     LIBCMT:utility.obj
 0003:00002678       ?module_local_atexit_table@@3U_onexit_table_t@@A 000000018004a678     LIBCMT:utility.obj
 0003:00002690       ?module_local_at_quick_exit_table@@3U_onexit_table_t@@A 000000018004a690     LIBCMT:utility.obj
 0003:000026b0       GS_ExceptionRecord         000000018004a6b0     LIBCMT:gs_report.obj
 0003:00002750       GS_ContextRecord           000000018004a750     LIBCMT:gs_report.obj
 0003:00002c20       ?__proc_attached@@3HA      000000018004ac20     LIBCMT:dll_dllmain.obj
 0003:00002c50       ?__vcrt_startup_thread_ptd@@3U__vcrt_ptd@@A 000000018004ac50     libvcruntime:per_thread_data.obj
 0003:00002d18       ?heap@@3V_HeapManager@@A   000000018004ad18     libvcruntime:undname.obj
 0003:00002d40       __vcrt_lock_table          000000018004ad40     libvcruntime:locks.obj
 0003:00002d68       __vcrt_locks_initialized   000000018004ad68     libvcruntime:locks.obj
 0003:00002d70       ?module_handles@@3PAPEAUHINSTANCE__@@A 000000018004ad70     libvcruntime:winapi_downlevel.obj
 0003:00002d88       ?function_pointers@@3PAPEAXA 000000018004ad88     libvcruntime:winapi_downlevel.obj
 0003:00002dc8       ?__acrt_invalid_parameter_handler@@3V?$dual_state_global@P6AXPEB_W00I_K@Z@__crt_state_management@@A 000000018004adc8     libucrt:invalid_parameter.obj
 0003:00002dd8       ?ctrlc_action@@3V?$dual_state_global@P6AXH@Z@__crt_state_management@@A 000000018004add8     libucrt:signal.obj
 0003:00002de0       ?ctrlbreak_action@@3V?$dual_state_global@P6AXH@Z@__crt_state_management@@A 000000018004ade0     libucrt:signal.obj
 0003:00002de8       ?abort_action@@3V?$dual_state_global@P6AXH@Z@__crt_state_management@@A 000000018004ade8     libucrt:signal.obj
 0003:00002df0       ?term_action@@3V?$dual_state_global@P6AXH@Z@__crt_state_management@@A 000000018004adf0     libucrt:signal.obj
 0003:00002e00       ?__acrt_lock_table@@3PAU_RTL_CRITICAL_SECTION@@A 000000018004ae00     libucrt:locks.obj
 0003:00003030       ?__acrt_locks_initialized@@3IA 000000018004b030     libucrt:locks.obj
 0003:00003038       ?__acrt_new_handler@@3V?$dual_state_global@P6AH_K@Z@__crt_state_management@@A 000000018004b038     libucrt:new_handler.obj
 0003:00003040       ?c_termination_complete@@3JA 000000018004b040     libucrt:exit.obj
 0003:00003048       ?thread_local_exit_callback_func@@3P6AXPEAXK0@ZEA 000000018004b048     libucrt:exit.obj
 0003:00003060       ?program_name@?1???$common_configure_argv@D@@YAHW4_crt_argv_mode@@@Z@4PADA 000000018004b060     libucrt:argv_parsing.obj
 0003:000031b8       ?internal_state@?1??_mbtowc_l@@9@4U_Mbstatet@@A 000000018004b1b8     libucrt:mbtowc.obj
 0003:000031c0       ?enable_percent_n@@3_KA    000000018004b1c0     libucrt:printf_count_output.obj
 0003:00003600       ?module_handles@@3PAPEAUHINSTANCE__@@A 000000018004b600     libucrt:winapi_thunks.obj
 0003:000036a0       ?encoded_function_pointers@@3PAPEAXA 000000018004b6a0     libucrt:winapi_thunks.obj
 0003:000037b0       ?static_enum_proc@?1??enum_system_locales_ex_nolock@@YAHQ6AHPEA_WK_J@Z@Z@4P6AH0K1@ZEA 000000018004b7b0     libucrt:winapi_thunks.obj
 0003:000037b8       ?__acrt_app_type@@3W4_crt_app_type@@A 000000018004b7b8     libucrt:report_runtime_error.obj
 0003:000037e0       ?_tzname@@3V?$dual_state_global@PEAPEAD@__crt_state_management@@A 000000018004b7e0     libucrt:timeset.obj
 0003:000037e8       ?w_tzname@@3V?$dual_state_global@PEAPEA_W@__crt_state_management@@A 000000018004b7e8     libucrt:timeset.obj
 0003:000037f0       ?tz_api_used@@3HA          000000018004b7f0     libucrt:tzset.obj
 0003:000037f4       ?tzset_init_state@@3V?$dual_state_global@J@__crt_state_management@@A 000000018004b7f4     libucrt:tzset.obj
 0003:00003800       ?tz_info@@3U_TIME_ZONE_INFORMATION@@A 000000018004b800     libucrt:tzset.obj
 0003:000038c8       ?fSystemSet@@3HA           000000018004b8c8     libucrt:mbctype.obj
 0003:000038cc       ?initialized@?1??__acrt_initialize_multibyte@@9@4_NA 000000018004b8cc     libucrt:mbctype.obj
 0003:00003908       ?user_matherr@@3V?$dual_state_global@P6AHPEAU_exception@@@Z@__crt_state_management@@A 000000018004b908     libucrt:matherr.obj
 0003:00003910       ?__acrt_global_new_mode@@3V?$dual_state_global@J@__crt_state_management@@A 000000018004b910     libucrt:new_mode.obj
 0003:00003918       ?internal_pst@?1??__mbrtoc32_utf8@__crt_mbstring@@YA_KPEA_UPEBD_KPEAU_Mbstatet@@@Z@4U3@A 000000018004b918     libucrt:mbrtoc32.obj
 0003:00003920       ?internal_pst@?1??__c16rtomb_utf8@__crt_mbstring@@YA_KPEAD_SPEAU_Mbstatet@@@Z@4U3@A 000000018004b920     libucrt:c16rtomb.obj
 0003:00003948       ?GImAllocatorUserData@@3PEAXEA 000000018004b948     imgui.obj
 0003:00003978       ?g_pd3dDevice@@3PEAUID3D11Device@@EA 000000018004b978     imgui_impl_dx11.obj
 0003:00003980       ?g_hWnd@@3PEAUHWND__@@EA   000000018004b980     imgui_impl_win32.obj
 0003:00003ac0       ?singleton@@3V?$shared_ptr@VSixMansPlugin@@@std@@A 000000018004bac0     SixMansPlugin-Rework.obj
 0003:00003ae0       ?$S7@@3V?$winsock_init@$01$0A@@detail@asio@boost@@A 000000018004bae0     pch.obj
 0005:00000000       MoveSmall                  000000018004f000     libvcruntime:memcpy.obj
 0005:00000040       MoveSmallYmm               000000018004f040     libvcruntime:memcpy.obj
 0005:00000064       MoveSmallYmmNT             000000018004f064     libvcruntime:memcpy.obj
 0005:00000088       MoveSmallXmm               000000018004f088     libvcruntime:memcpy.obj
 0005:000000b0       SetSmall                   000000018004f0b0     libvcruntime:memset.obj
 0005:000000f0       SetSmallYmm                000000018004f0f0     libvcruntime:memset.obj
 0005:00000114       SetSmallYmmNT              000000018004f114     libvcruntime:memset.obj
 0005:00000138       SetSmallXmm                000000018004f138     libvcruntime:memset.obj
 0006:000000a0       $R000000                   00000001800500a0     SixMansPlugin-Rework.res
 0006:000003d8       $R000338                   00000001800503d8     SixMansPlugin-Rework.res
