 SixMansPlugin-Rework

 Timestamp is 6223f283 (Sat Mar  5 18:30:11 2022)

 Preferred load address is 0000000180000000

 Start         Length     Name                   Class
 0001:00000000 00000080H .text$di                CODE
 0001:00000080 000119d0H .text$mn                CODE
 0001:00011a50 00000040H .text$mn$00             CODE
 0001:00011a90 00000480H .text$x                 CODE
 0001:00011f10 00000194H .text$yd                CODE
 0002:00000000 00000240H .idata$5                DATA
 0002:00000240 00000038H .00cfg                  DATA
 0002:00000278 00000008H .CRT$XCA                DATA
 0002:00000280 00000018H .CRT$XCC                DATA
 0002:00000298 00000010H .CRT$XCL                DATA
 0002:000002a8 00000010H .CRT$XCU                DATA
 0002:000002b8 00000008H .CRT$XCZ                DATA
 0002:000002c0 00000008H .CRT$XIA                DATA
 0002:000002c8 00000030H .CRT$XIC                DATA
 0002:000002f8 00000008H .CRT$XIZ                DATA
 0002:00000300 00000008H .CRT$XLA                DATA
 0002:00000308 00000008H .CRT$XLZ                DATA
 0002:00000310 00000008H .CRT$XPA                DATA
 0002:00000318 00000010H .CRT$XPX                DATA
 0002:00000328 00000008H .CRT$XPXA               DATA
 0002:00000330 00000008H .CRT$XPZ                DATA
 0002:00000338 00000008H .CRT$XTA                DATA
 0002:00000340 00000010H .CRT$XTZ                DATA
 0002:00000348 00000000H .gehcont$y              DATA
 0002:00000348 00000000H .gfids$y                DATA
 0002:00000350 00010030H .rdata                  DATA
 0002:00010380 00000000H .rdata$CastGuardVftablesA DATA
 0002:00010380 00000000H .rdata$CastGuardVftablesC DATA
 0002:00010380 00000028H .rdata$T                DATA
 0002:000103a8 0000043cH .rdata$r                DATA
 0002:000107e4 00000108H .rdata$voltmd           DATA
 0002:000108ec 0000044cH .rdata$zzzdbg           DATA
 0002:00010d38 00000008H .rtc$IAA                DATA
 0002:00010d40 00000008H .rtc$IZZ                DATA
 0002:00010d48 00000008H .rtc$TAA                DATA
 0002:00010d50 00000008H .rtc$TZZ                DATA
 0002:00010d58 00000004H .tls                    DATA
 0002:00010d5c 00000004H .tls$                   DATA
 0002:00010d60 00000008H .tls$ZZZ                DATA
 0002:00010d68 00000f88H .xdata                  DATA
 0002:00011cf0 00000150H .xdata$x                DATA
 0002:00011e40 000002ecH .edata                  DATA
 0002:0001212c 00000014H .idata$2                DATA
 0002:00012140 00000018H .idata$3                DATA
 0002:00012158 00000240H .idata$4                DATA
 0002:00012398 0000054aH .idata$6                DATA
 0003:00000000 00000d60H .data                   DATA
 0003:00000d60 000000b0H .data$r                 DATA
 0003:00000e10 000000f0H .data$rs                DATA
 0003:00000f00 000017f4H .bss                    DATA
 0004:00000000 00001218H .pdata                  DATA
 0005:00000000 0000015cH _RDATA                  DATA
 0006:00000000 000000a0H .rsrc$01                DATA
 0006:000000a0 000004b8H .rsrc$02                DATA

  Address         Publics by Value              Rva+Base               Lib:Object

 0000:00000000       __arm64x_extra_rfe_table_size 0000000000000000     <absolute>
 0000:00000000       ___safe_se_handler_count   0000000000000000     <absolute>
 0000:00000000       __arm64x_extra_rfe_table   0000000000000000     <absolute>
 0000:00000000       __guard_fids_count         0000000000000000     <absolute>
 0000:00000000       __x64_code_ranges_to_entry_points 0000000000000000     <absolute>
 0000:00000000       __guard_longjmp_table      0000000000000000     <absolute>
 0000:00000000       ___safe_se_handler_table   0000000000000000     <absolute>
 0000:00000000       __x64_code_ranges_to_entry_points_count 0000000000000000     <absolute>
 0000:00000000       __arm64x_redirection_metadata 0000000000000000     <absolute>
 0000:00000000       __guard_eh_cont_count      0000000000000000     <absolute>
 0000:00000000       __hybrid_code_map          0000000000000000     <absolute>
 0000:00000000       __guard_iat_table          0000000000000000     <absolute>
 0000:00000000       __guard_iat_count          0000000000000000     <absolute>
 0000:00000000       __guard_longjmp_count      0000000000000000     <absolute>
 0000:00000000       __dynamic_value_reloc_table 0000000000000000     <absolute>
 0000:00000000       __hybrid_auxiliary_iat     0000000000000000     <absolute>
 0000:00000000       __hybrid_auxiliary_iat_copy 0000000000000000     <absolute>
 0000:00000000       __AbsoluteZero             0000000000000000     <absolute>
 0000:00000000       __guard_check_icall_a64n_fptr 0000000000000000     <absolute>
 0000:00000000       __guard_fids_table         0000000000000000     <absolute>
 0000:00000000       __arm64x_redirection_metadata_count 0000000000000000     <absolute>
 0000:00000000       __enclave_config           0000000000000000     <absolute>
 0000:00000000       __guard_eh_cont_table      0000000000000000     <absolute>
 0000:00000000       __arm64x_native_entrypoint 0000000000000000     <absolute>
 0000:00000000       __hybrid_code_map_count    0000000000000000     <absolute>
 0000:00000100       __guard_flags              0000000000000100     <absolute>
 0000:00000000       __ImageBase                0000000180000000     <linker-defined>
 0001:00000080       ??0bad_array_new_length@std@@QEAA@XZ 0000000180001080 f i format.obj
 0001:000000b0       ??1bad_exception@std@@UEAA@XZ 00000001800010b0 f i libvcruntime:frame.obj
 0001:000000b0       ??1bad_array_new_length@std@@UEAA@XZ 00000001800010b0 f i format.obj
 0001:000000b0       ??1bad_alloc@std@@UEAA@XZ  00000001800010b0 f i format.obj
 0001:000000d0       ??_Eexception@std@@UEAAPEAXI@Z 00000001800010d0 f i * CIL library *:* CIL module *
 0001:000000d0       ??_Ebad_alloc@std@@UEAAPEAXI@Z 00000001800010d0 f i * CIL library *:* CIL module *
 0001:000000d0       ??_Ebad_exception@std@@UEAAPEAXI@Z 00000001800010d0 f i libvcruntime:frame.obj
 0001:000000d0       ??_Gbad_exception@std@@UEAAPEAXI@Z 00000001800010d0 f i libvcruntime:frame.obj
 0001:000000d0       ??_Gbad_array_new_length@std@@UEAAPEAXI@Z 00000001800010d0 f i format.obj
 0001:000000d0       ??_Gbad_alloc@std@@UEAAPEAXI@Z 00000001800010d0 f i format.obj
 0001:000000d0       ??_Gexception@std@@UEAAPEAXI@Z 00000001800010d0 f i format.obj
 0001:000000d0       ??_Ebad_array_new_length@std@@UEAAPEAXI@Z 00000001800010d0 f i * CIL library *:* CIL module *
 0001:00000120       ??0bad_array_new_length@std@@QEAA@AEBV01@@Z 0000000180001120 f i format.obj
 0001:00000160       ??0bad_alloc@std@@QEAA@AEBV01@@Z 0000000180001160 f i format.obj
 0001:000001a0       ?what@exception@std@@UEBAPEBDXZ 00000001800011a0 f i format.obj
 0001:000001c0       ??0exception@std@@QEAA@AEBV01@@Z 00000001800011c0 f i format.obj
 0001:00000200       __local_stdio_printf_options 0000000180001200 f i format.obj
 0001:00000220       ??3@YAXPEAX@Z              0000000180001220 f   LIBCMT:delete_scalar.obj
 0001:00000230       __local_stdio_scanf_options 0000000180001230 f i imgui.obj
 0001:00000240       getPlugin                  0000000180001240 f   SixMansPlugin-Rework.obj
 0001:00000310       deleteMe                   0000000180001310 f   SixMansPlugin-Rework.obj
 0001:00000380       ?onLoad@SixMansPlugin@@EEAAXXZ 0000000180001380 f   SixMansPlugin-Rework.obj
 0001:00000400       ?onLoad@BakkesModPlugin@Plugin@BakkesMod@@UEAAXXZ 0000000180001400 f   SixMansPlugin-Rework.obj
 0001:00000400       ?onUnload@BakkesModPlugin@Plugin@BakkesMod@@UEAAXXZ 0000000180001400 f   SixMansPlugin-Rework.obj
 0001:00000400       ?onUnload@SixMansPlugin@@EEAAXXZ 0000000180001400 f   SixMansPlugin-Rework.obj
 0001:00000400       _guard_check_icall_nop     0000000180001400 f   LIBCMT:guard_support.obj
 0001:00000410       ?_Delete_this@?$_Ref_count@VSixMansPlugin@@@std@@EEAAXXZ 0000000180001410 f i SixMansPlugin-Rework.obj
 0001:00000430       ?_Destroy@?$_Ref_count@VSixMansPlugin@@@std@@EEAAXXZ 0000000180001430 f i SixMansPlugin-Rework.obj
 0001:00000460       ??_G?$_Ref_count@VSixMansPlugin@@@std@@UEAAPEAXI@Z 0000000180001460 f i SixMansPlugin-Rework.obj
 0001:00000460       ??_E?$_Ref_count@VSixMansPlugin@@@std@@UEAAPEAXI@Z 0000000180001460 f i * CIL library *:* CIL module *
 0001:00000490       ?_Get_deleter@_Ref_count_base@std@@UEBAPEAXAEBVtype_info@@@Z 0000000180001490 f i SixMansPlugin-Rework.obj
 0001:000004a0       ??4?$shared_ptr@VCVarManagerWrapper@@@std@@QEAAAEAV01@AEBV01@@Z 00000001800014a0 f i SixMansPlugin-Rework.obj
 0001:00000530       ??1BakkesModPlugin@Plugin@BakkesMod@@QEAA@XZ 0000000180001530 f i SixMansPlugin-Rework.obj
 0001:000005c0       ??0BakkesModPlugin@Plugin@BakkesMod@@QEAA@XZ 00000001800015c0 f i SixMansPlugin-Rework.obj
 0001:000005e0       ??0BakkesModPlugin@Plugin@BakkesMod@@QEAA@AEBV012@@Z 00000001800015e0 f i pch.obj
 0001:00000640       ??0BakkesModPlugin@Plugin@BakkesMod@@QEAA@$$QEAV012@@Z 0000000180001640 f i pch.obj
 0001:000006a0       ??4BakkesModPlugin@Plugin@BakkesMod@@QEAAAEAV012@AEBV012@@Z 00000001800016a0 f i pch.obj
 0001:00000740       ??4BakkesModPlugin@Plugin@BakkesMod@@QEAAAEAV012@$$QEAV012@@Z 0000000180001740 f i pch.obj
 0001:00000820       ?__autoclassinit2@BakkesModPlugin@Plugin@BakkesMod@@QEAAX_K@Z 0000000180001820 f i pch.obj
 0001:0000082c       ??0bad_alloc@std@@QEAA@XZ  000000018000182c f i libcpmt:xthrow.obj
 0001:0000084c       ??0_Init_locks@std@@QEAA@XZ 000000018000184c f   libcpmt:xlock.obj
 0001:00000890       ??1_Init_locks@std@@QEAA@XZ 0000000180001890 f   libcpmt:xlock.obj
 0001:000008cc       _Mtxdst                    00000001800018cc f   libcpmt:xmtx.obj
 0001:000008d4       _Mtxinit                   00000001800018d4 f   libcpmt:xmtx.obj
 0001:00000900       __security_check_cookie    0000000180001900 f   LIBCMT:amdsecgs.obj
 0001:00000920       ??3@YAXPEAX_K@Z            0000000180001920 f   LIBCMT:delete_scalar_size.obj
 0001:00000928       ??2@YAPEAX_K@Z             0000000180001928 f   LIBCMT:new_scalar.obj
 0001:00000964       ??_Gtype_info@@UEAAPEAXI@Z 0000000180001964 f i LIBCMT:std_type_info_static.obj
 0001:00000964       ??_Etype_info@@UEAAPEAXI@Z 0000000180001964 f i LIBCMT:std_type_info_static.obj
 0001:00000a88       __scrt_acquire_startup_lock 0000000180001a88 f   LIBCMT:utility.obj
 0001:00000ac4       __scrt_dllmain_after_initialize_c 0000000180001ac4 f   LIBCMT:utility.obj
 0001:00000af8       __scrt_dllmain_before_initialize_c 0000000180001af8 f   LIBCMT:utility.obj
 0001:00000b10       __scrt_dllmain_crt_thread_attach 0000000180001b10 f   LIBCMT:utility.obj
 0001:00000b38       __scrt_dllmain_crt_thread_detach 0000000180001b38 f   LIBCMT:utility.obj
 0001:00000b50       __scrt_dllmain_exception_filter 0000000180001b50 f   LIBCMT:utility.obj
 0001:00000bb0       __scrt_dllmain_uninitialize_c 0000000180001bb0 f   LIBCMT:utility.obj
 0001:00000be0       __scrt_dllmain_uninitialize_critical 0000000180001be0 f   LIBCMT:utility.obj
 0001:00000bf4       __scrt_initialize_crt      0000000180001bf4 f   LIBCMT:utility.obj
 0001:00000c40       __scrt_initialize_onexit_tables 0000000180001c40 f   LIBCMT:utility.obj
 0001:00000ccc       __scrt_is_nonwritable_in_current_image 0000000180001ccc f   LIBCMT:utility.obj
 0001:00000d64       __scrt_release_startup_lock 0000000180001d64 f   LIBCMT:utility.obj
 0001:00000d88       __scrt_uninitialize_crt    0000000180001d88 f   LIBCMT:utility.obj
 0001:00000db4       _onexit                    0000000180001db4 f   LIBCMT:utility.obj
 0001:00000df0       atexit                     0000000180001df0 f   LIBCMT:utility.obj
 0001:00000e08       __raise_securityfailure    0000000180001e08 f   LIBCMT:gs_report.obj
 0001:00000e3c       __report_gsfailure         0000000180001e3c f   LIBCMT:gs_report.obj
 0001:00000f10       __report_rangecheckfailure 0000000180001f10 f   LIBCMT:gs_report.obj
 0001:00000f24       __report_securityfailure   0000000180001f24 f   LIBCMT:gs_report.obj
 0001:000013c4       _DllMainCRTStartup         00000001800023c4 f   LIBCMT:dll_dllmain.obj
 0001:00001404       __GSHandlerCheck           0000000180002404 f   LIBCMT:gshandler.obj
 0001:00001424       __GSHandlerCheckCommon     0000000180002424 f   LIBCMT:gshandler.obj
 0001:00001490       __chkstk                   0000000180002490 f   LIBCMT:chkstk.obj
 0001:00001490       _alloca_probe              0000000180002490 f   LIBCMT:chkstk.obj
 0001:000014e0       ?__scrt_throw_std_bad_alloc@@YAXXZ 00000001800024e0 f   LIBCMT:throw_bad_alloc.obj
 0001:00001500       ?__scrt_throw_std_bad_array_new_length@@YAXXZ 0000000180002500 f   LIBCMT:throw_bad_alloc.obj
 0001:00001520       __crt_debugger_hook        0000000180002520 f   LIBCMT:utility_desktop.obj
 0001:00001528       __scrt_fastfail            0000000180002528 f   LIBCMT:utility_desktop.obj
 0001:00001674       __isa_available_init       0000000180002674 f   LIBCMT:cpu_disp.obj
 0001:00001820       DllMain                    0000000180002820 f   LIBCMT:dll_dllmain_stub.obj
 0001:00001820       _get_startup_argv_mode     0000000180002820 f   LIBCMT:argv_mode.obj
 0001:00001828       __scrt_is_ucrt_dll_in_use  0000000180002828 f   LIBCMT:ucrt_detection.obj
 0001:00001834       __security_init_cookie     0000000180002834 f   LIBCMT:gs_support.obj
 0001:000018e0       ?__scrt_initialize_type_info@@YAXXZ 00000001800028e0 f   LIBCMT:tncleanup.obj
 0001:000018f0       ?__scrt_uninitialize_type_info@@YAXXZ 00000001800028f0 f   LIBCMT:tncleanup.obj
 0001:000018fc       __scrt_initialize_default_local_stdio_options 00000001800028fc f   LIBCMT:default_local_stdio_options.obj
 0001:00001918       __scrt_get_dyn_tls_init_callback 0000000180002918 f   LIBCMT:dyn_tls_init.obj
 0001:00001920       _RTC_Initialize            0000000180002920 f   LIBCMT:initsect.obj
 0001:0000195c       _RTC_Terminate             000000018000295c f   LIBCMT:initsect.obj
 0001:000019a0       ??$_CallSETranslator@V__FrameHandler4@@@@YAHPEAUEHExceptionRecord@@PEA_KPEAU_CONTEXT@@PEAU_xDISPATCHER_CONTEXT@@PEAUFuncInfo4@FH4@@K1H@Z 00000001800029a0 f i libvcruntime:risctrnsctrl.obj
 0001:000019f4       ?DecompFuncInfo@FH4@@YA_JPEAEAEAUFuncInfo4@1@_KH_N@Z 00000001800029f4 f i libvcruntime:risctrnsctrl.obj
 0001:00001b18       ?ExecutionInCatch@__FrameHandler4@@SA_NPEAU_xDISPATCHER_CONTEXT@@PEAUFuncInfo4@FH4@@@Z 0000000180002b18 f   libvcruntime:risctrnsctrl.obj
 0001:00001b20       ?FrameUnwindToEmptyState@__FrameHandler4@@SAXPEA_KPEAU_xDISPATCHER_CONTEXT@@PEAUFuncInfo4@FH4@@@Z 0000000180002b20 f   libvcruntime:risctrnsctrl.obj
 0001:00001b54       ?GetEstablisherFrame@__FrameHandler4@@SAPEA_KPEA_KPEAU_xDISPATCHER_CONTEXT@@PEAUFuncInfo4@FH4@@0@Z 0000000180002b54 f   libvcruntime:risctrnsctrl.obj
 0001:00001b78       ?GetRangeOfTrysToCheck@__FrameHandler4@@SA?AU?$pair@Viterator@TryBlockMap4@FH4@@V123@@std@@AEAVTryBlockMap4@FH4@@HPEAU_xDISPATCHER_CONTEXT@@PEAUFuncInfo4@5@H@Z 0000000180002b78 f   libvcruntime:risctrnsctrl.obj
 0001:00001ce4       ?UnwindNestedFrames@__FrameHandler4@@SAXPEA_KPEAUEHExceptionRecord@@PEAU_CONTEXT@@0PEAXPEAUFuncInfo4@FH4@@HHPEAUHandlerType4@5@PEAU_xDISPATCHER_CONTEXT@@E@Z 0000000180002ce4 f   libvcruntime:risctrnsctrl.obj
 0001:00001e04       ?setBuffer@TryBlockMap4@FH4@@QEAAXViterator@12@@Z 0000000180002e04 f i libvcruntime:risctrnsctrl.obj
 0001:00001fc8       _CreateFrameInfo           0000000180002fc8 f   libvcruntime:risctrnsctrl.obj
 0001:00002004       _FindAndUnlinkFrame        0000000180003004 f   libvcruntime:risctrnsctrl.obj
 0001:00002058       _GetImageBase              0000000180003058 f   libvcruntime:risctrnsctrl.obj
 0001:0000206c       _GetThrowImageBase         000000018000306c f   libvcruntime:risctrnsctrl.obj
 0001:00002080       _SetImageBase              0000000180003080 f   libvcruntime:risctrnsctrl.obj
 0001:00002098       _SetThrowImageBase         0000000180003098 f   libvcruntime:risctrnsctrl.obj
 0001:000020b0       __CxxFrameHandler4         00000001800030b0 f   libvcruntime:risctrnsctrl.obj
 0001:00002170       __DestructExceptionObject  0000000180003170 f   libvcruntime:ehhelpers.obj
 0001:000021e0       ?_CallMemberFunction0@@YAXQEAX0@Z 00000001800031e0 f i libvcruntime:ehhelpers.obj
 0001:000021e4       _IsExceptionObjectToBeDestroyed 00000001800031e4 f   libvcruntime:ehhelpers.obj
 0001:00002214       __AdjustPointer            0000000180003214 f   libvcruntime:ehhelpers.obj
 0001:00002238       __FrameUnwindFilter        0000000180003238 f   libvcruntime:ehhelpers.obj
 0001:000022a0       __std_terminate            00000001800032a0 f   libvcruntime:ehhelpers.obj
 0001:000022ac       __std_exception_copy       00000001800032ac f   libvcruntime:std_exception.obj
 0001:0000233c       __std_exception_destroy    000000018000333c f   libvcruntime:std_exception.obj
 0001:00002364       _CxxThrowException         0000000180003364 f   libvcruntime:throw.obj
 0001:00002420       memcpy_repmovs             0000000180003420 f   libvcruntime:memcpy.obj
 0001:00002440       memmove                    0000000180003440 f   libvcruntime:memcpy.obj
 0001:00002440       memcpy                     0000000180003440 f   libvcruntime:memcpy.obj
 0001:00002ad0       memchr                     0000000180003ad0 f   libvcruntime:memchr.obj
 0001:00002b50       memset_repstos             0000000180003b50 f   libvcruntime:memset.obj
 0001:00002b70       memset                     0000000180003b70 f   libvcruntime:memset.obj
 0001:00002f10       memcmp                     0000000180003f10 f   libvcruntime:memcmp.obj
 0001:00002fd8       __C_specific_handler       0000000180003fd8 f   libvcruntime:riscchandler.obj
 0001:000031d0       __vcrt_initialize          00000001800041d0 f   libvcruntime:initialization.obj
 0001:000031f8       __vcrt_thread_attach       00000001800041f8 f   libvcruntime:initialization.obj
 0001:0000320c       __vcrt_thread_detach       000000018000420c f   libvcruntime:initialization.obj
 0001:00003220       __vcrt_uninitialize        0000000180004220 f   libvcruntime:initialization.obj
 0001:0000323c       __vcrt_uninitialize_critical 000000018000423c f   libvcruntime:initialization.obj
 0001:0000324c       __std_type_info_compare    000000018000424c f   libvcruntime:std_type_info.obj
 0001:00003274       __std_type_info_destroy_list 0000000180004274 f   libvcruntime:std_type_info.obj
 0001:000032a0       __vcrt_freefls             00000001800042a0 f   libvcruntime:per_thread_data.obj
 0001:000032c0       __vcrt_freeptd             00000001800042c0 f   libvcruntime:per_thread_data.obj
 0001:00003310       __vcrt_getptd              0000000180004310 f   libvcruntime:per_thread_data.obj
 0001:0000332c       __vcrt_getptd_noexit       000000018000432c f   libvcruntime:per_thread_data.obj
 0001:000033ec       __vcrt_initialize_ptd      00000001800043ec f   libvcruntime:per_thread_data.obj
 0001:00003434       __vcrt_uninitialize_ptd    0000000180004434 f   libvcruntime:per_thread_data.obj
 0001:00003458       ?StateFromControlPc@__FrameHandler4@@SAHPEAUFuncInfo4@FH4@@PEAU_xDISPATCHER_CONTEXT@@@Z 0000000180004458 f   libvcruntime:ehstate.obj
 0001:00003460       ?StateFromIp@__FrameHandler4@@SAHPEAUFuncInfo4@FH4@@PEAU_xDISPATCHER_CONTEXT@@_K@Z 0000000180004460 f   libvcruntime:ehstate.obj
 0001:000040d8       ??$TypeMatchHelper@V__FrameHandler3@@@@YAHPEBU_s_HandlerType@@PEBU_s_CatchableType@@PEBU_s_ThrowInfo@@@Z 00000001800050d8 f i libvcruntime:frame.obj
 0001:00004218       ??$TypeMatchHelper@V__FrameHandler4@@@@YAHPEAUHandlerType4@FH4@@PEBU_s_CatchableType@@PEBU_s_ThrowInfo@@@Z 0000000180005218 f i libvcruntime:frame.obj
 0001:0000435c       ??$__InternalCxxFrameHandler@V__FrameHandler4@@@@YA?AW4_EXCEPTION_DISPOSITION@@PEAUEHExceptionRecord@@PEA_KPEAU_CONTEXT@@PEAU_xDISPATCHER_CONTEXT@@PEAUFuncInfo4@FH4@@H1E@Z 000000018000535c f i libvcruntime:frame.obj
 0001:000045f0       ??0HandlerMap4@FH4@@QEAA@PEBUTryBlockMapEntry4@1@_KH@Z 00000001800055f0 f i libvcruntime:frame.obj
 0001:0000466c       ??0TryBlockMap4@FH4@@QEAA@PEBUFuncInfo4@1@_K@Z 000000018000566c f i libvcruntime:frame.obj
 0001:00004744       ??0bad_exception@std@@QEAA@AEBV01@@Z 0000000180005744 f i libvcruntime:frame.obj
 0001:00004780       ??0bad_exception@std@@QEAA@XZ 0000000180005780 f i libvcruntime:frame.obj
 0001:000047a0       ?CxxCallCatchBlock@__FrameHandler4@@SAPEAXPEAU_EXCEPTION_RECORD@@@Z 00000001800057a0 f   libvcruntime:frame.obj
 0001:000049f0       ?DecompHandler@HandlerMap4@FH4@@AEAAXXZ 00000001800059f0 f i libvcruntime:frame.obj
 0001:00004c3c       ?FrameUnwindToState@__FrameHandler4@@SAXPEA_KPEAU_xDISPATCHER_CONTEXT@@PEAUFuncInfo4@FH4@@H@Z 0000000180005c3c f   libvcruntime:frame.obj
 0001:000050b0       ?ReadEntry@UWMap4@FH4@@AEAAXPEAPEAE@Z 00000001800060b0 f i libvcruntime:frame.obj
 0001:0000514c       ?_CallMemberFunction1@@YAXQEAX00@Z 000000018000614c f i libvcruntime:frame.obj
 0001:00005158       ?_CallMemberFunction2@@YAXQEAX00H@Z 0000000180006158 f i libvcruntime:frame.obj
 0001:00005168       ?getStartStop@UWMap4@FH4@@QEAAXHHAEAViterator@12@0@Z 0000000180006168 f i libvcruntime:frame.obj
 0001:00005238       ?getStateFromIterators@UWMap4@FH4@@SAHAEBViterator@12@H0H0@Z 0000000180006238 f i libvcruntime:frame.obj
 0001:00005320       _NLG_Notify                0000000180006320 f   libvcruntime:notify.obj
 0001:00005340       __NLG_Dispatch2            0000000180006340 f   libvcruntime:notify.obj
 0001:00005350       __NLG_Return2              0000000180006350 f   libvcruntime:notify.obj
 0001:00005354       __except_validate_context_record 0000000180006354 f   libvcruntime:jbcxrval.obj
 0001:0000538c       __vcrt_initialize_locks    000000018000638c f   libvcruntime:locks.obj
 0001:000053d4       __vcrt_uninitialize_locks  00000001800063d4 f   libvcruntime:locks.obj
 0001:0000555c       __vcrt_FlsAlloc            000000018000655c f   libvcruntime:winapi_downlevel.obj
 0001:000055a4       __vcrt_FlsFree             00000001800065a4 f   libvcruntime:winapi_downlevel.obj
 0001:000055ec       __vcrt_FlsGetValue         00000001800065ec f   libvcruntime:winapi_downlevel.obj
 0001:00005634       __vcrt_FlsSetValue         0000000180006634 f   libvcruntime:winapi_downlevel.obj
 0001:00005688       __vcrt_InitializeCriticalSectionEx 0000000180006688 f   libvcruntime:winapi_downlevel.obj
 0001:00005700       _CallSettingFrame          0000000180006700 f   libvcruntime:handlers.obj
 0001:00005750       _CallSettingFrame_LookupContinuationIndex 0000000180006750 f   libvcruntime:handlers.obj
 0001:00005780       _CallSettingFrame_NotifyContinuationAddr 0000000180006780 f   libvcruntime:handlers.obj
 0001:000057b0       _CallSettingFrameEncoded   00000001800067b0 f   libvcruntime:handlers.obj
 0001:000057f8       ??0_LocaleUpdate@@QEAA@QEAU__crt_locale_pointers@@@Z 00000001800067f8 f i libucrt:output.obj
 0001:00005894       __acrt_initialize_stdio    0000000180006894 f   libucrt:_file.obj
 0001:000059b4       __acrt_uninitialize_stdio  00000001800069b4 f   libucrt:_file.obj
 0001:00005a10       _lock_file                 0000000180006a10 f   libucrt:_file.obj
 0001:00005a1c       _unlock_file               0000000180006a1c f   libucrt:_file.obj
 0001:00005a28       terminate                  0000000180006a28 f   libucrt:terminate.obj
 0001:00005a48       __acrt_errno_from_os_error 0000000180006a48 f   libucrt:errno.obj
 0001:00005a90       __acrt_errno_map_os_error  0000000180006a90 f   libucrt:errno.obj
 0001:00005ae0       __doserrno                 0000000180006ae0 f   libucrt:errno.obj
 0001:00005b00       _errno                     0000000180006b00 f   libucrt:errno.obj
 0001:00005b20       __acrt_call_reportfault    0000000180006b20 f   libucrt:invalid_parameter.obj
 0001:00005c7c       __acrt_initialize_invalid_parameter_handler 0000000180006c7c f   libucrt:invalid_parameter.obj
 0001:00005c84       _invalid_parameter         0000000180006c84 f   libucrt:invalid_parameter.obj
 0001:00005d34       _invalid_parameter_noinfo  0000000180006d34 f   libucrt:invalid_parameter.obj
 0001:00005d54       _invoke_watson             0000000180006d54 f   libucrt:invalid_parameter.obj
 0001:00005d9c       _fileno                    0000000180006d9c f   libucrt:fileno.obj
 0001:00005dc4       _isatty                    0000000180006dc4 f   libucrt:isatty.obj
 0001:00005e24       __acrt_lowio_create_handle_array 0000000180006e24 f   libucrt:osfinfo.obj
 0001:00005ecc       __acrt_lowio_destroy_handle_array 0000000180006ecc f   libucrt:osfinfo.obj
 0001:00005f1c       __acrt_lowio_ensure_fh_exists 0000000180006f1c f   libucrt:osfinfo.obj
 0001:00005fc4       __acrt_lowio_lock_fh       0000000180006fc4 f   libucrt:osfinfo.obj
 0001:00005fec       __acrt_lowio_unlock_fh     0000000180006fec f   libucrt:osfinfo.obj
 0001:00006014       _free_osfhnd               0000000180007014 f   libucrt:osfinfo.obj
 0001:000060d0       _get_osfhandle             00000001800070d0 f   libucrt:osfinfo.obj
 0001:00006148       free                       0000000180007148 f   libucrt:free.obj
 0001:0000615c       calloc                     000000018000715c f   libucrt:calloc.obj
 0001:00006164       _fclose_nolock             0000000180007164 f   libucrt:fclose.obj
 0001:000061e8       fclose                     00000001800071e8 f   libucrt:fclose.obj
 0001:0000624c       ??$__acrt_mbs_to_wcs_cp@U__crt_win32_buffer_internal_dynamic_resizing@@@@YAHQEBDAEAV?$__crt_win32_buffer@_WU__crt_win32_buffer_internal_dynamic_resizing@@@@I@Z 000000018000724c f i libucrt:open.obj
 0001:00006438       _close                     0000000180007438 f   libucrt:close.obj
 0001:000064dc       _close_nolock              00000001800074dc f   libucrt:close.obj
 0001:00006e18       _write                     0000000180007e18 f   libucrt:write.obj
 0001:00006f04       _write_nolock              0000000180007f04 f   libucrt:write.obj
 0001:000071e8       malloc                     00000001800081e8 f   libucrt:malloc.obj
 0001:00007200       strncpy                    0000000180008200 f   libucrt:strncpy.obj
 0001:00007370       qsort                      0000000180008370 f   libucrt:qsort.obj
 0001:000078ec       __acrt_stdio_flush_nolock  00000001800088ec f   libucrt:fflush.obj
 0001:00007968       _fflush_nolock             0000000180008968 f   libucrt:fflush.obj
 0001:000079b4       _flushall                  00000001800089b4 f   libucrt:fflush.obj
 0001:000079d0       strncmp                    00000001800089d0 f   libucrt:strncmp.obj
 0001:00007a50       __acrt_initialize_locks    0000000180008a50 f   libucrt:locks.obj
 0001:00007a98       __acrt_lock                0000000180008a98 f   libucrt:locks.obj
 0001:00007ab4       __acrt_uninitialize_locks  0000000180008ab4 f   libucrt:locks.obj
 0001:00007aec       __acrt_unlock              0000000180008aec f   libucrt:locks.obj
 0001:00007b08       __pctype_func              0000000180008b08 f   libucrt:ctype.obj
 0001:00007b40       pow                        0000000180008b40 f   libucrt:pow.obj
 0001:000091e0       powf                       000000018000a1e0 f   libucrt:powf.obj
 0001:0000a0a8       abort                      000000018000b0a8 f   libucrt:abort.obj
 0001:0000a100       ??$__acrt_wcs_to_mbs_cp@U__crt_win32_buffer_no_resizing@@@@YAHQEB_WAEAV?$__crt_win32_buffer@DU__crt_win32_buffer_no_resizing@@@@I@Z 000000018000b100 f i libucrt:strftime.obj
 0001:0000a214       __strncnt                  000000018000b214 f   libucrt:strncnt.obj
 0001:0000a22c       __acrt_initialize_new_handler 000000018000b22c f   libucrt:new_handler.obj
 0001:0000a234       _callnewh                  000000018000b234 f   libucrt:new_handler.obj
 0001:0000a264       _query_new_handler         000000018000b264 f   libucrt:new_handler.obj
 0001:0000a298       _seh_filter_dll            000000018000b298 f   libucrt:exception_filter.obj
 0001:0000a2ac       _seh_filter_exe            000000018000b2ac f   libucrt:exception_filter.obj
 0001:0000a69c       __acrt_initialize_thread_local_exit_callback 000000018000b69c f   libucrt:exit.obj
 0001:0000a6a4       _cexit                     000000018000b6a4 f   libucrt:exit.obj
 0001:0000a6b4       _exit                      000000018000b6b4 f   libucrt:exit.obj
 0001:0000a6c0       _is_c_termination_complete 000000018000b6c0 f   libucrt:exit.obj
 0001:0000a888       __acrt_allocate_buffer_for_argv 000000018000b888 f   libucrt:argv_parsing.obj
 0001:0000a8e8       _configure_narrow_argv     000000018000b8e8 f   libucrt:argv_parsing.obj
 0001:0000ac60       __dcrt_uninitialize_environments_nolock 000000018000bc60 f   libucrt:environment_initialization.obj
 0001:0000ac98       _initialize_narrow_environment 000000018000bc98 f   libucrt:environment_initialization.obj
 0001:0000afe0       _crt_atexit                000000018000bfe0 f   libucrt:onexit.obj
 0001:0000aff0       _execute_onexit_table      000000018000bff0 f   libucrt:onexit.obj
 0001:0000b02c       _initialize_onexit_table   000000018000c02c f   libucrt:onexit.obj
 0001:0000b054       _register_onexit_function  000000018000c054 f   libucrt:onexit.obj
 0001:0000b0d4       __acrt_uninitialize_command_line 000000018000c0d4 f   libucrt:argv_data.obj
 0001:0000b1cc       __acrt_initialize          000000018000c1cc f   libucrt:initialization.obj
 0001:0000b1e0       __acrt_thread_attach       000000018000c1e0 f   libucrt:initialization.obj
 0001:0000b1f4       __acrt_thread_detach       000000018000c1f4 f   libucrt:initialization.obj
 0001:0000b204       __acrt_uninitialize        000000018000c204 f   libucrt:initialization.obj
 0001:0000b23c       __acrt_uninitialize_critical 000000018000c23c f   libucrt:initialization.obj
 0001:0000b24c       _initterm                  000000018000c24c f   libucrt:initterm.obj
 0001:0000b2b0       _initterm_e                000000018000c2b0 f   libucrt:initterm.obj
 0001:0000b2f0       strcpy_s                   000000018000c2f0 f   libucrt:strcpy_s.obj
 0001:0000b350       wcsncmp                    000000018000c350 f   libucrt:wcsncmp.obj
 0001:0000b37c       _free_base                 000000018000c37c f   libucrt:free_base.obj
 0001:0000b3bc       _malloc_base               000000018000c3bc f   libucrt:malloc_base.obj
 0001:0000b41c       _mbtowc_l                  000000018000c41c f   libucrt:mbtowc.obj
 0001:0000b59c       mbtowc                     000000018000c59c f   libucrt:mbtowc.obj
 0001:0000b91c       __acrt_freeptd             000000018000c91c f   libucrt:per_thread_data.obj
 0001:0000b960       __acrt_getptd              000000018000c960 f   libucrt:per_thread_data.obj
 0001:0000ba34       __acrt_getptd_head         000000018000ca34 f   libucrt:per_thread_data.obj
 0001:0000badc       __acrt_getptd_noexit       000000018000cadc f   libucrt:per_thread_data.obj
 0001:0000bba8       __acrt_initialize_ptd      000000018000cba8 f   libucrt:per_thread_data.obj
 0001:0000bbe4       __acrt_uninitialize_ptd    000000018000cbe4 f   libucrt:per_thread_data.obj
 0001:0000bc08       __acrt_update_locale_info  000000018000cc08 f   libucrt:locale_update.obj
 0001:0000bc3c       __acrt_update_multibyte_info 000000018000cc3c f   libucrt:locale_update.obj
 0001:0000bce0       __acrt_set_locale_changed  000000018000cce0 f   libucrt:wsetlocale.obj
 0001:0000bcec       __acrt_uninitialize_locale 000000018000ccec f   libucrt:wsetlocale.obj
 0001:0000bf18       __acrt_initialize_lowio    000000018000cf18 f   libucrt:ioinit.obj
 0001:0000bf54       __acrt_uninitialize_lowio  000000018000cf54 f   libucrt:ioinit.obj
 0001:0000bf94       _calloc_base               000000018000cf94 f   libucrt:calloc_base.obj
 0001:0000c1e4       __acrt_AppPolicyGetProcessTerminationMethodInternal 000000018000d1e4 f   libucrt:winapi_thunks.obj
 0001:0000c234       __acrt_AreFileApisANSI     000000018000d234 f   libucrt:winapi_thunks.obj
 0001:0000c270       __acrt_FlsAlloc            000000018000d270 f   libucrt:winapi_thunks.obj
 0001:0000c2b8       __acrt_FlsFree             000000018000d2b8 f   libucrt:winapi_thunks.obj
 0001:0000c300       __acrt_FlsGetValue         000000018000d300 f   libucrt:winapi_thunks.obj
 0001:0000c348       __acrt_FlsSetValue         000000018000d348 f   libucrt:winapi_thunks.obj
 0001:0000c39c       __acrt_InitializeCriticalSectionEx 000000018000d39c f   libucrt:winapi_thunks.obj
 0001:0000c400       __acrt_LCMapStringEx       000000018000d400 f   libucrt:winapi_thunks.obj
 0001:0000c4dc       __acrt_LocaleNameToLCID    000000018000d4dc f   libucrt:winapi_thunks.obj
 0001:0000c52c       __acrt_initialize_winapi_thunks 000000018000d52c f   libucrt:winapi_thunks.obj
 0001:0000c560       __acrt_uninitialize_winapi_thunks 000000018000d560 f   libucrt:winapi_thunks.obj
 0001:0000c5a4       _fcloseall                 000000018000d5a4 f   libucrt:closeall.obj
 0001:0000c658       __acrt_stdio_free_buffer_nolock 000000018000d658 f   libucrt:_freebuf.obj
 0001:0000c698       strncpy_s                  000000018000d698 f   libucrt:strncpy_s.obj
 0001:0000c76c       _query_app_type            000000018000d76c f   libucrt:report_runtime_error.obj
 0001:0000c774       ?__acrt_stdio_free_stream@@YAXV__crt_stdio_stream@@@Z 000000018000d774 f   libucrt:stream.obj
 0001:0000c790       __acrt_MultiByteToWideChar 000000018000d790 f   libucrt:multibytetowidechar.obj
 0001:0000c888       _lseeki64_nolock           000000018000d888 f   libucrt:lseek.obj
 0001:0000c890       __acrt_WideCharToMultiByte 000000018000d890 f   libucrt:widechartomultibyte.obj
 0001:0000c940       ?__mbrtowc_utf8@__crt_mbstring@@YA_KPEA_WPEBD_KPEAU_Mbstatet@@@Z 000000018000d940 f   libucrt:mbrtowc.obj
 0001:0000c97c       ?__mbsrtowcs_utf8@__crt_mbstring@@YA_KPEA_WPEAPEBD_KPEAU_Mbstatet@@@Z 000000018000d97c f   libucrt:mbrtowc.obj
 0001:0000caf4       _putwch_nolock             000000018000daf4 f   libucrt:putwch.obj
 0001:0000cb30       __ascii_wcsnicmp           000000018000db30 f   libucrt:wcsnicmp.obj
 0001:0000cb7c       _isleadbyte_l              000000018000db7c f i libucrt:_wctype.obj
 0001:0000cee0       __acrt_LCMapStringA        000000018000dee0 f   libucrt:lcmapstringa.obj
 0001:0000d004       _commit                    000000018000e004 f   libucrt:commit.obj
 0001:0000d098       __acrt_GetStringTypeA      000000018000e098 f   libucrt:getstringtypea.obj
 0001:0000d228       _raise_exc                 000000018000e228 f   libucrt:fpexcept.obj
 0001:0000d250       _raise_exc_ex              000000018000e250 f   libucrt:fpexcept.obj
 0001:0000d560       _raise_excf                000000018000e560 f   libucrt:fpexcept.obj
 0001:0000d58c       _set_errno_from_matherr    000000018000e58c f   libucrt:fpexcept.obj
 0001:0000d5bc       _clrfp                     000000018000e5bc f   libucrt:fpctrl.obj
 0001:0000d5dc       _ctrlfp                    000000018000e5dc f   libucrt:fpctrl.obj
 0001:0000d658       _set_statfp                000000018000e658 f   libucrt:fpctrl.obj
 0001:0000d678       _statfp                    000000018000e678 f   libucrt:fpctrl.obj
 0001:0000d68c       _realloc_base              000000018000e68c f   libucrt:realloc_base.obj
 0001:0000d710       __acrt_initialize_fma3     000000018000e710 f   libucrt:fma3_available.obj
 0001:0000d780       _pow_special               000000018000e780 f   libucrt:pow_special.obj
 0001:0000d8a4       _powf_special              000000018000e8a4 f   libucrt:pow_special.obj
 0001:0000da78       __acrt_get_sigabrt_handler 000000018000ea78 f   libucrt:signal.obj
 0001:0000daa8       __acrt_initialize_signal_handlers 000000018000eaa8 f   libucrt:signal.obj
 0001:0000dac8       raise                      000000018000eac8 f   libucrt:signal.obj
 0001:0000dd34       __acrt_initialize_timeset  000000018000ed34 f   libucrt:timeset.obj
 0001:0000dd84       __acrt_get_process_end_policy 000000018000ed84 f   libucrt:win_policies.obj
 0001:0000ddd4       ??$__acrt_wcs_to_mbs_cp@U__crt_win32_buffer_internal_dynamic_resizing@@@@YAHQEB_WAEAV?$__crt_win32_buffer@DU__crt_win32_buffer_internal_dynamic_resizing@@@@I@Z 000000018000edd4 f i libucrt:argv_wildcards.obj
 0001:0000e604       __acrt_expand_narrow_argv_wildcards 000000018000f604 f   libucrt:argv_wildcards.obj
 0001:0000e60c       __acrt_GetModuleFileNameA  000000018000f60c f   libucrt:getmodulefilenamea.obj
 0001:0000ee54       __acrt_initialize_multibyte 000000018000fe54 f   libucrt:mbctype.obj
 0001:0000eeb4       __acrt_update_thread_multibyte_data 000000018000feb4 f   libucrt:mbctype.obj
 0001:0000eed0       _setmbcp_nolock            000000018000fed0 f   libucrt:mbctype.obj
 0001:0000f204       _ismbblead                 0000000180010204 f   libucrt:ismbbyte.obj
 0001:0000f218       __acrt_initialize_command_line 0000000180010218 f   libucrt:argv_data.obj
 0001:0000f240       __dcrt_get_narrow_environment_from_os 0000000180010240 f   libucrt:get_environment_from_os.obj
 0001:0000f344       _recalloc_base             0000000180010344 f   libucrt:recalloc.obj
 0001:0000f3dc       __acrt_initialize_heap     00000001800103dc f   libucrt:heap_handle.obj
 0001:0000f3f8       __acrt_uninitialize_heap   00000001800103f8 f   libucrt:heap_handle.obj
 0001:0000f404       __acrt_execute_initializers 0000000180010404 f   libucrt:shared_initialization.obj
 0001:0000f484       __acrt_execute_uninitializers 0000000180010484 f   libucrt:shared_initialization.obj
 0001:0000f4c0       __acrt_has_user_matherr    00000001800104c0 f   libucrt:matherr.obj
 0001:0000f4e0       __acrt_initialize_user_matherr 00000001800104e0 f   libucrt:matherr.obj
 0001:0000f4e8       __acrt_invoke_user_matherr 00000001800104e8 f   libucrt:matherr.obj
 0001:0000f518       _query_new_mode            0000000180010518 f   libucrt:new_mode.obj
 0001:0000f520       __acrt_add_locale_ref      0000000180010520 f   libucrt:locale_refcounting.obj
 0001:0000f5ac       __acrt_free_locale         00000001800105ac f   libucrt:locale_refcounting.obj
 0001:0000f724       __acrt_locale_add_lc_time_reference 0000000180010724 f   libucrt:locale_refcounting.obj
 0001:0000f74c       __acrt_locale_free_lc_time_if_unreferenced 000000018001074c f   libucrt:locale_refcounting.obj
 0001:0000f784       __acrt_locale_release_lc_time_reference 0000000180010784 f   libucrt:locale_refcounting.obj
 0001:0000f7ac       __acrt_release_locale_ref  00000001800107ac f   libucrt:locale_refcounting.obj
 0001:0000f854       __acrt_update_thread_locale_data 0000000180010854 f   libucrt:locale_refcounting.obj
 0001:0000f8c4       _updatetlocinfoEx_nolock   00000001800108c4 f   libucrt:locale_refcounting.obj
 0001:0000f92c       __acrt_locale_free_monetary 000000018001092c f   libucrt:initmon.obj
 0001:0000fa38       __acrt_locale_free_numeric 0000000180010a38 f   libucrt:initnum.obj
 0001:0000fafc       __acrt_locale_free_time    0000000180010afc f   libucrt:inittime.obj
 0001:0000fc04       __acrt_DownlevelLocaleNameToLCID 0000000180010c04 f   libucrt:lcidtoname_downlevel.obj
 0001:0000fcb4       __acrt_initialize_fmode    0000000180010cb4 f   libucrt:txtmode.obj
 0001:0000fcd0       ?__mbrtoc32_utf8@__crt_mbstring@@YA_KPEA_UPEBD_KPEAU_Mbstatet@@@Z 0000000180010cd0 f   libucrt:mbrtoc32.obj
 0001:0000fea8       __dcrt_lowio_ensure_console_output_initialized 0000000180010ea8 f   libucrt:initcon.obj
 0001:0000fefc       __dcrt_terminate_console_output 0000000180010efc f   libucrt:initcon.obj
 0001:0000ff18       __dcrt_write_console       0000000180010f18 f   libucrt:initcon.obj
 0001:0000fff0       _get_fpsr                  0000000180010ff0 f   libucrt:fpsr.obj
 0001:00010000       _set_fpsr                  0000000180011000 f   libucrt:fpsr.obj
 0001:0001000a       _fclrf                     000000018001100a f   libucrt:fpsr.obj
 0001:0001001e       _frnd                      000000018001101e f   libucrt:fpsr.obj
 0001:00010164       _handle_error              0000000180011164 f   libucrt:libm_error.obj
 0001:0001028c       _handle_errorf             000000018001128c f   libucrt:libm_error.obj
 0001:000103c0       _handle_nan                00000001800113c0 f   libucrt:libm_error.obj
 0001:000103dc       _handle_nanf               00000001800113dc f   libucrt:libm_error.obj
 0001:00010490       strpbrk                    0000000180011490 f   libucrt:strpbrk.obj
 0001:00010858       _mbsdec                    0000000180011858 f   libucrt:mbsdec.obj
 0001:00010860       _mbsdec_l                  0000000180011860 f   libucrt:mbsdec.obj
 0001:0001090c       _msize_base                000000018001190c f   libucrt:msize.obj
 0001:00010950       log10                      0000000180011950 f   libucrt:log10.obj
 0001:00010f00       _log10_special             0000000180011f00 f   libucrt:log_special.obj
 0001:00010fc0       _FindPESection             0000000180011fc0 f   LIBCMT:pesect.obj
 0001:00011010       _IsNonwritableInCurrentImage 0000000180012010 f   LIBCMT:pesect.obj
 0001:00011060       _ValidateImageBase         0000000180012060 f   LIBCMT:pesect.obj
 0001:0001108c       __GSHandlerCheck_SEH       000000018001208c f   LIBCMT:gshandlerseh.obj
 0001:00011120       sinf                       0000000180012120 f   libucrt:sinf.obj
 0001:00011820       __remainder_piby2d2f_forC  0000000180012820 f   libucrt:remainder_piby2f_forc.obj
 0001:00011a38       _sinf_special              0000000180012a38 f   libucrt:sincos_special.obj
 0001:00011a60       _guard_dispatch_icall_nop  0000000180012a60 f   LIBCMT:guard_dispatch.obj
 0001:00011a80       _guard_xfg_dispatch_icall_nop 0000000180012a80 f   LIBCMT:guard_xfg_dispatch.obj
 0002:00000000       __imp_QueryPerformanceCounter 0000000180014000     kernel32:KERNEL32.dll
 0002:00000008       __imp_HeapSize             0000000180014008     kernel32:KERNEL32.dll
 0002:00000010       __imp_GetProcessHeap       0000000180014010     kernel32:KERNEL32.dll
 0002:00000018       __imp_FreeEnvironmentStringsW 0000000180014018     kernel32:KERNEL32.dll
 0002:00000020       __imp_GetEnvironmentStringsW 0000000180014020     kernel32:KERNEL32.dll
 0002:00000028       __imp_GetCommandLineA      0000000180014028     kernel32:KERNEL32.dll
 0002:00000030       __imp_GetOEMCP             0000000180014030     kernel32:KERNEL32.dll
 0002:00000038       __imp_GetACP               0000000180014038     kernel32:KERNEL32.dll
 0002:00000040       __imp_IsValidCodePage      0000000180014040     kernel32:KERNEL32.dll
 0002:00000048       __imp_FindNextFileW        0000000180014048     kernel32:KERNEL32.dll
 0002:00000050       __imp_FindFirstFileExW     0000000180014050     kernel32:KERNEL32.dll
 0002:00000058       __imp_FindClose            0000000180014058     kernel32:KERNEL32.dll
 0002:00000060       __imp_HeapReAlloc          0000000180014060     kernel32:KERNEL32.dll
 0002:00000068       __imp_FlushFileBuffers     0000000180014068     kernel32:KERNEL32.dll
 0002:00000070       __imp_SetFilePointerEx     0000000180014070     kernel32:KERNEL32.dll
 0002:00000078       __imp_WideCharToMultiByte  0000000180014078     kernel32:KERNEL32.dll
 0002:00000080       __imp_GetLastError         0000000180014080     kernel32:KERNEL32.dll
 0002:00000088       __imp_GetCommandLineW      0000000180014088     kernel32:KERNEL32.dll
 0002:00000090       __imp_WriteConsoleW        0000000180014090     kernel32:KERNEL32.dll
 0002:00000098       __imp_MultiByteToWideChar  0000000180014098     kernel32:KERNEL32.dll
 0002:000000a0       __imp_EncodePointer        00000001800140a0     kernel32:KERNEL32.dll
 0002:000000a8       __imp_DecodePointer        00000001800140a8     kernel32:KERNEL32.dll
 0002:000000b0       __imp_EnterCriticalSection 00000001800140b0     kernel32:KERNEL32.dll
 0002:000000b8       __imp_LeaveCriticalSection 00000001800140b8     kernel32:KERNEL32.dll
 0002:000000c0       __imp_InitializeCriticalSectionEx 00000001800140c0     kernel32:KERNEL32.dll
 0002:000000c8       __imp_DeleteCriticalSection 00000001800140c8     kernel32:KERNEL32.dll
 0002:000000d0       __imp_GetStringTypeW       00000001800140d0     kernel32:KERNEL32.dll
 0002:000000d8       __imp_GetCPInfo            00000001800140d8     kernel32:KERNEL32.dll
 0002:000000e0       __imp_CloseHandle          00000001800140e0     kernel32:KERNEL32.dll
 0002:000000e8       __imp_InitializeCriticalSectionAndSpinCount 00000001800140e8     kernel32:KERNEL32.dll
 0002:000000f0       __imp_CreateEventW         00000001800140f0     kernel32:KERNEL32.dll
 0002:000000f8       __imp_GetModuleHandleW     00000001800140f8     kernel32:KERNEL32.dll
 0002:00000100       __imp_GetProcAddress       0000000180014100     kernel32:KERNEL32.dll
 0002:00000108       __imp_RtlCaptureContext    0000000180014108     kernel32:KERNEL32.dll
 0002:00000110       __imp_RtlLookupFunctionEntry 0000000180014110     kernel32:KERNEL32.dll
 0002:00000118       __imp_RtlVirtualUnwind     0000000180014118     kernel32:KERNEL32.dll
 0002:00000120       __imp_UnhandledExceptionFilter 0000000180014120     kernel32:KERNEL32.dll
 0002:00000128       __imp_SetUnhandledExceptionFilter 0000000180014128     kernel32:KERNEL32.dll
 0002:00000130       __imp_GetCurrentProcess    0000000180014130     kernel32:KERNEL32.dll
 0002:00000138       __imp_TerminateProcess     0000000180014138     kernel32:KERNEL32.dll
 0002:00000140       __imp_IsProcessorFeaturePresent 0000000180014140     kernel32:KERNEL32.dll
 0002:00000148       __imp_IsDebuggerPresent    0000000180014148     kernel32:KERNEL32.dll
 0002:00000150       __imp_GetStartupInfoW      0000000180014150     kernel32:KERNEL32.dll
 0002:00000158       __imp_GetCurrentProcessId  0000000180014158     kernel32:KERNEL32.dll
 0002:00000160       __imp_GetCurrentThreadId   0000000180014160     kernel32:KERNEL32.dll
 0002:00000168       __imp_GetSystemTimeAsFileTime 0000000180014168     kernel32:KERNEL32.dll
 0002:00000170       __imp_InitializeSListHead  0000000180014170     kernel32:KERNEL32.dll
 0002:00000178       __imp_RtlUnwindEx          0000000180014178     kernel32:KERNEL32.dll
 0002:00000180       __imp_RtlPcToFileHeader    0000000180014180     kernel32:KERNEL32.dll
 0002:00000188       __imp_RaiseException       0000000180014188     kernel32:KERNEL32.dll
 0002:00000190       __imp_InterlockedFlushSList 0000000180014190     kernel32:KERNEL32.dll
 0002:00000198       __imp_SetLastError         0000000180014198     kernel32:KERNEL32.dll
 0002:000001a0       __imp_TlsAlloc             00000001800141a0     kernel32:KERNEL32.dll
 0002:000001a8       __imp_TlsGetValue          00000001800141a8     kernel32:KERNEL32.dll
 0002:000001b0       __imp_TlsSetValue          00000001800141b0     kernel32:KERNEL32.dll
 0002:000001b8       __imp_TlsFree              00000001800141b8     kernel32:KERNEL32.dll
 0002:000001c0       __imp_FreeLibrary          00000001800141c0     kernel32:KERNEL32.dll
 0002:000001c8       __imp_LoadLibraryExW       00000001800141c8     kernel32:KERNEL32.dll
 0002:000001d0       __imp_SetStdHandle         00000001800141d0     kernel32:KERNEL32.dll
 0002:000001d8       __imp_GetFileType          00000001800141d8     kernel32:KERNEL32.dll
 0002:000001e0       __imp_CreateFileW          00000001800141e0     kernel32:KERNEL32.dll
 0002:000001e8       __imp_GetConsoleMode       00000001800141e8     kernel32:KERNEL32.dll
 0002:000001f0       __imp_WriteFile            00000001800141f0     kernel32:KERNEL32.dll
 0002:000001f8       __imp_GetConsoleOutputCP   00000001800141f8     kernel32:KERNEL32.dll
 0002:00000200       __imp_ExitProcess          0000000180014200     kernel32:KERNEL32.dll
 0002:00000208       __imp_GetModuleHandleExW   0000000180014208     kernel32:KERNEL32.dll
 0002:00000210       __imp_GetModuleFileNameW   0000000180014210     kernel32:KERNEL32.dll
 0002:00000218       __imp_HeapFree             0000000180014218     kernel32:KERNEL32.dll
 0002:00000220       __imp_HeapAlloc            0000000180014220     kernel32:KERNEL32.dll
 0002:00000228       __imp_GetStdHandle         0000000180014228     kernel32:KERNEL32.dll
 0002:00000230       __imp_LCMapStringW         0000000180014230     kernel32:KERNEL32.dll
 0002:00000238       \177KERNEL32_NULL_THUNK_DATA 0000000180014238     kernel32:KERNEL32.dll
 0002:00000240       __guard_check_icall_fptr   0000000180014240     LIBCMT:guard_support.obj
 0002:00000248       __guard_xfg_check_icall_fptr 0000000180014248     LIBCMT:guard_support.obj
 0002:00000250       __guard_dispatch_icall_fptr 0000000180014250     LIBCMT:guard_support.obj
 0002:00000258       __guard_xfg_dispatch_icall_fptr 0000000180014258     LIBCMT:guard_support.obj
 0002:00000260       __guard_xfg_table_dispatch_icall_fptr 0000000180014260     LIBCMT:guard_support.obj
 0002:00000268       __castguard_check_failure_os_handled_fptr 0000000180014268     LIBCMT:guard_support.obj
 0002:00000270       __guard_memcpy_fptr        0000000180014270     libvcruntime:softmemtag.obj
 0002:00000278       __xc_a                     0000000180014278     LIBCMT:initializers.obj
 0002:000002b8       __xc_z                     00000001800142b8     LIBCMT:initializers.obj
 0002:000002c0       __xi_a                     00000001800142c0     LIBCMT:initializers.obj
 0002:000002d0       __acrt_stdio_initializer   00000001800142d0     libucrt:stdio_initializer.obj
 0002:000002d8       __acrt_tran_fma3_initializer 00000001800142d8     libucrt:fma3_initializer.obj
 0002:000002e0       __acrt_timeset_initializer 00000001800142e0     libucrt:timeset_initializer.obj
 0002:000002e8       __acrt_multibyte_initializer 00000001800142e8     libucrt:multibyte_initializer.obj
 0002:000002f0       __acrt_fmode_initializer   00000001800142f0     libucrt:fmode_initializer.obj
 0002:000002f8       __xi_z                     00000001800142f8     LIBCMT:initializers.obj
 0002:00000300       __xl_a                     0000000180014300     LIBCMT:tlssup.obj
 0002:00000308       __xl_z                     0000000180014308     LIBCMT:tlssup.obj
 0002:00000310       __xp_a                     0000000180014310     LIBCMT:initializers.obj
 0002:00000318       __acrt_locale_terminator   0000000180014318     libucrt:locale_initializer.obj
 0002:00000320       __dcrt_console_output_terminator 0000000180014320     libucrt:console_output_initializer.obj
 0002:00000328       __acrt_stdio_terminator    0000000180014328     libucrt:stdio_initializer.obj
 0002:00000330       __xp_z                     0000000180014330     LIBCMT:initializers.obj
 0002:00000338       __xt_a                     0000000180014338     LIBCMT:initializers.obj
 0002:00000340       __xt_z                     0000000180014340     LIBCMT:initializers.obj
 0002:00000358       ??_7exception@std@@6B@     0000000180014358     libcpmt:xthrow.obj
 0002:00000370       ??_7bad_alloc@std@@6B@     0000000180014370     libcpmt:xthrow.obj
 0002:00000380       ??_C@_0P@GHFPNOJB@bad?5allocation@ 0000000180014380     libcpmt:xthrow.obj
 0002:00000398       ??_7bad_array_new_length@std@@6B@ 0000000180014398     libcpmt:locale.obj
 0002:000003a8       ??_C@_11LOCGONAA@@         00000001800143a8     libcpmt:wlocale.obj
 0002:00000bb0       ??_C@_0BN@LKKBCCDB@address?5family?5not?5supported@ 0000000180014bb0     libcpmt:syserror.obj
 0002:00000bd0       ??_C@_0P@LDMLAFHI@address?5in?5use@ 0000000180014bd0     libcpmt:syserror.obj
 0002:00000be0       ??_C@_0BG@DHPCNBJB@address?5not?5available@ 0000000180014be0     libcpmt:syserror.obj
 0002:00000bf8       ??_C@_0BC@DFIBIBIL@already?5connected@ 0000000180014bf8     libcpmt:syserror.obj
 0002:00000c10       ??_C@_0BH@CAKOHOMI@argument?5list?5too?5long@ 0000000180014c10     libcpmt:syserror.obj
 0002:00000c28       ??_C@_0BH@CGIMPKIM@argument?5out?5of?5domain@ 0000000180014c28     libcpmt:syserror.obj
 0002:00000c40       ??_C@_0M@KGHGGJGL@bad?5address@ 0000000180014c40     libcpmt:syserror.obj
 0002:00000c50       ??_C@_0BE@MPJPGCEO@bad?5file?5descriptor@ 0000000180014c50     libcpmt:syserror.obj
 0002:00000c68       ??_C@_0M@PMMIEFCP@bad?5message@ 0000000180014c68     libcpmt:syserror.obj
 0002:00000c78       ??_C@_0M@KPHOFDBE@broken?5pipe@ 0000000180014c78     libcpmt:syserror.obj
 0002:00000c88       ??_C@_0BD@MGNDDEGM@connection?5aborted@ 0000000180014c88     libcpmt:syserror.obj
 0002:00000ca0       ??_C@_0BP@KAIHPOGN@connection?5already?5in?5progress@ 0000000180014ca0     libcpmt:syserror.obj
 0002:00000cc0       ??_C@_0BD@PJLIIJEL@connection?5refused@ 0000000180014cc0     libcpmt:syserror.obj
 0002:00000cd8       ??_C@_0BB@IECNJNOI@connection?5reset@ 0000000180014cd8     libcpmt:syserror.obj
 0002:00000cf0       ??_C@_0BC@PPHBOELF@cross?5device?5link@ 0000000180014cf0     libcpmt:syserror.obj
 0002:00000d08       ??_C@_0BN@KDMIFEIP@destination?5address?5required@ 0000000180014d08     libcpmt:syserror.obj
 0002:00000d28       ??_C@_0BI@NGCEHDD@device?5or?5resource?5busy@ 0000000180014d28     libcpmt:syserror.obj
 0002:00000d40       ??_C@_0BE@JIDOCPHM@directory?5not?5empty@ 0000000180014d40     libcpmt:syserror.obj
 0002:00000d58       ??_C@_0BI@BNCLIGPB@executable?5format?5error@ 0000000180014d58     libcpmt:syserror.obj
 0002:00000d70       ??_C@_0M@MIDIAGJP@file?5exists@ 0000000180014d70     libcpmt:syserror.obj
 0002:00000d80       ??_C@_0P@DNAJLBJK@file?5too?5large@ 0000000180014d80     libcpmt:syserror.obj
 0002:00000d90       ??_C@_0BC@EJHOMAAK@filename?5too?5long@ 0000000180014d90     libcpmt:syserror.obj
 0002:00000da8       ??_C@_0BH@KEFGLDAF@function?5not?5supported@ 0000000180014da8     libcpmt:syserror.obj
 0002:00000dc0       ??_C@_0BB@DHFDFGDM@host?5unreachable@ 0000000180014dc0     libcpmt:syserror.obj
 0002:00000dd8       ??_C@_0BD@JPHBMONG@identifier?5removed@ 0000000180014dd8     libcpmt:syserror.obj
 0002:00000df0       ??_C@_0BG@CDNPAGJK@illegal?5byte?5sequence@ 0000000180014df0     libcpmt:syserror.obj
 0002:00000e08       ??_C@_0CD@BNPLBMNA@inappropriate?5io?5control?5operat@ 0000000180014e08     libcpmt:syserror.obj
 0002:00000e30       ??_C@_0M@EGEKIIMP@interrupted@ 0000000180014e30     libcpmt:syserror.obj
 0002:00000e40       ??_C@_0BB@FCMFBGOM@invalid?5argument@ 0000000180014e40     libcpmt:syserror.obj
 0002:00000e58       ??_C@_0N@OHAFKDEK@invalid?5seek@ 0000000180014e58     libcpmt:syserror.obj
 0002:00000e68       ??_C@_08GLNPIFBN@io?5error@ 0000000180014e68     libcpmt:syserror.obj
 0002:00000e78       ??_C@_0P@FLLDBIDK@is?5a?5directory@ 0000000180014e78     libcpmt:syserror.obj
 0002:00000e88       ??_C@_0N@IFLPBIOP@message?5size@ 0000000180014e88     libcpmt:syserror.obj
 0002:00000e98       ??_C@_0N@KIIEAAIO@network?5down@ 0000000180014e98     libcpmt:syserror.obj
 0002:00000ea8       ??_C@_0O@FNPDBHEE@network?5reset@ 0000000180014ea8     libcpmt:syserror.obj
 0002:00000eb8       ??_C@_0BE@IFNCKGE@network?5unreachable@ 0000000180014eb8     libcpmt:syserror.obj
 0002:00000ed0       ??_C@_0BA@PFFCAOFK@no?5buffer?5space@ 0000000180014ed0     libcpmt:syserror.obj
 0002:00000ee0       ??_C@_0BB@IEPBLJHK@no?5child?5process@ 0000000180014ee0     libcpmt:syserror.obj
 0002:00000ef8       ??_C@_07PLECNNKG@no?5link@ 0000000180014ef8     libcpmt:syserror.obj
 0002:00000f00       ??_C@_0BC@NJECKMKE@no?5lock?5available@ 0000000180014f00     libcpmt:syserror.obj
 0002:00000f18       ??_C@_0BF@PBGGPKKE@no?5message?5available@ 0000000180014f18     libcpmt:syserror.obj
 0002:00000f30       ??_C@_0L@EDOLMPAK@no?5message@ 0000000180014f30     libcpmt:syserror.obj
 0002:00000f40       ??_C@_0BD@EAMBFIDF@no?5protocol?5option@ 0000000180014f40     libcpmt:syserror.obj
 0002:00000f58       ??_C@_0BD@IJDJKDEA@no?5space?5on?5device@ 0000000180014f58     libcpmt:syserror.obj
 0002:00000f70       ??_C@_0BE@MKFDAFMP@no?5stream?5resources@ 0000000180014f70     libcpmt:syserror.obj
 0002:00000f88       ??_C@_0BK@IMCPHCBI@no?5such?5device?5or?5address@ 0000000180014f88     libcpmt:syserror.obj
 0002:00000fa8       ??_C@_0P@FDINDDOK@no?5such?5device@ 0000000180014fa8     libcpmt:syserror.obj
 0002:00000fb8       ??_C@_0BK@NDOCBPGE@no?5such?5file?5or?5directory@ 0000000180014fb8     libcpmt:syserror.obj
 0002:00000fd8       ??_C@_0BA@ENLPPKBN@no?5such?5process@ 0000000180014fd8     libcpmt:syserror.obj
 0002:00000fe8       ??_C@_0BA@DOCPFFJG@not?5a?5directory@ 0000000180014fe8     libcpmt:syserror.obj
 0002:00000ff8       ??_C@_0N@POEIPGGF@not?5a?5socket@ 0000000180014ff8     libcpmt:syserror.obj
 0002:00001008       ??_C@_0N@LGAPMMPI@not?5a?5stream@ 0000000180015008     libcpmt:syserror.obj
 0002:00001018       ??_C@_0O@GLMIBBEG@not?5connected@ 0000000180015018     libcpmt:syserror.obj
 0002:00001028       ??_C@_0BC@ENOOLCNF@not?5enough?5memory@ 0000000180015028     libcpmt:syserror.obj
 0002:00001040       ??_C@_0O@NHEDABJP@not?5supported@ 0000000180015040     libcpmt:syserror.obj
 0002:00001050       ??_C@_0BD@MOLBPMEA@operation?5canceled@ 0000000180015050     libcpmt:syserror.obj
 0002:00001068       ??_C@_0BG@KDKHOPCO@operation?5in?5progress@ 0000000180015068     libcpmt:syserror.obj
 0002:00001080       ??_C@_0BI@OHIEJAAB@operation?5not?5permitted@ 0000000180015080     libcpmt:syserror.obj
 0002:00001098       ??_C@_0BI@LNEGIFLN@operation?5not?5supported@ 0000000180015098     libcpmt:syserror.obj
 0002:000010b0       ??_C@_0BG@OEMDKMEE@operation?5would?5block@ 00000001800150b0     libcpmt:syserror.obj
 0002:000010c8       ??_C@_0L@BLPOFLNJ@owner?5dead@ 00000001800150c8     libcpmt:syserror.obj
 0002:000010d8       ??_C@_0BC@CIJDGCDI@permission?5denied@ 00000001800150d8     libcpmt:syserror.obj
 0002:000010f0       ??_C@_0P@FNPOCJBE@protocol?5error@ 00000001800150f0     libcpmt:syserror.obj
 0002:00001100       ??_C@_0BH@JPPPLHJB@protocol?5not?5supported@ 0000000180015100     libcpmt:syserror.obj
 0002:00001118       ??_C@_0BG@EICBIHDP@read?5only?5file?5system@ 0000000180015118     libcpmt:syserror.obj
 0002:00001130       ??_C@_0BO@BJBOMOEJ@resource?5deadlock?5would?5occur@ 0000000180015130     libcpmt:syserror.obj
 0002:00001150       ??_C@_0BP@LKNGHENJ@resource?5unavailable?5try?5again@ 0000000180015150     libcpmt:syserror.obj
 0002:00001170       ??_C@_0BE@GOIPJJHG@result?5out?5of?5range@ 0000000180015170     libcpmt:syserror.obj
 0002:00001188       ??_C@_0BG@MPLKFPAE@state?5not?5recoverable@ 0000000180015188     libcpmt:syserror.obj
 0002:000011a0       ??_C@_0P@DIIFGFCG@stream?5timeout@ 00000001800151a0     libcpmt:syserror.obj
 0002:000011b0       ??_C@_0P@IPFDMIFL@text?5file?5busy@ 00000001800151b0     libcpmt:syserror.obj
 0002:000011c0       ??_C@_09KJPPMAOI@timed?5out@ 00000001800151c0     libcpmt:syserror.obj
 0002:000011d0       ??_C@_0BO@HACHBEKI@too?5many?5files?5open?5in?5system@ 00000001800151d0     libcpmt:syserror.obj
 0002:000011f0       ??_C@_0BE@GHAFMPAH@too?5many?5files?5open@ 00000001800151f0     libcpmt:syserror.obj
 0002:00001208       ??_C@_0P@HCOMKFCC@too?5many?5links@ 0000000180015208     libcpmt:syserror.obj
 0002:00001218       ??_C@_0BO@EFGOJEF@too?5many?5symbolic?5link?5levels@ 0000000180015218     libcpmt:syserror.obj
 0002:00001238       ??_C@_0BA@KGKGOOJA@value?5too?5large@ 0000000180015238     libcpmt:syserror.obj
 0002:00001248       ??_C@_0BE@MIEJDDNH@wrong?5protocol?5type@ 0000000180015248     libcpmt:syserror.obj
 0002:00001368       ??_7type_info@@6B@         0000000180015368     LIBCMT:std_type_info_static.obj
 0002:00001370       ??_C@_1EC@JIJBPKFM@?$AAa?$AAp?$AAi?$AA?9?$AAm?$AAs?$AA?9?$AAw?$AAi?$AAn?$AA?9?$AAc?$AAo?$AAr?$AAe@ 0000000180015370     LIBCMT:thread_safe_statics.obj
 0002:000013b8       ??_C@_1BK@MGMFAEKH@?$AAk?$AAe?$AAr?$AAn?$AAe?$AAl?$AA3?$AA2?$AA?4?$AAd?$AAl?$AAl@ 00000001800153b8     LIBCMT:thread_safe_statics.obj
 0002:000013d8       ??_C@_0BJ@JEBJOJFJ@SleepConditionVariableCS@ 00000001800153d8     LIBCMT:thread_safe_statics.obj
 0002:000013f8       ??_C@_0BJ@PGPPEPCC@WakeAllConditionVariable@ 00000001800153f8     LIBCMT:thread_safe_statics.obj
 0002:00001420       __xmm@ffffffffffffffffffffffffffffffff 0000000180015420     LIBCMT:utility.obj
 0002:00001440       _pDefaultRawDllMain        0000000180015440     LIBCMT:dll_dllmain.obj
 0002:00001440       _pRawDllMain               0000000180015440     LIBCMT:dll_dllmain.obj
 0002:00001448       ?s_negLengthTab@FH4@@3QBCB 0000000180015448     libvcruntime:risctrnsctrl.obj
 0002:00001458       ?s_shiftTab@FH4@@3QBEB     0000000180015458     libvcruntime:risctrnsctrl.obj
 0002:00001508       _pDestructExceptionObject  0000000180015508     libvcruntime:ehhelpers.obj
 0002:00001518       ??_7bad_exception@std@@6B@ 0000000180015518     libvcruntime:frame.obj
 0002:00001528       ??_C@_0O@DPKOEFFH@bad?5exception@ 0000000180015528     libvcruntime:frame.obj
 0002:00001c50       ??_C@_08EHJDFFNH@__based?$CI@ 0000000180015c50     libvcruntime:undname.obj
 0002:00001c60       ??_C@_07KOLFKCDI@__cdecl@  0000000180015c60     libvcruntime:undname.obj
 0002:00001c68       ??_C@_08GHMPAG@__pascal@   0000000180015c68     libvcruntime:undname.obj
 0002:00001c78       ??_C@_09IFJBGAPI@__stdcall@ 0000000180015c78     libvcruntime:undname.obj
 0002:00001c88       ??_C@_0L@NPHFGOKO@__thiscall@ 0000000180015c88     libvcruntime:undname.obj
 0002:00001c98       ??_C@_0L@JMKHOMEK@__fastcall@ 0000000180015c98     libvcruntime:undname.obj
 0002:00001ca8       ??_C@_0N@BCKKPABJ@__vectorcall@ 0000000180015ca8     libvcruntime:undname.obj
 0002:00001cb8       ??_C@_09HIJEGCPM@__clrcall@ 0000000180015cb8     libvcruntime:undname.obj
 0002:00001cc4       ??_C@_06GHPCKEAG@__eabi@   0000000180015cc4     libvcruntime:undname.obj
 0002:00001cd0       ??_C@_09IOPIDJLG@__swift_1@ 0000000180015cd0     libvcruntime:undname.obj
 0002:00001ce0       ??_C@_09KFNFGKHF@__swift_2@ 0000000180015ce0     libvcruntime:undname.obj
 0002:00001cf0       ??_C@_09LMMOFLDE@__swift_3@ 0000000180015cf0     libvcruntime:undname.obj
 0002:00001d00       ??_C@_07JOMMBBKO@__ptr64@  0000000180015d00     libvcruntime:undname.obj
 0002:00001d08       ??_C@_0L@PILCLIHE@__restrict@ 0000000180015d08     libvcruntime:undname.obj
 0002:00001d18       ??_C@_0M@GFIIJFMG@__unaligned@ 0000000180015d18     libvcruntime:undname.obj
 0002:00001d28       ??_C@_09DHDLOLLB@restrict?$CI@ 0000000180015d28     libvcruntime:undname.obj
 0002:00001d34       ??_C@_04NIHEBCM@?5new@     0000000180015d34     libvcruntime:undname.obj
 0002:00001d40       ??_C@_07FPCDHGMM@?5delete@ 0000000180015d40     libvcruntime:undname.obj
 0002:00001d48       ??_C@_01NEMOKFLO@?$DN@     0000000180015d48     libvcruntime:undname.obj
 0002:00001d4c       ??_C@_01DCLJPIOD@?$CB@     0000000180015d4c     libvcruntime:undname.obj
 0002:00001d50       ??_C@_02EGOFBIJA@?$DN?$DN@ 0000000180015d50     libvcruntime:undname.obj
 0002:00001d54       ??_C@_02FDNJECIE@?$CB?$DN@ 0000000180015d54     libvcruntime:undname.obj
 0002:00001d58       ??_C@_02GPECMEKF@?$FL?$FN@ 0000000180015d58     libvcruntime:undname.obj
 0002:00001d60       ??_C@_08LHJFAFGD@operator@ 0000000180015d60     libvcruntime:undname.obj
 0002:00001d6c       ??_C@_02HBOOOICD@?9?$DO@   0000000180015d6c     libvcruntime:undname.obj
 0002:00001d70       ??_C@_02ECNGHCIF@?$CL?$CL@ 0000000180015d70     libvcruntime:undname.obj
 0002:00001d74       ??_C@_02BAABKJLB@?9?9@     0000000180015d74     libvcruntime:undname.obj
 0002:00001d78       ??_C@_01HNPIGOCE@?$CG@     0000000180015d78     libvcruntime:undname.obj
 0002:00001d7c       ??_C@_03MNHNFDLC@?9?$DO?$CK@ 0000000180015d7c     libvcruntime:undname.obj
 0002:00001d80       ??_C@_01KMDKNFGN@?1@       0000000180015d80     libvcruntime:undname.obj
 0002:00001d84       ??_C@_01FGNFDNOH@?$CF@     0000000180015d84     libvcruntime:undname.obj
 0002:00001d88       ??_C@_02EHCHHCKH@?$DM?$DN@ 0000000180015d88     libvcruntime:undname.obj
 0002:00001d8c       ??_C@_02EEKDKGMJ@?$DO?$DN@ 0000000180015d8c     libvcruntime:undname.obj
 0002:00001d90       ??_C@_01IHBHIGKO@?0@       0000000180015d90     libvcruntime:undname.obj
 0002:00001d94       ??_C@_02HCKGKOFO@?$CI?$CJ@ 0000000180015d94     libvcruntime:undname.obj
 0002:00001d98       ??_C@_01PJKLJHI@?$HO@      0000000180015d98     libvcruntime:undname.obj
 0002:00001d9c       ??_C@_01JKBOJNNK@?$FO@     0000000180015d9c     libvcruntime:undname.obj
 0002:00001da0       ??_C@_01DNKMNLPK@?$HM@     0000000180015da0     libvcruntime:undname.obj
 0002:00001da4       ??_C@_02PPKAJPJL@?$CG?$CG@ 0000000180015da4     libvcruntime:undname.obj
 0002:00001da8       ??_C@_02NONPIBCD@?$HM?$HM@ 0000000180015da8     libvcruntime:undname.obj
 0002:00001dac       ??_C@_02FPIMKNGF@?$CK?$DN@ 0000000180015dac     libvcruntime:undname.obj
 0002:00001db0       ??_C@_02FOEOMHFC@?$CL?$DN@ 0000000180015db0     libvcruntime:undname.obj
 0002:00001db4       ??_C@_02FKMDLLOA@?9?$DN@   0000000180015db4     libvcruntime:undname.obj
 0002:00001db8       ??_C@_02FJEHGPIO@?1?$DN@   0000000180015db8     libvcruntime:undname.obj
 0002:00001dbc       ??_C@_02FENAOKFI@?$CF?$DN@ 0000000180015dbc     libvcruntime:undname.obj
 0002:00001dc0       ??_C@_03IKFCCPFF@?$DO?$DO?$DN@ 0000000180015dc0     libvcruntime:undname.obj
 0002:00001dc4       ??_C@_03CDNPDDLA@?$DM?$DM?$DN@ 0000000180015dc4     libvcruntime:undname.obj
 0002:00001dc8       ??_C@_02FGJGFEAB@?$CG?$DN@ 0000000180015dc8     libvcruntime:undname.obj
 0002:00001dcc       ??_C@_02DHLNPPGH@?$HM?$DN@ 0000000180015dcc     libvcruntime:undname.obj
 0002:00001dd0       ??_C@_02MHEGNOJ@?$FO?$DN@  0000000180015dd0     libvcruntime:undname.obj
 0002:00001dd8       ??_C@_09IFPLHPGF@?$GAvftable?8@ 0000000180015dd8     libvcruntime:undname.obj
 0002:00001de8       ??_C@_09BLBHBJP@?$GAvbtable?8@ 0000000180015de8     libvcruntime:undname.obj
 0002:00001df8       ??_C@_07FEEIOKP@?$GAvcall?8@ 0000000180015df8     libvcruntime:undname.obj
 0002:00001e00       ??_C@_08LLFFHHDJ@?$GAtypeof?8@ 0000000180015e00     libvcruntime:undname.obj
 0002:00001e10       ??_C@_0BF@KDPPACIK@?$GAlocal?5static?5guard?8@ 0000000180015e10     libvcruntime:undname.obj
 0002:00001e28       ??_C@_08OBABFOLI@?$GAstring?8@ 0000000180015e28     libvcruntime:undname.obj
 0002:00001e38       ??_C@_0BD@JDLKDPAB@?$GAvbase?5destructor?8@ 0000000180015e38     libvcruntime:undname.obj
 0002:00001e50       ??_C@_0BN@DEGPLNFK@?$GAvector?5deleting?5destructor?8@ 0000000180015e50     libvcruntime:undname.obj
 0002:00001e70       ??_C@_0BO@OBMKPJIG@?$GAdefault?5constructor?5closure?8@ 0000000180015e70     libvcruntime:undname.obj
 0002:00001e90       ??_C@_0BN@IMDCHIKM@?$GAscalar?5deleting?5destructor?8@ 0000000180015e90     libvcruntime:undname.obj
 0002:00001eb0       ??_C@_0BO@PFGOCPJJ@?$GAvector?5constructor?5iterator?8@ 0000000180015eb0     libvcruntime:undname.obj
 0002:00001ed0       ??_C@_0BN@LFPFMEDL@?$GAvector?5destructor?5iterator?8@ 0000000180015ed0     libvcruntime:undname.obj
 0002:00001ef0       ??_C@_0CE@IKBNEHA@?$GAvector?5vbase?5constructor?5itera@ 0000000180015ef0     libvcruntime:undname.obj
 0002:00001f18       ??_C@_0BL@NILFHHPC@?$GAvirtual?5displacement?5map?8@ 0000000180015f18     libvcruntime:undname.obj
 0002:00001f38       ??_C@_0CB@JONCMFFK@?$GAeh?5vector?5constructor?5iterator@ 0000000180015f38     libvcruntime:undname.obj
 0002:00001f60       ??_C@_0CA@GCEOPDGL@?$GAeh?5vector?5destructor?5iterator?8@ 0000000180015f60     libvcruntime:undname.obj
 0002:00001f80       ??_C@_0CH@OOJPLCPH@?$GAeh?5vector?5vbase?5constructor?5it@ 0000000180015f80     libvcruntime:undname.obj
 0002:00001fa8       ??_C@_0BL@LLKPOHJI@?$GAcopy?5constructor?5closure?8@ 0000000180015fa8     libvcruntime:undname.obj
 0002:00001fc8       ??_C@_0BA@KBCDOMBN@?$GAudt?5returning?8@ 0000000180015fc8     libvcruntime:undname.obj
 0002:00001fd8       ??_C@_03KLGMFNMG@?$GAEH@   0000000180015fd8     libvcruntime:undname.obj
 0002:00001fdc       ??_C@_05KHLCHHI@?$GARTTI@  0000000180015fdc     libvcruntime:undname.obj
 0002:00001fe8       ??_C@_0BA@KKLDJDLB@?$GAlocal?5vftable?8@ 0000000180015fe8     libvcruntime:undname.obj
 0002:00001ff8       ??_C@_0CE@IIHCMGGL@?$GAlocal?5vftable?5constructor?5clos@ 0000000180015ff8     libvcruntime:undname.obj
 0002:0000201c       ??_C@_06FHBGPFGH@?5new?$FL?$FN@ 000000018001601c     libvcruntime:undname.obj
 0002:00002028       ??_C@_09LBNFPBCA@?5delete?$FL?$FN@ 0000000180016028     libvcruntime:undname.obj
 0002:00002038       ??_C@_0P@HJKNJFNN@?$GAomni?5callsig?8@ 0000000180016038     libvcruntime:undname.obj
 0002:00002048       ??_C@_0BL@CNOONJFP@?$GAplacement?5delete?5closure?8@ 0000000180016048     libvcruntime:undname.obj
 0002:00002068       ??_C@_0BN@CKNJLHMB@?$GAplacement?5delete?$FL?$FN?5closure?8@ 0000000180016068     libvcruntime:undname.obj
 0002:00002088       ??_C@_0CG@CFDHKGGD@?$GAmanaged?5vector?5constructor?5ite@ 0000000180016088     libvcruntime:undname.obj
 0002:000020b0       ??_C@_0CF@IMGKMJNO@?$GAmanaged?5vector?5destructor?5iter@ 00000001800160b0     libvcruntime:undname.obj
 0002:000020d8       ??_C@_0CG@HLDDJMAG@?$GAeh?5vector?5copy?5constructor?5ite@ 00000001800160d8     libvcruntime:undname.obj
 0002:00002100       ??_C@_0CM@FCBBDIGB@?$GAeh?5vector?5vbase?5copy?5construct@ 0000000180016100     libvcruntime:undname.obj
 0002:00002130       ??_C@_0BL@CLIPGLGB@?$GAdynamic?5initializer?5for?5?8@ 0000000180016130     libvcruntime:undname.obj
 0002:00002150       ??_C@_0CB@PDBIFEP@?$GAdynamic?5atexit?5destructor?5for?5@ 0000000180016150     libvcruntime:undname.obj
 0002:00002178       ??_C@_0CD@CGAJBKEJ@?$GAvector?5copy?5constructor?5iterat@ 0000000180016178     libvcruntime:undname.obj
 0002:000021a0       ??_C@_0CJ@GJELGAMM@?$GAvector?5vbase?5copy?5constructor?5@ 00000001800161a0     libvcruntime:undname.obj
 0002:000021d0       ??_C@_0CL@FGIJHLCE@?$GAmanaged?5vector?5copy?5constructo@ 00000001800161d0     libvcruntime:undname.obj
 0002:00002200       ??_C@_0BM@PMGGMLDN@?$GAlocal?5static?5thread?5guard?8@ 0000000180016200     libvcruntime:undname.obj
 0002:00002220       ??_C@_0N@BDNMDMOL@operator?5?$CC?$CC?5@ 0000000180016220     libvcruntime:undname.obj
 0002:00002230       ??_C@_0BC@GGEBGALA@operator?5co_await@ 0000000180016230     libvcruntime:undname.obj
 0002:00002248       ??_C@_0M@GAAIMMOH@operator?$DM?$DN?$DO@ 0000000180016248     libvcruntime:undname.obj
 0002:00002258       ??_C@_0BC@DAFEJGAK@?5Type?5Descriptor?8@ 0000000180016258     libvcruntime:undname.obj
 0002:00002270       ??_C@_0BM@LDKODKLH@?5Base?5Class?5Descriptor?5at?5?$CI@ 0000000180016270     libvcruntime:undname.obj
 0002:00002290       ??_C@_0BD@LGICGFMM@?5Base?5Class?5Array?8@ 0000000180016290     libvcruntime:undname.obj
 0002:000022a8       ??_C@_0BN@MECKDCOJ@?5Class?5Hierarchy?5Descriptor?8@ 00000001800162a8     libvcruntime:undname.obj
 0002:000022c8       ??_C@_0BK@CFCOFLF@?5Complete?5Object?5Locator?8@ 00000001800162c8     libvcruntime:undname.obj
 0002:000022e8       ??_C@_0BG@JNJLAMPM@?$GAanonymous?5namespace?8@ 00000001800162e8     libvcruntime:undname.obj
 0002:00002318       ??_C@_1DM@KHCHBNEB@?$AAa?$AAp?$AAi?$AA?9?$AAm?$AAs?$AA?9?$AAw?$AAi?$AAn?$AA?9?$AAc?$AAo?$AAr?$AAe@ 0000000180016318     libvcruntime:winapi_downlevel.obj
 0002:00002358       ??_C@_1DK@LPPGFMPP@?$AAa?$AAp?$AAi?$AA?9?$AAm?$AAs?$AA?9?$AAw?$AAi?$AAn?$AA?9?$AAc?$AAo?$AAr?$AAe@ 0000000180016358     libvcruntime:winapi_downlevel.obj
 0002:00002398       ??_C@_1BC@GDMECMAK@?$AAk?$AAe?$AAr?$AAn?$AAe?$AAl?$AA3?$AA2@ 0000000180016398     libvcruntime:winapi_downlevel.obj
 0002:000023b0       ??_C@_1BA@PFFKHIOG@?$AAa?$AAp?$AAi?$AA?9?$AAm?$AAs?$AA?9@ 00000001800163b0     libvcruntime:winapi_downlevel.obj
 0002:000023c8       ??_C@_08KNHFBNJ@FlsAlloc@  00000001800163c8     libvcruntime:winapi_downlevel.obj
 0002:000023e0       ??_C@_07PEJMOBNF@FlsFree@  00000001800163e0     libvcruntime:winapi_downlevel.obj
 0002:000023f0       ??_C@_0M@GDNOONDI@FlsGetValue@ 00000001800163f0     libvcruntime:winapi_downlevel.obj
 0002:00002408       ??_C@_0M@JCPCPOEF@FlsSetValue@ 0000000180016408     libvcruntime:winapi_downlevel.obj
 0002:00002420       ??_C@_0BM@HCFOFFN@InitializeCriticalSectionEx@ 0000000180016420     libvcruntime:winapi_downlevel.obj
 0002:000025b0       __newctype                 00000001800165b0     libucrt:ctype.obj
 0002:000028b0       __newclmap                 00000001800168b0     libucrt:ctype.obj
 0002:00002a30       __newcumap                 0000000180016a30     libucrt:ctype.obj
 0002:00004860       __acrt_exception_action_table 0000000180018860     libucrt:exception_filter.obj
 0002:00004920       __acrt_signal_action_table_count 0000000180018920     libucrt:exception_filter.obj
 0002:00004928       __acrt_signal_action_first_fpe_index 0000000180018928     libucrt:exception_filter.obj
 0002:00004930       __acrt_signal_action_fpe_count 0000000180018930     libucrt:exception_filter.obj
 0002:00004938       ??_C@_1BI@BGOHAHKC@?$AAm?$AAs?$AAc?$AAo?$AAr?$AAe?$AAe?$AA?4?$AAd?$AAl?$AAl@ 0000000180018938     libucrt:exit.obj
 0002:00004950       ??_C@_0P@MIGLKIOC@CorExitProcess@ 0000000180018950     libucrt:exit.obj
 0002:00004a60       __lc_time_c                0000000180018a60     libucrt:nlsdata.obj
 0002:00004d20       ??_C@_03KOEHGMDN@Sun@      0000000180018d20     libucrt:nlsdata.obj
 0002:00004d24       ??_C@_03PDAGKDH@Mon@       0000000180018d24     libucrt:nlsdata.obj
 0002:00004d28       ??_C@_03NAGEINEP@Tue@      0000000180018d28     libucrt:nlsdata.obj
 0002:00004d2c       ??_C@_03MHOMLAJA@Wed@      0000000180018d2c     libucrt:nlsdata.obj
 0002:00004d30       ??_C@_03IOFIKPDN@Thu@      0000000180018d30     libucrt:nlsdata.obj
 0002:00004d34       ??_C@_03IDIOELNC@Fri@      0000000180018d34     libucrt:nlsdata.obj
 0002:00004d38       ??_C@_03FEFJNEK@Sat@       0000000180018d38     libucrt:nlsdata.obj
 0002:00004d3c       ??_C@_06OOPIFAJ@Sunday@    0000000180018d3c     libucrt:nlsdata.obj
 0002:00004d44       ??_C@_06JLEDEDGH@Monday@   0000000180018d44     libucrt:nlsdata.obj
 0002:00004d50       ??_C@_07BAAGCFCM@Tuesday@  0000000180018d50     libucrt:nlsdata.obj
 0002:00004d58       ??_C@_09DLIGFAKA@Wednesday@ 0000000180018d58     libucrt:nlsdata.obj
 0002:00004d68       ??_C@_08HACCIKIA@Thursday@ 0000000180018d68     libucrt:nlsdata.obj
 0002:00004d74       ??_C@_06JECMNKMI@Friday@   0000000180018d74     libucrt:nlsdata.obj
 0002:00004d80       ??_C@_08INBOOONO@Saturday@ 0000000180018d80     libucrt:nlsdata.obj
 0002:00004d8c       ??_C@_03JIHJHPIE@Jan@      0000000180018d8c     libucrt:nlsdata.obj
 0002:00004d90       ??_C@_03HJBDCHOM@Feb@      0000000180018d90     libucrt:nlsdata.obj
 0002:00004d94       ??_C@_03ODNJBKGA@Mar@      0000000180018d94     libucrt:nlsdata.obj
 0002:00004d98       ??_C@_03LEOLGMJP@Apr@      0000000180018d98     libucrt:nlsdata.obj
 0002:00004d9c       ??_C@_03CNMDKL@May@        0000000180018d9c     libucrt:nlsdata.obj
 0002:00004da0       ??_C@_03IDFGHECI@Jun@      0000000180018da0     libucrt:nlsdata.obj
 0002:00004da4       ??_C@_03LBGABGKK@Jul@      0000000180018da4     libucrt:nlsdata.obj
 0002:00004da8       ??_C@_03IFJFEIGA@Aug@      0000000180018da8     libucrt:nlsdata.obj
 0002:00004dac       ??_C@_03GGCAPAJC@Sep@      0000000180018dac     libucrt:nlsdata.obj
 0002:00004db0       ??_C@_03BMAOKBAD@Oct@      0000000180018db0     libucrt:nlsdata.obj
 0002:00004db4       ??_C@_03JPJOFNIA@Nov@      0000000180018db4     libucrt:nlsdata.obj
 0002:00004db8       ??_C@_03MKABNOCG@Dec@      0000000180018db8     libucrt:nlsdata.obj
 0002:00004dc0       ??_C@_07CGJPFGJA@January@  0000000180018dc0     libucrt:nlsdata.obj
 0002:00004dc8       ??_C@_08GNJGEPFN@February@ 0000000180018dc8     libucrt:nlsdata.obj
 0002:00004dd4       ??_C@_05HPCKOFNC@March@    0000000180018dd4     libucrt:nlsdata.obj
 0002:00004ddc       ??_C@_05DMJDNLEJ@April@    0000000180018ddc     libucrt:nlsdata.obj
 0002:00004de4       ??_C@_04CNLMGBGM@June@     0000000180018de4     libucrt:nlsdata.obj
 0002:00004dec       ??_C@_04MIEPOIFP@July@     0000000180018dec     libucrt:nlsdata.obj
 0002:00004df4       ??_C@_06LBBHFDDG@August@   0000000180018df4     libucrt:nlsdata.obj
 0002:00004e00       ??_C@_09BHHEALKD@September@ 0000000180018e00     libucrt:nlsdata.obj
 0002:00004e10       ??_C@_07JJNFCEND@October@  0000000180018e10     libucrt:nlsdata.obj
 0002:00004e18       ??_C@_08HCHEGEOA@November@ 0000000180018e18     libucrt:nlsdata.obj
 0002:00004e28       ??_C@_08EDHMEBNP@December@ 0000000180018e28     libucrt:nlsdata.obj
 0002:00004e34       ??_C@_02DEDBPAFC@AM@       0000000180018e34     libucrt:nlsdata.obj
 0002:00004e38       ??_C@_02CJNFDJBF@PM@       0000000180018e38     libucrt:nlsdata.obj
 0002:00004e40       ??_C@_08BPBNCDIB@MM?1dd?1yy@ 0000000180018e40     libucrt:nlsdata.obj
 0002:00004e50       ??_C@_0BE@CKGJFCPC@dddd?0?5MMMM?5dd?0?5yyyy@ 0000000180018e50     libucrt:nlsdata.obj
 0002:00004e68       ??_C@_08JCCMCCIL@HH?3mm?3ss@ 0000000180018e68     libucrt:nlsdata.obj
 0002:00004e78       ??_C@_17MBGCMIPB@?$AAS?$AAu?$AAn@ 0000000180018e78     libucrt:nlsdata.obj
 0002:00004e80       ??_C@_17KBOMKBF@?$AAM?$AAo?$AAn@ 0000000180018e80     libucrt:nlsdata.obj
 0002:00004e88       ??_C@_17BMKGEGOJ@?$AAT?$AAu?$AAe@ 0000000180018e88     libucrt:nlsdata.obj
 0002:00004e90       ??_C@_17CJEDCEPE@?$AAW?$AAe?$AAd@ 0000000180018e90     libucrt:nlsdata.obj
 0002:00004e98       ??_C@_17PDPHAADD@?$AAT?$AAh?$AAu@ 0000000180018e98     libucrt:nlsdata.obj
 0002:00004ea0       ??_C@_17HFOLPPLP@?$AAF?$AAr?$AAi@ 0000000180018ea0     libucrt:nlsdata.obj
 0002:00004ea8       ??_C@_17GGIBDPIH@?$AAS?$AAa?$AAt@ 0000000180018ea8     libucrt:nlsdata.obj
 0002:00004eb0       ??_C@_1O@IHNHDHPB@?$AAS?$AAu?$AAn?$AAd?$AAa?$AAy@ 0000000180018eb0     libucrt:nlsdata.obj
 0002:00004ec0       ??_C@_1O@MMNBFLIA@?$AAM?$AAo?$AAn?$AAd?$AAa?$AAy@ 0000000180018ec0     libucrt:nlsdata.obj
 0002:00004ed0       ??_C@_1BA@ENFBFFEK@?$AAT?$AAu?$AAe?$AAs?$AAd?$AAa?$AAy@ 0000000180018ed0     libucrt:nlsdata.obj
 0002:00004ee0       ??_C@_1BE@EBOGMDOH@?$AAW?$AAe?$AAd?$AAn?$AAe?$AAs?$AAd?$AAa?$AAy@ 0000000180018ee0     libucrt:nlsdata.obj
 0002:00004ef8       ??_C@_1BC@HHMNLIHE@?$AAT?$AAh?$AAu?$AAr?$AAs?$AAd?$AAa?$AAy@ 0000000180018ef8     libucrt:nlsdata.obj
 0002:00004f10       ??_C@_1O@PDICJHAG@?$AAF?$AAr?$AAi?$AAd?$AAa?$AAy@ 0000000180018f10     libucrt:nlsdata.obj
 0002:00004f20       ??_C@_1BC@ENMNNPAJ@?$AAS?$AAa?$AAt?$AAu?$AAr?$AAd?$AAa?$AAy@ 0000000180018f20     libucrt:nlsdata.obj
 0002:00004f38       ??_C@_17DKNBKCHM@?$AAJ?$AAa?$AAn@ 0000000180018f38     libucrt:nlsdata.obj
 0002:00004f40       ??_C@_17LMDJEKJN@?$AAF?$AAe?$AAb@ 0000000180018f40     libucrt:nlsdata.obj
 0002:00004f48       ??_C@_17CKNLEDEC@?$AAM?$AAa?$AAr@ 0000000180018f48     libucrt:nlsdata.obj
 0002:00004f50       ??_C@_17LFPOIHDD@?$AAA?$AAp?$AAr@ 0000000180018f50     libucrt:nlsdata.obj
 0002:00004f58       ??_C@_17PNNKMEED@?$AAM?$AAa?$AAy@ 0000000180018f58     libucrt:nlsdata.obj
 0002:00004f60       ??_C@_17KCJGOCPB@?$AAJ?$AAu?$AAn@ 0000000180018f60     libucrt:nlsdata.obj
 0002:00004f68       ??_C@_17IJPCKHK@?$AAJ?$AAu?$AAl@ 0000000180018f68     libucrt:nlsdata.obj
 0002:00004f70       ??_C@_17ICPELBCN@?$AAA?$AAu?$AAg@ 0000000180018f70     libucrt:nlsdata.obj
 0002:00004f78       ??_C@_17HCHCOKMG@?$AAS?$AAe?$AAp@ 0000000180018f78     libucrt:nlsdata.obj
 0002:00004f80       ??_C@_17FNLKOI@?$AAO?$AAc?$AAt@ 0000000180018f80     libucrt:nlsdata.obj
 0002:00004f88       ??_C@_17BBDMLCIG@?$AAN?$AAo?$AAv@ 0000000180018f88     libucrt:nlsdata.obj
 0002:00004f90       ??_C@_17EGKACKIF@?$AAD?$AAe?$AAc@ 0000000180018f90     libucrt:nlsdata.obj
 0002:00004f98       ??_C@_1BA@EFMEIEBA@?$AAJ?$AAa?$AAn?$AAu?$AAa?$AAr?$AAy@ 0000000180018f98     libucrt:nlsdata.obj
 0002:00004fa8       ??_C@_1BC@JGDDFFAM@?$AAF?$AAe?$AAb?$AAr?$AAu?$AAa?$AAr?$AAy@ 0000000180018fa8     libucrt:nlsdata.obj
 0002:00004fc0       ??_C@_1M@IKEENEDF@?$AAM?$AAa?$AAr?$AAc?$AAh@ 0000000180018fc0     libucrt:nlsdata.obj
 0002:00004fd0       ??_C@_1M@GJNLMHFD@?$AAA?$AAp?$AAr?$AAi?$AAl@ 0000000180018fd0     libucrt:nlsdata.obj
 0002:00004fe0       ??_C@_19EPFLPGAP@?$AAJ?$AAu?$AAn?$AAe@ 0000000180018fe0     libucrt:nlsdata.obj
 0002:00004ff0       ??_C@_19BIFMLPCD@?$AAJ?$AAu?$AAl?$AAy@ 0000000180018ff0     libucrt:nlsdata.obj
[...]
 0002:000117d0       $unwind$__acrt_locale_free_numeric 00000001800257d0     libucrt:initnum.obj
 0002:000117d0       $unwind$__acrt_locale_free_lc_time_if_unreferenced 00000001800257d0     libucrt:locale_refcounting.obj
 0002:000117d8       $unwind$_mbtowc_l          00000001800257d8     libucrt:mbtowc.obj
 0002:000117d8       $unwind$__acrt_LCMapStringEx 00000001800257d8     libucrt:winapi_thunks.obj
 0002:000117ec       $unwind$?construct_ptd_array@@YAXQEAU__acrt_ptd@@@Z 00000001800257ec     libucrt:per_thread_data.obj
 0002:000117f4       $unwind$?destroy_ptd_array@@YAXQEAU__acrt_ptd@@@Z 00000001800257f4     libucrt:per_thread_data.obj
 0002:000117fc       $unwind$??$?RV<lambda_0ae27a3a962d80f24befdcbee591983d>@@AEAV<lambda_8d0ee55de4b1038c4002e0adecdf1839>@@V<lambda_dc504788e8f1664fe9b84e20bfb512f2>@@@?$__crt_seh_guarded_call@X@@QEAAX$$QEAV<lambda_0ae27a3a962d80f24befdcbee591983d>@@AEAV<lambda_8d0ee55de4b1038c4002e0adecdf1839>@@$$QEAV<lambda_dc504788e8f1664fe9b84e20bfb512f2>@@@Z 00000001800257fc     libucrt:per_thread_data.obj
 0002:00011820       $unwind$??$?RV<lambda_aa87e3671a710a21b5dc78c0bdf72e11>@@AEAV<lambda_92619d2358a28f41a33ba319515a20b9>@@V<lambda_6992ecaafeb10aed2b74cb1fae11a551>@@@?$__crt_seh_guarded_call@X@@QEAAX$$QEAV<lambda_aa87e3671a710a21b5dc78c0bdf72e11>@@AEAV<lambda_92619d2358a28f41a33ba319515a20b9>@@$$QEAV<lambda_6992ecaafeb10aed2b74cb1fae11a551>@@@Z 0000000180025820     libucrt:per_thread_data.obj
 0002:00011844       $unwind$??$?RV<lambda_f2e299630e499de9f9a165e60fcd3db5>@@AEAV<lambda_2ae9d31cdba2644fcbeaf08da7c24588>@@V<lambda_40d01ff24d0e7b3814fdbdcee8eab3c7>@@@?$__crt_seh_guarded_call@X@@QEAAX$$QEAV<lambda_f2e299630e499de9f9a165e60fcd3db5>@@AEAV<lambda_2ae9d31cdba2644fcbeaf08da7c24588>@@$$QEAV<lambda_40d01ff24d0e7b3814fdbdcee8eab3c7>@@@Z 0000000180025844     libucrt:per_thread_data.obj
 0002:00011868       $unwind$??$?RV<lambda_2d41944a1d46af3157314b8a01080d33>@@AEAV<lambda_8f455de75cd7d7f24b4096f044d8b9e6>@@V<lambda_aa500f224e6afead328df44964fe2772>@@@?$__crt_seh_guarded_call@X@@QEAAX$$QEAV<lambda_2d41944a1d46af3157314b8a01080d33>@@AEAV<lambda_8f455de75cd7d7f24b4096f044d8b9e6>@@$$QEAV<lambda_aa500f224e6afead328df44964fe2772>@@@Z 0000000180025868     libucrt:per_thread_data.obj
 0002:0001188c       $unwind$__acrt_uninitialize_locale 000000018002588c     libucrt:wsetlocale.obj
 0002:0001188c       $unwind$__acrt_get_sigabrt_handler 000000018002588c     libucrt:signal.obj
 0002:00011894       $unwind$??$?RV<lambda_410d79af7f07d98d83a3f525b3859a53>@@AEAV<lambda_3e16ef9562a7dcce91392c22ab16ea36>@@V<lambda_38119f0e861e05405d8a144b9b982f0a>@@@?$__crt_seh_guarded_call@X@@QEAAX$$QEAV<lambda_410d79af7f07d98d83a3f525b3859a53>@@AEAV<lambda_3e16ef9562a7dcce91392c22ab16ea36>@@$$QEAV<lambda_38119f0e861e05405d8a144b9b982f0a>@@@Z 0000000180025894     libucrt:wsetlocale.obj
 0002:000118bc       $unwind$__acrt_initialize_lowio 00000001800258bc     libucrt:ioinit.obj
 0002:000118dc       $unwind$?initialize_inherited_file_handles_nolock@@YAXXZ 00000001800258dc     libucrt:ioinit.obj
 0002:000118f8       $unwind$__acrt_initialize_winapi_thunks 00000001800258f8     libucrt:winapi_thunks.obj
 0002:00011900       $unwind$_fcloseall         0000000180025900     libucrt:closeall.obj
 0002:00011924       $unwind$__acrt_WideCharToMultiByte 0000000180025924     libucrt:widechartomultibyte.obj
 0002:00011930       $unwind$?__mbrtowc_utf8@__crt_mbstring@@YA_KPEA_WPEBD_KPEAU_Mbstatet@@@Z 0000000180025930     libucrt:mbrtowc.obj
 0002:00011938       $unwind$?__mbsrtowcs_utf8@__crt_mbstring@@YA_KPEA_WPEAPEBD_KPEAU_Mbstatet@@@Z 0000000180025938     libucrt:mbrtowc.obj
 0002:00011950       $unwind$_putwch_nolock     0000000180025950     libucrt:putwch.obj
 0002:00011958       $unwind$__dcrt_lowio_ensure_console_output_initialized 0000000180025958     libucrt:initcon.obj
 0002:00011958       $unwind$_isleadbyte_l      0000000180025958     libucrt:_wctype.obj
 0002:00011958       $unwind$?getSystemCP@@YAHH@Z 0000000180025958     libucrt:mbctype.obj
 0002:00011960       $unwind$__acrt_LCMapStringA 0000000180025960     libucrt:lcmapstringa.obj
 0002:00011970       $unwind$?__acrt_LCMapStringA_stat@@YAHPEAU__crt_locale_pointers@@PEB_WKPEBDHPEADHHH@Z 0000000180025970     libucrt:lcmapstringa.obj
 0002:00011998       $unwind$??$?RV<lambda_a37b2b86f63e897a80ea819b0eb08c01>@@AEAV<lambda_38ce7e780aa69e748d6df282ebc68efe>@@V<lambda_99fb1378e971ab6e7edea83e3a7a83a2>@@@?$__crt_seh_guarded_call@H@@QEAAH$$QEAV<lambda_a37b2b86f63e897a80ea819b0eb08c01>@@AEAV<lambda_38ce7e780aa69e748d6df282ebc68efe>@@$$QEAV<lambda_99fb1378e971ab6e7edea83e3a7a83a2>@@@Z 0000000180025998     libucrt:commit.obj
 0002:000119bc       $unwind$__acrt_GetStringTypeA 00000001800259bc     libucrt:getstringtypea.obj
 0002:000119e4       $unwind$_raise_exc_ex      00000001800259e4     libucrt:fpexcept.obj
 0002:000119f8       $unwind$_ctrlfp            00000001800259f8     libucrt:fpctrl.obj
 0002:00011a20       $unwind$__acrt_initialize_fma3 0000000180025a20     libucrt:fma3_available.obj
 0002:00011a28       $unwind$_powf_special      0000000180025a28     libucrt:pow_special.obj
 0002:00011a38       $unwind$_pow_special       0000000180025a38     libucrt:pow_special.obj
 0002:00011a44       $unwind$raise              0000000180025a44     libucrt:signal.obj
 0002:00011a80       $unwind$??$?RV<lambda_450d765d439847d4c735a33c368b5fc0>@@AEAV<lambda_44731a7d0e6d81c3e6aa82d741081786>@@V<lambda_601a2a7da3b7a96e9554ac7215c4b07c>@@@?$__crt_seh_guarded_call@P6AXH@Z@@QEAAP6AXH@Z$$QEAV<lambda_450d765d439847d4c735a33c368b5fc0>@@AEAV<lambda_44731a7d0e6d81c3e6aa82d741081786>@@$$QEAV<lambda_601a2a7da3b7a96e9554ac7215c4b07c>@@@Z 0000000180025a80     libucrt:signal.obj
 0002:00011aa4       $unwind$__dcrt_get_narrow_environment_from_os 0000000180025aa4     libucrt:get_environment_from_os.obj
 0002:00011aa4       $unwind$??$__acrt_wcs_to_mbs_cp@U__crt_win32_buffer_internal_dynamic_resizing@@@@YAHQEB_WAEAV?$__crt_win32_buffer@DU__crt_win32_buffer_internal_dynamic_resizing@@@@I@Z 0000000180025aa4     libucrt:argv_wildcards.obj
 0002:00011abc       $unwind$??$common_expand_argv_wildcards@D@@YAHQEAPEADQEAPEAPEAD@Z 0000000180025abc     libucrt:argv_wildcards.obj
 0002:00011ad4       $unwind$??$copy_and_add_argument_to_buffer@D@@YAHQEBD0_KAEAV?$argument_list@D@?A0x5f5c8891@@@Z 0000000180025ad4     libucrt:argv_wildcards.obj
 0002:00011af0       $unwind$??$expand_argument_wildcards@D@@YAHQEAD0AEAV?$argument_list@D@?A0x5f5c8891@@@Z 0000000180025af0     libucrt:argv_wildcards.obj
 0002:00011b14       $unwind$__acrt_GetModuleFileNameA 0000000180025b14     libucrt:getmodulefilenamea.obj
 0002:00011b30       $unwind$_setmbcp_nolock    0000000180025b30     libucrt:mbctype.obj
 0002:00011b50       $unwind$?update_thread_multibyte_data_internal@@YAPEAU__crt_multibyte_data@@QEAU__acrt_ptd@@QEAPEAU1@@Z 0000000180025b50     libucrt:mbctype.obj
 0002:00011b78       $unwind$?setmbcp_internal@@YAHH_NQEAU__acrt_ptd@@QEAPEAU__crt_multibyte_data@@@Z 0000000180025b78     libucrt:mbctype.obj
 0002:00011b88       $unwind$?setSBUpLow@@YAXPEAU__crt_multibyte_data@@@Z 0000000180025b88     libucrt:mbctype.obj
 0002:00011ba4       $unwind$??$?RV<lambda_efdfa57d1f175319df784efa44bb7b81>@@AEAV<lambda_5f0a4c1567f8adc6734073e5d1e1b35c>@@V<lambda_2e8a7d3640ea6ccb4c2413664c2db6fd>@@@?$__crt_seh_guarded_call@X@@QEAAX$$QEAV<lambda_efdfa57d1f175319df784efa44bb7b81>@@AEAV<lambda_5f0a4c1567f8adc6734073e5d1e1b35c>@@$$QEAV<lambda_2e8a7d3640ea6ccb4c2413664c2db6fd>@@@Z 0000000180025ba4     libucrt:mbctype.obj
 0002:00011bc8       $unwind$?x_ismbbtype_l@@YAHPEAU__crt_locale_pointers@@IHH@Z 0000000180025bc8     libucrt:ismbbyte.obj
 0002:00011bd8       $unwind$__acrt_update_thread_locale_data 0000000180025bd8     libucrt:locale_refcounting.obj
 0002:00011bfc       $unwind$__acrt_locale_free_monetary 0000000180025bfc     libucrt:initmon.obj
 0002:00011c04       $unwind$__acrt_locale_free_time 0000000180025c04     libucrt:inittime.obj
 0002:00011c14       $unwind$?__mbrtoc32_utf8@__crt_mbstring@@YA_KPEA_UPEBD_KPEAU_Mbstatet@@@Z 0000000180025c14     libucrt:mbrtoc32.obj
 0002:00011c30       $xdatasym                  0000000180025c30     libucrt:fpsr.obj
 0002:00011c38       $unwind$_call_matherr      0000000180025c38     libucrt:libm_error.obj
 0002:00011c40       $unwind$_handle_error      0000000180025c40     libucrt:libm_error.obj
 0002:00011c40       $unwind$_handle_errorf     0000000180025c40     libucrt:libm_error.obj
 0002:00011c60       $unwind$strpbrk            0000000180025c60     libucrt:strpbrk.obj
 0002:00011c70       $unwind$fallbackMethod     0000000180025c70     libucrt:strpbrk.obj
 0002:00011c80       $unwind$_mbsdec_l          0000000180025c80     libucrt:mbsdec.obj
 0002:00011c90       $xdatasym                  0000000180025c90     libucrt:log10.obj
 0002:00011c9c       $unwind$_log_special_common 0000000180025c9c     libucrt:log_special.obj
 0002:00011ca8       $unwind$_IsNonwritableInCurrentImage 0000000180025ca8     LIBCMT:pesect.obj
 0002:00011cd0       $xdatasym                  0000000180025cd0     libucrt:sinf.obj
 0002:00011cd8       $xdatasym                  0000000180025cd8     libucrt:remainder_piby2f_forc.obj
 0002:00011ce8       $unwind$_sincosf_special   0000000180025ce8     libucrt:sincos_special.obj
 0002:00011e40       .edata                     0000000180025e40     SixMansPlugin-Rework.exp
 0002:00011e68       rgpv                       0000000180025e68     SixMansPlugin-Rework.exp
 0002:00011e9c       rgszName                   0000000180025e9c     SixMansPlugin-Rework.exp
 0002:00011ed0       rgwOrd                     0000000180025ed0     SixMansPlugin-Rework.exp
 0002:00011eea       szName                     0000000180025eea     SixMansPlugin-Rework.exp
 0002:00011f03       $N00001                    0000000180025f03     SixMansPlugin-Rework.exp
 0002:00011f3a       $N00002                    0000000180025f3a     SixMansPlugin-Rework.exp
 0002:00011f6f       $N00003                    0000000180025f6f     SixMansPlugin-Rework.exp
 0002:00011f9c       $N00004                    0000000180025f9c     SixMansPlugin-Rework.exp
 0002:00011fc9       $N00005                    0000000180025fc9     SixMansPlugin-Rework.exp
 0002:00012007       $N00006                    0000000180026007     SixMansPlugin-Rework.exp
 0002:00012043       $N00007                    0000000180026043     SixMansPlugin-Rework.exp
 0002:0001206d       $N00008                    000000018002606d     SixMansPlugin-Rework.exp
 0002:000120ab       $N00009                    00000001800260ab     SixMansPlugin-Rework.exp
 0002:000120dd       $N00010                    00000001800260dd     SixMansPlugin-Rework.exp
 0002:00012111       $N00011                    0000000180026111     SixMansPlugin-Rework.exp
 0002:0001211a       $N00012                    000000018002611a     SixMansPlugin-Rework.exp
 0002:00012122       $N00013                    0000000180026122     SixMansPlugin-Rework.exp
 0002:000123e8       .idata$6                   00000001800263e8     kernel32:KERNEL32.dll
 0003:00000000       ?init@std@@3JA             0000000180027000     libcpmt:xlock.obj
 0003:00000008       ?atcount_cdecl@@3_KA       0000000180027008     libcpmt:iosptrs.obj
 0003:00000050       ?__vcrt_flsindex@@3KA      0000000180027050     libvcruntime:per_thread_data.obj
 0003:00000168       ?errno_no_memory@@3HA      0000000180027168     libucrt:errno.obj
 0003:0000016c       ?doserrno_no_memory@@3KA   000000018002716c     libucrt:errno.obj
 0003:00000314       ?__acrt_flsindex@@3KA      0000000180027314     libucrt:per_thread_data.obj
 0003:00000490       ?dazSupported@?1??_ctrlfp@@9@9 0000000180027490     libucrt:fpctrl.obj
 0003:000004a0       ?tzstd_program@@3PADA      00000001800274a0     libucrt:timeset.obj
 0003:000004e0       ?tzdst_program@@3PADA      00000001800274e0     libucrt:timeset.obj
 0003:00000520       ?w_tzstd_program@@3PA_WA   0000000180027520     libucrt:timeset.obj
 0003:000005a0       ?w_tzdst_program@@3PA_WA   00000001800275a0     libucrt:timeset.obj
 0003:00000620       ?tzname_states@@3PAY01PEADA 0000000180027620     libucrt:timeset.obj
 0003:00000630       ?w_tzname_states@@3PAY01PEA_WA 0000000180027630     libucrt:timeset.obj
 0003:00000870       _mbctypes                  0000000180027870     libucrt:mbctype.obj
 0003:00000980       _mbcasemaps                0000000180027980     libucrt:mbctype.obj
 0003:00000a80       ?__rgctypeflag@@3PADA      0000000180027a80     libucrt:mbctype.obj
 0003:00000a90       ?__rgcode_page_info@@3PAUcode_page_info@@A 0000000180027a90     libucrt:mbctype.obj
 0003:00000b80       ?__dcrt_lowio_console_output_handle@@3PEAXEA 0000000180027b80     libucrt:initcon.obj
 0003:00000f30       ?classic_locale@std@@3Vlocale@1@A 0000000180027f30     libcpmt:locale0.obj
 0003:00000f48       ?_Fac_head@std@@3PEAU_Fac_node@1@EA 0000000180027f48     libcpmt:locale0.obj
 0003:00000f50       ?_Fac_tidy_reg@std@@3U_Fac_tidy_reg_t@1@B 0000000180027f50     libcpmt:locale0.obj
 0003:00000f58       global_locale              0000000180027f58     libcpmt:locale0.obj
 0003:00000f60       ?initlocks@std@@3V_Init_locks@1@A 0000000180027f60     libcpmt:xlock.obj
 0003:00000f70       ?mtx@std@@3PAU_RTL_CRITICAL_SECTION@@A 0000000180027f70     libcpmt:xlock.obj
 0003:00001110       ?initlocks@std@@3V_Init_locks@1@A 0000000180028110     libcpmt:iosptrs.obj
 0003:00001111       ?init_atexit@@3U_Init_atexit@@A 0000000180028111     libcpmt:iosptrs.obj
 0003:00001120       ?atfuns_cdecl@@3PAP6AXXZA  0000000180028120     libcpmt:iosptrs.obj
 0003:00001258       ?g_tss_cv@@3U_RTL_CONDITION_VARIABLE@@A 0000000180028258     LIBCMT:thread_safe_statics.obj
 0003:00001260       ?g_tss_event@@3PEAXEA      0000000180028260     LIBCMT:thread_safe_statics.obj
 0003:00001268       ?g_tss_mutex@@3U_RTL_CRITICAL_SECTION@@A 0000000180028268     LIBCMT:thread_safe_statics.obj
 0003:00001290       ?g_sleep_condition_variable_cs@@3P6AHPEAU_RTL_CONDITION_VARIABLE@@PEAU_RTL_CRITICAL_SECTION@@K@ZEA 0000000180028290     LIBCMT:thread_safe_statics.obj
 0003:00001298       ?g_wake_all_condition_variable@@3P6AXPEAU_RTL_CONDITION_VARIABLE@@@ZEA 0000000180028298     LIBCMT:thread_safe_statics.obj
 0003:000012b0       ?is_initialized_as_dll@@3_NA 00000001800282b0     LIBCMT:utility.obj
 0003:000012b1       ?module_local_atexit_table_initialized@@3_NA 00000001800282b1     LIBCMT:utility.obj
 0003:000012b8       ?module_local_atexit_table@@3U_onexit_table_t@@A 00000001800282b8     LIBCMT:utility.obj
 0003:000012d0       ?module_local_at_quick_exit_table@@3U_onexit_table_t@@A 00000001800282d0     LIBCMT:utility.obj
 0003:000012f0       GS_ExceptionRecord         00000001800282f0     LIBCMT:gs_report.obj
 0003:00001390       GS_ContextRecord           0000000180028390     LIBCMT:gs_report.obj
 0003:00001860       ?__proc_attached@@3HA      0000000180028860     LIBCMT:dll_dllmain.obj
 0003:00001890       ?__vcrt_startup_thread_ptd@@3U__vcrt_ptd@@A 0000000180028890     libvcruntime:per_thread_data.obj
 0003:00001918       __vcrt_lock_table          0000000180028918     libvcruntime:locks.obj
 0003:00001940       __vcrt_locks_initialized   0000000180028940     libvcruntime:locks.obj
 0003:00001988       ?heap@@3V_HeapManager@@A   0000000180028988     libvcruntime:undname.obj
 0003:000019b0       ?module_handles@@3PAPEAUHINSTANCE__@@A 00000001800289b0     libvcruntime:winapi_downlevel.obj
 0003:000019c8       ?function_pointers@@3PAPEAXA 00000001800289c8     libvcruntime:winapi_downlevel.obj
 0003:00001a00       ?__acrt_invalid_parameter_handler@@3V?$dual_state_global@P6AXPEB_W00I_K@Z@__crt_state_management@@A 0000000180028a00     libucrt:invalid_parameter.obj
 0003:00001a10       ?__acrt_lock_table@@3PAU_RTL_CRITICAL_SECTION@@A 0000000180028a10     libucrt:locks.obj
 0003:00001c40       ?__acrt_locks_initialized@@3IA 0000000180028c40     libucrt:locks.obj
 0003:00001c48       ?__acrt_new_handler@@3V?$dual_state_global@P6AH_K@Z@__crt_state_management@@A 0000000180028c48     libucrt:new_handler.obj
 0003:00001c50       ?c_termination_complete@@3JA 0000000180028c50     libucrt:exit.obj
 0003:00001c58       ?thread_local_exit_callback_func@@3P6AXPEAXK0@ZEA 0000000180028c58     libucrt:exit.obj
 0003:00001c70       ?program_name@?1???$common_configure_argv@D@@YAHW4_crt_argv_mode@@@Z@4PADA 0000000180028c70     libucrt:argv_parsing.obj
 0003:00001dc8       ?internal_state@?1??_mbtowc_l@@9@4U_Mbstatet@@A 0000000180028dc8     libucrt:mbtowc.obj
 0003:00002200       ?module_handles@@3PAPEAUHINSTANCE__@@A 0000000180029200     libucrt:winapi_thunks.obj
 0003:000022a0       ?encoded_function_pointers@@3PAPEAXA 00000001800292a0     libucrt:winapi_thunks.obj
 0003:000023b0       ?__acrt_app_type@@3W4_crt_app_type@@A 00000001800293b0     libucrt:report_runtime_error.obj
 0003:000023c0       ?ctrlc_action@@3V?$dual_state_global@P6AXH@Z@__crt_state_management@@A 00000001800293c0     libucrt:signal.obj
 0003:000023c8       ?ctrlbreak_action@@3V?$dual_state_global@P6AXH@Z@__crt_state_management@@A 00000001800293c8     libucrt:signal.obj
 0003:000023d0       ?abort_action@@3V?$dual_state_global@P6AXH@Z@__crt_state_management@@A 00000001800293d0     libucrt:signal.obj
 0003:000023d8       ?term_action@@3V?$dual_state_global@P6AXH@Z@__crt_state_management@@A 00000001800293d8     libucrt:signal.obj
 0003:000023f0       ?_tzname@@3V?$dual_state_global@PEAPEAD@__crt_state_management@@A 00000001800293f0     libucrt:timeset.obj
 0003:000023f8       ?w_tzname@@3V?$dual_state_global@PEAPEA_W@__crt_state_management@@A 00000001800293f8     libucrt:timeset.obj
 0003:00002400       ?tz_api_used@@3HA          0000000180029400     libucrt:tzset.obj
 0003:00002404       ?tzset_init_state@@3V?$dual_state_global@J@__crt_state_management@@A 0000000180029404     libucrt:tzset.obj
 0003:00002410       ?tz_info@@3U_TIME_ZONE_INFORMATION@@A 0000000180029410     libucrt:tzset.obj
 0003:000024d8       ?fSystemSet@@3HA           00000001800294d8     libucrt:mbctype.obj
 0003:000024dc       ?initialized@?1??__acrt_initialize_multibyte@@9@4_NA 00000001800294dc     libucrt:mbctype.obj
 0003:00002518       ?user_matherr@@3V?$dual_state_global@P6AHPEAU_exception@@@Z@__crt_state_management@@A 0000000180029518     libucrt:matherr.obj
 0003:00002520       ?__acrt_global_new_mode@@3V?$dual_state_global@J@__crt_state_management@@A 0000000180029520     libucrt:new_mode.obj
 0003:00002528       ?internal_pst@?1??__mbrtoc32_utf8@__crt_mbstring@@YA_KPEA_UPEBD_KPEAU_Mbstatet@@@Z@4U3@A 0000000180029528     libucrt:mbrtoc32.obj
 0003:00002548       ?GImAllocatorUserData@@3PEAXEA 0000000180029548     imgui.obj
 0003:00002578       ?g_pd3dDevice@@3PEAUID3D11Device@@EA 0000000180029578     imgui_impl_dx11.obj
 0003:00002580       ?g_hWnd@@3PEAUHWND__@@EA   0000000180029580     imgui_impl_win32.obj
 0003:000026b0       ?singleton@@3V?$shared_ptr@VSixMansPlugin@@@std@@A 00000001800296b0     SixMansPlugin-Rework.obj
 0005:00000000       MoveSmall                  000000018002c000     libvcruntime:memcpy.obj
 0005:00000040       MoveSmallYmm               000000018002c040     libvcruntime:memcpy.obj
 0005:00000064       MoveSmallYmmNT             000000018002c064     libvcruntime:memcpy.obj
 0005:00000088       MoveSmallXmm               000000018002c088     libvcruntime:memcpy.obj
 0005:000000b0       SetSmall                   000000018002c0b0     libvcruntime:memset.obj
 0005:000000f0       SetSmallYmm                000000018002c0f0     libvcruntime:memset.obj
 0005:00000114       SetSmallYmmNT              000000018002c114     libvcruntime:memset.obj
 0005:00000138       SetSmallXmm                000000018002c138     libvcruntime:memset.obj
 0006:000000a0       $R000000                   000000018002d0a0     SixMansPlugin-Rework.res
 0006:000003d8       $R000338                   000000018002d3d8     SixMansPlugin-Rework.res
