 SixMansPlugin-Rework

 Timestamp is 62282132 (Tue Mar  8 22:38:26 2022)

 Preferred load address is 0000000180000000

 Start         Length     Name                   Class
 0001:00000000 00002ea0H .text$di                CODE
 0001:00002ea0 00019060H .text$mn                CODE
 0001:0001bf00 00000040H .text$mn$00             CODE
 0001:0001bf40 00001030H .text$x                 CODE
 0001:0001cf70 000005d8H .text$yd                CODE
 0002:00000000 00000278H .idata$5                DATA
 0002:00000278 00000038H .00cfg                  DATA
 0002:000002b0 00000008H .CRT$XCA                DATA
 0002:000002b8 00000018H .CRT$XCC                DATA
 0002:000002d0 00000010H .CRT$XCL                DATA
 0002:000002e0 000000d8H .CRT$XCU                DATA
 0002:000003b8 00000008H .CRT$XCZ                DATA
 0002:000003c0 00000008H .CRT$XIA                DATA
 0002:000003c8 00000040H .CRT$XIC                DATA
 0002:00000408 00000008H .CRT$XIZ                DATA
 0002:00000410 00000008H .CRT$XLA                DATA
 0002:00000418 00000008H .CRT$XLZ                DATA
 0002:00000420 00000008H .CRT$XPA                DATA
 0002:00000428 00000010H .CRT$XPX                DATA
 0002:00000438 00000008H .CRT$XPXA               DATA
 0002:00000440 00000008H .CRT$XPZ                DATA
 0002:00000448 00000008H .CRT$XTA                DATA
 0002:00000450 00000010H .CRT$XTZ                DATA
 0002:00000458 00000000H .gehcont$y              DATA
 0002:00000458 00000000H .gfids$y                DATA
 0002:00000460 000117a0H .rdata                  DATA
 0002:00011c00 00000000H .rdata$CastGuardVftablesA DATA
 0002:00011c00 00000000H .rdata$CastGuardVftablesC DATA
 0002:00011c00 00000030H .rdata$T                DATA
 0002:00011c30 0000099cH .rdata$r                DATA
 0002:000125cc 0000012cH .rdata$voltmd           DATA
 0002:000126f8 00000450H .rdata$zzzdbg           DATA
 0002:00012b48 00000008H .rtc$IAA                DATA
 0002:00012b50 00000008H .rtc$IZZ                DATA
 0002:00012b58 00000008H .rtc$TAA                DATA
 0002:00012b60 00000008H .rtc$TZZ                DATA
 0002:00012b68 00000004H .tls                    DATA
 0002:00012b6c 00000004H .tls$                   DATA
 0002:00012b70 00000008H .tls$ZZZ                DATA
 0002:00012b78 00002038H .xdata                  DATA
 0002:00014bb0 00000330H .xdata$x                DATA
 0002:00014ee0 000002ecH .edata                  DATA
 0002:000151cc 00000028H .idata$2                DATA
 0002:000151f4 00000014H .idata$3                DATA
 0002:00015208 00000278H .idata$4                DATA
 0002:00015480 000005a2H .idata$6                DATA
 0003:00000000 000028a0H .data                   DATA
 0003:000028a0 00000200H .data$r                 DATA
 0003:00002aa0 00000160H .data$rs                DATA
 0003:00002c00 00001d3cH .bss                    DATA
 0004:00000000 0000192cH .pdata                  DATA
 0005:00000000 0000015cH _RDATA                  DATA
 0006:00000000 000000a0H .rsrc$01                DATA
 0006:000000a0 000004b8H .rsrc$02                DATA

  Address         Publics by Value              Rva+Base               Lib:Object

 0000:00000000       ___safe_se_handler_count   0000000000000000     <absolute>
 0000:00000000       __hybrid_code_map          0000000000000000     <absolute>
 0000:00000000       __arm64x_extra_rfe_table   0000000000000000     <absolute>
 0000:00000000       __guard_fids_count         0000000000000000     <absolute>
 0000:00000000       __x64_code_ranges_to_entry_points 0000000000000000     <absolute>
 0000:00000000       __guard_longjmp_table      0000000000000000     <absolute>
 0000:00000000       ___safe_se_handler_table   0000000000000000     <absolute>
 0000:00000000       __x64_code_ranges_to_entry_points_count 0000000000000000     <absolute>
 0000:00000000       __guard_eh_cont_count      0000000000000000     <absolute>
 0000:00000000       __arm64x_redirection_metadata 0000000000000000     <absolute>
 0000:00000000       __arm64x_extra_rfe_table_size 0000000000000000     <absolute>
 0000:00000000       __guard_iat_table          0000000000000000     <absolute>
 0000:00000000       __guard_iat_count          0000000000000000     <absolute>
 0000:00000000       __guard_longjmp_count      0000000000000000     <absolute>
 0000:00000000       __dynamic_value_reloc_table 0000000000000000     <absolute>
 0000:00000000       __hybrid_auxiliary_iat     0000000000000000     <absolute>
 0000:00000000       __hybrid_auxiliary_iat_copy 0000000000000000     <absolute>
 0000:00000000       __AbsoluteZero             0000000000000000     <absolute>
 0000:00000000       __guard_check_icall_a64n_fptr 0000000000000000     <absolute>
 0000:00000000       __guard_fids_table         0000000000000000     <absolute>
 0000:00000000       __arm64x_redirection_metadata_count 0000000000000000     <absolute>
 0000:00000000       __enclave_config           0000000000000000     <absolute>
 0000:00000000       __guard_eh_cont_table      0000000000000000     <absolute>
 0000:00000000       __arm64x_native_entrypoint 0000000000000000     <absolute>
 0000:00000000       __hybrid_code_map_count    0000000000000000     <absolute>
 0000:00000100       __guard_flags              0000000000000100     <absolute>
 0000:00000000       __ImageBase                0000000180000000     <linker-defined>
 0001:00002ea0       ??$_Reallocate_grow_by@V<lambda_1>@?1??append@?$basic_string@DU?$char_traits@D@std@@V?$allocator@D@2@@std@@QEAAAEAV34@_KD@Z@_KD@?$basic_string@DU?$char_traits@D@std@@V?$allocator@D@2@@std@@AEAAAEAV01@_KV<lambda_1>@?1??append@01@QEAAAEAV01@0D@Z@_KD@Z 0000000180003ea0 f i format.obj
 0001:00003040       ??0runtime_error@std@@QEAA@AEBV01@@Z 0000000180004040 f i format.obj
 0001:00003080       ?_Xlen_string@std@@YAXXZ   0000000180004080 f i format.obj
 0001:000030a0       ?assign@?$basic_string@DU?$char_traits@D@std@@V?$allocator@D@2@@std@@QEAAAEAV12@QEBD_K@Z 00000001800040a0 f i format.obj
 0001:00003200       ??_Elogic_error@std@@UEAAPEAXI@Z 0000000180004200 f i * CIL library *:* CIL module *
 0001:00003200       ??_Elength_error@std@@UEAAPEAXI@Z 0000000180004200 f i * CIL library *:* CIL module *
 0001:00003200       ??_Gexception@std@@UEAAPEAXI@Z 0000000180004200 f i format.obj
 0001:00003200       ??_Gruntime_error@std@@UEAAPEAXI@Z 0000000180004200 f i format.obj
 0001:00003200       ??_Glogic_error@std@@UEAAPEAXI@Z 0000000180004200 f i server.obj
 0001:00003200       ??_Ebad_alloc@std@@UEAAPEAXI@Z 0000000180004200 f i * CIL library *:* CIL module *
 0001:00003200       ??_Gbad_array_new_length@std@@UEAAPEAXI@Z 0000000180004200 f i format.obj
 0001:00003200       ??_Eruntime_error@std@@UEAAPEAXI@Z 0000000180004200 f i * CIL library *:* CIL module *
 0001:00003200       ??_Glength_error@std@@UEAAPEAXI@Z 0000000180004200 f i server.obj
 0001:00003200       ??_Eexception@std@@UEAAPEAXI@Z 0000000180004200 f i * CIL library *:* CIL module *
 0001:00003200       ??_Ebad_array_new_length@std@@UEAAPEAXI@Z 0000000180004200 f i * CIL library *:* CIL module *
 0001:00003200       ??_Gbad_alloc@std@@UEAAPEAXI@Z 0000000180004200 f i format.obj
 0001:00003250       ??0runtime_error@std@@QEAA@AEBV?$basic_string@DU?$char_traits@D@std@@V?$allocator@D@2@@1@@Z 0000000180004250 f i format.obj
 0001:000032c0       ??1?$basic_string@DU?$char_traits@D@std@@V?$allocator@D@2@@std@@QEAA@XZ 00000001800042c0 f i format.obj
 0001:00003320       ??0bad_array_new_length@std@@QEAA@XZ 0000000180004320 f i format.obj
 0001:00003350       ??1bad_alloc@std@@UEAA@XZ  0000000180004350 f i format.obj
 0001:00003350       ??1length_error@std@@UEAA@XZ 0000000180004350 f i server.obj
 0001:00003350       ??1exception@std@@UEAA@XZ  0000000180004350 f i format.obj
 0001:00003350       ??1system_error@system@boost@@UEAA@XZ 0000000180004350 f i privatematch_wrapper.obj
 0001:00003350       ??1bad_array_new_length@std@@UEAA@XZ 0000000180004350 f i format.obj
 0001:00003370       ??0bad_array_new_length@std@@QEAA@AEBV01@@Z 0000000180004370 f i format.obj
 0001:000033b0       ??0bad_alloc@std@@QEAA@AEBV01@@Z 00000001800043b0 f i format.obj
 0001:000033f0       ?what@exception@std@@UEBAPEBDXZ 00000001800043f0 f i format.obj
 0001:00003410       ??0exception@std@@QEAA@AEBV01@@Z 0000000180004410 f i format.obj
 0001:00003450       ?_Throw_bad_array_new_length@std@@YAXXZ 0000000180004450 f i format.obj
 0001:00003450       ?__scrt_throw_std_bad_array_new_length@@YAXXZ 0000000180004450 f i LIBCMT:throw_bad_alloc.obj
 0001:00003470       __local_stdio_printf_options 0000000180004470 f i format.obj
 0001:00003490       ??3@YAXPEAX@Z              0000000180004490 f   LIBCMT:delete_scalar.obj
 0001:000034a0       __local_stdio_scanf_options 00000001800044a0 f i imgui.obj
 0001:000034b0       sprintf                    00000001800044b0 f i imgui_demo.obj
 0001:00003510       ??$_Reallocate_grow_by@V<lambda_1>@?1??append@?$basic_string@DU?$char_traits@D@std@@V?$allocator@D@2@@std@@QEAAAEAV34@QEBD_K@Z@PEBD_K@?$basic_string@DU?$char_traits@D@std@@V?$allocator@D@2@@std@@AEAAAEAV01@_KV<lambda_1>@?1??append@01@QEAAAEAV01@QEBD0@Z@PEBD_K@Z 0000000180004510 f i imgui_rangeslider.obj
 0001:000036a0       ?append@?$basic_string@DU?$char_traits@D@std@@V?$allocator@D@2@@std@@QEAAAEAV12@QEBD_K@Z 00000001800046a0 f i imgui_rangeslider.obj
 0001:00003730       ??$_Reallocate_grow_by@V<lambda_1>@?1??push_back@?$basic_string@DU?$char_traits@D@std@@V?$allocator@D@2@@std@@QEAAXD@Z@D@?$basic_string@DU?$char_traits@D@std@@V?$allocator@D@2@@std@@AEAAAEAV01@_KV<lambda_1>@?1??push_back@01@QEAAXD@Z@D@Z 0000000180004730 f i logsys.obj
 0001:000038a0       ?to_string@error_code@system@boost@@QEBA?AV?$basic_string@DU?$char_traits@D@std@@V?$allocator@D@2@@std@@XZ 00000001800048a0 f i privatematch_wrapper.obj
 0001:00003a90       ?to_string@source_location@boost@@QEBA?AV?$basic_string@DU?$char_traits@D@std@@V?$allocator@D@2@@std@@XZ 0000000180004a90 f i privatematch_wrapper.obj
 0001:00003c40       ?what@error_code@system@boost@@QEBA?AV?$basic_string@DU?$char_traits@D@std@@V?$allocator@D@2@@std@@XZ 0000000180004c40 f i privatematch_wrapper.obj
 0001:00003df0       ??0system_error@system@boost@@QEAA@AEBVerror_code@12@PEBD@Z 0000000180004df0 f i privatematch_wrapper.obj
 0001:00003f50       ??0?$wrapexcept@Vsystem_error@system@boost@@@boost@@QEAA@AEBVsystem_error@system@1@@Z 0000000180004f50 f i privatematch_wrapper.obj
 0001:00003ff0       ??1?$wrapexcept@Vsystem_error@system@boost@@@boost@@UEAA@XZ 0000000180004ff0 f i privatematch_wrapper.obj
 0001:00004050       ??_E?$wrapexcept@Vsystem_error@system@boost@@@boost@@UEAAPEAXI@Z 0000000180005050 f i * CIL library *:* CIL module *
 0001:00004050       ??_G?$wrapexcept@Vsystem_error@system@boost@@@boost@@UEAAPEAXI@Z 0000000180005050 f i privatematch_wrapper.obj
 0001:000040d0       ??1deleter@?$wrapexcept@Vsystem_error@system@boost@@@boost@@QEAA@XZ 00000001800050d0 f i privatematch_wrapper.obj
 0001:000040f0       ?clone@?$wrapexcept@Vsystem_error@system@boost@@@boost@@UEBAPEBVclone_base@exception_detail@2@XZ 00000001800050f0 f i privatematch_wrapper.obj
 0001:00004150       ?rethrow@?$wrapexcept@Vsystem_error@system@boost@@@boost@@UEBAXXZ 0000000180005150 f i privatematch_wrapper.obj
 0001:00004178       ??_E?$wrapexcept@Vsystem_error@system@boost@@@boost@@W7EAAPEAXI@Z 0000000180005178 f i privatematch_wrapper.obj
 0001:00004184       ??_E?$wrapexcept@Vsystem_error@system@boost@@@boost@@WDI@EAAPEAXI@Z 0000000180005184 f i privatematch_wrapper.obj
 0001:00004190       ??0?$wrapexcept@Vsystem_error@system@boost@@@boost@@QEAA@AEBU01@@Z 0000000180005190 f i privatematch_wrapper.obj
 0001:00004250       ??_Gsystem_error@system@boost@@UEAAPEAXI@Z 0000000180005250 f i privatematch_wrapper.obj
 0001:00004250       ??_Esystem_error@system@boost@@UEAAPEAXI@Z 0000000180005250 f i * CIL library *:* CIL module *
 0001:000042a0       ??0system_error@system@boost@@QEAA@AEBV012@@Z 00000001800052a0 f i privatematch_wrapper.obj
 0001:00004300       ??$throw_exception@Vsystem_error@system@boost@@@boost@@YAXAEBVsystem_error@system@0@@Z 0000000180005300 f i privatematch_wrapper.obj
 0001:00004330       ?do_throw_error@detail@asio@boost@@YAXAEBVerror_code@system@3@PEBD@Z 0000000180005330 f i privatematch_wrapper.obj
 0001:00004360       ?_Get_deleter@_Ref_count_base@std@@UEBAPEAXAEBVtype_info@@@Z 0000000180005360 f i privatematch_wrapper.obj
 0001:00004370       ??1clone_base@exception_detail@boost@@UEAA@XZ 0000000180005370 f i privatematch_wrapper.obj
 0001:00004380       ?copy_boost_exception@exception_detail@boost@@YAXPEAVexception@2@PEBV32@@Z 0000000180005380 f i privatematch_wrapper.obj
 0001:00004450       ??_Eclone_base@exception_detail@boost@@UEAAPEAXI@Z 0000000180005450 f i * CIL library *:* CIL module *
 0001:00004450       ??_Gclone_base@exception_detail@boost@@UEAAPEAXI@Z 0000000180005450 f i privatematch_wrapper.obj
 0001:00004480       ??0clone_base@exception_detail@boost@@QEAA@AEBV012@@Z 0000000180005480 f i privatematch_wrapper.obj
 0001:00004490       ??1?$refcount_ptr@Uerror_info_container@exception_detail@boost@@@exception_detail@boost@@QEAA@XZ 0000000180005490 f i privatematch_wrapper.obj
 0001:000044c0       ??0exception@boost@@QEAA@AEBV01@@Z 00000001800054c0 f i privatematch_wrapper.obj
 0001:00004520       ?win_tss_ptr_create@detail@asio@boost@@YAKXZ 0000000180005520 f i privatematch_wrapper.obj
 0001:000045f0       ?name@system_error_category@detail@system@boost@@UEBAPEBDXZ 00000001800055f0 f i privatematch_wrapper.obj
 0001:00004600       ?system_category_condition_win32@detail@system@boost@@YAHH@Z 0000000180005600 f i privatematch_wrapper.obj
 0001:000049d0       ?default_error_condition@system_error_category@detail@system@boost@@UEBA?AVerror_condition@34@H@Z 00000001800059d0 f i privatematch_wrapper.obj
 0001:00004a10       ?equivalent@error_category@system@boost@@UEBA_NAEBVerror_code@23@H@Z 0000000180005a10 f i privatematch_wrapper.obj
 0001:00004ab0       ?equivalent@error_category@system@boost@@UEBA_NHAEBVerror_condition@23@@Z 0000000180005ab0 f i privatematch_wrapper.obj
 0001:00004b50       ?message@system_error_category@detail@system@boost@@UEBAPEBDHPEAD_K@Z 0000000180005b50 f i privatematch_wrapper.obj
 0001:00004c10       ??1local_free@detail@system@boost@@QEAA@XZ 0000000180005c10 f i privatematch_wrapper.obj
 0001:00004c20       ?assign@?$basic_string@DU?$char_traits@D@std@@V?$allocator@D@2@@std@@QEAAAEAV12@_KD@Z 0000000180005c20 f i privatematch_wrapper.obj
 0001:00004d90       ?snprintf@detail@system@boost@@YAXPEAD_KPEBDZZ 0000000180005d90 f i privatematch_wrapper.obj
 0001:00004df0       ?unknown_message_win32@detail@system@boost@@YA?AV?$basic_string@DU?$char_traits@D@std@@V?$allocator@D@2@@std@@H@Z 0000000180005df0 f i privatematch_wrapper.obj
 0001:00004e90       ?system_category_message_win32@detail@system@boost@@YA?AV?$basic_string@DU?$char_traits@D@std@@V?$allocator@D@2@@std@@H@Z 0000000180005e90 f i privatematch_wrapper.obj
 0001:00005130       ?message@system_error_category@detail@system@boost@@UEBA?AV?$basic_string@DU?$char_traits@D@std@@V?$allocator@D@2@@std@@H@Z 0000000180006130 f i privatematch_wrapper.obj
 0001:00005150       ?failed@error_category@system@boost@@UEBA_NH@Z 0000000180006150 f i privatematch_wrapper.obj
 0001:00005160       ??0length_error@std@@QEAA@PEBD@Z 0000000180006160 f i server.obj
 0001:000051d0       ??0length_error@std@@QEAA@AEBV01@@Z 00000001800061d0 f i server.obj
 0001:00005210       ??0logic_error@std@@QEAA@AEBV01@@Z 0000000180006210 f i server.obj
 0001:00005250       getPlugin                  0000000180006250 f   SixMansPlugin-Rework.obj
 0001:00005320       deleteMe                   0000000180006320 f   SixMansPlugin-Rework.obj
 0001:00005390       ?onLoad@SixMansPlugin@@EEAAXXZ 0000000180006390 f   SixMansPlugin-Rework.obj
 0001:00005430       ?onUnload@BakkesModPlugin@Plugin@BakkesMod@@UEAAXXZ 0000000180006430 f   SixMansPlugin-Rework.obj
 0001:00005430       ?onUnload@SixMansPlugin@@EEAAXXZ 0000000180006430 f   SixMansPlugin-Rework.obj
 0001:00005430       _guard_check_icall_nop     0000000180006430 f   LIBCMT:guard_support.obj
 0001:00005430       ?onLoad@BakkesModPlugin@Plugin@BakkesMod@@UEAAXXZ 0000000180006430 f   SixMansPlugin-Rework.obj
 0001:00005440       ?_Delete_this@?$_Ref_count@VSixMansPlugin@@@std@@EEAAXXZ 0000000180006440 f i SixMansPlugin-Rework.obj
 0001:00005460       ?_Destroy@?$_Ref_count@VSixMansPlugin@@@std@@EEAAXXZ 0000000180006460 f i SixMansPlugin-Rework.obj
 0001:00005490       ??_E?$_Ref_count@VSixMansPlugin@@@std@@UEAAPEAXI@Z 0000000180006490 f i * CIL library *:* CIL module *
 0001:00005490       ??_G?$_Ref_count@VSixMansPlugin@@@std@@UEAAPEAXI@Z 0000000180006490 f i SixMansPlugin-Rework.obj
 0001:000054c0       ??4?$shared_ptr@VCVarManagerWrapper@@@std@@QEAAAEAV01@AEBV01@@Z 00000001800064c0 f i SixMansPlugin-Rework.obj
 0001:00005550       ??1BakkesModPlugin@Plugin@BakkesMod@@QEAA@XZ 0000000180006550 f i SixMansPlugin-Rework.obj
 0001:000055e0       ??0BakkesModPlugin@Plugin@BakkesMod@@QEAA@XZ 00000001800065e0 f i SixMansPlugin-Rework.obj
 0001:00005600       ??0BakkesModPlugin@Plugin@BakkesMod@@QEAA@AEBV012@@Z 0000000180006600 f i pch.obj
 0001:00005660       ??0BakkesModPlugin@Plugin@BakkesMod@@QEAA@$$QEAV012@@Z 0000000180006660 f i pch.obj
 0001:000056c0       ??4BakkesModPlugin@Plugin@BakkesMod@@QEAAAEAV012@AEBV012@@Z 00000001800066c0 f i pch.obj
 0001:00005760       ??4BakkesModPlugin@Plugin@BakkesMod@@QEAAAEAV012@$$QEAV012@@Z 0000000180006760 f i pch.obj
 0001:00005840       ?__autoclassinit2@BakkesModPlugin@Plugin@BakkesMod@@QEAAX_K@Z 0000000180006840 f i pch.obj
 0001:0000584c       ??0bad_alloc@std@@QEAA@XZ  000000018000684c f i libcpmt:xthrow.obj
 0001:0000586c       ?_Xlength_error@std@@YAXPEBD@Z 000000018000686c f   libcpmt:xthrow.obj
 0001:00005890       ??0_Init_locks@std@@QEAA@XZ 0000000180006890 f   libcpmt:xlock.obj
 0001:000058d4       ??1_Init_locks@std@@QEAA@XZ 00000001800068d4 f   libcpmt:xlock.obj
 0001:00005910       ??0bad_exception@std@@QEAA@AEBV01@@Z 0000000180006910 f i libcpmt:excptptr.obj
 0001:00005954       ??0bad_exception@std@@QEAA@XZ 0000000180006954 f i libcpmt:excptptr.obj
 0001:00005984       ??1bad_exception@std@@UEAA@XZ 0000000180006984 f i libcpmt:excptptr.obj
 0001:000059a8       ??_Ebad_exception@std@@UEAAPEAXI@Z 00000001800069a8 f i libcpmt:excptptr.obj
 0001:000059a8       ??_Gbad_exception@std@@UEAAPEAXI@Z 00000001800069a8 f i libcpmt:excptptr.obj
 0001:000059f0       ?_CallMemberFunction0@@YAXQEAX0@Z 00000001800069f0 f i libcpmt:excptptr.obj
 0001:000059f4       ?_CallMemberFunction1@@YAXQEAX00@Z 00000001800069f4 f i libcpmt:excptptr.obj
 0001:00005a00       ?_CallMemberFunction2@@YAXQEAX00H@Z 0000000180006a00 f i libcpmt:excptptr.obj
 0001:00005a10       _Mtxdst                    0000000180006a10 f   libcpmt:xmtx.obj
 0001:00005a18       _Mtxinit                   0000000180006a18 f   libcpmt:xmtx.obj
 0001:00005df0       __security_check_cookie    0000000180006df0 f   LIBCMT:amdsecgs.obj
 0001:00005e10       ??3@YAXPEAX_K@Z            0000000180006e10 f   LIBCMT:delete_scalar_size.obj
 0001:00005e18       ??2@YAPEAX_K@Z             0000000180006e18 f   LIBCMT:new_scalar.obj
 0001:00005e54       ??_Etype_info@@UEAAPEAXI@Z 0000000180006e54 f i LIBCMT:std_type_info_static.obj
 0001:00005e54       ??_Gtype_info@@UEAAPEAXI@Z 0000000180006e54 f i LIBCMT:std_type_info_static.obj
 0001:00005e80       ??_M@YAXPEAX_K1P6AX0@Z@Z   0000000180006e80 f   LIBCMT:ehvecdtr.obj
 0001:00005eec       ?__ArrayUnwind@@YAXPEAX_K1P6AX0@Z@Z 0000000180006eec f   LIBCMT:ehvecdtr.obj
 0001:00006048       __scrt_acquire_startup_lock 0000000180007048 f   LIBCMT:utility.obj
 0001:00006084       __scrt_dllmain_after_initialize_c 0000000180007084 f   LIBCMT:utility.obj
 0001:000060b8       __scrt_dllmain_before_initialize_c 00000001800070b8 f   LIBCMT:utility.obj
 0001:000060d0       __scrt_dllmain_crt_thread_attach 00000001800070d0 f   LIBCMT:utility.obj
 0001:000060f8       __scrt_dllmain_crt_thread_detach 00000001800070f8 f   LIBCMT:utility.obj
 0001:00006110       __scrt_dllmain_exception_filter 0000000180007110 f   LIBCMT:utility.obj
 0001:00006170       __scrt_dllmain_uninitialize_c 0000000180007170 f   LIBCMT:utility.obj
 0001:000061a0       __scrt_dllmain_uninitialize_critical 00000001800071a0 f   LIBCMT:utility.obj
 0001:000061b4       __scrt_initialize_crt      00000001800071b4 f   LIBCMT:utility.obj
 0001:00006200       __scrt_initialize_onexit_tables 0000000180007200 f   LIBCMT:utility.obj
 0001:0000628c       __scrt_is_nonwritable_in_current_image 000000018000728c f   LIBCMT:utility.obj
 0001:00006324       __scrt_release_startup_lock 0000000180007324 f   LIBCMT:utility.obj
 0001:00006348       __scrt_uninitialize_crt    0000000180007348 f   LIBCMT:utility.obj
 0001:00006374       _onexit                    0000000180007374 f   LIBCMT:utility.obj
 0001:000063b0       atexit                     00000001800073b0 f   LIBCMT:utility.obj
 0001:000063c8       __raise_securityfailure    00000001800073c8 f   LIBCMT:gs_report.obj
 0001:000063fc       __report_gsfailure         00000001800073fc f   LIBCMT:gs_report.obj
 0001:000064d0       __report_rangecheckfailure 00000001800074d0 f   LIBCMT:gs_report.obj
 0001:000064e4       __report_securityfailure   00000001800074e4 f   LIBCMT:gs_report.obj
 0001:00006984       _DllMainCRTStartup         0000000180007984 f   LIBCMT:dll_dllmain.obj
 0001:000069c4       __GSHandlerCheck           00000001800079c4 f   LIBCMT:gshandler.obj
 0001:000069e4       __GSHandlerCheckCommon     00000001800079e4 f   LIBCMT:gshandler.obj
 0001:00006a40       __GSHandlerCheck_EH4       0000000180007a40 f   LIBCMT:gshandlereh4.obj
 0001:00006ad0       _alloca_probe              0000000180007ad0 f   LIBCMT:chkstk.obj
 0001:00006ad0       __chkstk                   0000000180007ad0 f   LIBCMT:chkstk.obj
 0001:00006b20       ?__scrt_throw_std_bad_alloc@@YAXXZ 0000000180007b20 f   LIBCMT:throw_bad_alloc.obj
 0001:00006b40       __crt_debugger_hook        0000000180007b40 f   LIBCMT:utility_desktop.obj
 0001:00006b48       __scrt_fastfail            0000000180007b48 f   LIBCMT:utility_desktop.obj
 0001:00006c94       __isa_available_init       0000000180007c94 f   LIBCMT:cpu_disp.obj
 0001:00006e40       DllMain                    0000000180007e40 f   LIBCMT:dll_dllmain_stub.obj
 0001:00006e40       _get_startup_argv_mode     0000000180007e40 f   LIBCMT:argv_mode.obj
 0001:00006e48       __scrt_is_ucrt_dll_in_use  0000000180007e48 f   LIBCMT:ucrt_detection.obj
 0001:00006e54       __security_init_cookie     0000000180007e54 f   LIBCMT:gs_support.obj
 0001:00006f00       ?__scrt_initialize_type_info@@YAXXZ 0000000180007f00 f   LIBCMT:tncleanup.obj
 0001:00006f10       ?__scrt_uninitialize_type_info@@YAXXZ 0000000180007f10 f   LIBCMT:tncleanup.obj
 0001:00006f1c       __scrt_initialize_default_local_stdio_options 0000000180007f1c f   LIBCMT:default_local_stdio_options.obj
 0001:00006f38       __scrt_get_dyn_tls_init_callback 0000000180007f38 f   LIBCMT:dyn_tls_init.obj
 0001:00006f40       _RTC_Initialize            0000000180007f40 f   LIBCMT:initsect.obj
 0001:00006f7c       _RTC_Terminate             0000000180007f7c f   LIBCMT:initsect.obj
 0001:00006fc0       ??$_CallSETranslator@V__FrameHandler4@@@@YAHPEAUEHExceptionRecord@@PEA_KPEAU_CONTEXT@@PEAU_xDISPATCHER_CONTEXT@@PEAUFuncInfo4@FH4@@K1H@Z 0000000180007fc0 f i libvcruntime:risctrnsctrl.obj
 0001:00007014       ?DecompFuncInfo@FH4@@YA_JPEAEAEAUFuncInfo4@1@_KH_N@Z 0000000180008014 f i libvcruntime:risctrnsctrl.obj
 0001:00007138       ?ExecutionInCatch@__FrameHandler4@@SA_NPEAU_xDISPATCHER_CONTEXT@@PEAUFuncInfo4@FH4@@@Z 0000000180008138 f   libvcruntime:risctrnsctrl.obj
 0001:00007140       ?FrameUnwindToEmptyState@__FrameHandler4@@SAXPEA_KPEAU_xDISPATCHER_CONTEXT@@PEAUFuncInfo4@FH4@@@Z 0000000180008140 f   libvcruntime:risctrnsctrl.obj
 0001:00007174       ?GetEstablisherFrame@__FrameHandler4@@SAPEA_KPEA_KPEAU_xDISPATCHER_CONTEXT@@PEAUFuncInfo4@FH4@@0@Z 0000000180008174 f   libvcruntime:risctrnsctrl.obj
 0001:00007198       ?GetRangeOfTrysToCheck@__FrameHandler4@@SA?AU?$pair@Viterator@TryBlockMap4@FH4@@V123@@std@@AEAVTryBlockMap4@FH4@@HPEAU_xDISPATCHER_CONTEXT@@PEAUFuncInfo4@5@H@Z 0000000180008198 f   libvcruntime:risctrnsctrl.obj
 0001:00007304       ?UnwindNestedFrames@__FrameHandler4@@SAXPEA_KPEAUEHExceptionRecord@@PEAU_CONTEXT@@0PEAXPEAUFuncInfo4@FH4@@HHPEAUHandlerType4@5@PEAU_xDISPATCHER_CONTEXT@@E@Z 0000000180008304 f   libvcruntime:risctrnsctrl.obj
 0001:00007424       ?setBuffer@TryBlockMap4@FH4@@QEAAXViterator@12@@Z 0000000180008424 f i libvcruntime:risctrnsctrl.obj
 0001:000075e8       _CreateFrameInfo           00000001800085e8 f   libvcruntime:risctrnsctrl.obj
 0001:00007624       _FindAndUnlinkFrame        0000000180008624 f   libvcruntime:risctrnsctrl.obj
 0001:00007678       _GetImageBase              0000000180008678 f   libvcruntime:risctrnsctrl.obj
 0001:0000768c       _GetThrowImageBase         000000018000868c f   libvcruntime:risctrnsctrl.obj
 0001:000076a0       _SetImageBase              00000001800086a0 f   libvcruntime:risctrnsctrl.obj
 0001:000076b8       _SetThrowImageBase         00000001800086b8 f   libvcruntime:risctrnsctrl.obj
 0001:000076d0       __CxxFrameHandler4         00000001800086d0 f   libvcruntime:risctrnsctrl.obj
 0001:00007790       __DestructExceptionObject  0000000180008790 f   libvcruntime:ehhelpers.obj
 0001:00007800       _IsExceptionObjectToBeDestroyed 0000000180008800 f   libvcruntime:ehhelpers.obj
 0001:00007830       __AdjustPointer            0000000180008830 f   libvcruntime:ehhelpers.obj
 0001:00007854       __FrameUnwindFilter        0000000180008854 f   libvcruntime:ehhelpers.obj
 0001:000078bc       __current_exception        00000001800088bc f   libvcruntime:ehhelpers.obj
 0001:000078d0       __current_exception_context 00000001800088d0 f   libvcruntime:ehhelpers.obj
 0001:000078e4       __std_terminate            00000001800088e4 f   libvcruntime:ehhelpers.obj
 0001:000078f0       __std_exception_copy       00000001800088f0 f   libvcruntime:std_exception.obj
 0001:00007980       __std_exception_destroy    0000000180008980 f   libvcruntime:std_exception.obj
 0001:000079a8       _get_purecall_handler      00000001800089a8 f   libvcruntime:purevirt.obj
 0001:000079b4       _purecall                  00000001800089b4 f   libvcruntime:purevirt.obj
 0001:000079d0       __C_specific_handler       00000001800089d0 f   libvcruntime:riscchandler.obj
 0001:00007bc8       __std_type_info_compare    0000000180008bc8 f   libvcruntime:std_type_info.obj
 0001:00007bf0       __std_type_info_destroy_list 0000000180008bf0 f   libvcruntime:std_type_info.obj
 0001:00007c1c       _CxxThrowException         0000000180008c1c f   libvcruntime:throw.obj
 0001:00007cd0       memcpy_repmovs             0000000180008cd0 f   libvcruntime:memcpy.obj
 0001:00007cf0       memcpy                     0000000180008cf0 f   libvcruntime:memcpy.obj
 0001:00007cf0       memmove                    0000000180008cf0 f   libvcruntime:memcpy.obj
 0001:00008380       memset_repstos             0000000180009380 f   libvcruntime:memset.obj
 0001:000083a0       memset                     00000001800093a0 f   libvcruntime:memset.obj
 0001:00008740       memcmp                     0000000180009740 f   libvcruntime:memcmp.obj
 0001:00008820       memchr                     0000000180009820 f   libvcruntime:memchr.obj
 0001:00008890       __vcrt_initialize          0000000180009890 f   libvcruntime:initialization.obj
 0001:000088b8       __vcrt_thread_attach       00000001800098b8 f   libvcruntime:initialization.obj
 0001:000088cc       __vcrt_thread_detach       00000001800098cc f   libvcruntime:initialization.obj
 0001:000088e0       __vcrt_uninitialize        00000001800098e0 f   libvcruntime:initialization.obj
 0001:000088fc       __vcrt_uninitialize_critical 00000001800098fc f   libvcruntime:initialization.obj
 0001:0000890c       __vcrt_freefls             000000018000990c f   libvcruntime:per_thread_data.obj
 0001:0000892c       __vcrt_freeptd             000000018000992c f   libvcruntime:per_thread_data.obj
 0001:0000897c       __vcrt_getptd              000000018000997c f   libvcruntime:per_thread_data.obj
 0001:00008998       __vcrt_getptd_noexit       0000000180009998 f   libvcruntime:per_thread_data.obj
 0001:00008a58       __vcrt_initialize_ptd      0000000180009a58 f   libvcruntime:per_thread_data.obj
 0001:00008aa0       __vcrt_uninitialize_ptd    0000000180009aa0 f   libvcruntime:per_thread_data.obj
 0001:00008ac4       ?StateFromControlPc@__FrameHandler4@@SAHPEAUFuncInfo4@FH4@@PEAU_xDISPATCHER_CONTEXT@@@Z 0000000180009ac4 f   libvcruntime:ehstate.obj
 0001:00008acc       ?StateFromIp@__FrameHandler4@@SAHPEAUFuncInfo4@FH4@@PEAU_xDISPATCHER_CONTEXT@@_K@Z 0000000180009acc f   libvcruntime:ehstate.obj
 0001:00009744       ??$TypeMatchHelper@V__FrameHandler3@@@@YAHPEBU_s_HandlerType@@PEBU_s_CatchableType@@PEBU_s_ThrowInfo@@@Z 000000018000a744 f i libvcruntime:frame.obj
 0001:00009884       ??$TypeMatchHelper@V__FrameHandler4@@@@YAHPEAUHandlerType4@FH4@@PEBU_s_CatchableType@@PEBU_s_ThrowInfo@@@Z 000000018000a884 f i libvcruntime:frame.obj
 0001:000099c8       ??$__InternalCxxFrameHandler@V__FrameHandler4@@@@YA?AW4_EXCEPTION_DISPOSITION@@PEAUEHExceptionRecord@@PEA_KPEAU_CONTEXT@@PEAU_xDISPATCHER_CONTEXT@@PEAUFuncInfo4@FH4@@H1E@Z 000000018000a9c8 f i libvcruntime:frame.obj
 0001:00009c5c       ??0HandlerMap4@FH4@@QEAA@PEBUTryBlockMapEntry4@1@_KH@Z 000000018000ac5c f i libvcruntime:frame.obj
 0001:00009cd8       ??0TryBlockMap4@FH4@@QEAA@PEBUFuncInfo4@1@_K@Z 000000018000acd8 f i libvcruntime:frame.obj
 0001:00009db0       ?CxxCallCatchBlock@__FrameHandler4@@SAPEAXPEAU_EXCEPTION_RECORD@@@Z 000000018000adb0 f   libvcruntime:frame.obj
 0001:0000a000       ?DecompHandler@HandlerMap4@FH4@@AEAAXXZ 000000018000b000 f i libvcruntime:frame.obj
 0001:0000a24c       ?FrameUnwindToState@__FrameHandler4@@SAXPEA_KPEAU_xDISPATCHER_CONTEXT@@PEAUFuncInfo4@FH4@@H@Z 000000018000b24c f   libvcruntime:frame.obj
 0001:0000a6c0       ?ReadEntry@UWMap4@FH4@@AEAAXPEAPEAE@Z 000000018000b6c0 f i libvcruntime:frame.obj
 0001:0000a75c       ?getStartStop@UWMap4@FH4@@QEAAXHHAEAViterator@12@0@Z 000000018000b75c f i libvcruntime:frame.obj
 0001:0000a82c       ?getStateFromIterators@UWMap4@FH4@@SAHAEBViterator@12@H0H0@Z 000000018000b82c f i libvcruntime:frame.obj
 0001:0000a910       _NLG_Notify                000000018000b910 f   libvcruntime:notify.obj
 0001:0000a930       __NLG_Dispatch2            000000018000b930 f   libvcruntime:notify.obj
 0001:0000a940       __NLG_Return2              000000018000b940 f   libvcruntime:notify.obj
 0001:0000a944       __except_validate_context_record 000000018000b944 f   libvcruntime:jbcxrval.obj
 0001:0000a97c       __vcrt_initialize_locks    000000018000b97c f   libvcruntime:locks.obj
 0001:0000a9c4       __vcrt_uninitialize_locks  000000018000b9c4 f   libvcruntime:locks.obj
 0001:0000ab4c       __vcrt_FlsAlloc            000000018000bb4c f   libvcruntime:winapi_downlevel.obj
 0001:0000ab94       __vcrt_FlsFree             000000018000bb94 f   libvcruntime:winapi_downlevel.obj
 0001:0000abdc       __vcrt_FlsGetValue         000000018000bbdc f   libvcruntime:winapi_downlevel.obj
 0001:0000ac24       __vcrt_FlsSetValue         000000018000bc24 f   libvcruntime:winapi_downlevel.obj
 0001:0000ac78       __vcrt_InitializeCriticalSectionEx 000000018000bc78 f   libvcruntime:winapi_downlevel.obj
 0001:0000acf0       _CallSettingFrame          000000018000bcf0 f   libvcruntime:handlers.obj
 0001:0000ad40       _CallSettingFrame_LookupContinuationIndex 000000018000bd40 f   libvcruntime:handlers.obj
 0001:0000ad70       _CallSettingFrame_NotifyContinuationAddr 000000018000bd70 f   libvcruntime:handlers.obj
 0001:0000ada0       _CallSettingFrameEncoded   000000018000bda0 f   libvcruntime:handlers.obj
 0001:0000afb4       ??$ensure_buffer_is_big_enough@D@formatting_buffer@__crt_stdio_output@@QEAA_N_K@Z 000000018000bfb4 f i libucrt:output.obj
 0001:0000b05c       ??$type_case_integer_parse_into_buffer@I@?$output_processor@DV?$string_output_adapter@D@__crt_stdio_output@@V?$standard_base@DV?$string_output_adapter@D@__crt_stdio_output@@@2@@__crt_stdio_output@@AEAAXII_N@Z 000000018000c05c f i libucrt:output.obj
 0001:0000b0e4       ??$type_case_integer_parse_into_buffer@_K@?$output_processor@DV?$string_output_adapter@D@__crt_stdio_output@@V?$standard_base@DV?$string_output_adapter@D@__crt_stdio_output@@@2@@__crt_stdio_output@@AEAAX_KI_N@Z 000000018000c0e4 f i libucrt:output.obj
 0001:0000b174       ??$write_multiple_characters@V?$string_output_adapter@D@__crt_stdio_output@@D@__crt_stdio_output@@YAXAEBV?$string_output_adapter@D@0@DHQEAH@Z 000000018000c174 f i libucrt:output.obj
 0001:0000b1ec       ??0_LocaleUpdate@@QEAA@QEAU__crt_locale_pointers@@@Z 000000018000c1ec f i libucrt:output.obj
 0001:0000b290       ?crop_zeroes@__crt_stdio_output@@YAXPEADQEAU__crt_locale_pointers@@@Z 000000018000c290 f i libucrt:output.obj
 0001:0000b330       ?force_decimal_point@__crt_stdio_output@@YAXPEADQEAU__crt_locale_pointers@@@Z 000000018000c330 f i libucrt:output.obj
 0001:0000b3a8       ?parse_int_from_format_string@?$output_processor@DV?$string_output_adapter@D@__crt_stdio_output@@V?$standard_base@DV?$string_output_adapter@D@__crt_stdio_output@@@2@@__crt_stdio_output@@AEAA_NQEAH@Z 000000018000c3a8 f i libucrt:output.obj
 0001:0000b44c       ?process@?$output_processor@DV?$string_output_adapter@D@__crt_stdio_output@@V?$standard_base@DV?$string_output_adapter@D@__crt_stdio_output@@@2@@__crt_stdio_output@@QEAAHXZ 000000018000c44c f i libucrt:output.obj
 0001:0000b654       ?state_case_normal@?$output_processor@DV?$string_output_adapter@D@__crt_stdio_output@@V?$standard_base@DV?$string_output_adapter@D@__crt_stdio_output@@@2@@__crt_stdio_output@@AEAA_NXZ 000000018000c654 f i libucrt:output.obj
 0001:0000b6c8       ?state_case_normal_tchar@?$output_processor@DV?$string_output_adapter@D@__crt_stdio_output@@V?$standard_base@DV?$string_output_adapter@D@__crt_stdio_output@@@2@@__crt_stdio_output@@AEAA_ND@Z 000000018000c6c8 f i libucrt:output.obj
 0001:0000b770       ?state_case_size@?$output_processor@DV?$string_output_adapter@D@__crt_stdio_output@@V?$standard_base@DV?$string_output_adapter@D@__crt_stdio_output@@@2@@__crt_stdio_output@@AEAA_NXZ 000000018000c770 f i libucrt:output.obj
 0001:0000b8e0       ?state_case_type@?$output_processor@DV?$string_output_adapter@D@__crt_stdio_output@@V?$standard_base@DV?$string_output_adapter@D@__crt_stdio_output@@@2@@__crt_stdio_output@@AEAA_NXZ 000000018000c8e0 f i libucrt:output.obj
 0001:0000bb50       ?to_integer_size@__crt_stdio_output@@YA_KW4length_modifier@1@@Z 000000018000cb50 f i libucrt:output.obj
 0001:0000bbb8       ?type_case_Z@?$output_processor@DV?$string_output_adapter@D@__crt_stdio_output@@V?$standard_base@DV?$string_output_adapter@D@__crt_stdio_output@@@2@@__crt_stdio_output@@AEAA_NXZ 000000018000cbb8 f i libucrt:output.obj
 0001:0000bc2c       ?type_case_a@?$output_processor@DV?$string_output_adapter@D@__crt_stdio_output@@V?$standard_base@DV?$string_output_adapter@D@__crt_stdio_output@@@2@@__crt_stdio_output@@AEAA_NXZ 000000018000cc2c f i libucrt:output.obj
 0001:0000bde8       ?type_case_c_tchar@?$output_processor@DV?$string_output_adapter@D@__crt_stdio_output@@V?$standard_base@DV?$string_output_adapter@D@__crt_stdio_output@@@2@@__crt_stdio_output@@AEAA_ND@Z 000000018000cde8 f i libucrt:output.obj
 0001:0000beb0       ?type_case_integer@?$output_processor@DV?$string_output_adapter@D@__crt_stdio_output@@V?$standard_base@DV?$string_output_adapter@D@__crt_stdio_output@@@2@@__crt_stdio_output@@AEAA_NI_N@Z 000000018000ceb0 f i libucrt:output.obj
 0001:0000c030       ?type_case_n@?$output_processor@DV?$string_output_adapter@D@__crt_stdio_output@@V?$standard_base@DV?$string_output_adapter@D@__crt_stdio_output@@@2@@__crt_stdio_output@@AEAA_NXZ 000000018000d030 f i libucrt:output.obj
 0001:0000c0b8       ?type_case_s@?$output_processor@DV?$string_output_adapter@D@__crt_stdio_output@@V?$standard_base@DV?$string_output_adapter@D@__crt_stdio_output@@@2@@__crt_stdio_output@@AEAA_NXZ 000000018000d0b8 f i libucrt:output.obj
 0001:0000c150       ?write_stored_string_tchar@?$output_processor@DV?$string_output_adapter@D@__crt_stdio_output@@V?$standard_base@DV?$string_output_adapter@D@__crt_stdio_output@@@2@@__crt_stdio_output@@AEAA_ND@Z 000000018000d150 f i libucrt:output.obj
 0001:0000c22c       ?write_string@?$string_output_adapter@D@__crt_stdio_output@@QEBAXQEBDHQEAHAEAV__crt_deferred_errno_cache@@@Z 000000018000d22c f i libucrt:output.obj
 0001:0000c2d0       __stdio_common_vsprintf    000000018000d2d0 f   libucrt:output.obj
 0001:0000c2d8       __acrt_initialize_stdio    000000018000d2d8 f   libucrt:_file.obj
 0001:0000c3f8       __acrt_uninitialize_stdio  000000018000d3f8 f   libucrt:_file.obj
 0001:0000c454       _lock_file                 000000018000d454 f   libucrt:_file.obj
 0001:0000c460       _unlock_file               000000018000d460 f   libucrt:_file.obj
 0001:0000c46c       terminate                  000000018000d46c f   libucrt:terminate.obj
 0001:0000c48c       __acrt_errno_from_os_error 000000018000d48c f   libucrt:errno.obj
 0001:0000c4d4       __acrt_errno_map_os_error  000000018000d4d4 f   libucrt:errno.obj
 0001:0000c524       __doserrno                 000000018000d524 f   libucrt:errno.obj
 0001:0000c544       _errno                     000000018000d544 f   libucrt:errno.obj
 0001:0000c564       __acrt_call_reportfault    000000018000d564 f   libucrt:invalid_parameter.obj
 0001:0000c6c0       __acrt_initialize_invalid_parameter_handler 000000018000d6c0 f   libucrt:invalid_parameter.obj
 0001:0000c6c8       _invalid_parameter         000000018000d6c8 f   libucrt:invalid_parameter.obj
 0001:0000c778       _invalid_parameter_noinfo  000000018000d778 f   libucrt:invalid_parameter.obj
 0001:0000c798       _invalid_parameter_noinfo_noreturn 000000018000d798 f   libucrt:invalid_parameter.obj
 0001:0000c7c8       _invoke_watson             000000018000d7c8 f   libucrt:invalid_parameter.obj
 0001:0000c810       _fileno                    000000018000d810 f   libucrt:fileno.obj
 0001:0000c838       _isatty                    000000018000d838 f   libucrt:isatty.obj
 0001:0000c898       __acrt_lowio_create_handle_array 000000018000d898 f   libucrt:osfinfo.obj
 0001:0000c940       __acrt_lowio_destroy_handle_array 000000018000d940 f   libucrt:osfinfo.obj
 0001:0000c990       __acrt_lowio_ensure_fh_exists 000000018000d990 f   libucrt:osfinfo.obj
 0001:0000ca38       __acrt_lowio_lock_fh       000000018000da38 f   libucrt:osfinfo.obj
 0001:0000ca60       __acrt_lowio_unlock_fh     000000018000da60 f   libucrt:osfinfo.obj
 0001:0000ca88       _free_osfhnd               000000018000da88 f   libucrt:osfinfo.obj
 0001:0000cb44       _get_osfhandle             000000018000db44 f   libucrt:osfinfo.obj
 0001:0000cbbc       free                       000000018000dbbc f   libucrt:free.obj
 0001:0000cbd0       calloc                     000000018000dbd0 f   libucrt:calloc.obj
 0001:0000cbd8       _fclose_nolock             000000018000dbd8 f   libucrt:fclose.obj
 0001:0000cc5c       fclose                     000000018000dc5c f   libucrt:fclose.obj
 0001:0000ccc0       ??$__acrt_mbs_to_wcs_cp@U__crt_win32_buffer_internal_dynamic_resizing@@@@YAHQEBDAEAV?$__crt_win32_buffer@_WU__crt_win32_buffer_internal_dynamic_resizing@@@@I@Z 000000018000dcc0 f i libucrt:open.obj
 0001:0000ceac       _close                     000000018000deac f   libucrt:close.obj
 0001:0000cf50       _close_nolock              000000018000df50 f   libucrt:close.obj
 0001:0000d88c       _write                     000000018000e88c f   libucrt:write.obj
 0001:0000d978       _write_nolock              000000018000e978 f   libucrt:write.obj
 0001:0000dc5c       malloc                     000000018000ec5c f   libucrt:malloc.obj
 0001:0000dc80       strncpy                    000000018000ec80 f   libucrt:strncpy.obj
 0001:0000ddf0       qsort                      000000018000edf0 f   libucrt:qsort.obj
 0001:0000e36c       __acrt_stdio_flush_nolock  000000018000f36c f   libucrt:fflush.obj
 0001:0000e3e8       _fflush_nolock             000000018000f3e8 f   libucrt:fflush.obj
 0001:0000e434       _flushall                  000000018000f434 f   libucrt:fflush.obj
 0001:0000e440       ?divide@__crt_strtox@@YA_KAEAUbig_integer@1@AEBU21@@Z 000000018000f440 f i libucrt:input.obj
 0001:0000e86c       _ischartype_l              000000018000f86c f i libucrt:input.obj
 0001:0000e980       strncmp                    000000018000f980 f   libucrt:strncmp.obj
 0001:0000ea00       ??$parse_integer@KV?$c_string_character_source@D@__crt_strtox@@@__crt_strtox@@YAKQEAU__crt_locale_pointers@@V?$c_string_character_source@D@0@H_N@Z 000000018000fa00 f i libucrt:strtox.obj
 0001:0000ed04       strtol                     000000018000fd04 f   libucrt:strtox.obj
 0001:0000ed30       __acrt_initialize_clock    000000018000fd30 f   libucrt:clock.obj
 0001:0000edcc       __acrt_get_sigabrt_handler 000000018000fdcc f   libucrt:signal.obj
 0001:0000edfc       __acrt_initialize_signal_handlers 000000018000fdfc f   libucrt:signal.obj
 0001:0000ee1c       raise                      000000018000fe1c f   libucrt:signal.obj
 0001:0000f088       __acrt_initialize_locks    0000000180010088 f   libucrt:locks.obj
 0001:0000f0d0       __acrt_lock                00000001800100d0 f   libucrt:locks.obj
 0001:0000f0ec       __acrt_uninitialize_locks  00000001800100ec f   libucrt:locks.obj
 0001:0000f124       __acrt_unlock              0000000180010124 f   libucrt:locks.obj
 0001:0000f140       __pctype_func              0000000180010140 f   libucrt:ctype.obj
 0001:0000f170       abort                      0000000180010170 f   libucrt:abort.obj
 0001:0000f1d0       pow                        00000001800101d0 f   libucrt:pow.obj
 0001:00010870       powf                       0000000180011870 f   libucrt:powf.obj
 0001:00011738       __strncnt                  0000000180012738 f   libucrt:strncnt.obj
 0001:00011750       ??$__acrt_wcs_to_mbs_cp@U__crt_win32_buffer_no_resizing@@@@YAHQEB_WAEAV?$__crt_win32_buffer@DU__crt_win32_buffer_no_resizing@@@@I@Z 0000000180012750 f i libucrt:strftime.obj
 0001:00011864       strnlen                    0000000180012864 f   libucrt:strnlen.obj
 0001:000119b4       wcsnlen                    00000001800129b4 f   libucrt:strnlen.obj
 0001:00011b8c       __acrt_initialize_new_handler 0000000180012b8c f   libucrt:new_handler.obj
 0001:00011b94       _callnewh                  0000000180012b94 f   libucrt:new_handler.obj
 0001:00011bc4       _query_new_handler         0000000180012bc4 f   libucrt:new_handler.obj
 0001:00011bf8       _seh_filter_dll            0000000180012bf8 f   libucrt:exception_filter.obj
 0001:00011c0c       _seh_filter_exe            0000000180012c0c f   libucrt:exception_filter.obj
 0001:00011ffc       __acrt_initialize_thread_local_exit_callback 0000000180012ffc f   libucrt:exit.obj
 0001:00012004       _cexit                     0000000180013004 f   libucrt:exit.obj
 0001:00012014       _exit                      0000000180013014 f   libucrt:exit.obj
 0001:00012020       _is_c_termination_complete 0000000180013020 f   libucrt:exit.obj
 0001:000121e8       __acrt_allocate_buffer_for_argv 00000001800131e8 f   libucrt:argv_parsing.obj
 0001:00012248       _configure_narrow_argv     0000000180013248 f   libucrt:argv_parsing.obj
 0001:000125c0       __dcrt_uninitialize_environments_nolock 00000001800135c0 f   libucrt:environment_initialization.obj
 0001:000125f8       _initialize_narrow_environment 00000001800135f8 f   libucrt:environment_initialization.obj
 0001:00012940       _crt_atexit                0000000180013940 f   libucrt:onexit.obj
 0001:00012950       _execute_onexit_table      0000000180013950 f   libucrt:onexit.obj
 0001:0001298c       _initialize_onexit_table   000000018001398c f   libucrt:onexit.obj
 0001:000129b4       _register_onexit_function  00000001800139b4 f   libucrt:onexit.obj
 0001:00012a34       __acrt_uninitialize_command_line 0000000180013a34 f   libucrt:argv_data.obj
 0001:00012b2c       __acrt_initialize          0000000180013b2c f   libucrt:initialization.obj
 0001:00012b40       __acrt_thread_attach       0000000180013b40 f   libucrt:initialization.obj
 0001:00012b54       __acrt_thread_detach       0000000180013b54 f   libucrt:initialization.obj
 0001:00012b64       __acrt_uninitialize        0000000180013b64 f   libucrt:initialization.obj
 0001:00012b9c       __acrt_uninitialize_critical 0000000180013b9c f   libucrt:initialization.obj
 0001:00012bac       _initterm                  0000000180013bac f   libucrt:initterm.obj
 0001:00012c10       _initterm_e                0000000180013c10 f   libucrt:initterm.obj
 0001:00012c50       strcpy_s                   0000000180013c50 f   libucrt:strcpy_s.obj
 0001:00012cb0       wcsncmp                    0000000180013cb0 f   libucrt:wcsncmp.obj
 0001:00012cdc       _free_base                 0000000180013cdc f   libucrt:free_base.obj
 0001:00012d1c       _malloc_base               0000000180013d1c f   libucrt:malloc_base.obj
 0001:00012d7c       _mbtowc_l                  0000000180013d7c f   libucrt:mbtowc.obj
 0001:00012efc       mbtowc                     0000000180013efc f   libucrt:mbtowc.obj
 0001:00012f04       _wctomb_s_l                0000000180013f04 f   libucrt:wctomb.obj
 0001:00013418       __acrt_freeptd             0000000180014418 f   libucrt:per_thread_data.obj
 0001:0001345c       __acrt_getptd              000000018001445c f   libucrt:per_thread_data.obj
 0001:00013530       __acrt_getptd_head         0000000180014530 f   libucrt:per_thread_data.obj
 0001:000135d8       __acrt_getptd_noexit       00000001800145d8 f   libucrt:per_thread_data.obj
 0001:000136a4       __acrt_initialize_ptd      00000001800146a4 f   libucrt:per_thread_data.obj
 0001:000136e0       __acrt_uninitialize_ptd    00000001800146e0 f   libucrt:per_thread_data.obj
 0001:00013704       __acrt_update_locale_info  0000000180014704 f   libucrt:locale_update.obj
 0001:00013738       __acrt_update_multibyte_info 0000000180014738 f   libucrt:locale_update.obj
 0001:00014178       __acrt_fp_format           0000000180015178 f   libucrt:cvt.obj
 0001:000144b0       _get_printf_count_output   00000001800154b0 f   libucrt:printf_count_output.obj
 0001:00014538       __acrt_set_locale_changed  0000000180015538 f   libucrt:wsetlocale.obj
 0001:00014544       __acrt_uninitialize_locale 0000000180015544 f   libucrt:wsetlocale.obj
 0001:00014770       __acrt_initialize_lowio    0000000180015770 f   libucrt:ioinit.obj
 0001:000147ac       __acrt_uninitialize_lowio  00000001800157ac f   libucrt:ioinit.obj
 0001:000147ec       _calloc_base               00000001800157ec f   libucrt:calloc_base.obj
 0001:00014a3c       __acrt_AppPolicyGetProcessTerminationMethodInternal 0000000180015a3c f   libucrt:winapi_thunks.obj
 0001:00014a8c       __acrt_AreFileApisANSI     0000000180015a8c f   libucrt:winapi_thunks.obj
 0001:00014ac8       __acrt_FlsAlloc            0000000180015ac8 f   libucrt:winapi_thunks.obj
 0001:00014b10       __acrt_FlsFree             0000000180015b10 f   libucrt:winapi_thunks.obj
 0001:00014b58       __acrt_FlsGetValue         0000000180015b58 f   libucrt:winapi_thunks.obj
 0001:00014ba0       __acrt_FlsSetValue         0000000180015ba0 f   libucrt:winapi_thunks.obj
 0001:00014bf4       __acrt_InitializeCriticalSectionEx 0000000180015bf4 f   libucrt:winapi_thunks.obj
 0001:00014c58       __acrt_LCMapStringEx       0000000180015c58 f   libucrt:winapi_thunks.obj
 0001:00014d34       __acrt_LocaleNameToLCID    0000000180015d34 f   libucrt:winapi_thunks.obj
 0001:00014d84       __acrt_initialize_winapi_thunks 0000000180015d84 f   libucrt:winapi_thunks.obj
 0001:00014db8       __acrt_uninitialize_winapi_thunks 0000000180015db8 f   libucrt:winapi_thunks.obj
 0001:00014dfc       _fcloseall                 0000000180015dfc f   libucrt:closeall.obj
 0001:00014eb0       __acrt_stdio_free_buffer_nolock 0000000180015eb0 f   libucrt:_freebuf.obj
 0001:00014ef0       strncpy_s                  0000000180015ef0 f   libucrt:strncpy_s.obj
 0001:00014fc4       _query_app_type            0000000180015fc4 f   libucrt:report_runtime_error.obj
 0001:00014fcc       ?__acrt_stdio_free_stream@@YAXV__crt_stdio_stream@@@Z 0000000180015fcc f   libucrt:stream.obj
 0001:00014fe8       __acrt_MultiByteToWideChar 0000000180015fe8 f   libucrt:multibytetowidechar.obj
 0001:000150e0       _lseeki64_nolock           00000001800160e0 f   libucrt:lseek.obj
 0001:000150e8       __acrt_WideCharToMultiByte 00000001800160e8 f   libucrt:widechartomultibyte.obj
 0001:00015198       ?__mbrtowc_utf8@__crt_mbstring@@YA_KPEA_WPEBD_KPEAU_Mbstatet@@@Z 0000000180016198 f   libucrt:mbrtowc.obj
 0001:000151d4       ?__mbsrtowcs_utf8@__crt_mbstring@@YA_KPEA_WPEAPEBD_KPEAU_Mbstatet@@@Z 00000001800161d4 f   libucrt:mbrtowc.obj
 0001:0001534c       _putwch_nolock             000000018001634c f   libucrt:putwch.obj
 0001:00015388       __ascii_wcsnicmp           0000000180016388 f   libucrt:wcsnicmp.obj
 0001:000153d4       _isleadbyte_l              00000001800163d4 f i libucrt:_wctype.obj
 0001:00015738       __acrt_LCMapStringA        0000000180016738 f   libucrt:lcmapstringa.obj
 0001:0001585c       _commit                    000000018001685c f   libucrt:commit.obj
 0001:000158f0       _isctype_l                 00000001800168f0 f   libucrt:isctype.obj
 0001:000159f8       fegetround                 00000001800169f8 f   libucrt:fegetround.obj
 0001:00015a0c       _raise_exc                 0000000180016a0c f   libucrt:fpexcept.obj
 0001:00015a34       _raise_exc_ex              0000000180016a34 f   libucrt:fpexcept.obj
 0001:00015d44       _raise_excf                0000000180016d44 f   libucrt:fpexcept.obj
 0001:00015d70       _set_errno_from_matherr    0000000180016d70 f   libucrt:fpexcept.obj
 0001:00015da0       _clrfp                     0000000180016da0 f   libucrt:fpctrl.obj
 0001:00015dc0       _ctrlfp                    0000000180016dc0 f   libucrt:fpctrl.obj
 0001:00015e3c       _set_statfp                0000000180016e3c f   libucrt:fpctrl.obj
 0001:00015e5c       _statfp                    0000000180016e5c f   libucrt:fpctrl.obj
 0001:00015e70       __acrt_get_process_end_policy 0000000180016e70 f   libucrt:win_policies.obj
 0001:00015eac       _realloc_base              0000000180016eac f   libucrt:realloc_base.obj
 0001:00015f28       __acrt_GetStringTypeA      0000000180016f28 f   libucrt:getstringtypea.obj
 0001:000160c0       __acrt_initialize_fma3     00000001800170c0 f   libucrt:fma3_available.obj
 0001:00016130       _pow_special               0000000180017130 f   libucrt:pow_special.obj
 0001:00016254       _powf_special              0000000180017254 f   libucrt:pow_special.obj
 0001:000163e0       __acrt_initialize_timeset  00000001800173e0 f   libucrt:timeset.obj
 0001:00016444       ??$__acrt_wcs_to_mbs_cp@U__crt_win32_buffer_internal_dynamic_resizing@@@@YAHQEB_WAEAV?$__crt_win32_buffer@DU__crt_win32_buffer_internal_dynamic_resizing@@@@I@Z 0000000180017444 f i libucrt:argv_wildcards.obj
 0001:00016c74       __acrt_expand_narrow_argv_wildcards 0000000180017c74 f   libucrt:argv_wildcards.obj
 0001:00016c7c       __acrt_GetModuleFileNameA  0000000180017c7c f   libucrt:getmodulefilenamea.obj
 0001:000174c4       __acrt_initialize_multibyte 00000001800184c4 f   libucrt:mbctype.obj
 0001:00017524       __acrt_update_thread_multibyte_data 0000000180018524 f   libucrt:mbctype.obj
 0001:00017540       _setmbcp_nolock            0000000180018540 f   libucrt:mbctype.obj
 0001:00017874       _ismbblead                 0000000180018874 f   libucrt:ismbbyte.obj
 0001:00017888       __acrt_initialize_command_line 0000000180018888 f   libucrt:argv_data.obj
 0001:000178b0       __dcrt_get_narrow_environment_from_os 00000001800188b0 f   libucrt:get_environment_from_os.obj
 0001:000179b4       _recalloc_base             00000001800189b4 f   libucrt:recalloc.obj
 0001:00017a4c       __acrt_initialize_heap     0000000180018a4c f   libucrt:heap_handle.obj
 0001:00017a68       __acrt_uninitialize_heap   0000000180018a68 f   libucrt:heap_handle.obj
 0001:00017a74       __acrt_execute_initializers 0000000180018a74 f   libucrt:shared_initialization.obj
 0001:00017af4       __acrt_execute_uninitializers 0000000180018af4 f   libucrt:shared_initialization.obj
 0001:00017b30       __acrt_has_user_matherr    0000000180018b30 f   libucrt:matherr.obj
 0001:00017b50       __acrt_initialize_user_matherr 0000000180018b50 f   libucrt:matherr.obj
 0001:00017b58       __acrt_invoke_user_matherr 0000000180018b58 f   libucrt:matherr.obj
 0001:00017b88       _query_new_mode            0000000180018b88 f   libucrt:new_mode.obj
 0001:00017b90       ?__c32rtomb_utf8@__crt_mbstring@@YA_KPEAD_UPEAU_Mbstatet@@@Z 0000000180018b90 f   libucrt:c32rtomb.obj
 0001:00017c44       __acrt_add_locale_ref      0000000180018c44 f   libucrt:locale_refcounting.obj
 0001:00017cd0       __acrt_free_locale         0000000180018cd0 f   libucrt:locale_refcounting.obj
 0001:00017e48       __acrt_locale_add_lc_time_reference 0000000180018e48 f   libucrt:locale_refcounting.obj
 0001:00017e70       __acrt_locale_free_lc_time_if_unreferenced 0000000180018e70 f   libucrt:locale_refcounting.obj
 0001:00017ea8       __acrt_locale_release_lc_time_reference 0000000180018ea8 f   libucrt:locale_refcounting.obj
 0001:00017ed0       __acrt_release_locale_ref  0000000180018ed0 f   libucrt:locale_refcounting.obj
 0001:00017f78       __acrt_update_thread_locale_data 0000000180018f78 f   libucrt:locale_refcounting.obj
 0001:00017fe8       _updatetlocinfoEx_nolock   0000000180018fe8 f   libucrt:locale_refcounting.obj
 0001:00018050       __acrt_fp_strflt_to_string 0000000180019050 f   libucrt:_fptostr.obj
 0001:000181ac       __acrt_fltout              00000001800191ac f   libucrt:cfout.obj
 0001:000193f0       __acrt_locale_free_monetary 000000018001a3f0 f   libucrt:initmon.obj
 0001:000194fc       __acrt_locale_free_numeric 000000018001a4fc f   libucrt:initnum.obj
 0001:000195c0       __acrt_locale_free_time    000000018001a5c0 f   libucrt:inittime.obj
 0001:000196c8       __acrt_DownlevelLocaleNameToLCID 000000018001a6c8 f   libucrt:lcidtoname_downlevel.obj
 0001:00019778       __acrt_fenv_get_common_round_control 000000018001a778 f   libucrt:_fenvutils.obj
 0001:00019784       __acrt_fenv_get_control    000000018001a784 f   libucrt:_fenvutils.obj
 0001:00019878       __acrt_fenv_get_status     000000018001a878 f   libucrt:_fenvutils.obj
 0001:000198cc       __acrt_fenv_set_control    000000018001a8cc f   libucrt:_fenvutils.obj
 0001:00019a14       __acrt_fenv_set_status     000000018001aa14 f   libucrt:_fenvutils.obj
 0001:00019a98       __acrt_initialize_fmode    000000018001aa98 f   libucrt:txtmode.obj
 0001:00019ab4       ?__mbrtoc32_utf8@__crt_mbstring@@YA_KPEA_UPEBD_KPEAU_Mbstatet@@@Z 000000018001aab4 f   libucrt:mbrtoc32.obj
 0001:00019c8c       __dcrt_lowio_ensure_console_output_initialized 000000018001ac8c f   libucrt:initcon.obj
 0001:00019ce0       __dcrt_terminate_console_output 000000018001ace0 f   libucrt:initcon.obj
 0001:00019cfc       __dcrt_write_console       000000018001acfc f   libucrt:initcon.obj
 0001:00019dd0       _get_fpsr                  000000018001add0 f   libucrt:fpsr.obj
 0001:00019de0       _set_fpsr                  000000018001ade0 f   libucrt:fpsr.obj
 0001:00019dea       _fclrf                     000000018001adea f   libucrt:fpsr.obj
 0001:00019dfe       _frnd                      000000018001adfe f   libucrt:fpsr.obj
 0001:00019f44       _handle_error              000000018001af44 f   libucrt:libm_error.obj
 0001:0001a06c       _handle_errorf             000000018001b06c f   libucrt:libm_error.obj
 0001:0001a1a0       _handle_nan                000000018001b1a0 f   libucrt:libm_error.obj
 0001:0001a1bc       _handle_nanf               000000018001b1bc f   libucrt:libm_error.obj
 0001:0001a270       strpbrk                    000000018001b270 f   libucrt:strpbrk.obj
 0001:0001a638       _mbsdec                    000000018001b638 f   libucrt:mbsdec.obj
 0001:0001a640       _mbsdec_l                  000000018001b640 f   libucrt:mbsdec.obj
 0001:0001a6ec       _msize_base                000000018001b6ec f   libucrt:msize.obj
 0001:0001a728       _controlfp_s               000000018001b728 f   libucrt:contrlfp.obj
 0001:0001a78c       fegetenv                   000000018001b78c f   libucrt:fegetenv.obj
 0001:0001a7ac       fesetenv                   000000018001b7ac f   libucrt:fesetenv.obj
 0001:0001a7f8       feholdexcept               000000018001b7f8 f   libucrt:feholdexcept.obj
 0001:0001a848       ceil                       000000018001b848 f   libucrt:ceil.obj
 0001:0001a910       log10                      000000018001b910 f   libucrt:log10.obj
 0001:0001aebc       _clearfp                   000000018001bebc f   libucrt:ieee.obj
 0001:0001af2c       _control87                 000000018001bf2c f   libucrt:ieee.obj
 0001:0001b200       _log10_special             000000018001c200 f   libucrt:log_special.obj
 0001:0001b2c0       _FindPESection             000000018001c2c0 f   LIBCMT:pesect.obj
 0001:0001b310       _IsNonwritableInCurrentImage 000000018001c310 f   LIBCMT:pesect.obj
 0001:0001b360       _ValidateImageBase         000000018001c360 f   LIBCMT:pesect.obj
 0001:0001b38c       __GSHandlerCheck_SEH       000000018001c38c f   LIBCMT:gshandlerseh.obj
 0001:0001b414       strrchr                    000000018001c414 f   libvcruntime:strrchr.obj
 0001:0001b550       sinf                       000000018001c550 f   libucrt:sinf.obj
 0001:0001bc60       strcmp                     000000018001cc60 f   libucrt:strcmp.obj
 0001:0001bcd0       __remainder_piby2d2f_forC  000000018001ccd0 f   libucrt:remainder_piby2f_forc.obj
 0001:0001bee8       _sinf_special              000000018001cee8 f   libucrt:sincos_special.obj
 0001:0001bf10       _guard_dispatch_icall_nop  000000018001cf10 f   LIBCMT:guard_dispatch.obj
 0001:0001bf30       _guard_xfg_dispatch_icall_nop 000000018001cf30 f   LIBCMT:guard_xfg_dispatch.obj
 0002:00000000       __imp_GetEnvironmentStringsW 000000018001f000     kernel32:KERNEL32.dll
 0002:00000008       __imp_GetCommandLineW      000000018001f008     kernel32:KERNEL32.dll
 0002:00000010       __imp_GetCommandLineA      000000018001f010     kernel32:KERNEL32.dll
 0002:00000018       __imp_GetOEMCP             000000018001f018     kernel32:KERNEL32.dll
 0002:00000020       __imp_GetACP               000000018001f020     kernel32:KERNEL32.dll
 0002:00000028       __imp_IsValidCodePage      000000018001f028     kernel32:KERNEL32.dll
 0002:00000030       __imp_WriteConsoleW        000000018001f030     kernel32:KERNEL32.dll
 0002:00000038       __imp_WideCharToMultiByte  000000018001f038     kernel32:KERNEL32.dll
 0002:00000040       __imp_GetLastError         000000018001f040     kernel32:KERNEL32.dll
 0002:00000048       __imp_FormatMessageW       000000018001f048     kernel32:KERNEL32.dll
 0002:00000050       __imp_QueryPerformanceFrequency 000000018001f050     kernel32:KERNEL32.dll
 0002:00000058       __imp_QueryPerformanceCounter 000000018001f058     kernel32:KERNEL32.dll
 0002:00000060       __imp_LocalFree            000000018001f060     kernel32:KERNEL32.dll
 0002:00000068       __imp_FormatMessageA       000000018001f068     kernel32:KERNEL32.dll
 0002:00000070       __imp_TlsFree              000000018001f070     kernel32:KERNEL32.dll
 0002:00000078       __imp_TlsAlloc             000000018001f078     kernel32:KERNEL32.dll
 0002:00000080       __imp_LeaveCriticalSection 000000018001f080     kernel32:KERNEL32.dll
 0002:00000088       __imp_EnterCriticalSection 000000018001f088     kernel32:KERNEL32.dll
 0002:00000090       __imp_TlsGetValue          000000018001f090     kernel32:KERNEL32.dll
 0002:00000098       __imp_GetProcAddress       000000018001f098     kernel32:KERNEL32.dll
 0002:000000a0       __imp_CloseHandle          000000018001f0a0     kernel32:KERNEL32.dll
 0002:000000a8       __imp_CreateEventW         000000018001f0a8     kernel32:KERNEL32.dll
 0002:000000b0       __imp_SetLastError         000000018001f0b0     kernel32:KERNEL32.dll
 0002:000000b8       __imp_TlsSetValue          000000018001f0b8     kernel32:KERNEL32.dll
 0002:000000c0       __imp_DeleteCriticalSection 000000018001f0c0     kernel32:KERNEL32.dll
 0002:000000c8       __imp_InitializeCriticalSectionAndSpinCount 000000018001f0c8     kernel32:KERNEL32.dll
 0002:000000d0       __imp_FreeEnvironmentStringsW 000000018001f0d0     kernel32:KERNEL32.dll
 0002:000000d8       __imp_MultiByteToWideChar  000000018001f0d8     kernel32:KERNEL32.dll
 0002:000000e0       __imp_HeapReAlloc          000000018001f0e0     kernel32:KERNEL32.dll
 0002:000000e8       __imp_FlushFileBuffers     000000018001f0e8     kernel32:KERNEL32.dll
 0002:000000f0       __imp_LCMapStringW         000000018001f0f0     kernel32:KERNEL32.dll
 0002:000000f8       __imp_GetStdHandle         000000018001f0f8     kernel32:KERNEL32.dll
 0002:00000100       __imp_HeapAlloc            000000018001f100     kernel32:KERNEL32.dll
 0002:00000108       __imp_HeapFree             000000018001f108     kernel32:KERNEL32.dll
 0002:00000110       __imp_GetModuleFileNameW   000000018001f110     kernel32:KERNEL32.dll
 0002:00000118       __imp_ExitProcess          000000018001f118     kernel32:KERNEL32.dll
 0002:00000120       __imp_GetModuleHandleExW   000000018001f120     kernel32:KERNEL32.dll
 0002:00000128       __imp_GetConsoleOutputCP   000000018001f128     kernel32:KERNEL32.dll
 0002:00000130       __imp_WriteFile            000000018001f130     kernel32:KERNEL32.dll
 0002:00000138       __imp_GetConsoleMode       000000018001f138     kernel32:KERNEL32.dll
 0002:00000140       __imp_GetFileType          000000018001f140     kernel32:KERNEL32.dll
 0002:00000148       __imp_SetStdHandle         000000018001f148     kernel32:KERNEL32.dll
 0002:00000150       __imp_LoadLibraryExW       000000018001f150     kernel32:KERNEL32.dll
 0002:00000158       __imp_FreeLibrary          000000018001f158     kernel32:KERNEL32.dll
 0002:00000160       __imp_InterlockedFlushSList 000000018001f160     kernel32:KERNEL32.dll
 0002:00000168       __imp_RtlUnwindEx          000000018001f168     kernel32:KERNEL32.dll
 0002:00000170       __imp_InitializeSListHead  000000018001f170     kernel32:KERNEL32.dll
 0002:00000178       __imp_GetCurrentProcessId  000000018001f178     kernel32:KERNEL32.dll
 0002:00000180       __imp_GetStartupInfoW      000000018001f180     kernel32:KERNEL32.dll
 0002:00000188       __imp_IsDebuggerPresent    000000018001f188     kernel32:KERNEL32.dll
 0002:00000190       __imp_IsProcessorFeaturePresent 000000018001f190     kernel32:KERNEL32.dll
 0002:00000198       __imp_TerminateProcess     000000018001f198     kernel32:KERNEL32.dll
 0002:000001a0       __imp_GetProcessHeap       000000018001f1a0     kernel32:KERNEL32.dll
 0002:000001a8       __imp_HeapSize             000000018001f1a8     kernel32:KERNEL32.dll
 0002:000001b0       __imp_CreateFileW          000000018001f1b0     kernel32:KERNEL32.dll
 0002:000001b8       __imp_FindClose            000000018001f1b8     kernel32:KERNEL32.dll
 0002:000001c0       __imp_FindFirstFileExW     000000018001f1c0     kernel32:KERNEL32.dll
 0002:000001c8       __imp_FindNextFileW        000000018001f1c8     kernel32:KERNEL32.dll
 0002:000001d0       __imp_SetFilePointerEx     000000018001f1d0     kernel32:KERNEL32.dll
 0002:000001d8       __imp_InitializeCriticalSectionEx 000000018001f1d8     kernel32:KERNEL32.dll
 0002:000001e0       __imp_GetCurrentThreadId   000000018001f1e0     kernel32:KERNEL32.dll
 0002:000001e8       __imp_RtlPcToFileHeader    000000018001f1e8     kernel32:KERNEL32.dll
 0002:000001f0       __imp_RaiseException       000000018001f1f0     kernel32:KERNEL32.dll
 0002:000001f8       __imp_EncodePointer        000000018001f1f8     kernel32:KERNEL32.dll
 0002:00000200       __imp_DecodePointer        000000018001f200     kernel32:KERNEL32.dll
 0002:00000208       __imp_GetSystemTimeAsFileTime 000000018001f208     kernel32:KERNEL32.dll
 0002:00000210       __imp_GetModuleHandleW     000000018001f210     kernel32:KERNEL32.dll
 0002:00000218       __imp_GetCPInfo            000000018001f218     kernel32:KERNEL32.dll
 0002:00000220       __imp_GetStringTypeW       000000018001f220     kernel32:KERNEL32.dll
 0002:00000228       __imp_RtlCaptureContext    000000018001f228     kernel32:KERNEL32.dll
 0002:00000230       __imp_RtlLookupFunctionEntry 000000018001f230     kernel32:KERNEL32.dll
 0002:00000238       __imp_RtlVirtualUnwind     000000018001f238     kernel32:KERNEL32.dll
 0002:00000240       __imp_UnhandledExceptionFilter 000000018001f240     kernel32:KERNEL32.dll
 0002:00000248       __imp_SetUnhandledExceptionFilter 000000018001f248     kernel32:KERNEL32.dll
 0002:00000250       __imp_GetCurrentProcess    000000018001f250     kernel32:KERNEL32.dll
 0002:00000258       \177KERNEL32_NULL_THUNK_DATA 000000018001f258     kernel32:KERNEL32.dll
 0002:00000260       __imp_WSACleanup           000000018001f260     ws2_32:WS2_32.dll
 0002:00000268       __imp_WSAStartup           000000018001f268     ws2_32:WS2_32.dll
 0002:00000270       \177WS2_32_NULL_THUNK_DATA 000000018001f270     ws2_32:WS2_32.dll
 0002:00000278       __guard_check_icall_fptr   000000018001f278     LIBCMT:guard_support.obj
 0002:00000280       __guard_xfg_check_icall_fptr 000000018001f280     LIBCMT:guard_support.obj
 0002:00000288       __guard_dispatch_icall_fptr 000000018001f288     LIBCMT:guard_support.obj
 0002:00000290       __guard_xfg_dispatch_icall_fptr 000000018001f290     LIBCMT:guard_support.obj
 0002:00000298       __guard_xfg_table_dispatch_icall_fptr 000000018001f298     LIBCMT:guard_support.obj
 0002:000002a0       __castguard_check_failure_os_handled_fptr 000000018001f2a0     LIBCMT:guard_support.obj
 0002:000002a8       __guard_memcpy_fptr        000000018001f2a8     libvcruntime:softmemtag.obj
 0002:000002b0       __xc_a                     000000018001f2b0     LIBCMT:initializers.obj
 0002:000003b8       __xc_z                     000000018001f3b8     LIBCMT:initializers.obj
 0002:000003c0       __xi_a                     000000018001f3c0     LIBCMT:initializers.obj
 0002:000003d8       __acrt_stdio_initializer   000000018001f3d8     libucrt:stdio_initializer.obj
 0002:000003e0       __acrt_clock_initializer   000000018001f3e0     libucrt:clock_initializer.obj
 0002:000003e8       __acrt_tran_fma3_initializer 000000018001f3e8     libucrt:fma3_initializer.obj
 0002:000003f0       __acrt_timeset_initializer 000000018001f3f0     libucrt:timeset_initializer.obj
 0002:000003f8       __acrt_multibyte_initializer 000000018001f3f8     libucrt:multibyte_initializer.obj
 0002:00000400       __acrt_fmode_initializer   000000018001f400     libucrt:fmode_initializer.obj
 0002:00000408       __xi_z                     000000018001f408     LIBCMT:initializers.obj
 0002:00000410       __xl_a                     000000018001f410     LIBCMT:tlssup.obj
 0002:00000418       __xl_z                     000000018001f418     LIBCMT:tlssup.obj
 0002:00000420       __xp_a                     000000018001f420     LIBCMT:initializers.obj
 0002:00000428       __acrt_locale_terminator   000000018001f428     libucrt:locale_initializer.obj
 0002:00000430       __dcrt_console_output_terminator 000000018001f430     libucrt:console_output_initializer.obj
 0002:00000438       __acrt_stdio_terminator    000000018001f438     libucrt:stdio_initializer.obj
 0002:00000440       __xp_z                     000000018001f440     LIBCMT:initializers.obj
 0002:00000448       __xt_a                     000000018001f448     LIBCMT:initializers.obj
 0002:00000450       __xt_z                     000000018001f450     LIBCMT:initializers.obj
 0002:00000468       ??_7exception@std@@6B@     000000018001f468     libcpmt:xthrow.obj
 0002:00000480       ??_7bad_alloc@std@@6B@     000000018001f480     libcpmt:xthrow.obj
 0002:00000490       ??_C@_0P@GHFPNOJB@bad?5allocation@ 000000018001f490     libcpmt:xthrow.obj
 0002:000004a8       ??_7logic_error@std@@6B@   000000018001f4a8     libcpmt:xthrow.obj
 0002:000004c0       ??_7length_error@std@@6B@  000000018001f4c0     libcpmt:xthrow.obj
 0002:000004d8       ??_7runtime_error@std@@6B@ 000000018001f4d8     libcpmt:xthrow.obj
 0002:000004e8       ?_BADOFF@std@@3_JB         000000018001f4e8     libcpmt:ios.obj
 0002:00000c50       ??_C@_0BN@LKKBCCDB@address?5family?5not?5supported@ 000000018001fc50     libcpmt:syserror.obj
 0002:00000c70       ??_C@_0P@LDMLAFHI@address?5in?5use@ 000000018001fc70     libcpmt:syserror.obj
 0002:00000c80       ??_C@_0BG@DHPCNBJB@address?5not?5available@ 000000018001fc80     libcpmt:syserror.obj
 0002:00000c98       ??_C@_0BC@DFIBIBIL@already?5connected@ 000000018001fc98     libcpmt:syserror.obj
 0002:00000cb0       ??_C@_0BH@CAKOHOMI@argument?5list?5too?5long@ 000000018001fcb0     libcpmt:syserror.obj
 0002:00000cc8       ??_C@_0BH@CGIMPKIM@argument?5out?5of?5domain@ 000000018001fcc8     libcpmt:syserror.obj
 0002:00000ce0       ??_C@_0M@KGHGGJGL@bad?5address@ 000000018001fce0     libcpmt:syserror.obj
 0002:00000cf0       ??_C@_0BE@MPJPGCEO@bad?5file?5descriptor@ 000000018001fcf0     libcpmt:syserror.obj
 0002:00000d08       ??_C@_0M@PMMIEFCP@bad?5message@ 000000018001fd08     libcpmt:syserror.obj
 0002:00000d18       ??_C@_0M@KPHOFDBE@broken?5pipe@ 000000018001fd18     libcpmt:syserror.obj
 0002:00000d28       ??_C@_0BD@MGNDDEGM@connection?5aborted@ 000000018001fd28     libcpmt:syserror.obj
 0002:00000d40       ??_C@_0BP@KAIHPOGN@connection?5already?5in?5progress@ 000000018001fd40     libcpmt:syserror.obj
 0002:00000d60       ??_C@_0BD@PJLIIJEL@connection?5refused@ 000000018001fd60     libcpmt:syserror.obj
 0002:00000d78       ??_C@_0BB@IECNJNOI@connection?5reset@ 000000018001fd78     libcpmt:syserror.obj
 0002:00000d90       ??_C@_0BC@PPHBOELF@cross?5device?5link@ 000000018001fd90     libcpmt:syserror.obj
 0002:00000da8       ??_C@_0BN@KDMIFEIP@destination?5address?5required@ 000000018001fda8     libcpmt:syserror.obj
 0002:00000dc8       ??_C@_0BI@NGCEHDD@device?5or?5resource?5busy@ 000000018001fdc8     libcpmt:syserror.obj
 0002:00000de0       ??_C@_0BE@JIDOCPHM@directory?5not?5empty@ 000000018001fde0     libcpmt:syserror.obj
 0002:00000df8       ??_C@_0BI@BNCLIGPB@executable?5format?5error@ 000000018001fdf8     libcpmt:syserror.obj
 0002:00000e10       ??_C@_0M@MIDIAGJP@file?5exists@ 000000018001fe10     libcpmt:syserror.obj
 0002:00000e20       ??_C@_0P@DNAJLBJK@file?5too?5large@ 000000018001fe20     libcpmt:syserror.obj
 0002:00000e30       ??_C@_0BC@EJHOMAAK@filename?5too?5long@ 000000018001fe30     libcpmt:syserror.obj
 0002:00000e48       ??_C@_0BH@KEFGLDAF@function?5not?5supported@ 000000018001fe48     libcpmt:syserror.obj
 0002:00000e60       ??_C@_0BB@DHFDFGDM@host?5unreachable@ 000000018001fe60     libcpmt:syserror.obj
 0002:00000e78       ??_C@_0BD@JPHBMONG@identifier?5removed@ 000000018001fe78     libcpmt:syserror.obj
 0002:00000e90       ??_C@_0BG@CDNPAGJK@illegal?5byte?5sequence@ 000000018001fe90     libcpmt:syserror.obj
 0002:00000ea8       ??_C@_0CD@BNPLBMNA@inappropriate?5io?5control?5operat@ 000000018001fea8     libcpmt:syserror.obj
 0002:00000ed0       ??_C@_0M@EGEKIIMP@interrupted@ 000000018001fed0     libcpmt:syserror.obj
 0002:00000ee0       ??_C@_0BB@FCMFBGOM@invalid?5argument@ 000000018001fee0     libcpmt:syserror.obj
 0002:00000ef8       ??_C@_0N@OHAFKDEK@invalid?5seek@ 000000018001fef8     libcpmt:syserror.obj
 0002:00000f08       ??_C@_08GLNPIFBN@io?5error@ 000000018001ff08     libcpmt:syserror.obj
 0002:00000f18       ??_C@_0P@FLLDBIDK@is?5a?5directory@ 000000018001ff18     libcpmt:syserror.obj
 0002:00000f28       ??_C@_0N@IFLPBIOP@message?5size@ 000000018001ff28     libcpmt:syserror.obj
 0002:00000f38       ??_C@_0N@KIIEAAIO@network?5down@ 000000018001ff38     libcpmt:syserror.obj
 0002:00000f48       ??_C@_0O@FNPDBHEE@network?5reset@ 000000018001ff48     libcpmt:syserror.obj
 0002:00000f58       ??_C@_0BE@IFNCKGE@network?5unreachable@ 000000018001ff58     libcpmt:syserror.obj
 0002:00000f70       ??_C@_0BA@PFFCAOFK@no?5buffer?5space@ 000000018001ff70     libcpmt:syserror.obj
 0002:00000f80       ??_C@_0BB@IEPBLJHK@no?5child?5process@ 000000018001ff80     libcpmt:syserror.obj
 0002:00000f98       ??_C@_07PLECNNKG@no?5link@ 000000018001ff98     libcpmt:syserror.obj
 0002:00000fa0       ??_C@_0BC@NJECKMKE@no?5lock?5available@ 000000018001ffa0     libcpmt:syserror.obj
 0002:00000fb8       ??_C@_0BF@PBGGPKKE@no?5message?5available@ 000000018001ffb8     libcpmt:syserror.obj
 0002:00000fd0       ??_C@_0L@EDOLMPAK@no?5message@ 000000018001ffd0     libcpmt:syserror.obj
 0002:00000fe0       ??_C@_0BD@EAMBFIDF@no?5protocol?5option@ 000000018001ffe0     libcpmt:syserror.obj
 0002:00000ff8       ??_C@_0BD@IJDJKDEA@no?5space?5on?5device@ 000000018001fff8     libcpmt:syserror.obj
 0002:00001010       ??_C@_0BE@MKFDAFMP@no?5stream?5resources@ 0000000180020010     libcpmt:syserror.obj
 0002:00001028       ??_C@_0BK@IMCPHCBI@no?5such?5device?5or?5address@ 0000000180020028     libcpmt:syserror.obj
 0002:00001048       ??_C@_0P@FDINDDOK@no?5such?5device@ 0000000180020048     libcpmt:syserror.obj
 0002:00001058       ??_C@_0BK@NDOCBPGE@no?5such?5file?5or?5directory@ 0000000180020058     libcpmt:syserror.obj
 0002:00001078       ??_C@_0BA@ENLPPKBN@no?5such?5process@ 0000000180020078     libcpmt:syserror.obj
 0002:00001088       ??_C@_0BA@DOCPFFJG@not?5a?5directory@ 0000000180020088     libcpmt:syserror.obj
 0002:00001098       ??_C@_0N@POEIPGGF@not?5a?5socket@ 0000000180020098     libcpmt:syserror.obj
 0002:000010a8       ??_C@_0N@LGAPMMPI@not?5a?5stream@ 00000001800200a8     libcpmt:syserror.obj
 0002:000010b8       ??_C@_0O@GLMIBBEG@not?5connected@ 00000001800200b8     libcpmt:syserror.obj
 0002:000010c8       ??_C@_0BC@ENOOLCNF@not?5enough?5memory@ 00000001800200c8     libcpmt:syserror.obj
 0002:000010e0       ??_C@_0O@NHEDABJP@not?5supported@ 00000001800200e0     libcpmt:syserror.obj
 0002:000010f0       ??_C@_0BD@MOLBPMEA@operation?5canceled@ 00000001800200f0     libcpmt:syserror.obj
 0002:00001108       ??_C@_0BG@KDKHOPCO@operation?5in?5progress@ 0000000180020108     libcpmt:syserror.obj
 0002:00001120       ??_C@_0BI@OHIEJAAB@operation?5not?5permitted@ 0000000180020120     libcpmt:syserror.obj
 0002:00001138       ??_C@_0BI@LNEGIFLN@operation?5not?5supported@ 0000000180020138     libcpmt:syserror.obj
 0002:00001150       ??_C@_0BG@OEMDKMEE@operation?5would?5block@ 0000000180020150     libcpmt:syserror.obj
 0002:00001168       ??_C@_0L@BLPOFLNJ@owner?5dead@ 0000000180020168     libcpmt:syserror.obj
 0002:00001178       ??_C@_0BC@CIJDGCDI@permission?5denied@ 0000000180020178     libcpmt:syserror.obj
 0002:00001190       ??_C@_0P@FNPOCJBE@protocol?5error@ 0000000180020190     libcpmt:syserror.obj
 0002:000011a0       ??_C@_0BH@JPPPLHJB@protocol?5not?5supported@ 00000001800201a0     libcpmt:syserror.obj
 0002:000011b8       ??_C@_0BG@EICBIHDP@read?5only?5file?5system@ 00000001800201b8     libcpmt:syserror.obj
 0002:000011d0       ??_C@_0BO@BJBOMOEJ@resource?5deadlock?5would?5occur@ 00000001800201d0     libcpmt:syserror.obj
 0002:000011f0       ??_C@_0BP@LKNGHENJ@resource?5unavailable?5try?5again@ 00000001800201f0     libcpmt:syserror.obj
 0002:00001210       ??_C@_0BE@GOIPJJHG@result?5out?5of?5range@ 0000000180020210     libcpmt:syserror.obj
 0002:00001228       ??_C@_0BG@MPLKFPAE@state?5not?5recoverable@ 0000000180020228     libcpmt:syserror.obj
 0002:00001240       ??_C@_0P@DIIFGFCG@stream?5timeout@ 0000000180020240     libcpmt:syserror.obj
 0002:00001250       ??_C@_0P@IPFDMIFL@text?5file?5busy@ 0000000180020250     libcpmt:syserror.obj
 0002:00001260       ??_C@_09KJPPMAOI@timed?5out@ 0000000180020260     libcpmt:syserror.obj
 0002:00001270       ??_C@_0BO@HACHBEKI@too?5many?5files?5open?5in?5system@ 0000000180020270     libcpmt:syserror.obj
 0002:00001290       ??_C@_0BE@GHAFMPAH@too?5many?5files?5open@ 0000000180020290     libcpmt:syserror.obj
 0002:000012a8       ??_C@_0P@HCOMKFCC@too?5many?5links@ 00000001800202a8     libcpmt:syserror.obj
 0002:000012b8       ??_C@_0BO@EFGOJEF@too?5many?5symbolic?5link?5levels@ 00000001800202b8     libcpmt:syserror.obj
 0002:000012d8       ??_C@_0BA@KGKGOOJA@value?5too?5large@ 00000001800202d8     libcpmt:syserror.obj
 0002:000012e8       ??_C@_0BE@MIEJDDNH@wrong?5protocol?5type@ 00000001800202e8     libcpmt:syserror.obj
 0002:00001460       ??_7bad_array_new_length@std@@6B@ 0000000180020460     libcpmt:thread0.obj
 0002:00001478       ??_7bad_exception@std@@6B@ 0000000180020478     libcpmt:excptptr.obj
 0002:00001488       ??_C@_0O@DPKOEFFH@bad?5exception@ 0000000180020488     libcpmt:excptptr.obj
 0002:00001498       ??_C@_1BK@MGMFAEKH@?$AAk?$AAe?$AAr?$AAn?$AAe?$AAl?$AA3?$AA2?$AA?4?$AAd?$AAl?$AAl@ 0000000180020498     libcpmt:winapisupp.obj
 0002:000014b8       ??_C@_08KNHFBNJ@FlsAlloc@  00000001800204b8     libcpmt:winapisupp.obj
 0002:000014c8       ??_C@_07PEJMOBNF@FlsFree@  00000001800204c8     libcpmt:winapisupp.obj
 0002:000014d0       ??_C@_0M@GDNOONDI@FlsGetValue@ 00000001800204d0     libcpmt:winapisupp.obj
 0002:000014e0       ??_C@_0M@JCPCPOEF@FlsSetValue@ 00000001800204e0     libcpmt:winapisupp.obj
 0002:000014f0       ??_C@_0BM@HCFOFFN@InitializeCriticalSectionEx@ 00000001800204f0     libcpmt:winapisupp.obj
 0002:00001510       ??_C@_0BE@GPLMMCMH@InitOnceExecuteOnce@ 0000000180020510     libcpmt:winapisupp.obj
 0002:00001528       ??_C@_0P@DLHPPCNH@CreateEventExW@ 0000000180020528     libcpmt:winapisupp.obj
 0002:00001538       ??_C@_0BB@MEFPJLHN@CreateSemaphoreW@ 0000000180020538     libcpmt:winapisupp.obj
 0002:00001550       ??_C@_0BD@KIEEOEEH@CreateSemaphoreExW@ 0000000180020550     libcpmt:winapisupp.obj
 0002:00001568       ??_C@_0BG@OGFAJCKC@CreateThreadpoolTimer@ 0000000180020568     libcpmt:winapisupp.obj
 0002:00001580       ??_C@_0BD@LPLEMMDI@SetThreadpoolTimer@ 0000000180020580     libcpmt:winapisupp.obj
 0002:00001598       ??_C@_0CA@FMNJENH@WaitForThreadpoolTimerCallbacks@ 0000000180020598     libcpmt:winapisupp.obj
 0002:000015b8       ??_C@_0BF@DCFCCNOC@CloseThreadpoolTimer@ 00000001800205b8     libcpmt:winapisupp.obj
 0002:000015d0       ??_C@_0BF@FLABGKKM@CreateThreadpoolWait@ 00000001800205d0     libcpmt:winapisupp.obj
 0002:000015e8       ??_C@_0BC@MGCOHNA@SetThreadpoolWait@ 00000001800205e8     libcpmt:winapisupp.obj
 0002:00001600       ??_C@_0BE@OCIOMIMP@CloseThreadpoolWait@ 0000000180020600     libcpmt:winapisupp.obj
 0002:00001618       ??_C@_0BJ@LKGHFHBO@FlushProcessWriteBuffers@ 0000000180020618     libcpmt:winapisupp.obj
 0002:00001638       ??_C@_0BP@KALKKPMO@FreeLibraryWhenCallbackReturns@ 0000000180020638     libcpmt:winapisupp.obj
 0002:00001658       ??_C@_0BK@DFNBACLA@GetCurrentProcessorNumber@ 0000000180020658     libcpmt:winapisupp.obj
 0002:00001678       ??_C@_0BE@FKKLLFLM@CreateSymbolicLinkW@ 0000000180020678     libcpmt:winapisupp.obj
 0002:00001690       ??_C@_0BE@JOGNEJCI@GetCurrentPackageId@ 0000000180020690     libcpmt:winapisupp.obj
 0002:000016a8       ??_C@_0P@CDHHOHKP@GetTickCount64@ 00000001800206a8     libcpmt:winapisupp.obj
 0002:000016b8       ??_C@_0BN@NEEHBBPO@GetFileInformationByHandleEx@ 00000001800206b8     libcpmt:winapisupp.obj
 0002:000016d8       ??_C@_0BL@KBBHGKCM@SetFileInformationByHandle@ 00000001800206d8     libcpmt:winapisupp.obj
 0002:000016f8       ??_C@_0BP@FPNJPEJC@GetSystemTimePreciseAsFileTime@ 00000001800206f8     libcpmt:winapisupp.obj
 0002:00001718       ??_C@_0BM@HLJJNPAH@InitializeConditionVariable@ 0000000180020718     libcpmt:winapisupp.obj
[...]
 0002:00014728       $unwind$?fp_format_f_internal@@YAHQEAD_KHQEAU_strflt@@_NQEAU__crt_locale_pointers@@@Z 0000000180033728     libucrt:cvt.obj
 0002:00014728       $unwind$??$__acrt_wcs_to_mbs_cp@U__crt_win32_buffer_internal_dynamic_resizing@@@@YAHQEB_WAEAV?$__crt_win32_buffer@DU__crt_win32_buffer_internal_dynamic_resizing@@@@I@Z 0000000180033728     libucrt:argv_wildcards.obj
 0002:00014740       $unwind$?fp_format_g@@YAHQEBNQEAD_K12H_NIW4__acrt_rounding_mode@@QEAU__crt_locale_pointers@@@Z 0000000180033740     libucrt:cvt.obj
 0002:00014754       $unwind$??$?RV<lambda_410d79af7f07d98d83a3f525b3859a53>@@AEAV<lambda_3e16ef9562a7dcce91392c22ab16ea36>@@V<lambda_38119f0e861e05405d8a144b9b982f0a>@@@?$__crt_seh_guarded_call@X@@QEAAX$$QEAV<lambda_410d79af7f07d98d83a3f525b3859a53>@@AEAV<lambda_3e16ef9562a7dcce91392c22ab16ea36>@@$$QEAV<lambda_38119f0e861e05405d8a144b9b982f0a>@@@Z 0000000180033754     libucrt:wsetlocale.obj
 0002:0001477c       $unwind$__acrt_initialize_lowio 000000018003377c     libucrt:ioinit.obj
 0002:0001479c       $unwind$?initialize_inherited_file_handles_nolock@@YAXXZ 000000018003379c     libucrt:ioinit.obj
 0002:000147b8       $unwind$__acrt_initialize_winapi_thunks 00000001800337b8     libucrt:winapi_thunks.obj
 0002:000147c0       $unwind$_fcloseall         00000001800337c0     libucrt:closeall.obj
 0002:000147e4       $unwind$__acrt_WideCharToMultiByte 00000001800337e4     libucrt:widechartomultibyte.obj
 0002:000147f0       $unwind$?__mbsrtowcs_utf8@__crt_mbstring@@YA_KPEA_WPEAPEBD_KPEAU_Mbstatet@@@Z 00000001800337f0     libucrt:mbrtowc.obj
 0002:00014808       $unwind$_putwch_nolock     0000000180033808     libucrt:putwch.obj
 0002:00014810       $unwind$__dcrt_lowio_ensure_console_output_initialized 0000000180033810     libucrt:initcon.obj
 0002:00014810       $unwind$_isleadbyte_l      0000000180033810     libucrt:_wctype.obj
 0002:00014810       $unwind$?getSystemCP@@YAHH@Z 0000000180033810     libucrt:mbctype.obj
 0002:00014818       $unwind$__acrt_LCMapStringA 0000000180033818     libucrt:lcmapstringa.obj
 0002:00014828       $unwind$?__acrt_LCMapStringA_stat@@YAHPEAU__crt_locale_pointers@@PEB_WKPEBDHPEADHHH@Z 0000000180033828     libucrt:lcmapstringa.obj
 0002:00014850       $unwind$??$?RV<lambda_a37b2b86f63e897a80ea819b0eb08c01>@@AEAV<lambda_38ce7e780aa69e748d6df282ebc68efe>@@V<lambda_99fb1378e971ab6e7edea83e3a7a83a2>@@@?$__crt_seh_guarded_call@H@@QEAAH$$QEAV<lambda_a37b2b86f63e897a80ea819b0eb08c01>@@AEAV<lambda_38ce7e780aa69e748d6df282ebc68efe>@@$$QEAV<lambda_99fb1378e971ab6e7edea83e3a7a83a2>@@@Z 0000000180033850     libucrt:commit.obj
 0002:00014874       $unwind$_isctype_l         0000000180033874     libucrt:isctype.obj
 0002:00014890       $unwind$_raise_exc_ex      0000000180033890     libucrt:fpexcept.obj
 0002:000148a4       $unwind$_ctrlfp            00000001800338a4     libucrt:fpctrl.obj
 0002:000148cc       $unwind$__acrt_GetStringTypeA 00000001800338cc     libucrt:getstringtypea.obj
 0002:000148f4       $unwind$__acrt_initialize_fma3 00000001800338f4     libucrt:fma3_available.obj
 0002:000148fc       $unwind$_powf_special      00000001800338fc     libucrt:pow_special.obj
 0002:0001490c       $unwind$_pow_special       000000018003390c     libucrt:pow_special.obj
 0002:00014918       $unwind$??$common_expand_argv_wildcards@D@@YAHQEAPEADQEAPEAPEAD@Z 0000000180033918     libucrt:argv_wildcards.obj
 0002:00014930       $unwind$??$copy_and_add_argument_to_buffer@D@@YAHQEBD0_KAEAV?$argument_list@D@?A0x5f5c8891@@@Z 0000000180033930     libucrt:argv_wildcards.obj
 0002:0001494c       $unwind$??$expand_argument_wildcards@D@@YAHQEAD0AEAV?$argument_list@D@?A0x5f5c8891@@@Z 000000018003394c     libucrt:argv_wildcards.obj
 0002:00014970       $unwind$__acrt_GetModuleFileNameA 0000000180033970     libucrt:getmodulefilenamea.obj
 0002:0001498c       $unwind$_setmbcp_nolock    000000018003398c     libucrt:mbctype.obj
 0002:000149ac       $unwind$?update_thread_multibyte_data_internal@@YAPEAU__crt_multibyte_data@@QEAU__acrt_ptd@@QEAPEAU1@@Z 00000001800339ac     libucrt:mbctype.obj
 0002:000149d4       $unwind$?setmbcp_internal@@YAHH_NQEAU__acrt_ptd@@QEAPEAU__crt_multibyte_data@@@Z 00000001800339d4     libucrt:mbctype.obj
 0002:000149e4       $unwind$?setSBUpLow@@YAXPEAU__crt_multibyte_data@@@Z 00000001800339e4     libucrt:mbctype.obj
 0002:00014a00       $unwind$??$?RV<lambda_efdfa57d1f175319df784efa44bb7b81>@@AEAV<lambda_5f0a4c1567f8adc6734073e5d1e1b35c>@@V<lambda_2e8a7d3640ea6ccb4c2413664c2db6fd>@@@?$__crt_seh_guarded_call@X@@QEAAX$$QEAV<lambda_efdfa57d1f175319df784efa44bb7b81>@@AEAV<lambda_5f0a4c1567f8adc6734073e5d1e1b35c>@@$$QEAV<lambda_2e8a7d3640ea6ccb4c2413664c2db6fd>@@@Z 0000000180033a00     libucrt:mbctype.obj
 0002:00014a24       $unwind$?x_ismbbtype_l@@YAHPEAU__crt_locale_pointers@@IHH@Z 0000000180033a24     libucrt:ismbbyte.obj
 0002:00014a34       $unwind$__acrt_update_thread_locale_data 0000000180033a34     libucrt:locale_refcounting.obj
 0002:00014a58       $unwind$__acrt_fltout      0000000180033a58     libucrt:cfout.obj
 0002:00014a78       $unwind$__acrt_locale_free_monetary 0000000180033a78     libucrt:initmon.obj
 0002:00014a80       $unwind$__acrt_locale_free_time 0000000180033a80     libucrt:inittime.obj
 0002:00014a90       $unwind$__acrt_fenv_set_control 0000000180033a90     libucrt:_fenvutils.obj
 0002:00014aa0       $unwind$?__mbrtoc32_utf8@__crt_mbstring@@YA_KPEA_UPEBD_KPEAU_Mbstatet@@@Z 0000000180033aa0     libucrt:mbrtoc32.obj
 0002:00014ac0       $xdatasym                  0000000180033ac0     libucrt:fpsr.obj
 0002:00014ac8       $unwind$_call_matherr      0000000180033ac8     libucrt:libm_error.obj
 0002:00014ad0       $unwind$_handle_error      0000000180033ad0     libucrt:libm_error.obj
 0002:00014ad0       $unwind$_handle_errorf     0000000180033ad0     libucrt:libm_error.obj
 0002:00014af0       $unwind$strpbrk            0000000180033af0     libucrt:strpbrk.obj
 0002:00014b00       $unwind$fallbackMethod     0000000180033b00     libucrt:strpbrk.obj
 0002:00014b10       $unwind$_mbsdec_l          0000000180033b10     libucrt:mbsdec.obj
 0002:00014b20       $xdatasym                  0000000180033b20     libucrt:log10.obj
 0002:00014b2c       $unwind$common_control87   0000000180033b2c     libucrt:ieee.obj
 0002:00014b58       $unwind$_log_special_common 0000000180033b58     libucrt:log_special.obj
 0002:00014b64       $unwind$_IsNonwritableInCurrentImage 0000000180033b64     LIBCMT:pesect.obj
 0002:00014b88       $xdatasym                  0000000180033b88     libucrt:sinf.obj
 0002:00014b90       $xdatasym                  0000000180033b90     libucrt:strcmp.obj
 0002:00014b98       $xdatasym                  0000000180033b98     libucrt:remainder_piby2f_forc.obj
 0002:00014ba8       $unwind$_sincosf_special   0000000180033ba8     libucrt:sincos_special.obj
 0002:00014ee0       .edata                     0000000180033ee0     SixMansPlugin-Rework.exp
 0002:00014f08       rgpv                       0000000180033f08     SixMansPlugin-Rework.exp
 0002:00014f3c       rgszName                   0000000180033f3c     SixMansPlugin-Rework.exp
 0002:00014f70       rgwOrd                     0000000180033f70     SixMansPlugin-Rework.exp
 0002:00014f8a       szName                     0000000180033f8a     SixMansPlugin-Rework.exp
 0002:00014fa3       $N00001                    0000000180033fa3     SixMansPlugin-Rework.exp
 0002:00014fda       $N00002                    0000000180033fda     SixMansPlugin-Rework.exp
 0002:0001500f       $N00003                    000000018003400f     SixMansPlugin-Rework.exp
 0002:0001503c       $N00004                    000000018003403c     SixMansPlugin-Rework.exp
 0002:00015069       $N00005                    0000000180034069     SixMansPlugin-Rework.exp
 0002:000150a7       $N00006                    00000001800340a7     SixMansPlugin-Rework.exp
 0002:000150e3       $N00007                    00000001800340e3     SixMansPlugin-Rework.exp
 0002:0001510d       $N00008                    000000018003410d     SixMansPlugin-Rework.exp
 0002:0001514b       $N00009                    000000018003414b     SixMansPlugin-Rework.exp
 0002:0001517d       $N00010                    000000018003417d     SixMansPlugin-Rework.exp
 0002:000151b1       $N00011                    00000001800341b1     SixMansPlugin-Rework.exp
 0002:000151ba       $N00012                    00000001800341ba     SixMansPlugin-Rework.exp
 0002:000151c2       $N00013                    00000001800341c2     SixMansPlugin-Rework.exp
 0002:00015614       .idata$6                   0000000180034614     kernel32:KERNEL32.dll
 0002:00015622       .idata$6                   0000000180034622     ws2_32:WS2_32.dll
 0003:00000000       ?init@std@@3JA             0000000180035000     libcpmt:xlock.obj
 0003:00000008       ?atcount_cdecl@@3_KA       0000000180035008     libcpmt:iosptrs.obj
 0003:00000050       ?__vcrt_flsindex@@3KA      0000000180035050     libvcruntime:per_thread_data.obj
 0003:00000168       ?errno_no_memory@@3HA      0000000180035168     libucrt:errno.obj
 0003:0000016c       ?doserrno_no_memory@@3KA   000000018003516c     libucrt:errno.obj
 0003:00000320       ?__acrt_flsindex@@3KA      0000000180035320     libucrt:per_thread_data.obj
 0003:0000049c       ?dazSupported@?1??_ctrlfp@@9@9 000000018003549c     libucrt:fpctrl.obj
 0003:000004b0       ?tzstd_program@@3PADA      00000001800354b0     libucrt:timeset.obj
 0003:000004f0       ?tzdst_program@@3PADA      00000001800354f0     libucrt:timeset.obj
 0003:00000530       ?w_tzstd_program@@3PA_WA   0000000180035530     libucrt:timeset.obj
 0003:000005b0       ?w_tzdst_program@@3PA_WA   00000001800355b0     libucrt:timeset.obj
 0003:00000630       ?tzname_states@@3PAY01PEADA 0000000180035630     libucrt:timeset.obj
 0003:00000640       ?w_tzname_states@@3PAY01PEA_WA 0000000180035640     libucrt:timeset.obj
 0003:00000880       _mbctypes                  0000000180035880     libucrt:mbctype.obj
 0003:00000990       _mbcasemaps                0000000180035990     libucrt:mbctype.obj
 0003:00000a90       ?__rgctypeflag@@3PADA      0000000180035a90     libucrt:mbctype.obj
 0003:00000aa0       ?__rgcode_page_info@@3PAUcode_page_info@@A 0000000180035aa0     libucrt:mbctype.obj
 0003:00000b90       ?__dcrt_lowio_console_output_handle@@3PEAXEA 0000000180035b90     libucrt:initcon.obj
 0003:00000ba0       ?dazSupported@?1??common_control87@@9@9 0000000180035ba0     libucrt:ieee.obj
 0003:00000d80       ?MAP_CODENAMES@@3QBV?$basic_string@DU?$char_traits@D@std@@V?$allocator@D@2@@std@@B 0000000180035d80     privatematch_wrapper.obj
 0003:000011e0       ?str_typename@@3V?$basic_string@DU?$char_traits@D@std@@V?$allocator@D@2@@std@@B 00000001800361e0     privatematch_wrapper.obj
 0003:00001200       ?MAP_CODENAMES@@3QBV?$basic_string@DU?$char_traits@D@std@@V?$allocator@D@2@@std@@B 0000000180036200     server.obj
 0003:00001660       ?str_typename@@3V?$basic_string@DU?$char_traits@D@std@@V?$allocator@D@2@@std@@B 0000000180036660     server.obj
 0003:00001680       ?MAP_CODENAMES@@3QBV?$basic_string@DU?$char_traits@D@std@@V?$allocator@D@2@@std@@B 0000000180036680     settings.obj
 0003:00001ae0       ?str_typename@@3V?$basic_string@DU?$char_traits@D@std@@V?$allocator@D@2@@std@@B 0000000180036ae0     settings.obj
 0003:00001b00       ?MAP_CODENAMES@@3QBV?$basic_string@DU?$char_traits@D@std@@V?$allocator@D@2@@std@@B 0000000180036b00     SixMansPlugin-Rework.obj
 0003:00001f60       ?str_typename@@3V?$basic_string@DU?$char_traits@D@std@@V?$allocator@D@2@@std@@B 0000000180036f60     SixMansPlugin-Rework.obj
 0003:00001f80       ?MAP_CODENAMES@@3QBV?$basic_string@DU?$char_traits@D@std@@V?$allocator@D@2@@std@@B 0000000180036f80     SixMansPlugin-ReworkGUI.obj
 0003:000023e0       ?str_typename@@3V?$basic_string@DU?$char_traits@D@std@@V?$allocator@D@2@@std@@B 00000001800373e0     SixMansPlugin-ReworkGUI.obj
 0003:00002400       ?MAP_CODENAMES@@3QBV?$basic_string@DU?$char_traits@D@std@@V?$allocator@D@2@@std@@B 0000000180037400     timer.obj
 0003:00002860       ?str_typename@@3V?$basic_string@DU?$char_traits@D@std@@V?$allocator@D@2@@std@@B 0000000180037860     timer.obj
 0003:00002c30       ?classic_locale@std@@3Vlocale@1@A 0000000180037c30     libcpmt:locale0.obj
 0003:00002c48       ?_Fac_head@std@@3PEAU_Fac_node@1@EA 0000000180037c48     libcpmt:locale0.obj
 0003:00002c50       ?_Fac_tidy_reg@std@@3U_Fac_tidy_reg_t@1@B 0000000180037c50     libcpmt:locale0.obj
 0003:00002c58       global_locale              0000000180037c58     libcpmt:locale0.obj
 0003:00002c60       ?initlocks@std@@3V_Init_locks@1@A 0000000180037c60     libcpmt:xlock.obj
 0003:00002c70       ?mtx@std@@3PAU_RTL_CRITICAL_SECTION@@A 0000000180037c70     libcpmt:xlock.obj
 0003:00002dc0       ?stdstr@std@@3PAPEAVios_base@1@A 0000000180037dc0     libcpmt:ios.obj
 0003:00002e10       ?stdopens@std@@3PADA       0000000180037e10     libcpmt:ios.obj
 0003:00002e20       ?_Thread_exit_data@?A0x07eafddf@@3U_At_thread_exit_block@1@A 0000000180037e20     libcpmt:xnotify.obj
 0003:000031a0       ?initlocks@std@@3V_Init_locks@1@A 00000001800381a0     libcpmt:iosptrs.obj
 0003:000031a1       ?init_atexit@@3U_Init_atexit@@A 00000001800381a1     libcpmt:iosptrs.obj
 0003:000031b0       ?atfuns_cdecl@@3PAP6AXXZA  00000001800381b0     libcpmt:iosptrs.obj
 0003:00003420       ?g_tss_cv@@3U_RTL_CONDITION_VARIABLE@@A 0000000180038420     LIBCMT:thread_safe_statics.obj
 0003:00003428       ?g_tss_event@@3PEAXEA      0000000180038428     LIBCMT:thread_safe_statics.obj
 0003:00003430       ?g_tss_mutex@@3U_RTL_CRITICAL_SECTION@@A 0000000180038430     LIBCMT:thread_safe_statics.obj
 0003:00003458       ?g_sleep_condition_variable_cs@@3P6AHPEAU_RTL_CONDITION_VARIABLE@@PEAU_RTL_CRITICAL_SECTION@@K@ZEA 0000000180038458     LIBCMT:thread_safe_statics.obj
 0003:00003460       ?g_wake_all_condition_variable@@3P6AXPEAU_RTL_CONDITION_VARIABLE@@@ZEA 0000000180038460     LIBCMT:thread_safe_statics.obj
 0003:00003478       ?is_initialized_as_dll@@3_NA 0000000180038478     LIBCMT:utility.obj
 0003:00003479       ?module_local_atexit_table_initialized@@3_NA 0000000180038479     LIBCMT:utility.obj
 0003:00003480       ?module_local_atexit_table@@3U_onexit_table_t@@A 0000000180038480     LIBCMT:utility.obj
 0003:00003498       ?module_local_at_quick_exit_table@@3U_onexit_table_t@@A 0000000180038498     LIBCMT:utility.obj
 0003:000034b0       GS_ExceptionRecord         00000001800384b0     LIBCMT:gs_report.obj
 0003:00003550       GS_ContextRecord           0000000180038550     LIBCMT:gs_report.obj
 0003:00003a20       ?__proc_attached@@3HA      0000000180038a20     LIBCMT:dll_dllmain.obj
 0003:00003a50       ?__vcrt_startup_thread_ptd@@3U__vcrt_ptd@@A 0000000180038a50     libvcruntime:per_thread_data.obj
 0003:00003b18       ?heap@@3V_HeapManager@@A   0000000180038b18     libvcruntime:undname.obj
 0003:00003b40       __vcrt_lock_table          0000000180038b40     libvcruntime:locks.obj
 0003:00003b68       __vcrt_locks_initialized   0000000180038b68     libvcruntime:locks.obj
 0003:00003b70       ?module_handles@@3PAPEAUHINSTANCE__@@A 0000000180038b70     libvcruntime:winapi_downlevel.obj
 0003:00003b88       ?function_pointers@@3PAPEAXA 0000000180038b88     libvcruntime:winapi_downlevel.obj
 0003:00003bc0       ?__acrt_invalid_parameter_handler@@3V?$dual_state_global@P6AXPEB_W00I_K@Z@__crt_state_management@@A 0000000180038bc0     libucrt:invalid_parameter.obj
 0003:00003bd0       ?source_frequency@@3_JA    0000000180038bd0     libucrt:clock.obj
 0003:00003bd8       ?start_count@@3_JA         0000000180038bd8     libucrt:clock.obj
 0003:00003be0       ?ctrlc_action@@3V?$dual_state_global@P6AXH@Z@__crt_state_management@@A 0000000180038be0     libucrt:signal.obj
 0003:00003be8       ?ctrlbreak_action@@3V?$dual_state_global@P6AXH@Z@__crt_state_management@@A 0000000180038be8     libucrt:signal.obj
 0003:00003bf0       ?abort_action@@3V?$dual_state_global@P6AXH@Z@__crt_state_management@@A 0000000180038bf0     libucrt:signal.obj
 0003:00003bf8       ?term_action@@3V?$dual_state_global@P6AXH@Z@__crt_state_management@@A 0000000180038bf8     libucrt:signal.obj
 0003:00003c00       ?__acrt_lock_table@@3PAU_RTL_CRITICAL_SECTION@@A 0000000180038c00     libucrt:locks.obj
 0003:00003e30       ?__acrt_locks_initialized@@3IA 0000000180038e30     libucrt:locks.obj
 0003:00003e38       ?__acrt_new_handler@@3V?$dual_state_global@P6AH_K@Z@__crt_state_management@@A 0000000180038e38     libucrt:new_handler.obj
 0003:00003e40       ?c_termination_complete@@3JA 0000000180038e40     libucrt:exit.obj
 0003:00003e48       ?thread_local_exit_callback_func@@3P6AXPEAXK0@ZEA 0000000180038e48     libucrt:exit.obj
 0003:00003e60       ?program_name@?1???$common_configure_argv@D@@YAHW4_crt_argv_mode@@@Z@4PADA 0000000180038e60     libucrt:argv_parsing.obj
 0003:00003fb8       ?internal_state@?1??_mbtowc_l@@9@4U_Mbstatet@@A 0000000180038fb8     libucrt:mbtowc.obj
 0003:00003fc0       ?enable_percent_n@@3_KA    0000000180038fc0     libucrt:printf_count_output.obj
 0003:00004400       ?module_handles@@3PAPEAUHINSTANCE__@@A 0000000180039400     libucrt:winapi_thunks.obj
 0003:000044a0       ?encoded_function_pointers@@3PAPEAXA 00000001800394a0     libucrt:winapi_thunks.obj
 0003:000045b0       ?__acrt_app_type@@3W4_crt_app_type@@A 00000001800395b0     libucrt:report_runtime_error.obj
 0003:000045d0       ?_tzname@@3V?$dual_state_global@PEAPEAD@__crt_state_management@@A 00000001800395d0     libucrt:timeset.obj
 0003:000045d8       ?w_tzname@@3V?$dual_state_global@PEAPEA_W@__crt_state_management@@A 00000001800395d8     libucrt:timeset.obj
 0003:000045e0       ?tz_api_used@@3HA          00000001800395e0     libucrt:tzset.obj
 0003:000045e4       ?tzset_init_state@@3V?$dual_state_global@J@__crt_state_management@@A 00000001800395e4     libucrt:tzset.obj
 0003:000045f0       ?tz_info@@3U_TIME_ZONE_INFORMATION@@A 00000001800395f0     libucrt:tzset.obj
 0003:000046b8       ?fSystemSet@@3HA           00000001800396b8     libucrt:mbctype.obj
 0003:000046bc       ?initialized@?1??__acrt_initialize_multibyte@@9@4_NA 00000001800396bc     libucrt:mbctype.obj
 0003:000046f8       ?user_matherr@@3V?$dual_state_global@P6AHPEAU_exception@@@Z@__crt_state_management@@A 00000001800396f8     libucrt:matherr.obj
 0003:00004700       ?__acrt_global_new_mode@@3V?$dual_state_global@J@__crt_state_management@@A 0000000180039700     libucrt:new_mode.obj
 0003:00004708       ?internal_pst@?1??__mbrtoc32_utf8@__crt_mbstring@@YA_KPEA_UPEBD_KPEAU_Mbstatet@@@Z@4U3@A 0000000180039708     libucrt:mbrtoc32.obj
 0003:00004728       ?GImAllocatorUserData@@3PEAXEA 0000000180039728     imgui.obj
 0003:00004758       ?g_pd3dDevice@@3PEAUID3D11Device@@EA 0000000180039758     imgui_impl_dx11.obj
 0003:00004760       ?g_hWnd@@3PEAUHWND__@@EA   0000000180039760     imgui_impl_win32.obj
 0003:000048b0       ?singleton@@3V?$shared_ptr@VSixMansPlugin@@@std@@A 00000001800398b0     SixMansPlugin-Rework.obj
 0005:00000000       MoveSmall                  000000018003c000     libvcruntime:memcpy.obj
 0005:00000040       MoveSmallYmm               000000018003c040     libvcruntime:memcpy.obj
 0005:00000064       MoveSmallYmmNT             000000018003c064     libvcruntime:memcpy.obj
 0005:00000088       MoveSmallXmm               000000018003c088     libvcruntime:memcpy.obj
 0005:000000b0       SetSmall                   000000018003c0b0     libvcruntime:memset.obj
 0005:000000f0       SetSmallYmm                000000018003c0f0     libvcruntime:memset.obj
 0005:00000114       SetSmallYmmNT              000000018003c114     libvcruntime:memset.obj
 0005:00000138       SetSmallXmm                000000018003c138     libvcruntime:memset.obj
 0006:000000a0       $R000000                   000000018003d0a0     SixMansPlugin-Rework.res
 0006:000003d8       $R000338                   000000018003d3d8     SixMansPlugin-Rework.res
