 SixMansPlugin-Rework

 Timestamp is 62299d5c (Thu Mar 10 01:40:28 2022)

 Preferred load address is 0000000180000000

 Start         Length     Name                   Class
 0001:00000000 00002eb0H .text$di                CODE
 0001:00002eb0 0001af30H .text$mn                CODE
 0001:0001dde0 00000040H .text$mn$00             CODE
 0001:0001de20 000011d0H .text$x                 CODE
 0001:0001eff0 00000628H .text$yd                CODE
 0002:00000000 000002d8H .idata$5                DATA
 0002:000002d8 00000038H .00cfg                  DATA
 0002:00000310 00000008H .CRT$XCA                DATA
 0002:00000318 00000018H .CRT$XCC                DATA
 0002:00000330 00000010H .CRT$XCL                DATA
 0002:00000340 000000e0H .CRT$XCU                DATA
 0002:00000420 00000008H .CRT$XCZ                DATA
 0002:00000428 00000008H .CRT$XIA                DATA
 0002:00000430 00000040H .CRT$XIC                DATA
 0002:00000470 00000008H .CRT$XIZ                DATA
 0002:00000478 00000008H .CRT$XLA                DATA
 0002:00000480 00000008H .CRT$XLZ                DATA
 0002:00000488 00000008H .CRT$XPA                DATA
 0002:00000490 00000010H .CRT$XPX                DATA
 0002:000004a0 00000008H .CRT$XPXA               DATA
 0002:000004a8 00000008H .CRT$XPZ                DATA
 0002:000004b0 00000008H .CRT$XTA                DATA
 0002:000004b8 00000008H .CRT$XTZ                DATA
 0002:000004c0 00000000H .gehcont$y              DATA
 0002:000004c0 00000000H .gfids$y                DATA
 0002:000004c0 00011d40H .rdata                  DATA
 0002:00012200 00000000H .rdata$CastGuardVftablesA DATA
 0002:00012200 00000000H .rdata$CastGuardVftablesC DATA
 0002:00012200 00000030H .rdata$T                DATA
 0002:00012230 00000decH .rdata$r                DATA
 0002:0001301c 0000012cH .rdata$voltmd           DATA
 0002:00013148 00000450H .rdata$zzzdbg           DATA
 0002:00013598 00000008H .rtc$IAA                DATA
 0002:000135a0 00000008H .rtc$IZZ                DATA
 0002:000135a8 00000008H .rtc$TAA                DATA
 0002:000135b0 00000008H .rtc$TZZ                DATA
 0002:000135b8 00000004H .tls                    DATA
 0002:000135bc 00000004H .tls$                   DATA
 0002:000135c0 00000008H .tls$ZZZ                DATA
 0002:000135c8 00002330H .xdata                  DATA
 0002:000158f8 00000328H .xdata$x                DATA
 0002:00015c20 000002ecH .edata                  DATA
 0002:00015f0c 0000003cH .idata$2                DATA
 0002:00015f48 00000018H .idata$3                DATA
 0002:00015f60 000002d8H .idata$4                DATA
 0002:00016238 0000089cH .idata$6                DATA
 0003:00000000 000028a0H .data                   DATA
 0003:000028a0 00000340H .data$r                 DATA
 0003:00002be0 000005d0H .data$rs                DATA
 0003:000031b0 00001d4cH .bss                    DATA
 0004:00000000 00001adcH .pdata                  DATA
 0005:00000000 0000015cH _RDATA                  DATA
 0006:00000000 000000a0H .rsrc$01                DATA
 0006:000000a0 000004b8H .rsrc$02                DATA

  Address         Publics by Value              Rva+Base               Lib:Object

 0000:00000000       ___safe_se_handler_count   0000000000000000     <absolute>
 0000:00000000       __hybrid_code_map          0000000000000000     <absolute>
 0000:00000000       __arm64x_extra_rfe_table   0000000000000000     <absolute>
 0000:00000000       __guard_fids_count         0000000000000000     <absolute>
 0000:00000000       __x64_code_ranges_to_entry_points 0000000000000000     <absolute>
 0000:00000000       __guard_longjmp_table      0000000000000000     <absolute>
 0000:00000000       ___safe_se_handler_table   0000000000000000     <absolute>
 0000:00000000       __x64_code_ranges_to_entry_points_count 0000000000000000     <absolute>
 0000:00000000       __guard_eh_cont_count      0000000000000000     <absolute>
 0000:00000000       __arm64x_redirection_metadata 0000000000000000     <absolute>
 0000:00000000       __arm64x_extra_rfe_table_size 0000000000000000     <absolute>
 0000:00000000       __guard_iat_table          0000000000000000     <absolute>
 0000:00000000       __guard_iat_count          0000000000000000     <absolute>
 0000:00000000       __guard_longjmp_count      0000000000000000     <absolute>
 0000:00000000       __dynamic_value_reloc_table 0000000000000000     <absolute>
 0000:00000000       __hybrid_auxiliary_iat     0000000000000000     <absolute>
 0000:00000000       __hybrid_auxiliary_iat_copy 0000000000000000     <absolute>
 0000:00000000       __AbsoluteZero             0000000000000000     <absolute>
 0000:00000000       __guard_check_icall_a64n_fptr 0000000000000000     <absolute>
 0000:00000000       __guard_fids_table         0000000000000000     <absolute>
 0000:00000000       __arm64x_redirection_metadata_count 0000000000000000     <absolute>
 0000:00000000       __enclave_config           0000000000000000     <absolute>
 0000:00000000       __guard_eh_cont_table      0000000000000000     <absolute>
 0000:00000000       __arm64x_native_entrypoint 0000000000000000     <absolute>
 0000:00000000       __hybrid_code_map_count    0000000000000000     <absolute>
 0000:00000100       __guard_flags              0000000000000100     <absolute>
 0000:00000000       __ImageBase                0000000180000000     <linker-defined>
 0001:00002eb0       ??$_Reallocate_grow_by@V<lambda_1>@?1??append@?$basic_string@DU?$char_traits@D@std@@V?$allocator@D@2@@std@@QEAAAEAV34@_KD@Z@_KD@?$basic_string@DU?$char_traits@D@std@@V?$allocator@D@2@@std@@AEAAAEAV01@_KV<lambda_1>@?1??append@01@QEAAAEAV01@0D@Z@_KD@Z 0000000180003eb0 f i format.obj
 0001:00003050       ??0runtime_error@std@@QEAA@AEBV01@@Z 0000000180004050 f i format.obj
 0001:00003090       ?_Xlen_string@std@@YAXXZ   0000000180004090 f i format.obj
 0001:000030b0       ?assign@?$basic_string@DU?$char_traits@D@std@@V?$allocator@D@2@@std@@QEAAAEAV12@QEBD_K@Z 00000001800040b0 f i format.obj
 0001:00003210       ??_Eexception@std@@UEAAPEAXI@Z 0000000180004210 f i * CIL library *:* CIL module *
 0001:00003210       ??_Gbad_array_new_length@std@@UEAAPEAXI@Z 0000000180004210 f i format.obj
 0001:00003210       ??_Glogic_error@std@@UEAAPEAXI@Z 0000000180004210 f i server.obj
 0001:00003210       ??_Gexception@std@@UEAAPEAXI@Z 0000000180004210 f i format.obj
 0001:00003210       ??_Glength_error@std@@UEAAPEAXI@Z 0000000180004210 f i server.obj
 0001:00003210       ??_Gruntime_error@std@@UEAAPEAXI@Z 0000000180004210 f i format.obj
 0001:00003210       ??_Elogic_error@std@@UEAAPEAXI@Z 0000000180004210 f i * CIL library *:* CIL module *
 0001:00003210       ??_Ebad_alloc@std@@UEAAPEAXI@Z 0000000180004210 f i * CIL library *:* CIL module *
 0001:00003210       ??_Ebad_array_new_length@std@@UEAAPEAXI@Z 0000000180004210 f i * CIL library *:* CIL module *
 0001:00003210       ??_Elength_error@std@@UEAAPEAXI@Z 0000000180004210 f i * CIL library *:* CIL module *
 0001:00003210       ??_Gbad_alloc@std@@UEAAPEAXI@Z 0000000180004210 f i format.obj
 0001:00003210       ??_Eruntime_error@std@@UEAAPEAXI@Z 0000000180004210 f i * CIL library *:* CIL module *
 0001:00003260       ??0runtime_error@std@@QEAA@AEBV?$basic_string@DU?$char_traits@D@std@@V?$allocator@D@2@@1@@Z 0000000180004260 f i format.obj
 0001:000032d0       ??1?$basic_string@DU?$char_traits@D@std@@V?$allocator@D@2@@std@@QEAA@XZ 00000001800042d0 f i format.obj
 0001:00003330       ??0bad_array_new_length@std@@QEAA@XZ 0000000180004330 f i format.obj
 0001:00003360       ??1exception@std@@UEAA@XZ  0000000180004360 f i format.obj
 0001:00003360       ??1bad_alloc@std@@UEAA@XZ  0000000180004360 f i format.obj
 0001:00003360       ??1length_error@std@@UEAA@XZ 0000000180004360 f i server.obj
 0001:00003360       ??1bad_array_new_length@std@@UEAA@XZ 0000000180004360 f i format.obj
 0001:00003360       ??1system_error@system@boost@@UEAA@XZ 0000000180004360 f i privatematch_wrapper.obj
 0001:00003380       ??0bad_array_new_length@std@@QEAA@AEBV01@@Z 0000000180004380 f i format.obj
 0001:000033c0       ??0bad_alloc@std@@QEAA@AEBV01@@Z 00000001800043c0 f i format.obj
 0001:00003400       ?what@exception@std@@UEBAPEBDXZ 0000000180004400 f i format.obj
 0001:00003420       ??0exception@std@@QEAA@AEBV01@@Z 0000000180004420 f i format.obj
 0001:00003460       ?_Throw_bad_array_new_length@std@@YAXXZ 0000000180004460 f i format.obj
 0001:00003460       ?__scrt_throw_std_bad_array_new_length@@YAXXZ 0000000180004460 f i LIBCMT:throw_bad_alloc.obj
 0001:00003480       __local_stdio_printf_options 0000000180004480 f i format.obj
 0001:000034a0       ??3@YAXPEAX@Z              00000001800044a0 f   LIBCMT:delete_scalar.obj
 0001:000034b0       __local_stdio_scanf_options 00000001800044b0 f i imgui.obj
 0001:000034c0       sprintf                    00000001800044c0 f i imgui_demo.obj
 0001:00003520       ??$_Reallocate_grow_by@V<lambda_1>@?1??append@?$basic_string@DU?$char_traits@D@std@@V?$allocator@D@2@@std@@QEAAAEAV34@QEBD_K@Z@PEBD_K@?$basic_string@DU?$char_traits@D@std@@V?$allocator@D@2@@std@@AEAAAEAV01@_KV<lambda_1>@?1??append@01@QEAAAEAV01@QEBD0@Z@PEBD_K@Z 0000000180004520 f i imgui_rangeslider.obj
 0001:000036b0       ?append@?$basic_string@DU?$char_traits@D@std@@V?$allocator@D@2@@std@@QEAAAEAV12@QEBD_K@Z 00000001800046b0 f i imgui_rangeslider.obj
 0001:00003740       ??0?$basic_string@DU?$char_traits@D@std@@V?$allocator@D@2@@std@@QEAA@AEBV01@@Z 0000000180004740 f i imgui_searchablecombo.obj
 0001:00003820       ??$_Reallocate_grow_by@V<lambda_1>@?1??push_back@?$basic_string@DU?$char_traits@D@std@@V?$allocator@D@2@@std@@QEAAXD@Z@D@?$basic_string@DU?$char_traits@D@std@@V?$allocator@D@2@@std@@AEAAAEAV01@_KV<lambda_1>@?1??push_back@01@QEAAXD@Z@D@Z 0000000180004820 f i logsys.obj
 0001:00003990       ??0PrivateMatch@@QEAA@XZ   0000000180004990 f   privatematch_wrapper.obj
 0001:00003cc0       ?InitCvars@PrivateMatch@@QEAAXXZ 0000000180004cc0 f   privatematch_wrapper.obj
 0001:000043d0       ??4?$shared_ptr@UCustomMatchSettings@@@std@@QEAAAEAV01@$$QEAV01@@Z 00000001800053d0 f i privatematch_wrapper.obj
 0001:000043d0       ??4?$shared_ptr@VPrivateMatch@@@std@@QEAAAEAV01@$$QEAV01@@Z 00000001800053d0 f i SixMansPlugin-Rework.obj
 0001:000043d0       ??4?$shared_ptr@VMatchmakingWrapper@@@std@@QEAAAEAV01@$$QEAV01@@Z 00000001800053d0 f i privatematch_wrapper.obj
 0001:000043d0       ??4?$shared_ptr@UCustomMatchTeamSettings@@@std@@QEAAAEAV01@$$QEAV01@@Z 00000001800053d0 f i privatematch_wrapper.obj
 0001:00004450       ??1?$shared_ptr@UCustomMatchTeamSettings@@@std@@QEAA@XZ 0000000180005450 f i privatematch_wrapper.obj
 0001:00004450       ??1?$shared_ptr@VMatchmakingWrapper@@@std@@QEAA@XZ 0000000180005450 f i privatematch_wrapper.obj
 0001:00004450       ??1?$shared_ptr@UCustomMatchSettings@@@std@@QEAA@XZ 0000000180005450 f i privatematch_wrapper.obj
 0001:000044a0       ?_Delete_this@?$_Ref_count_obj2@VPrivateMatch@@@std@@EEAAXXZ 00000001800054a0 f i SixMansPlugin-Rework.obj
 0001:000044a0       ?_Delete_this@?$_Ref_count_obj2@UCustomMatchTeamSettings@@@std@@EEAAXXZ 00000001800054a0 f i privatematch_wrapper.obj
 0001:000044a0       ?_Delete_this@?$_Ref_count_obj2@UCustomMatchSettings@@@std@@EEAAXXZ 00000001800054a0 f i privatematch_wrapper.obj
 0001:000044a0       ?_Delete_this@?$_Ref_count_obj2@VMatchmakingWrapper@@@std@@EEAAXXZ 00000001800054a0 f i privatematch_wrapper.obj
 0001:000044a0       ?_Delete_this@?$_Ref_count@VSixMansPlugin@@@std@@EEAAXXZ 00000001800054a0 f i SixMansPlugin-Rework.obj
 0001:000044c0       ?_Destroy@?$_Ref_count_obj2@VMatchmakingWrapper@@@std@@EEAAXXZ 00000001800054c0 f i privatematch_wrapper.obj
 0001:000044d0       ?_Destroy@?$_Ref_count_obj2@UCustomMatchTeamSettings@@@std@@EEAAXXZ 00000001800054d0 f i privatematch_wrapper.obj
 0001:00004530       ?_Destroy@?$_Ref_count_obj2@UCustomMatchSettings@@@std@@EEAAXXZ 0000000180005530 f i privatematch_wrapper.obj
 0001:00004540       ??_G?$_Ref_count_obj2@VMatchmakingWrapper@@@std@@UEAAPEAXI@Z 0000000180005540 f i privatematch_wrapper.obj
 0001:00004540       ??_E?$_Ref_count_obj2@VMatchmakingWrapper@@@std@@UEAAPEAXI@Z 0000000180005540 f i * CIL library *:* CIL module *
 0001:00004570       ??_G?$_Ref_count_obj2@UCustomMatchTeamSettings@@@std@@UEAAPEAXI@Z 0000000180005570 f i privatematch_wrapper.obj
 0001:00004570       ??_E?$_Ref_count_obj2@UCustomMatchTeamSettings@@@std@@UEAAPEAXI@Z 0000000180005570 f i * CIL library *:* CIL module *
 0001:000045a0       ??_E?$_Ref_count_obj2@UCustomMatchSettings@@@std@@UEAAPEAXI@Z 00000001800055a0 f i * CIL library *:* CIL module *
 0001:000045a0       ??_G?$_Ref_count_obj2@UCustomMatchSettings@@@std@@UEAAPEAXI@Z 00000001800055a0 f i privatematch_wrapper.obj
 0001:000045d0       ??$?0$$V@?$_Ref_count_obj2@UCustomMatchSettings@@@std@@QEAA@XZ 00000001800055d0 f i privatematch_wrapper.obj
 0001:000046b0       ??1CustomMatchSettings@@QEAA@XZ 00000001800056b0 f i privatematch_wrapper.obj
 0001:00004d80       _scprintf                  0000000180005d80 f i privatematch_wrapper.obj
 0001:00004de0       sprintf_s                  0000000180005de0 f i privatematch_wrapper.obj
 0001:00004e40       ??4?$basic_string@DU?$char_traits@D@std@@V?$allocator@D@2@@std@@QEAAAEAV01@$$QEAV01@@Z 0000000180005e40 f i privatematch_wrapper.obj
 0001:00004ed0       ?to_string@error_code@system@boost@@QEBA?AV?$basic_string@DU?$char_traits@D@std@@V?$allocator@D@2@@std@@XZ 0000000180005ed0 f i privatematch_wrapper.obj
 0001:000050c0       ?to_string@source_location@boost@@QEBA?AV?$basic_string@DU?$char_traits@D@std@@V?$allocator@D@2@@std@@XZ 00000001800060c0 f i privatematch_wrapper.obj
 0001:00005270       ?what@error_code@system@boost@@QEBA?AV?$basic_string@DU?$char_traits@D@std@@V?$allocator@D@2@@std@@XZ 0000000180006270 f i privatematch_wrapper.obj
 0001:00005420       ??0system_error@system@boost@@QEAA@AEBVerror_code@12@PEBD@Z 0000000180006420 f i privatematch_wrapper.obj
 0001:00005580       ??0?$wrapexcept@Vsystem_error@system@boost@@@boost@@QEAA@AEBVsystem_error@system@1@@Z 0000000180006580 f i privatematch_wrapper.obj
 0001:00005620       ??1?$wrapexcept@Vsystem_error@system@boost@@@boost@@UEAA@XZ 0000000180006620 f i privatematch_wrapper.obj
 0001:00005680       ??_E?$wrapexcept@Vsystem_error@system@boost@@@boost@@UEAAPEAXI@Z 0000000180006680 f i * CIL library *:* CIL module *
 0001:00005680       ??_G?$wrapexcept@Vsystem_error@system@boost@@@boost@@UEAAPEAXI@Z 0000000180006680 f i privatematch_wrapper.obj
 0001:00005700       ??1deleter@?$wrapexcept@Vsystem_error@system@boost@@@boost@@QEAA@XZ 0000000180006700 f i privatematch_wrapper.obj
 0001:00005720       ?clone@?$wrapexcept@Vsystem_error@system@boost@@@boost@@UEBAPEBVclone_base@exception_detail@2@XZ 0000000180006720 f i privatematch_wrapper.obj
 0001:00005780       ?rethrow@?$wrapexcept@Vsystem_error@system@boost@@@boost@@UEBAXXZ 0000000180006780 f i privatematch_wrapper.obj
 0001:000057a8       ??_E?$wrapexcept@Vsystem_error@system@boost@@@boost@@W7EAAPEAXI@Z 00000001800067a8 f i privatematch_wrapper.obj
 0001:000057b4       ??_E?$wrapexcept@Vsystem_error@system@boost@@@boost@@WDI@EAAPEAXI@Z 00000001800067b4 f i privatematch_wrapper.obj
 0001:000057c0       ??0?$wrapexcept@Vsystem_error@system@boost@@@boost@@QEAA@AEBU01@@Z 00000001800067c0 f i privatematch_wrapper.obj
 0001:00005880       ??_Gsystem_error@system@boost@@UEAAPEAXI@Z 0000000180006880 f i privatematch_wrapper.obj
 0001:00005880       ??_Esystem_error@system@boost@@UEAAPEAXI@Z 0000000180006880 f i * CIL library *:* CIL module *
 0001:000058d0       ??0system_error@system@boost@@QEAA@AEBV012@@Z 00000001800068d0 f i privatematch_wrapper.obj
 0001:00005930       ??$throw_exception@Vsystem_error@system@boost@@@boost@@YAXAEBVsystem_error@system@0@@Z 0000000180006930 f i privatematch_wrapper.obj
 0001:00005960       ?do_throw_error@detail@asio@boost@@YAXAEBVerror_code@system@3@PEBD@Z 0000000180006960 f i privatematch_wrapper.obj
 0001:00005990       ?_Get_deleter@_Ref_count_base@std@@UEBAPEAXAEBVtype_info@@@Z 0000000180006990 f i privatematch_wrapper.obj
 0001:000059a0       ?to_string@std@@YA?AV?$basic_string@DU?$char_traits@D@std@@V?$allocator@D@2@@1@H@Z 00000001800069a0 f i privatematch_wrapper.obj
 0001:00005a80       ??1clone_base@exception_detail@boost@@UEAA@XZ 0000000180006a80 f i privatematch_wrapper.obj
 0001:00005a90       ?copy_boost_exception@exception_detail@boost@@YAXPEAVexception@2@PEBV32@@Z 0000000180006a90 f i privatematch_wrapper.obj
 0001:00005b60       ??_Eclone_base@exception_detail@boost@@UEAAPEAXI@Z 0000000180006b60 f i * CIL library *:* CIL module *
 0001:00005b60       ??_Gclone_base@exception_detail@boost@@UEAAPEAXI@Z 0000000180006b60 f i privatematch_wrapper.obj
 0001:00005b90       ??0clone_base@exception_detail@boost@@QEAA@AEBV012@@Z 0000000180006b90 f i privatematch_wrapper.obj
 0001:00005ba0       ??1?$refcount_ptr@Uerror_info_container@exception_detail@boost@@@exception_detail@boost@@QEAA@XZ 0000000180006ba0 f i privatematch_wrapper.obj
 0001:00005bd0       ??0exception@boost@@QEAA@AEBV01@@Z 0000000180006bd0 f i privatematch_wrapper.obj
 0001:00005c30       ?win_tss_ptr_create@detail@asio@boost@@YAKXZ 0000000180006c30 f i privatematch_wrapper.obj
 0001:00005d00       ?name@system_error_category@detail@system@boost@@UEBAPEBDXZ 0000000180006d00 f i privatematch_wrapper.obj
 0001:00005d10       ?system_category_condition_win32@detail@system@boost@@YAHH@Z 0000000180006d10 f i privatematch_wrapper.obj
 0001:000060e0       ?default_error_condition@system_error_category@detail@system@boost@@UEBA?AVerror_condition@34@H@Z 00000001800070e0 f i privatematch_wrapper.obj
 0001:00006120       ?equivalent@error_category@system@boost@@UEBA_NAEBVerror_code@23@H@Z 0000000180007120 f i privatematch_wrapper.obj
 0001:000061c0       ?equivalent@error_category@system@boost@@UEBA_NHAEBVerror_condition@23@@Z 00000001800071c0 f i privatematch_wrapper.obj
 0001:00006260       ?message@system_error_category@detail@system@boost@@UEBAPEBDHPEAD_K@Z 0000000180007260 f i privatematch_wrapper.obj
 0001:00006320       ??1local_free@detail@system@boost@@QEAA@XZ 0000000180007320 f i privatematch_wrapper.obj
 0001:00006330       ?assign@?$basic_string@DU?$char_traits@D@std@@V?$allocator@D@2@@std@@QEAAAEAV12@_KD@Z 0000000180007330 f i privatematch_wrapper.obj
 0001:000064a0       ?snprintf@detail@system@boost@@YAXPEAD_KPEBDZZ 00000001800074a0 f i privatematch_wrapper.obj
 0001:00006500       ?unknown_message_win32@detail@system@boost@@YA?AV?$basic_string@DU?$char_traits@D@std@@V?$allocator@D@2@@std@@H@Z 0000000180007500 f i privatematch_wrapper.obj
 0001:000065a0       ?system_category_message_win32@detail@system@boost@@YA?AV?$basic_string@DU?$char_traits@D@std@@V?$allocator@D@2@@std@@H@Z 00000001800075a0 f i privatematch_wrapper.obj
 0001:00006840       ?message@system_error_category@detail@system@boost@@UEBA?AV?$basic_string@DU?$char_traits@D@std@@V?$allocator@D@2@@std@@H@Z 0000000180007840 f i privatematch_wrapper.obj
 0001:00006860       ?failed@error_category@system@boost@@UEBA_NH@Z 0000000180007860 f i privatematch_wrapper.obj
 0001:00006870       ??0length_error@std@@QEAA@PEBD@Z 0000000180007870 f i server.obj
 0001:000068e0       ??0length_error@std@@QEAA@AEBV01@@Z 00000001800078e0 f i server.obj
 0001:00006920       ??0logic_error@std@@QEAA@AEBV01@@Z 0000000180007920 f i server.obj
 0001:00006960       ?GetInstance@PrivateMatch@@SA?AV?$shared_ptr@VPrivateMatch@@@std@@XZ 0000000180007960 f i SixMansPlugin-Rework.obj
 0001:00006aa0       getPlugin                  0000000180007aa0 f   SixMansPlugin-Rework.obj
 0001:00006b80       deleteMe                   0000000180007b80 f   SixMansPlugin-Rework.obj
 0001:00006bf0       ?onLoad@SixMansPlugin@@EEAAXXZ 0000000180007bf0 f   SixMansPlugin-Rework.obj
 0001:00006cc0       ?onUnload@BakkesModPlugin@Plugin@BakkesMod@@UEAAXXZ 0000000180007cc0 f   SixMansPlugin-Rework.obj
 0001:00006cc0       ?onLoad@BakkesModPlugin@Plugin@BakkesMod@@UEAAXXZ 0000000180007cc0 f   SixMansPlugin-Rework.obj
 0001:00006cc0       ?onUnload@SixMansPlugin@@EEAAXXZ 0000000180007cc0 f   SixMansPlugin-Rework.obj
 0001:00006cc0       _guard_check_icall_nop     0000000180007cc0 f   LIBCMT:guard_support.obj
 0001:00006cd0       ?_Destroy@?$_Ref_count@VSixMansPlugin@@@std@@EEAAXXZ 0000000180007cd0 f i SixMansPlugin-Rework.obj
 0001:00006ce0       ?_Destroy@?$_Ref_count_obj2@VPrivateMatch@@@std@@EEAAXXZ 0000000180007ce0 f i SixMansPlugin-Rework.obj
 0001:00006cf0       ??_GSixMansPlugin@@QEAAPEAXI@Z 0000000180007cf0 f i SixMansPlugin-Rework.obj
 0001:00006d60       ??_E?$_Ref_count@VSixMansPlugin@@@std@@UEAAPEAXI@Z 0000000180007d60 f i * CIL library *:* CIL module *
 0001:00006d60       ??_G?$_Ref_count@VSixMansPlugin@@@std@@UEAAPEAXI@Z 0000000180007d60 f i SixMansPlugin-Rework.obj
 0001:00006d90       ??_G?$_Ref_count_obj2@VPrivateMatch@@@std@@UEAAPEAXI@Z 0000000180007d90 f i SixMansPlugin-Rework.obj
 0001:00006d90       ??_E?$_Ref_count_obj2@VPrivateMatch@@@std@@UEAAPEAXI@Z 0000000180007d90 f i * CIL library *:* CIL module *
 0001:00006dc0       ??1PrivateMatch@@QEAA@XZ   0000000180007dc0 f i SixMansPlugin-Rework.obj
 0001:00006f50       ??4?$shared_ptr@VCVarManagerWrapper@@@std@@QEAAAEAV01@AEBV01@@Z 0000000180007f50 f i SixMansPlugin-Rework.obj
 0001:00006fe0       ??1BakkesModPlugin@Plugin@BakkesMod@@QEAA@XZ 0000000180007fe0 f i SixMansPlugin-Rework.obj
 0001:00007070       ??0BakkesModPlugin@Plugin@BakkesMod@@QEAA@XZ 0000000180008070 f i SixMansPlugin-Rework.obj
 0001:00007090       ??0BakkesModPlugin@Plugin@BakkesMod@@QEAA@AEBV012@@Z 0000000180008090 f i pch.obj
 0001:000070f0       ??0BakkesModPlugin@Plugin@BakkesMod@@QEAA@$$QEAV012@@Z 00000001800080f0 f i pch.obj
 0001:00007150       ??4BakkesModPlugin@Plugin@BakkesMod@@QEAAAEAV012@AEBV012@@Z 0000000180008150 f i pch.obj
 0001:000071f0       ??4BakkesModPlugin@Plugin@BakkesMod@@QEAAAEAV012@$$QEAV012@@Z 00000001800081f0 f i pch.obj
 0001:000072d0       ?__autoclassinit2@BakkesModPlugin@Plugin@BakkesMod@@QEAAX_K@Z 00000001800082d0 f i pch.obj
 0001:000072da       ??1MatchmakingWrapper@@QEAA@XZ 00000001800082da f   pluginsdk:pluginsdk.dll
 0001:000072e0       ??1CVarWrapper@@QEAA@XZ    00000001800082e0 f   pluginsdk:pluginsdk.dll
 0001:000072e8       ??0bad_alloc@std@@QEAA@XZ  00000001800082e8 f i libcpmt:xthrow.obj
 0001:00007308       ?_Xlength_error@std@@YAXPEBD@Z 0000000180008308 f   libcpmt:xthrow.obj
 0001:0000732c       ??0_Init_locks@std@@QEAA@XZ 000000018000832c f   libcpmt:xlock.obj
 0001:00007370       ??1_Init_locks@std@@QEAA@XZ 0000000180008370 f   libcpmt:xlock.obj
 0001:000073ac       ??0bad_exception@std@@QEAA@AEBV01@@Z 00000001800083ac f i libcpmt:excptptr.obj
 0001:000073f0       ??0bad_exception@std@@QEAA@XZ 00000001800083f0 f i libcpmt:excptptr.obj
 0001:00007420       ??1bad_exception@std@@UEAA@XZ 0000000180008420 f i libcpmt:excptptr.obj
 0001:00007444       ??_Ebad_exception@std@@UEAAPEAXI@Z 0000000180008444 f i libcpmt:excptptr.obj
 0001:00007444       ??_Gbad_exception@std@@UEAAPEAXI@Z 0000000180008444 f i libcpmt:excptptr.obj
 0001:0000748c       ?_CallMemberFunction0@@YAXQEAX0@Z 000000018000848c f i libcpmt:excptptr.obj
 0001:00007490       ?_CallMemberFunction1@@YAXQEAX00@Z 0000000180008490 f i libcpmt:excptptr.obj
 0001:0000749c       ?_CallMemberFunction2@@YAXQEAX00H@Z 000000018000849c f i libcpmt:excptptr.obj
 0001:000074ac       _Mtxdst                    00000001800084ac f   libcpmt:xmtx.obj
 0001:000074b4       _Mtxinit                   00000001800084b4 f   libcpmt:xmtx.obj
 0001:00007890       __security_check_cookie    0000000180008890 f   LIBCMT:amdsecgs.obj
 0001:000078b0       ??3@YAXPEAX_K@Z            00000001800088b0 f   LIBCMT:delete_scalar_size.obj
 0001:000078b8       ??2@YAPEAX_K@Z             00000001800088b8 f   LIBCMT:new_scalar.obj
 0001:000078f4       ??_Gtype_info@@UEAAPEAXI@Z 00000001800088f4 f i LIBCMT:std_type_info_static.obj
 0001:000078f4       ??_Etype_info@@UEAAPEAXI@Z 00000001800088f4 f i LIBCMT:std_type_info_static.obj
 0001:00007920       ??_M@YAXPEAX_K1P6AX0@Z@Z   0000000180008920 f   LIBCMT:ehvecdtr.obj
 0001:0000798c       ?__ArrayUnwind@@YAXPEAX_K1P6AX0@Z@Z 000000018000898c f   LIBCMT:ehvecdtr.obj
 0001:00007ae8       __scrt_acquire_startup_lock 0000000180008ae8 f   LIBCMT:utility.obj
 0001:00007b24       __scrt_dllmain_after_initialize_c 0000000180008b24 f   LIBCMT:utility.obj
 0001:00007b58       __scrt_dllmain_before_initialize_c 0000000180008b58 f   LIBCMT:utility.obj
 0001:00007b70       __scrt_dllmain_crt_thread_attach 0000000180008b70 f   LIBCMT:utility.obj
 0001:00007b98       __scrt_dllmain_crt_thread_detach 0000000180008b98 f   LIBCMT:utility.obj
 0001:00007bb0       __scrt_dllmain_exception_filter 0000000180008bb0 f   LIBCMT:utility.obj
 0001:00007c10       __scrt_dllmain_uninitialize_c 0000000180008c10 f   LIBCMT:utility.obj
 0001:00007c40       __scrt_dllmain_uninitialize_critical 0000000180008c40 f   LIBCMT:utility.obj
 0001:00007c54       __scrt_initialize_crt      0000000180008c54 f   LIBCMT:utility.obj
 0001:00007ca0       __scrt_initialize_onexit_tables 0000000180008ca0 f   LIBCMT:utility.obj
 0001:00007d2c       __scrt_is_nonwritable_in_current_image 0000000180008d2c f   LIBCMT:utility.obj
 0001:00007dc4       __scrt_release_startup_lock 0000000180008dc4 f   LIBCMT:utility.obj
 0001:00007de8       __scrt_uninitialize_crt    0000000180008de8 f   LIBCMT:utility.obj
 0001:00007e14       _onexit                    0000000180008e14 f   LIBCMT:utility.obj
 0001:00007e50       atexit                     0000000180008e50 f   LIBCMT:utility.obj
 0001:00007e68       __raise_securityfailure    0000000180008e68 f   LIBCMT:gs_report.obj
 0001:00007e9c       __report_gsfailure         0000000180008e9c f   LIBCMT:gs_report.obj
 0001:00007f70       __report_rangecheckfailure 0000000180008f70 f   LIBCMT:gs_report.obj
 0001:00007f84       __report_securityfailure   0000000180008f84 f   LIBCMT:gs_report.obj
 0001:00008424       _DllMainCRTStartup         0000000180009424 f   LIBCMT:dll_dllmain.obj
 0001:00008464       __GSHandlerCheck           0000000180009464 f   LIBCMT:gshandler.obj
 0001:00008484       __GSHandlerCheckCommon     0000000180009484 f   LIBCMT:gshandler.obj
 0001:000084e0       __GSHandlerCheck_EH4       00000001800094e0 f   LIBCMT:gshandlereh4.obj
 0001:00008570       _alloca_probe              0000000180009570 f   LIBCMT:chkstk.obj
 0001:00008570       __chkstk                   0000000180009570 f   LIBCMT:chkstk.obj
 0001:000085c0       ?__scrt_throw_std_bad_alloc@@YAXXZ 00000001800095c0 f   LIBCMT:throw_bad_alloc.obj
 0001:000085e0       __crt_debugger_hook        00000001800095e0 f   LIBCMT:utility_desktop.obj
 0001:000085e8       __scrt_fastfail            00000001800095e8 f   LIBCMT:utility_desktop.obj
 0001:00008734       __isa_available_init       0000000180009734 f   LIBCMT:cpu_disp.obj
 0001:000088e0       DllMain                    00000001800098e0 f   LIBCMT:dll_dllmain_stub.obj
 0001:000088e0       _get_startup_argv_mode     00000001800098e0 f   LIBCMT:argv_mode.obj
 0001:000088e8       __scrt_is_ucrt_dll_in_use  00000001800098e8 f   LIBCMT:ucrt_detection.obj
 0001:000088f4       __security_init_cookie     00000001800098f4 f   LIBCMT:gs_support.obj
 0001:000089a0       ?__scrt_initialize_type_info@@YAXXZ 00000001800099a0 f   LIBCMT:tncleanup.obj
 0001:000089b0       ?__scrt_uninitialize_type_info@@YAXXZ 00000001800099b0 f   LIBCMT:tncleanup.obj
 0001:000089bc       __scrt_initialize_default_local_stdio_options 00000001800099bc f   LIBCMT:default_local_stdio_options.obj
 0001:000089d8       __scrt_get_dyn_tls_init_callback 00000001800099d8 f   LIBCMT:dyn_tls_init.obj
 0001:000089e0       _RTC_Initialize            00000001800099e0 f   LIBCMT:initsect.obj
 0001:00008a1c       _RTC_Terminate             0000000180009a1c f   LIBCMT:initsect.obj
 0001:00008a60       ??$_CallSETranslator@V__FrameHandler4@@@@YAHPEAUEHExceptionRecord@@PEA_KPEAU_CONTEXT@@PEAU_xDISPATCHER_CONTEXT@@PEAUFuncInfo4@FH4@@K1H@Z 0000000180009a60 f i libvcruntime:risctrnsctrl.obj
 0001:00008ab4       ?DecompFuncInfo@FH4@@YA_JPEAEAEAUFuncInfo4@1@_KH_N@Z 0000000180009ab4 f i libvcruntime:risctrnsctrl.obj
 0001:00008bd8       ?ExecutionInCatch@__FrameHandler4@@SA_NPEAU_xDISPATCHER_CONTEXT@@PEAUFuncInfo4@FH4@@@Z 0000000180009bd8 f   libvcruntime:risctrnsctrl.obj
 0001:00008be0       ?FrameUnwindToEmptyState@__FrameHandler4@@SAXPEA_KPEAU_xDISPATCHER_CONTEXT@@PEAUFuncInfo4@FH4@@@Z 0000000180009be0 f   libvcruntime:risctrnsctrl.obj
 0001:00008c14       ?GetEstablisherFrame@__FrameHandler4@@SAPEA_KPEA_KPEAU_xDISPATCHER_CONTEXT@@PEAUFuncInfo4@FH4@@0@Z 0000000180009c14 f   libvcruntime:risctrnsctrl.obj
 0001:00008c38       ?GetRangeOfTrysToCheck@__FrameHandler4@@SA?AU?$pair@Viterator@TryBlockMap4@FH4@@V123@@std@@AEAVTryBlockMap4@FH4@@HPEAU_xDISPATCHER_CONTEXT@@PEAUFuncInfo4@5@H@Z 0000000180009c38 f   libvcruntime:risctrnsctrl.obj
 0001:00008da4       ?UnwindNestedFrames@__FrameHandler4@@SAXPEA_KPEAUEHExceptionRecord@@PEAU_CONTEXT@@0PEAXPEAUFuncInfo4@FH4@@HHPEAUHandlerType4@5@PEAU_xDISPATCHER_CONTEXT@@E@Z 0000000180009da4 f   libvcruntime:risctrnsctrl.obj
 0001:00008ec4       ?setBuffer@TryBlockMap4@FH4@@QEAAXViterator@12@@Z 0000000180009ec4 f i libvcruntime:risctrnsctrl.obj
 0001:00009088       _CreateFrameInfo           000000018000a088 f   libvcruntime:risctrnsctrl.obj
 0001:000090c4       _FindAndUnlinkFrame        000000018000a0c4 f   libvcruntime:risctrnsctrl.obj
 0001:00009118       _GetImageBase              000000018000a118 f   libvcruntime:risctrnsctrl.obj
 0001:0000912c       _GetThrowImageBase         000000018000a12c f   libvcruntime:risctrnsctrl.obj
 0001:00009140       _SetImageBase              000000018000a140 f   libvcruntime:risctrnsctrl.obj
 0001:00009158       _SetThrowImageBase         000000018000a158 f   libvcruntime:risctrnsctrl.obj
 0001:00009170       __CxxFrameHandler4         000000018000a170 f   libvcruntime:risctrnsctrl.obj
 0001:00009230       __DestructExceptionObject  000000018000a230 f   libvcruntime:ehhelpers.obj
 0001:000092a0       _IsExceptionObjectToBeDestroyed 000000018000a2a0 f   libvcruntime:ehhelpers.obj
 0001:000092d0       __AdjustPointer            000000018000a2d0 f   libvcruntime:ehhelpers.obj
 0001:000092f4       __FrameUnwindFilter        000000018000a2f4 f   libvcruntime:ehhelpers.obj
 0001:0000935c       __current_exception        000000018000a35c f   libvcruntime:ehhelpers.obj
 0001:00009370       __current_exception_context 000000018000a370 f   libvcruntime:ehhelpers.obj
 0001:00009384       __std_terminate            000000018000a384 f   libvcruntime:ehhelpers.obj
 0001:00009390       __std_exception_copy       000000018000a390 f   libvcruntime:std_exception.obj
 0001:00009420       __std_exception_destroy    000000018000a420 f   libvcruntime:std_exception.obj
 0001:00009448       _get_purecall_handler      000000018000a448 f   libvcruntime:purevirt.obj
 0001:00009454       _purecall                  000000018000a454 f   libvcruntime:purevirt.obj
 0001:00009470       __C_specific_handler       000000018000a470 f   libvcruntime:riscchandler.obj
 0001:00009668       __std_type_info_compare    000000018000a668 f   libvcruntime:std_type_info.obj
 0001:00009690       __std_type_info_destroy_list 000000018000a690 f   libvcruntime:std_type_info.obj
 0001:000096bc       _CxxThrowException         000000018000a6bc f   libvcruntime:throw.obj
 0001:00009770       memcpy_repmovs             000000018000a770 f   libvcruntime:memcpy.obj
 0001:00009790       memcpy                     000000018000a790 f   libvcruntime:memcpy.obj
 0001:00009790       memmove                    000000018000a790 f   libvcruntime:memcpy.obj
 0001:00009e20       memset_repstos             000000018000ae20 f   libvcruntime:memset.obj
 0001:00009e40       memset                     000000018000ae40 f   libvcruntime:memset.obj
 0001:0000a1e0       memcmp                     000000018000b1e0 f   libvcruntime:memcmp.obj
 0001:0000a2c0       memchr                     000000018000b2c0 f   libvcruntime:memchr.obj
 0001:0000a330       __vcrt_initialize          000000018000b330 f   libvcruntime:initialization.obj
 0001:0000a358       __vcrt_thread_attach       000000018000b358 f   libvcruntime:initialization.obj
 0001:0000a36c       __vcrt_thread_detach       000000018000b36c f   libvcruntime:initialization.obj
 0001:0000a380       __vcrt_uninitialize        000000018000b380 f   libvcruntime:initialization.obj
 0001:0000a39c       __vcrt_uninitialize_critical 000000018000b39c f   libvcruntime:initialization.obj
 0001:0000a3ac       __vcrt_freefls             000000018000b3ac f   libvcruntime:per_thread_data.obj
 0001:0000a3cc       __vcrt_freeptd             000000018000b3cc f   libvcruntime:per_thread_data.obj
 0001:0000a41c       __vcrt_getptd              000000018000b41c f   libvcruntime:per_thread_data.obj
 0001:0000a438       __vcrt_getptd_noexit       000000018000b438 f   libvcruntime:per_thread_data.obj
 0001:0000a4f8       __vcrt_initialize_ptd      000000018000b4f8 f   libvcruntime:per_thread_data.obj
 0001:0000a540       __vcrt_uninitialize_ptd    000000018000b540 f   libvcruntime:per_thread_data.obj
 0001:0000a564       ?StateFromControlPc@__FrameHandler4@@SAHPEAUFuncInfo4@FH4@@PEAU_xDISPATCHER_CONTEXT@@@Z 000000018000b564 f   libvcruntime:ehstate.obj
 0001:0000a56c       ?StateFromIp@__FrameHandler4@@SAHPEAUFuncInfo4@FH4@@PEAU_xDISPATCHER_CONTEXT@@_K@Z 000000018000b56c f   libvcruntime:ehstate.obj
 0001:0000b1e4       ??$TypeMatchHelper@V__FrameHandler3@@@@YAHPEBU_s_HandlerType@@PEBU_s_CatchableType@@PEBU_s_ThrowInfo@@@Z 000000018000c1e4 f i libvcruntime:frame.obj
 0001:0000b324       ??$TypeMatchHelper@V__FrameHandler4@@@@YAHPEAUHandlerType4@FH4@@PEBU_s_CatchableType@@PEBU_s_ThrowInfo@@@Z 000000018000c324 f i libvcruntime:frame.obj
 0001:0000b468       ??$__InternalCxxFrameHandler@V__FrameHandler4@@@@YA?AW4_EXCEPTION_DISPOSITION@@PEAUEHExceptionRecord@@PEA_KPEAU_CONTEXT@@PEAU_xDISPATCHER_CONTEXT@@PEAUFuncInfo4@FH4@@H1E@Z 000000018000c468 f i libvcruntime:frame.obj
 0001:0000b6fc       ??0HandlerMap4@FH4@@QEAA@PEBUTryBlockMapEntry4@1@_KH@Z 000000018000c6fc f i libvcruntime:frame.obj
 0001:0000b778       ??0TryBlockMap4@FH4@@QEAA@PEBUFuncInfo4@1@_K@Z 000000018000c778 f i libvcruntime:frame.obj
 0001:0000b850       ?CxxCallCatchBlock@__FrameHandler4@@SAPEAXPEAU_EXCEPTION_RECORD@@@Z 000000018000c850 f   libvcruntime:frame.obj
 0001:0000baa0       ?DecompHandler@HandlerMap4@FH4@@AEAAXXZ 000000018000caa0 f i libvcruntime:frame.obj
 0001:0000bcec       ?FrameUnwindToState@__FrameHandler4@@SAXPEA_KPEAU_xDISPATCHER_CONTEXT@@PEAUFuncInfo4@FH4@@H@Z 000000018000ccec f   libvcruntime:frame.obj
 0001:0000c160       ?ReadEntry@UWMap4@FH4@@AEAAXPEAPEAE@Z 000000018000d160 f i libvcruntime:frame.obj
 0001:0000c1fc       ?getStartStop@UWMap4@FH4@@QEAAXHHAEAViterator@12@0@Z 000000018000d1fc f i libvcruntime:frame.obj
 0001:0000c2cc       ?getStateFromIterators@UWMap4@FH4@@SAHAEBViterator@12@H0H0@Z 000000018000d2cc f i libvcruntime:frame.obj
 0001:0000c3b0       _NLG_Notify                000000018000d3b0 f   libvcruntime:notify.obj
 0001:0000c3d0       __NLG_Dispatch2            000000018000d3d0 f   libvcruntime:notify.obj
 0001:0000c3e0       __NLG_Return2              000000018000d3e0 f   libvcruntime:notify.obj
 0001:0000c3e4       __except_validate_context_record 000000018000d3e4 f   libvcruntime:jbcxrval.obj
 0001:0000c41c       __vcrt_initialize_locks    000000018000d41c f   libvcruntime:locks.obj
 0001:0000c464       __vcrt_uninitialize_locks  000000018000d464 f   libvcruntime:locks.obj
 0001:0000c5ec       __vcrt_FlsAlloc            000000018000d5ec f   libvcruntime:winapi_downlevel.obj
 0001:0000c634       __vcrt_FlsFree             000000018000d634 f   libvcruntime:winapi_downlevel.obj
 0001:0000c67c       __vcrt_FlsGetValue         000000018000d67c f   libvcruntime:winapi_downlevel.obj
 0001:0000c6c4       __vcrt_FlsSetValue         000000018000d6c4 f   libvcruntime:winapi_downlevel.obj
 0001:0000c718       __vcrt_InitializeCriticalSectionEx 000000018000d718 f   libvcruntime:winapi_downlevel.obj
 0001:0000c790       _CallSettingFrame          000000018000d790 f   libvcruntime:handlers.obj
 0001:0000c7e0       _CallSettingFrame_LookupContinuationIndex 000000018000d7e0 f   libvcruntime:handlers.obj
 0001:0000c810       _CallSettingFrame_NotifyContinuationAddr 000000018000d810 f   libvcruntime:handlers.obj
 0001:0000c840       _CallSettingFrameEncoded   000000018000d840 f   libvcruntime:handlers.obj
 0001:0000cc20       ??$ensure_buffer_is_big_enough@D@formatting_buffer@__crt_stdio_output@@QEAA_N_K@Z 000000018000dc20 f i libucrt:output.obj
 0001:0000ccc8       ??$type_case_integer_parse_into_buffer@I@?$output_processor@DV?$string_output_adapter@D@__crt_stdio_output@@V?$standard_base@DV?$string_output_adapter@D@__crt_stdio_output@@@2@@__crt_stdio_output@@AEAAXII_N@Z 000000018000dcc8 f i libucrt:output.obj
 0001:0000ccc8       ??$type_case_integer_parse_into_buffer@I@?$output_processor@DV?$string_output_adapter@D@__crt_stdio_output@@V?$format_validation_base@DV?$string_output_adapter@D@__crt_stdio_output@@@2@@__crt_stdio_output@@AEAAXII_N@Z 000000018000dcc8 f i libucrt:output.obj
 0001:0000cd50       ??$type_case_integer_parse_into_buffer@_K@?$output_processor@DV?$string_output_adapter@D@__crt_stdio_output@@V?$standard_base@DV?$string_output_adapter@D@__crt_stdio_output@@@2@@__crt_stdio_output@@AEAAX_KI_N@Z 000000018000dd50 f i libucrt:output.obj
 0001:0000cd50       ??$type_case_integer_parse_into_buffer@_K@?$output_processor@DV?$string_output_adapter@D@__crt_stdio_output@@V?$format_validation_base@DV?$string_output_adapter@D@__crt_stdio_output@@@2@@__crt_stdio_output@@AEAAX_KI_N@Z 000000018000dd50 f i libucrt:output.obj
 0001:0000cde0       ??$write_multiple_characters@V?$string_output_adapter@D@__crt_stdio_output@@D@__crt_stdio_output@@YAXAEBV?$string_output_adapter@D@0@DHQEAH@Z 000000018000dde0 f i libucrt:output.obj
 0001:0000ce58       ??0_LocaleUpdate@@QEAA@QEAU__crt_locale_pointers@@@Z 000000018000de58 f i libucrt:output.obj
 0001:0000cf00       ?crop_zeroes@__crt_stdio_output@@YAXPEADQEAU__crt_locale_pointers@@@Z 000000018000df00 f i libucrt:output.obj
 0001:0000cfa0       ?force_decimal_point@__crt_stdio_output@@YAXPEADQEAU__crt_locale_pointers@@@Z 000000018000dfa0 f i libucrt:output.obj
 0001:0000d018       ?parse_int_from_format_string@?$output_processor@DV?$string_output_adapter@D@__crt_stdio_output@@V?$format_validation_base@DV?$string_output_adapter@D@__crt_stdio_output@@@2@@__crt_stdio_output@@AEAA_NQEAH@Z 000000018000e018 f i libucrt:output.obj
 0001:0000d018       ?parse_int_from_format_string@?$output_processor@DV?$string_output_adapter@D@__crt_stdio_output@@V?$standard_base@DV?$string_output_adapter@D@__crt_stdio_output@@@2@@__crt_stdio_output@@AEAA_NQEAH@Z 000000018000e018 f i libucrt:output.obj
 0001:0000d0bc       ?process@?$output_processor@DV?$string_output_adapter@D@__crt_stdio_output@@V?$format_validation_base@DV?$string_output_adapter@D@__crt_stdio_output@@@2@@__crt_stdio_output@@QEAAHXZ 000000018000e0bc f i libucrt:output.obj
 0001:0000d2d0       ?process@?$output_processor@DV?$string_output_adapter@D@__crt_stdio_output@@V?$standard_base@DV?$string_output_adapter@D@__crt_stdio_output@@@2@@__crt_stdio_output@@QEAAHXZ 000000018000e2d0 f i libucrt:output.obj
 0001:0000d4d8       ?state_case_normal@?$output_processor@DV?$string_output_adapter@D@__crt_stdio_output@@V?$standard_base@DV?$string_output_adapter@D@__crt_stdio_output@@@2@@__crt_stdio_output@@AEAA_NXZ 000000018000e4d8 f i libucrt:output.obj
 0001:0000d4d8       ?state_case_normal@?$output_processor@DV?$string_output_adapter@D@__crt_stdio_output@@V?$format_validation_base@DV?$string_output_adapter@D@__crt_stdio_output@@@2@@__crt_stdio_output@@AEAA_NXZ 000000018000e4d8 f i libucrt:output.obj
 0001:0000d54c       ?state_case_normal_tchar@?$output_processor@DV?$string_output_adapter@D@__crt_stdio_output@@V?$standard_base@DV?$string_output_adapter@D@__crt_stdio_output@@@2@@__crt_stdio_output@@AEAA_ND@Z 000000018000e54c f i libucrt:output.obj
 0001:0000d54c       ?state_case_normal_tchar@?$output_processor@DV?$string_output_adapter@D@__crt_stdio_output@@V?$format_validation_base@DV?$string_output_adapter@D@__crt_stdio_output@@@2@@__crt_stdio_output@@AEAA_ND@Z 000000018000e54c f i libucrt:output.obj
 0001:0000d5f4       ?state_case_size@?$output_processor@DV?$string_output_adapter@D@__crt_stdio_output@@V?$standard_base@DV?$string_output_adapter@D@__crt_stdio_output@@@2@@__crt_stdio_output@@AEAA_NXZ 000000018000e5f4 f i libucrt:output.obj
 0001:0000d5f4       ?state_case_size@?$output_processor@DV?$string_output_adapter@D@__crt_stdio_output@@V?$format_validation_base@DV?$string_output_adapter@D@__crt_stdio_output@@@2@@__crt_stdio_output@@AEAA_NXZ 000000018000e5f4 f i libucrt:output.obj
 0001:0000d764       ?state_case_type@?$output_processor@DV?$string_output_adapter@D@__crt_stdio_output@@V?$format_validation_base@DV?$string_output_adapter@D@__crt_stdio_output@@@2@@__crt_stdio_output@@AEAA_NXZ 000000018000e764 f i libucrt:output.obj
 0001:0000d764       ?state_case_type@?$output_processor@DV?$string_output_adapter@D@__crt_stdio_output@@V?$standard_base@DV?$string_output_adapter@D@__crt_stdio_output@@@2@@__crt_stdio_output@@AEAA_NXZ 000000018000e764 f i libucrt:output.obj
 0001:0000d9d0       ?to_integer_size@__crt_stdio_output@@YA_KW4length_modifier@1@@Z 000000018000e9d0 f i libucrt:output.obj
 0001:0000da38       ?type_case_Z@?$output_processor@DV?$string_output_adapter@D@__crt_stdio_output@@V?$format_validation_base@DV?$string_output_adapter@D@__crt_stdio_output@@@2@@__crt_stdio_output@@AEAA_NXZ 000000018000ea38 f i libucrt:output.obj
 0001:0000da38       ?type_case_Z@?$output_processor@DV?$string_output_adapter@D@__crt_stdio_output@@V?$standard_base@DV?$string_output_adapter@D@__crt_stdio_output@@@2@@__crt_stdio_output@@AEAA_NXZ 000000018000ea38 f i libucrt:output.obj
 0001:0000daac       ?type_case_a@?$output_processor@DV?$string_output_adapter@D@__crt_stdio_output@@V?$standard_base@DV?$string_output_adapter@D@__crt_stdio_output@@@2@@__crt_stdio_output@@AEAA_NXZ 000000018000eaac f i libucrt:output.obj
 0001:0000daac       ?type_case_a@?$output_processor@DV?$string_output_adapter@D@__crt_stdio_output@@V?$format_validation_base@DV?$string_output_adapter@D@__crt_stdio_output@@@2@@__crt_stdio_output@@AEAA_NXZ 000000018000eaac f i libucrt:output.obj
 0001:0000dc68       ?type_case_c_tchar@?$output_processor@DV?$string_output_adapter@D@__crt_stdio_output@@V?$format_validation_base@DV?$string_output_adapter@D@__crt_stdio_output@@@2@@__crt_stdio_output@@AEAA_ND@Z 000000018000ec68 f i libucrt:output.obj
 0001:0000dc68       ?type_case_c_tchar@?$output_processor@DV?$string_output_adapter@D@__crt_stdio_output@@V?$standard_base@DV?$string_output_adapter@D@__crt_stdio_output@@@2@@__crt_stdio_output@@AEAA_ND@Z 000000018000ec68 f i libucrt:output.obj
 0001:0000dd30       ?type_case_integer@?$output_processor@DV?$string_output_adapter@D@__crt_stdio_output@@V?$standard_base@DV?$string_output_adapter@D@__crt_stdio_output@@@2@@__crt_stdio_output@@AEAA_NI_N@Z 000000018000ed30 f i libucrt:output.obj
 0001:0000dd30       ?type_case_integer@?$output_processor@DV?$string_output_adapter@D@__crt_stdio_output@@V?$format_validation_base@DV?$string_output_adapter@D@__crt_stdio_output@@@2@@__crt_stdio_output@@AEAA_NI_N@Z 000000018000ed30 f i libucrt:output.obj
 0001:0000deb0       ?type_case_n@?$output_processor@DV?$string_output_adapter@D@__crt_stdio_output@@V?$standard_base@DV?$string_output_adapter@D@__crt_stdio_output@@@2@@__crt_stdio_output@@AEAA_NXZ 000000018000eeb0 f i libucrt:output.obj
 0001:0000deb0       ?type_case_n@?$output_processor@DV?$string_output_adapter@D@__crt_stdio_output@@V?$format_validation_base@DV?$string_output_adapter@D@__crt_stdio_output@@@2@@__crt_stdio_output@@AEAA_NXZ 000000018000eeb0 f i libucrt:output.obj
 0001:0000df38       ?type_case_s@?$output_processor@DV?$string_output_adapter@D@__crt_stdio_output@@V?$format_validation_base@DV?$string_output_adapter@D@__crt_stdio_output@@@2@@__crt_stdio_output@@AEAA_NXZ 000000018000ef38 f i libucrt:output.obj
 0001:0000df38       ?type_case_s@?$output_processor@DV?$string_output_adapter@D@__crt_stdio_output@@V?$standard_base@DV?$string_output_adapter@D@__crt_stdio_output@@@2@@__crt_stdio_output@@AEAA_NXZ 000000018000ef38 f i libucrt:output.obj
 0001:0000dfd0       ?write_stored_string_tchar@?$output_processor@DV?$string_output_adapter@D@__crt_stdio_output@@V?$format_validation_base@DV?$string_output_adapter@D@__crt_stdio_output@@@2@@__crt_stdio_output@@AEAA_ND@Z 000000018000efd0 f i libucrt:output.obj
 0001:0000dfd0       ?write_stored_string_tchar@?$output_processor@DV?$string_output_adapter@D@__crt_stdio_output@@V?$standard_base@DV?$string_output_adapter@D@__crt_stdio_output@@@2@@__crt_stdio_output@@AEAA_ND@Z 000000018000efd0 f i libucrt:output.obj
 0001:0000e0ac       ?write_string@?$string_output_adapter@D@__crt_stdio_output@@QEBAXQEBDHQEAHAEAV__crt_deferred_errno_cache@@@Z 000000018000f0ac f i libucrt:output.obj
 0001:0000e150       __stdio_common_vsprintf    000000018000f150 f   libucrt:output.obj
 0001:0000e158       __stdio_common_vsprintf_s  000000018000f158 f   libucrt:output.obj
 0001:0000e1bc       __acrt_initialize_stdio    000000018000f1bc f   libucrt:_file.obj
 0001:0000e2dc       __acrt_uninitialize_stdio  000000018000f2dc f   libucrt:_file.obj
 0001:0000e338       _lock_file                 000000018000f338 f   libucrt:_file.obj
 0001:0000e344       _unlock_file               000000018000f344 f   libucrt:_file.obj
 0001:0000e350       terminate                  000000018000f350 f   libucrt:terminate.obj
 0001:0000e370       __acrt_errno_from_os_error 000000018000f370 f   libucrt:errno.obj
 0001:0000e3b8       __acrt_errno_map_os_error  000000018000f3b8 f   libucrt:errno.obj
 0001:0000e408       __doserrno                 000000018000f408 f   libucrt:errno.obj
 0001:0000e428       _errno                     000000018000f428 f   libucrt:errno.obj
 0001:0000e448       __acrt_call_reportfault    000000018000f448 f   libucrt:invalid_parameter.obj
 0001:0000e5a4       __acrt_initialize_invalid_parameter_handler 000000018000f5a4 f   libucrt:invalid_parameter.obj
 0001:0000e5ac       _invalid_parameter         000000018000f5ac f   libucrt:invalid_parameter.obj
 0001:0000e65c       _invalid_parameter_noinfo  000000018000f65c f   libucrt:invalid_parameter.obj
 0001:0000e67c       _invalid_parameter_noinfo_noreturn 000000018000f67c f   libucrt:invalid_parameter.obj
 0001:0000e6ac       _invoke_watson             000000018000f6ac f   libucrt:invalid_parameter.obj
 0001:0000e6f4       _fileno                    000000018000f6f4 f   libucrt:fileno.obj
 0001:0000e71c       _isatty                    000000018000f71c f   libucrt:isatty.obj
 0001:0000e77c       __acrt_lowio_create_handle_array 000000018000f77c f   libucrt:osfinfo.obj
 0001:0000e824       __acrt_lowio_destroy_handle_array 000000018000f824 f   libucrt:osfinfo.obj
 0001:0000e874       __acrt_lowio_ensure_fh_exists 000000018000f874 f   libucrt:osfinfo.obj
 0001:0000e91c       __acrt_lowio_lock_fh       000000018000f91c f   libucrt:osfinfo.obj
 0001:0000e944       __acrt_lowio_unlock_fh     000000018000f944 f   libucrt:osfinfo.obj
 0001:0000e96c       _free_osfhnd               000000018000f96c f   libucrt:osfinfo.obj
 0001:0000ea28       _get_osfhandle             000000018000fa28 f   libucrt:osfinfo.obj
 0001:0000eaa0       free                       000000018000faa0 f   libucrt:free.obj
 0001:0000eab4       calloc                     000000018000fab4 f   libucrt:calloc.obj
 0001:0000eabc       _fclose_nolock             000000018000fabc f   libucrt:fclose.obj
 0001:0000eb40       fclose                     000000018000fb40 f   libucrt:fclose.obj
 0001:0000eba4       ??$__acrt_mbs_to_wcs_cp@U__crt_win32_buffer_internal_dynamic_resizing@@@@YAHQEBDAEAV?$__crt_win32_buffer@_WU__crt_win32_buffer_internal_dynamic_resizing@@@@I@Z 000000018000fba4 f i libucrt:open.obj
 0001:0000ed90       _close                     000000018000fd90 f   libucrt:close.obj
 0001:0000ee34       _close_nolock              000000018000fe34 f   libucrt:close.obj
 0001:0000f770       _write                     0000000180010770 f   libucrt:write.obj
 0001:0000f85c       _write_nolock              000000018001085c f   libucrt:write.obj
 0001:0000fb40       malloc                     0000000180010b40 f   libucrt:malloc.obj
 0001:0000fb60       strncpy                    0000000180010b60 f   libucrt:strncpy.obj
 0001:0000fcd0       qsort                      0000000180010cd0 f   libucrt:qsort.obj
 0001:0001024c       __acrt_stdio_flush_nolock  000000018001124c f   libucrt:fflush.obj
 0001:000102c8       _fflush_nolock             00000001800112c8 f   libucrt:fflush.obj
 0001:00010314       _flushall                  0000000180011314 f   libucrt:fflush.obj
 0001:00010320       ?divide@__crt_strtox@@YA_KAEAUbig_integer@1@AEBU21@@Z 0000000180011320 f i libucrt:input.obj
 0001:0001074c       _ischartype_l              000000018001174c f i libucrt:input.obj
 0001:00010860       strncmp                    0000000180011860 f   libucrt:strncmp.obj
 0001:000108e0       ??$parse_integer@KV?$c_string_character_source@D@__crt_strtox@@@__crt_strtox@@YAKQEAU__crt_locale_pointers@@V?$c_string_character_source@D@0@H_N@Z 00000001800118e0 f i libucrt:strtox.obj
 0001:00010be4       strtol                     0000000180011be4 f   libucrt:strtox.obj
 0001:00010c10       __acrt_initialize_clock    0000000180011c10 f   libucrt:clock.obj
 0001:00010cac       __acrt_get_sigabrt_handler 0000000180011cac f   libucrt:signal.obj
 0001:00010cdc       __acrt_initialize_signal_handlers 0000000180011cdc f   libucrt:signal.obj
 0001:00010cfc       raise                      0000000180011cfc f   libucrt:signal.obj
 0001:00010f68       __acrt_initialize_locks    0000000180011f68 f   libucrt:locks.obj
 0001:00010fb0       __acrt_lock                0000000180011fb0 f   libucrt:locks.obj
 0001:00010fcc       __acrt_uninitialize_locks  0000000180011fcc f   libucrt:locks.obj
 0001:00011004       __acrt_unlock              0000000180012004 f   libucrt:locks.obj
 0001:00011020       __pctype_func              0000000180012020 f   libucrt:ctype.obj
 0001:00011050       abort                      0000000180012050 f   libucrt:abort.obj
 0001:000110b0       pow                        00000001800120b0 f   libucrt:pow.obj
 0001:00012750       powf                       0000000180013750 f   libucrt:powf.obj
 0001:00013618       __strncnt                  0000000180014618 f   libucrt:strncnt.obj
 0001:00013630       ??$__acrt_wcs_to_mbs_cp@U__crt_win32_buffer_no_resizing@@@@YAHQEB_WAEAV?$__crt_win32_buffer@DU__crt_win32_buffer_no_resizing@@@@I@Z 0000000180014630 f i libucrt:strftime.obj
 0001:00013744       strnlen                    0000000180014744 f   libucrt:strnlen.obj
 0001:00013894       wcsnlen                    0000000180014894 f   libucrt:strnlen.obj
 0001:00013a6c       __acrt_initialize_new_handler 0000000180014a6c f   libucrt:new_handler.obj
 0001:00013a74       _callnewh                  0000000180014a74 f   libucrt:new_handler.obj
 0001:00013aa4       _query_new_handler         0000000180014aa4 f   libucrt:new_handler.obj
 0001:00013ad8       _seh_filter_dll            0000000180014ad8 f   libucrt:exception_filter.obj
 0001:00013aec       _seh_filter_exe            0000000180014aec f   libucrt:exception_filter.obj
 0001:00013edc       __acrt_initialize_thread_local_exit_callback 0000000180014edc f   libucrt:exit.obj
 0001:00013ee4       _cexit                     0000000180014ee4 f   libucrt:exit.obj
 0001:00013ef4       _exit                      0000000180014ef4 f   libucrt:exit.obj
 0001:00013f00       _is_c_termination_complete 0000000180014f00 f   libucrt:exit.obj
 0001:000140c8       __acrt_allocate_buffer_for_argv 00000001800150c8 f   libucrt:argv_parsing.obj
 0001:00014128       _configure_narrow_argv     0000000180015128 f   libucrt:argv_parsing.obj
 0001:000144a0       __dcrt_uninitialize_environments_nolock 00000001800154a0 f   libucrt:environment_initialization.obj
 0001:000144d8       _initialize_narrow_environment 00000001800154d8 f   libucrt:environment_initialization.obj
 0001:00014820       _crt_atexit                0000000180015820 f   libucrt:onexit.obj
 0001:00014830       _execute_onexit_table      0000000180015830 f   libucrt:onexit.obj
 0001:0001486c       _initialize_onexit_table   000000018001586c f   libucrt:onexit.obj
 0001:00014894       _register_onexit_function  0000000180015894 f   libucrt:onexit.obj
 0001:00014914       __acrt_uninitialize_command_line 0000000180015914 f   libucrt:argv_data.obj
 0001:00014a0c       __acrt_initialize          0000000180015a0c f   libucrt:initialization.obj
 0001:00014a20       __acrt_thread_attach       0000000180015a20 f   libucrt:initialization.obj
 0001:00014a34       __acrt_thread_detach       0000000180015a34 f   libucrt:initialization.obj
 0001:00014a44       __acrt_uninitialize        0000000180015a44 f   libucrt:initialization.obj
 0001:00014a7c       __acrt_uninitialize_critical 0000000180015a7c f   libucrt:initialization.obj
 0001:00014a8c       _initterm                  0000000180015a8c f   libucrt:initterm.obj
 0001:00014af0       _initterm_e                0000000180015af0 f   libucrt:initterm.obj
 0001:00014b30       strcpy_s                   0000000180015b30 f   libucrt:strcpy_s.obj
 0001:00014b90       wcsncmp                    0000000180015b90 f   libucrt:wcsncmp.obj
 0001:00014bbc       _free_base                 0000000180015bbc f   libucrt:free_base.obj
 0001:00014bfc       _malloc_base               0000000180015bfc f   libucrt:malloc_base.obj
 0001:00014c5c       _mbtowc_l                  0000000180015c5c f   libucrt:mbtowc.obj
 0001:00014ddc       mbtowc                     0000000180015ddc f   libucrt:mbtowc.obj
 0001:00014de4       _wctomb_s_l                0000000180015de4 f   libucrt:wctomb.obj
 0001:000152f8       __acrt_freeptd             00000001800162f8 f   libucrt:per_thread_data.obj
 0001:0001533c       __acrt_getptd              000000018001633c f   libucrt:per_thread_data.obj
 0001:00015410       __acrt_getptd_head         0000000180016410 f   libucrt:per_thread_data.obj
 0001:000154b8       __acrt_getptd_noexit       00000001800164b8 f   libucrt:per_thread_data.obj
 0001:00015584       __acrt_initialize_ptd      0000000180016584 f   libucrt:per_thread_data.obj
 0001:000155c0       __acrt_uninitialize_ptd    00000001800165c0 f   libucrt:per_thread_data.obj
 0001:000155e4       __acrt_update_locale_info  00000001800165e4 f   libucrt:locale_update.obj
 0001:00015618       __acrt_update_multibyte_info 0000000180016618 f   libucrt:locale_update.obj
 0001:00016058       __acrt_fp_format           0000000180017058 f   libucrt:cvt.obj
 0001:00016390       _get_printf_count_output   0000000180017390 f   libucrt:printf_count_output.obj
 0001:00016418       __acrt_set_locale_changed  0000000180017418 f   libucrt:wsetlocale.obj
 0001:00016424       __acrt_uninitialize_locale 0000000180017424 f   libucrt:wsetlocale.obj
 0001:00016650       __acrt_initialize_lowio    0000000180017650 f   libucrt:ioinit.obj
 0001:0001668c       __acrt_uninitialize_lowio  000000018001768c f   libucrt:ioinit.obj
 0001:000166cc       _calloc_base               00000001800176cc f   libucrt:calloc_base.obj
 0001:0001691c       __acrt_AppPolicyGetProcessTerminationMethodInternal 000000018001791c f   libucrt:winapi_thunks.obj
 0001:0001696c       __acrt_AreFileApisANSI     000000018001796c f   libucrt:winapi_thunks.obj
 0001:000169a8       __acrt_FlsAlloc            00000001800179a8 f   libucrt:winapi_thunks.obj
 0001:000169f0       __acrt_FlsFree             00000001800179f0 f   libucrt:winapi_thunks.obj
 0001:00016a38       __acrt_FlsGetValue         0000000180017a38 f   libucrt:winapi_thunks.obj
 0001:00016a80       __acrt_FlsSetValue         0000000180017a80 f   libucrt:winapi_thunks.obj
 0001:00016ad4       __acrt_InitializeCriticalSectionEx 0000000180017ad4 f   libucrt:winapi_thunks.obj
 0001:00016b38       __acrt_LCMapStringEx       0000000180017b38 f   libucrt:winapi_thunks.obj
 0001:00016c14       __acrt_LocaleNameToLCID    0000000180017c14 f   libucrt:winapi_thunks.obj
 0001:00016c64       __acrt_initialize_winapi_thunks 0000000180017c64 f   libucrt:winapi_thunks.obj
 0001:00016c98       __acrt_uninitialize_winapi_thunks 0000000180017c98 f   libucrt:winapi_thunks.obj
 0001:00016cdc       _fcloseall                 0000000180017cdc f   libucrt:closeall.obj
 0001:00016d90       __acrt_stdio_free_buffer_nolock 0000000180017d90 f   libucrt:_freebuf.obj
 0001:00016dd0       strncpy_s                  0000000180017dd0 f   libucrt:strncpy_s.obj
 0001:00016ea4       _query_app_type            0000000180017ea4 f   libucrt:report_runtime_error.obj
 0001:00016eac       ?__acrt_stdio_free_stream@@YAXV__crt_stdio_stream@@@Z 0000000180017eac f   libucrt:stream.obj
 0001:00016ec8       __acrt_MultiByteToWideChar 0000000180017ec8 f   libucrt:multibytetowidechar.obj
 0001:00016fc0       _lseeki64_nolock           0000000180017fc0 f   libucrt:lseek.obj
 0001:00016fc8       __acrt_WideCharToMultiByte 0000000180017fc8 f   libucrt:widechartomultibyte.obj
 0001:00017078       ?__mbrtowc_utf8@__crt_mbstring@@YA_KPEA_WPEBD_KPEAU_Mbstatet@@@Z 0000000180018078 f   libucrt:mbrtowc.obj
 0001:000170b4       ?__mbsrtowcs_utf8@__crt_mbstring@@YA_KPEA_WPEAPEBD_KPEAU_Mbstatet@@@Z 00000001800180b4 f   libucrt:mbrtowc.obj
 0001:0001722c       _putwch_nolock             000000018001822c f   libucrt:putwch.obj
 0001:00017268       __ascii_wcsnicmp           0000000180018268 f   libucrt:wcsnicmp.obj
 0001:000172b4       _isleadbyte_l              00000001800182b4 f i libucrt:_wctype.obj
 0001:00017618       __acrt_LCMapStringA        0000000180018618 f   libucrt:lcmapstringa.obj
 0001:0001773c       _commit                    000000018001873c f   libucrt:commit.obj
 0001:000177d0       _isctype_l                 00000001800187d0 f   libucrt:isctype.obj
 0001:000178d8       fegetround                 00000001800188d8 f   libucrt:fegetround.obj
 0001:000178ec       _raise_exc                 00000001800188ec f   libucrt:fpexcept.obj
 0001:00017914       _raise_exc_ex              0000000180018914 f   libucrt:fpexcept.obj
 0001:00017c24       _raise_excf                0000000180018c24 f   libucrt:fpexcept.obj
 0001:00017c50       _set_errno_from_matherr    0000000180018c50 f   libucrt:fpexcept.obj
 0001:00017c80       _clrfp                     0000000180018c80 f   libucrt:fpctrl.obj
 0001:00017ca0       _ctrlfp                    0000000180018ca0 f   libucrt:fpctrl.obj
 0001:00017d1c       _set_statfp                0000000180018d1c f   libucrt:fpctrl.obj
 0001:00017d3c       _statfp                    0000000180018d3c f   libucrt:fpctrl.obj
 0001:00017d50       __acrt_get_process_end_policy 0000000180018d50 f   libucrt:win_policies.obj
 0001:00017d8c       _realloc_base              0000000180018d8c f   libucrt:realloc_base.obj
 0001:00017e08       __acrt_GetStringTypeA      0000000180018e08 f   libucrt:getstringtypea.obj
 0001:00017fa0       __acrt_initialize_fma3     0000000180018fa0 f   libucrt:fma3_available.obj
 0001:00018010       _pow_special               0000000180019010 f   libucrt:pow_special.obj
 0001:00018134       _powf_special              0000000180019134 f   libucrt:pow_special.obj
 0001:000182c0       __acrt_initialize_timeset  00000001800192c0 f   libucrt:timeset.obj
 0001:00018324       ??$__acrt_wcs_to_mbs_cp@U__crt_win32_buffer_internal_dynamic_resizing@@@@YAHQEB_WAEAV?$__crt_win32_buffer@DU__crt_win32_buffer_internal_dynamic_resizing@@@@I@Z 0000000180019324 f i libucrt:argv_wildcards.obj
 0001:00018b54       __acrt_expand_narrow_argv_wildcards 0000000180019b54 f   libucrt:argv_wildcards.obj
 0001:00018b5c       __acrt_GetModuleFileNameA  0000000180019b5c f   libucrt:getmodulefilenamea.obj
 0001:000193a4       __acrt_initialize_multibyte 000000018001a3a4 f   libucrt:mbctype.obj
 0001:00019404       __acrt_update_thread_multibyte_data 000000018001a404 f   libucrt:mbctype.obj
 0001:00019420       _setmbcp_nolock            000000018001a420 f   libucrt:mbctype.obj
 0001:00019754       _ismbblead                 000000018001a754 f   libucrt:ismbbyte.obj
 0001:00019768       __acrt_initialize_command_line 000000018001a768 f   libucrt:argv_data.obj
 0001:00019790       __dcrt_get_narrow_environment_from_os 000000018001a790 f   libucrt:get_environment_from_os.obj
 0001:00019894       _recalloc_base             000000018001a894 f   libucrt:recalloc.obj
 0001:0001992c       __acrt_initialize_heap     000000018001a92c f   libucrt:heap_handle.obj
 0001:00019948       __acrt_uninitialize_heap   000000018001a948 f   libucrt:heap_handle.obj
 0001:00019954       __acrt_execute_initializers 000000018001a954 f   libucrt:shared_initialization.obj
 0001:000199d4       __acrt_execute_uninitializers 000000018001a9d4 f   libucrt:shared_initialization.obj
 0001:00019a10       __acrt_has_user_matherr    000000018001aa10 f   libucrt:matherr.obj
 0001:00019a30       __acrt_initialize_user_matherr 000000018001aa30 f   libucrt:matherr.obj
 0001:00019a38       __acrt_invoke_user_matherr 000000018001aa38 f   libucrt:matherr.obj
 0001:00019a68       _query_new_mode            000000018001aa68 f   libucrt:new_mode.obj
 0001:00019a70       ?__c32rtomb_utf8@__crt_mbstring@@YA_KPEAD_UPEAU_Mbstatet@@@Z 000000018001aa70 f   libucrt:c32rtomb.obj
 0001:00019b24       __acrt_add_locale_ref      000000018001ab24 f   libucrt:locale_refcounting.obj
 0001:00019bb0       __acrt_free_locale         000000018001abb0 f   libucrt:locale_refcounting.obj
 0001:00019d28       __acrt_locale_add_lc_time_reference 000000018001ad28 f   libucrt:locale_refcounting.obj
 0001:00019d50       __acrt_locale_free_lc_time_if_unreferenced 000000018001ad50 f   libucrt:locale_refcounting.obj
 0001:00019d88       __acrt_locale_release_lc_time_reference 000000018001ad88 f   libucrt:locale_refcounting.obj
 0001:00019db0       __acrt_release_locale_ref  000000018001adb0 f   libucrt:locale_refcounting.obj
 0001:00019e58       __acrt_update_thread_locale_data 000000018001ae58 f   libucrt:locale_refcounting.obj
 0001:00019ec8       _updatetlocinfoEx_nolock   000000018001aec8 f   libucrt:locale_refcounting.obj
 0001:00019f30       __acrt_fp_strflt_to_string 000000018001af30 f   libucrt:_fptostr.obj
 0001:0001a08c       __acrt_fltout              000000018001b08c f   libucrt:cfout.obj
 0001:0001b2d0       __acrt_locale_free_monetary 000000018001c2d0 f   libucrt:initmon.obj
 0001:0001b3dc       __acrt_locale_free_numeric 000000018001c3dc f   libucrt:initnum.obj
 0001:0001b4a0       __acrt_locale_free_time    000000018001c4a0 f   libucrt:inittime.obj
 0001:0001b5a8       __acrt_DownlevelLocaleNameToLCID 000000018001c5a8 f   libucrt:lcidtoname_downlevel.obj
 0001:0001b658       __acrt_fenv_get_common_round_control 000000018001c658 f   libucrt:_fenvutils.obj
 0001:0001b664       __acrt_fenv_get_control    000000018001c664 f   libucrt:_fenvutils.obj
 0001:0001b758       __acrt_fenv_get_status     000000018001c758 f   libucrt:_fenvutils.obj
 0001:0001b7ac       __acrt_fenv_set_control    000000018001c7ac f   libucrt:_fenvutils.obj
 0001:0001b8f4       __acrt_fenv_set_status     000000018001c8f4 f   libucrt:_fenvutils.obj
 0001:0001b978       __acrt_initialize_fmode    000000018001c978 f   libucrt:txtmode.obj
 0001:0001b994       ?__mbrtoc32_utf8@__crt_mbstring@@YA_KPEA_UPEBD_KPEAU_Mbstatet@@@Z 000000018001c994 f   libucrt:mbrtoc32.obj
 0001:0001bb6c       __dcrt_lowio_ensure_console_output_initialized 000000018001cb6c f   libucrt:initcon.obj
 0001:0001bbc0       __dcrt_terminate_console_output 000000018001cbc0 f   libucrt:initcon.obj
 0001:0001bbdc       __dcrt_write_console       000000018001cbdc f   libucrt:initcon.obj
 0001:0001bcb0       _get_fpsr                  000000018001ccb0 f   libucrt:fpsr.obj
 0001:0001bcc0       _set_fpsr                  000000018001ccc0 f   libucrt:fpsr.obj
 0001:0001bcca       _fclrf                     000000018001ccca f   libucrt:fpsr.obj
 0001:0001bcde       _frnd                      000000018001ccde f   libucrt:fpsr.obj
 0001:0001be24       _handle_error              000000018001ce24 f   libucrt:libm_error.obj
 0001:0001bf4c       _handle_errorf             000000018001cf4c f   libucrt:libm_error.obj
 0001:0001c080       _handle_nan                000000018001d080 f   libucrt:libm_error.obj
 0001:0001c09c       _handle_nanf               000000018001d09c f   libucrt:libm_error.obj
 0001:0001c150       strpbrk                    000000018001d150 f   libucrt:strpbrk.obj
 0001:0001c518       _mbsdec                    000000018001d518 f   libucrt:mbsdec.obj
 0001:0001c520       _mbsdec_l                  000000018001d520 f   libucrt:mbsdec.obj
 0001:0001c5cc       _msize_base                000000018001d5cc f   libucrt:msize.obj
 0001:0001c608       _controlfp_s               000000018001d608 f   libucrt:contrlfp.obj
 0001:0001c66c       fegetenv                   000000018001d66c f   libucrt:fegetenv.obj
 0001:0001c68c       fesetenv                   000000018001d68c f   libucrt:fesetenv.obj
 0001:0001c6d8       feholdexcept               000000018001d6d8 f   libucrt:feholdexcept.obj
 0001:0001c728       ceil                       000000018001d728 f   libucrt:ceil.obj
 0001:0001c7f0       log10                      000000018001d7f0 f   libucrt:log10.obj
 0001:0001cd9c       _clearfp                   000000018001dd9c f   libucrt:ieee.obj
 0001:0001ce0c       _control87                 000000018001de0c f   libucrt:ieee.obj
 0001:0001d0e0       _log10_special             000000018001e0e0 f   libucrt:log_special.obj
 0001:0001d1a0       _FindPESection             000000018001e1a0 f   LIBCMT:pesect.obj
 0001:0001d1f0       _IsNonwritableInCurrentImage 000000018001e1f0 f   LIBCMT:pesect.obj
 0001:0001d240       _ValidateImageBase         000000018001e240 f   LIBCMT:pesect.obj
 0001:0001d26c       __GSHandlerCheck_SEH       000000018001e26c f   LIBCMT:gshandlerseh.obj
 0001:0001d2f4       strrchr                    000000018001e2f4 f   libvcruntime:strrchr.obj
 0001:0001d430       sinf                       000000018001e430 f   libucrt:sinf.obj
 0001:0001db40       strcmp                     000000018001eb40 f   libucrt:strcmp.obj
 0001:0001dbb0       __remainder_piby2d2f_forC  000000018001ebb0 f   libucrt:remainder_piby2f_forc.obj
 0001:0001ddc8       _sinf_special              000000018001edc8 f   libucrt:sincos_special.obj
 0001:0001ddf0       _guard_dispatch_icall_nop  000000018001edf0 f   LIBCMT:guard_dispatch.obj
 0001:0001de10       _guard_xfg_dispatch_icall_nop 000000018001ee10 f   LIBCMT:guard_xfg_dispatch.obj
 0002:00000000       __imp_GetEnvironmentStringsW 0000000180021000     kernel32:KERNEL32.dll
 0002:00000008       __imp_GetCommandLineW      0000000180021008     kernel32:KERNEL32.dll
 0002:00000010       __imp_GetCommandLineA      0000000180021010     kernel32:KERNEL32.dll
 0002:00000018       __imp_GetOEMCP             0000000180021018     kernel32:KERNEL32.dll
 0002:00000020       __imp_GetACP               0000000180021020     kernel32:KERNEL32.dll
 0002:00000028       __imp_IsValidCodePage      0000000180021028     kernel32:KERNEL32.dll
 0002:00000030       __imp_HeapReAlloc          0000000180021030     kernel32:KERNEL32.dll
 0002:00000038       __imp_FlushFileBuffers     0000000180021038     kernel32:KERNEL32.dll
 0002:00000040       __imp_WriteConsoleW        0000000180021040     kernel32:KERNEL32.dll
 0002:00000048       __imp_WideCharToMultiByte  0000000180021048     kernel32:KERNEL32.dll
 0002:00000050       __imp_GetLastError         0000000180021050     kernel32:KERNEL32.dll
 0002:00000058       __imp_FormatMessageW       0000000180021058     kernel32:KERNEL32.dll
 0002:00000060       __imp_QueryPerformanceFrequency 0000000180021060     kernel32:KERNEL32.dll
 0002:00000068       __imp_QueryPerformanceCounter 0000000180021068     kernel32:KERNEL32.dll
 0002:00000070       __imp_LocalFree            0000000180021070     kernel32:KERNEL32.dll
 0002:00000078       __imp_FormatMessageA       0000000180021078     kernel32:KERNEL32.dll
 0002:00000080       __imp_TlsFree              0000000180021080     kernel32:KERNEL32.dll
 0002:00000088       __imp_TlsAlloc             0000000180021088     kernel32:KERNEL32.dll
 0002:00000090       __imp_LeaveCriticalSection 0000000180021090     kernel32:KERNEL32.dll
 0002:00000098       __imp_EnterCriticalSection 0000000180021098     kernel32:KERNEL32.dll
 0002:000000a0       __imp_TlsGetValue          00000001800210a0     kernel32:KERNEL32.dll
 0002:000000a8       __imp_GetProcAddress       00000001800210a8     kernel32:KERNEL32.dll
 0002:000000b0       __imp_CloseHandle          00000001800210b0     kernel32:KERNEL32.dll
 0002:000000b8       __imp_CreateEventW         00000001800210b8     kernel32:KERNEL32.dll
 0002:000000c0       __imp_SetLastError         00000001800210c0     kernel32:KERNEL32.dll
 0002:000000c8       __imp_TlsSetValue          00000001800210c8     kernel32:KERNEL32.dll
 0002:000000d0       __imp_DeleteCriticalSection 00000001800210d0     kernel32:KERNEL32.dll
 0002:000000d8       __imp_InitializeCriticalSectionAndSpinCount 00000001800210d8     kernel32:KERNEL32.dll
 0002:000000e0       __imp_FreeEnvironmentStringsW 00000001800210e0     kernel32:KERNEL32.dll
 0002:000000e8       __imp_MultiByteToWideChar  00000001800210e8     kernel32:KERNEL32.dll
 0002:000000f0       __imp_LCMapStringW         00000001800210f0     kernel32:KERNEL32.dll
 0002:000000f8       __imp_GetStdHandle         00000001800210f8     kernel32:KERNEL32.dll
 0002:00000100       __imp_HeapAlloc            0000000180021100     kernel32:KERNEL32.dll
 0002:00000108       __imp_HeapFree             0000000180021108     kernel32:KERNEL32.dll
 0002:00000110       __imp_GetModuleFileNameW   0000000180021110     kernel32:KERNEL32.dll
 0002:00000118       __imp_ExitProcess          0000000180021118     kernel32:KERNEL32.dll
 0002:00000120       __imp_GetModuleHandleExW   0000000180021120     kernel32:KERNEL32.dll
 0002:00000128       __imp_GetConsoleOutputCP   0000000180021128     kernel32:KERNEL32.dll
 0002:00000130       __imp_WriteFile            0000000180021130     kernel32:KERNEL32.dll
 0002:00000138       __imp_GetConsoleMode       0000000180021138     kernel32:KERNEL32.dll
 0002:00000140       __imp_GetFileType          0000000180021140     kernel32:KERNEL32.dll
 0002:00000148       __imp_SetStdHandle         0000000180021148     kernel32:KERNEL32.dll
 0002:00000150       __imp_LoadLibraryExW       0000000180021150     kernel32:KERNEL32.dll
 0002:00000158       __imp_FreeLibrary          0000000180021158     kernel32:KERNEL32.dll
 0002:00000160       __imp_InterlockedFlushSList 0000000180021160     kernel32:KERNEL32.dll
 0002:00000168       __imp_RtlUnwindEx          0000000180021168     kernel32:KERNEL32.dll
 0002:00000170       __imp_InitializeSListHead  0000000180021170     kernel32:KERNEL32.dll
 0002:00000178       __imp_GetCurrentProcessId  0000000180021178     kernel32:KERNEL32.dll
 0002:00000180       __imp_GetStartupInfoW      0000000180021180     kernel32:KERNEL32.dll
 0002:00000188       __imp_IsDebuggerPresent    0000000180021188     kernel32:KERNEL32.dll
 0002:00000190       __imp_IsProcessorFeaturePresent 0000000180021190     kernel32:KERNEL32.dll
 0002:00000198       __imp_TerminateProcess     0000000180021198     kernel32:KERNEL32.dll
 0002:000001a0       __imp_GetCurrentProcess    00000001800211a0     kernel32:KERNEL32.dll
 0002:000001a8       __imp_SetUnhandledExceptionFilter 00000001800211a8     kernel32:KERNEL32.dll
 0002:000001b0       __imp_UnhandledExceptionFilter 00000001800211b0     kernel32:KERNEL32.dll
 0002:000001b8       __imp_RtlVirtualUnwind     00000001800211b8     kernel32:KERNEL32.dll
 0002:000001c0       __imp_RtlLookupFunctionEntry 00000001800211c0     kernel32:KERNEL32.dll
 0002:000001c8       __imp_GetProcessHeap       00000001800211c8     kernel32:KERNEL32.dll
 0002:000001d0       __imp_HeapSize             00000001800211d0     kernel32:KERNEL32.dll
 0002:000001d8       __imp_CreateFileW          00000001800211d8     kernel32:KERNEL32.dll
 0002:000001e0       __imp_FindClose            00000001800211e0     kernel32:KERNEL32.dll
 0002:000001e8       __imp_FindFirstFileExW     00000001800211e8     kernel32:KERNEL32.dll
 0002:000001f0       __imp_FindNextFileW        00000001800211f0     kernel32:KERNEL32.dll
 0002:000001f8       __imp_SetFilePointerEx     00000001800211f8     kernel32:KERNEL32.dll
 0002:00000200       __imp_InitializeCriticalSectionEx 0000000180021200     kernel32:KERNEL32.dll
 0002:00000208       __imp_GetCurrentThreadId   0000000180021208     kernel32:KERNEL32.dll
 0002:00000210       __imp_RtlPcToFileHeader    0000000180021210     kernel32:KERNEL32.dll
 0002:00000218       __imp_RaiseException       0000000180021218     kernel32:KERNEL32.dll
 0002:00000220       __imp_EncodePointer        0000000180021220     kernel32:KERNEL32.dll
 0002:00000228       __imp_DecodePointer        0000000180021228     kernel32:KERNEL32.dll
 0002:00000230       __imp_GetSystemTimeAsFileTime 0000000180021230     kernel32:KERNEL32.dll
 0002:00000238       __imp_GetModuleHandleW     0000000180021238     kernel32:KERNEL32.dll
 0002:00000240       __imp_GetCPInfo            0000000180021240     kernel32:KERNEL32.dll
 0002:00000248       __imp_GetStringTypeW       0000000180021248     kernel32:KERNEL32.dll
 0002:00000250       __imp_RtlCaptureContext    0000000180021250     kernel32:KERNEL32.dll
 0002:00000258       \177KERNEL32_NULL_THUNK_DATA 0000000180021258     kernel32:KERNEL32.dll
 0002:00000260       __imp_WSACleanup           0000000180021260     ws2_32:WS2_32.dll
 0002:00000268       __imp_WSAStartup           0000000180021268     ws2_32:WS2_32.dll
 0002:00000270       \177WS2_32_NULL_THUNK_DATA 0000000180021270     ws2_32:WS2_32.dll
 0002:00000278       __imp_??1MatchmakingWrapper@@QEAA@XZ 0000000180021278     pluginsdk:pluginsdk.dll
 0002:00000280       __imp_??0CVarWrapper@@QEAA@AEBV0@@Z 0000000180021280     pluginsdk:pluginsdk.dll
 0002:00000288       __imp_??0MatchmakingWrapper@@QEAA@AEBV0@@Z 0000000180021288     pluginsdk:pluginsdk.dll
 0002:00000290       __imp_?log@CVarManagerWrapper@@QEAAXV?$basic_string@DU?$char_traits@D@std@@V?$allocator@D@2@@std@@@Z 0000000180021290     pluginsdk:pluginsdk.dll
 0002:00000298       __imp_?registerCvar@CVarManagerWrapper@@QEAA?AVCVarWrapper@@V?$basic_string@DU?$char_traits@D@std@@V?$allocator@D@2@@std@@00_N1M1M1@Z 0000000180021298     pluginsdk:pluginsdk.dll
 0002:000002a0       __imp_?addOnValueChanged@CVarWrapper@@QEAAXV?$function@$$A6AXV?$basic_string@DU?$char_traits@D@std@@V?$allocator@D@2@@std@@VCVarWrapper@@@Z@std@@@Z 00000001800212a0     pluginsdk:pluginsdk.dll
 0002:000002a8       __imp_?getFloatValue@CVarWrapper@@QEAAMXZ 00000001800212a8     pluginsdk:pluginsdk.dll
 0002:000002b0       __imp_?getIntValue@CVarWrapper@@QEAAHXZ 00000001800212b0     pluginsdk:pluginsdk.dll
 0002:000002b8       __imp_?getStringValue@CVarWrapper@@QEAA?AV?$basic_string@DU?$char_traits@D@std@@V?$allocator@D@2@@std@@XZ 00000001800212b8     pluginsdk:pluginsdk.dll
 0002:000002c0       __imp_??1CVarWrapper@@QEAA@XZ 00000001800212c0     pluginsdk:pluginsdk.dll
 0002:000002c8       __imp_?GetMatchmakingWrapper@GameWrapper@@QEAA?AVMatchmakingWrapper@@XZ 00000001800212c8     pluginsdk:pluginsdk.dll
 0002:000002d0       \177pluginsdk_NULL_THUNK_DATA 00000001800212d0     pluginsdk:pluginsdk.dll
 0002:000002d8       __guard_check_icall_fptr   00000001800212d8     LIBCMT:guard_support.obj
 0002:000002e0       __guard_xfg_check_icall_fptr 00000001800212e0     LIBCMT:guard_support.obj
 0002:000002e8       __guard_dispatch_icall_fptr 00000001800212e8     LIBCMT:guard_support.obj
 0002:000002f0       __guard_xfg_dispatch_icall_fptr 00000001800212f0     LIBCMT:guard_support.obj
 0002:000002f8       __guard_xfg_table_dispatch_icall_fptr 00000001800212f8     LIBCMT:guard_support.obj
 0002:00000300       __castguard_check_failure_os_handled_fptr 0000000180021300     LIBCMT:guard_support.obj
 0002:00000308       __guard_memcpy_fptr        0000000180021308     libvcruntime:softmemtag.obj
 0002:00000310       __xc_a                     0000000180021310     LIBCMT:initializers.obj
 0002:00000420       __xc_z                     0000000180021420     LIBCMT:initializers.obj
 0002:00000428       __xi_a                     0000000180021428     LIBCMT:initializers.obj
 0002:00000440       __acrt_stdio_initializer   0000000180021440     libucrt:stdio_initializer.obj
 0002:00000448       __acrt_clock_initializer   0000000180021448     libucrt:clock_initializer.obj
 0002:00000450       __acrt_tran_fma3_initializer 0000000180021450     libucrt:fma3_initializer.obj
 0002:00000458       __acrt_timeset_initializer 0000000180021458     libucrt:timeset_initializer.obj
 0002:00000460       __acrt_multibyte_initializer 0000000180021460     libucrt:multibyte_initializer.obj
 0002:00000468       __acrt_fmode_initializer   0000000180021468     libucrt:fmode_initializer.obj
 0002:00000470       __xi_z                     0000000180021470     LIBCMT:initializers.obj
 0002:00000478       __xl_a                     0000000180021478     LIBCMT:tlssup.obj
 0002:00000480       __xl_z                     0000000180021480     LIBCMT:tlssup.obj
 0002:00000488       __xp_a                     0000000180021488     LIBCMT:initializers.obj
 0002:00000490       __acrt_locale_terminator   0000000180021490     libucrt:locale_initializer.obj
 0002:00000498       __dcrt_console_output_terminator 0000000180021498     libucrt:console_output_initializer.obj
 0002:000004a0       __acrt_stdio_terminator    00000001800214a0     libucrt:stdio_initializer.obj
 0002:000004a8       __xp_z                     00000001800214a8     LIBCMT:initializers.obj
 0002:000004b0       __xt_a                     00000001800214b0     LIBCMT:initializers.obj
 0002:000004b8       __xt_z                     00000001800214b8     LIBCMT:initializers.obj
 0002:000004c8       ??_7exception@std@@6B@     00000001800214c8     libcpmt:xthrow.obj
 0002:000004e0       ??_7bad_alloc@std@@6B@     00000001800214e0     libcpmt:xthrow.obj
 0002:000004f0       ??_C@_0P@GHFPNOJB@bad?5allocation@ 00000001800214f0     libcpmt:xthrow.obj
 0002:00000508       ??_7logic_error@std@@6B@   0000000180021508     libcpmt:xthrow.obj
 0002:00000520       ??_7length_error@std@@6B@  0000000180021520     libcpmt:xthrow.obj
 0002:00000538       ??_7runtime_error@std@@6B@ 0000000180021538     libcpmt:xthrow.obj
 0002:00000548       ?_BADOFF@std@@3_JB         0000000180021548     libcpmt:ios.obj
 0002:00000cb0       ??_C@_0BN@LKKBCCDB@address?5family?5not?5supported@ 0000000180021cb0     libcpmt:syserror.obj
 0002:00000cd0       ??_C@_0P@LDMLAFHI@address?5in?5use@ 0000000180021cd0     libcpmt:syserror.obj
 0002:00000ce0       ??_C@_0BG@DHPCNBJB@address?5not?5available@ 0000000180021ce0     libcpmt:syserror.obj
 0002:00000cf8       ??_C@_0BC@DFIBIBIL@already?5connected@ 0000000180021cf8     libcpmt:syserror.obj
 0002:00000d10       ??_C@_0BH@CAKOHOMI@argument?5list?5too?5long@ 0000000180021d10     libcpmt:syserror.obj
 0002:00000d28       ??_C@_0BH@CGIMPKIM@argument?5out?5of?5domain@ 0000000180021d28     libcpmt:syserror.obj
 0002:00000d40       ??_C@_0M@KGHGGJGL@bad?5address@ 0000000180021d40     libcpmt:syserror.obj
 0002:00000d50       ??_C@_0BE@MPJPGCEO@bad?5file?5descriptor@ 0000000180021d50     libcpmt:syserror.obj
 0002:00000d68       ??_C@_0M@PMMIEFCP@bad?5message@ 0000000180021d68     libcpmt:syserror.obj
 0002:00000d78       ??_C@_0M@KPHOFDBE@broken?5pipe@ 0000000180021d78     libcpmt:syserror.obj
[...]
 0002:00015538       $unwind$?__mbsrtowcs_utf8@__crt_mbstring@@YA_KPEA_WPEAPEBD_KPEAU_Mbstatet@@@Z 0000000180036538     libucrt:mbrtowc.obj
 0002:00015550       $unwind$_putwch_nolock     0000000180036550     libucrt:putwch.obj
 0002:00015558       $unwind$__dcrt_lowio_ensure_console_output_initialized 0000000180036558     libucrt:initcon.obj
 0002:00015558       $unwind$_isleadbyte_l      0000000180036558     libucrt:_wctype.obj
 0002:00015558       $unwind$?getSystemCP@@YAHH@Z 0000000180036558     libucrt:mbctype.obj
 0002:00015560       $unwind$__acrt_LCMapStringA 0000000180036560     libucrt:lcmapstringa.obj
 0002:00015570       $unwind$?__acrt_LCMapStringA_stat@@YAHPEAU__crt_locale_pointers@@PEB_WKPEBDHPEADHHH@Z 0000000180036570     libucrt:lcmapstringa.obj
 0002:00015598       $unwind$??$?RV<lambda_a37b2b86f63e897a80ea819b0eb08c01>@@AEAV<lambda_38ce7e780aa69e748d6df282ebc68efe>@@V<lambda_99fb1378e971ab6e7edea83e3a7a83a2>@@@?$__crt_seh_guarded_call@H@@QEAAH$$QEAV<lambda_a37b2b86f63e897a80ea819b0eb08c01>@@AEAV<lambda_38ce7e780aa69e748d6df282ebc68efe>@@$$QEAV<lambda_99fb1378e971ab6e7edea83e3a7a83a2>@@@Z 0000000180036598     libucrt:commit.obj
 0002:000155bc       $unwind$_isctype_l         00000001800365bc     libucrt:isctype.obj
 0002:000155d8       $unwind$_raise_exc_ex      00000001800365d8     libucrt:fpexcept.obj
 0002:000155ec       $unwind$_ctrlfp            00000001800365ec     libucrt:fpctrl.obj
 0002:00015614       $unwind$__acrt_GetStringTypeA 0000000180036614     libucrt:getstringtypea.obj
 0002:0001563c       $unwind$__acrt_initialize_fma3 000000018003663c     libucrt:fma3_available.obj
 0002:00015644       $unwind$_powf_special      0000000180036644     libucrt:pow_special.obj
 0002:00015654       $unwind$_pow_special       0000000180036654     libucrt:pow_special.obj
 0002:00015660       $unwind$??$common_expand_argv_wildcards@D@@YAHQEAPEADQEAPEAPEAD@Z 0000000180036660     libucrt:argv_wildcards.obj
 0002:00015678       $unwind$??$copy_and_add_argument_to_buffer@D@@YAHQEBD0_KAEAV?$argument_list@D@?A0x5f5c8891@@@Z 0000000180036678     libucrt:argv_wildcards.obj
 0002:00015694       $unwind$??$expand_argument_wildcards@D@@YAHQEAD0AEAV?$argument_list@D@?A0x5f5c8891@@@Z 0000000180036694     libucrt:argv_wildcards.obj
 0002:000156b8       $unwind$__acrt_GetModuleFileNameA 00000001800366b8     libucrt:getmodulefilenamea.obj
 0002:000156d4       $unwind$_setmbcp_nolock    00000001800366d4     libucrt:mbctype.obj
 0002:000156f4       $unwind$?update_thread_multibyte_data_internal@@YAPEAU__crt_multibyte_data@@QEAU__acrt_ptd@@QEAPEAU1@@Z 00000001800366f4     libucrt:mbctype.obj
 0002:0001571c       $unwind$?setmbcp_internal@@YAHH_NQEAU__acrt_ptd@@QEAPEAU__crt_multibyte_data@@@Z 000000018003671c     libucrt:mbctype.obj
 0002:0001572c       $unwind$?setSBUpLow@@YAXPEAU__crt_multibyte_data@@@Z 000000018003672c     libucrt:mbctype.obj
 0002:00015748       $unwind$??$?RV<lambda_efdfa57d1f175319df784efa44bb7b81>@@AEAV<lambda_5f0a4c1567f8adc6734073e5d1e1b35c>@@V<lambda_2e8a7d3640ea6ccb4c2413664c2db6fd>@@@?$__crt_seh_guarded_call@X@@QEAAX$$QEAV<lambda_efdfa57d1f175319df784efa44bb7b81>@@AEAV<lambda_5f0a4c1567f8adc6734073e5d1e1b35c>@@$$QEAV<lambda_2e8a7d3640ea6ccb4c2413664c2db6fd>@@@Z 0000000180036748     libucrt:mbctype.obj
 0002:0001576c       $unwind$?x_ismbbtype_l@@YAHPEAU__crt_locale_pointers@@IHH@Z 000000018003676c     libucrt:ismbbyte.obj
 0002:0001577c       $unwind$__acrt_update_thread_locale_data 000000018003677c     libucrt:locale_refcounting.obj
 0002:000157a0       $unwind$__acrt_fltout      00000001800367a0     libucrt:cfout.obj
 0002:000157c0       $unwind$__acrt_locale_free_monetary 00000001800367c0     libucrt:initmon.obj
 0002:000157c8       $unwind$__acrt_locale_free_time 00000001800367c8     libucrt:inittime.obj
 0002:000157d8       $unwind$__acrt_fenv_set_control 00000001800367d8     libucrt:_fenvutils.obj
 0002:000157e8       $unwind$?__mbrtoc32_utf8@__crt_mbstring@@YA_KPEA_UPEBD_KPEAU_Mbstatet@@@Z 00000001800367e8     libucrt:mbrtoc32.obj
 0002:00015808       $xdatasym                  0000000180036808     libucrt:fpsr.obj
 0002:00015810       $unwind$_call_matherr      0000000180036810     libucrt:libm_error.obj
 0002:00015818       $unwind$_handle_error      0000000180036818     libucrt:libm_error.obj
 0002:00015818       $unwind$_handle_errorf     0000000180036818     libucrt:libm_error.obj
 0002:00015838       $unwind$strpbrk            0000000180036838     libucrt:strpbrk.obj
 0002:00015848       $unwind$fallbackMethod     0000000180036848     libucrt:strpbrk.obj
 0002:00015858       $unwind$_mbsdec_l          0000000180036858     libucrt:mbsdec.obj
 0002:00015868       $xdatasym                  0000000180036868     libucrt:log10.obj
 0002:00015874       $unwind$common_control87   0000000180036874     libucrt:ieee.obj
 0002:000158a0       $unwind$_log_special_common 00000001800368a0     libucrt:log_special.obj
 0002:000158ac       $unwind$_IsNonwritableInCurrentImage 00000001800368ac     LIBCMT:pesect.obj
 0002:000158d0       $xdatasym                  00000001800368d0     libucrt:sinf.obj
 0002:000158d8       $xdatasym                  00000001800368d8     libucrt:strcmp.obj
 0002:000158e0       $xdatasym                  00000001800368e0     libucrt:remainder_piby2f_forc.obj
 0002:000158f0       $unwind$_sincosf_special   00000001800368f0     libucrt:sincos_special.obj
 0002:00015c20       .edata                     0000000180036c20     SixMansPlugin-Rework.exp
 0002:00015c48       rgpv                       0000000180036c48     SixMansPlugin-Rework.exp
 0002:00015c7c       rgszName                   0000000180036c7c     SixMansPlugin-Rework.exp
 0002:00015cb0       rgwOrd                     0000000180036cb0     SixMansPlugin-Rework.exp
 0002:00015cca       szName                     0000000180036cca     SixMansPlugin-Rework.exp
 0002:00015ce3       $N00001                    0000000180036ce3     SixMansPlugin-Rework.exp
 0002:00015d1a       $N00002                    0000000180036d1a     SixMansPlugin-Rework.exp
 0002:00015d4f       $N00003                    0000000180036d4f     SixMansPlugin-Rework.exp
 0002:00015d7c       $N00004                    0000000180036d7c     SixMansPlugin-Rework.exp
 0002:00015da9       $N00005                    0000000180036da9     SixMansPlugin-Rework.exp
 0002:00015de7       $N00006                    0000000180036de7     SixMansPlugin-Rework.exp
 0002:00015e23       $N00007                    0000000180036e23     SixMansPlugin-Rework.exp
 0002:00015e4d       $N00008                    0000000180036e4d     SixMansPlugin-Rework.exp
 0002:00015e8b       $N00009                    0000000180036e8b     SixMansPlugin-Rework.exp
 0002:00015ebd       $N00010                    0000000180036ebd     SixMansPlugin-Rework.exp
 0002:00015ef1       $N00011                    0000000180036ef1     SixMansPlugin-Rework.exp
 0002:00015efa       $N00012                    0000000180036efa     SixMansPlugin-Rework.exp
 0002:00015f02       $N00013                    0000000180036f02     SixMansPlugin-Rework.exp
 0002:00016524       .idata$6                   0000000180037524     pluginsdk:pluginsdk.dll
 0002:000166c6       .idata$6                   00000001800376c6     kernel32:KERNEL32.dll
 0002:000166d4       .idata$6                   00000001800376d4     ws2_32:WS2_32.dll
 0003:00000000       ?init@std@@3JA             0000000180038000     libcpmt:xlock.obj
 0003:00000008       ?atcount_cdecl@@3_KA       0000000180038008     libcpmt:iosptrs.obj
 0003:00000050       ?__vcrt_flsindex@@3KA      0000000180038050     libvcruntime:per_thread_data.obj
 0003:00000168       ?errno_no_memory@@3HA      0000000180038168     libucrt:errno.obj
 0003:0000016c       ?doserrno_no_memory@@3KA   000000018003816c     libucrt:errno.obj
 0003:00000320       ?__acrt_flsindex@@3KA      0000000180038320     libucrt:per_thread_data.obj
 0003:0000049c       ?dazSupported@?1??_ctrlfp@@9@9 000000018003849c     libucrt:fpctrl.obj
 0003:000004b0       ?tzstd_program@@3PADA      00000001800384b0     libucrt:timeset.obj
 0003:000004f0       ?tzdst_program@@3PADA      00000001800384f0     libucrt:timeset.obj
 0003:00000530       ?w_tzstd_program@@3PA_WA   0000000180038530     libucrt:timeset.obj
 0003:000005b0       ?w_tzdst_program@@3PA_WA   00000001800385b0     libucrt:timeset.obj
 0003:00000630       ?tzname_states@@3PAY01PEADA 0000000180038630     libucrt:timeset.obj
 0003:00000640       ?w_tzname_states@@3PAY01PEA_WA 0000000180038640     libucrt:timeset.obj
 0003:00000880       _mbctypes                  0000000180038880     libucrt:mbctype.obj
 0003:00000990       _mbcasemaps                0000000180038990     libucrt:mbctype.obj
 0003:00000a90       ?__rgctypeflag@@3PADA      0000000180038a90     libucrt:mbctype.obj
 0003:00000aa0       ?__rgcode_page_info@@3PAUcode_page_info@@A 0000000180038aa0     libucrt:mbctype.obj
 0003:00000b90       ?__dcrt_lowio_console_output_handle@@3PEAXEA 0000000180038b90     libucrt:initcon.obj
 0003:00000ba0       ?dazSupported@?1??common_control87@@9@9 0000000180038ba0     libucrt:ieee.obj
 0003:00000d80       ?MAP_CODENAMES@@3QBV?$basic_string@DU?$char_traits@D@std@@V?$allocator@D@2@@std@@B 0000000180038d80     privatematch_wrapper.obj
 0003:000011e0       ?str_typename@@3V?$basic_string@DU?$char_traits@D@std@@V?$allocator@D@2@@std@@B 00000001800391e0     privatematch_wrapper.obj
 0003:00001200       ?MAP_CODENAMES@@3QBV?$basic_string@DU?$char_traits@D@std@@V?$allocator@D@2@@std@@B 0000000180039200     server.obj
 0003:00001660       ?str_typename@@3V?$basic_string@DU?$char_traits@D@std@@V?$allocator@D@2@@std@@B 0000000180039660     server.obj
 0003:00001680       ?MAP_CODENAMES@@3QBV?$basic_string@DU?$char_traits@D@std@@V?$allocator@D@2@@std@@B 0000000180039680     settings.obj
 0003:00001ae0       ?str_typename@@3V?$basic_string@DU?$char_traits@D@std@@V?$allocator@D@2@@std@@B 0000000180039ae0     settings.obj
 0003:00001b00       ?MAP_CODENAMES@@3QBV?$basic_string@DU?$char_traits@D@std@@V?$allocator@D@2@@std@@B 0000000180039b00     SixMansPlugin-Rework.obj
 0003:00001f60       ?str_typename@@3V?$basic_string@DU?$char_traits@D@std@@V?$allocator@D@2@@std@@B 0000000180039f60     SixMansPlugin-Rework.obj
 0003:00001f80       ?MAP_CODENAMES@@3QBV?$basic_string@DU?$char_traits@D@std@@V?$allocator@D@2@@std@@B 0000000180039f80     SixMansPlugin-ReworkGUI.obj
 0003:000023e0       ?str_typename@@3V?$basic_string@DU?$char_traits@D@std@@V?$allocator@D@2@@std@@B 000000018003a3e0     SixMansPlugin-ReworkGUI.obj
 0003:00002400       ?MAP_CODENAMES@@3QBV?$basic_string@DU?$char_traits@D@std@@V?$allocator@D@2@@std@@B 000000018003a400     timer.obj
 0003:00002860       ?str_typename@@3V?$basic_string@DU?$char_traits@D@std@@V?$allocator@D@2@@std@@B 000000018003a860     timer.obj
 0003:00002970       ??_R0?AV<lambda_1>@?1??InitCvars@PrivateMatch@@QEAAXXZ@@8 000000018003a970     privatematch_wrapper.obj
 0003:000029c0       ??_R0?AV<lambda_2>@?1??InitCvars@PrivateMatch@@QEAAXXZ@@8 000000018003a9c0     privatematch_wrapper.obj
 0003:00002a10       ??_R0?AV<lambda_3>@?1??InitCvars@PrivateMatch@@QEAAXXZ@@8 000000018003aa10     privatematch_wrapper.obj
 0003:00002a60       ??_R0?AV<lambda_4>@?1??InitCvars@PrivateMatch@@QEAAXXZ@@8 000000018003aa60     privatematch_wrapper.obj
 0003:00002c00       ??_R0?AV?$_Func_impl_no_alloc@V<lambda_4>@?1??InitCvars@PrivateMatch@@QEAAXXZ@XV?$basic_string@DU?$char_traits@D@std@@V?$allocator@D@2@@std@@VCVarWrapper@@@std@@@8 000000018003ac00     privatematch_wrapper.obj
 0003:00002cb0       ??_R0?AV?$_Func_impl_no_alloc@V<lambda_3>@?1??InitCvars@PrivateMatch@@QEAAXXZ@XV?$basic_string@DU?$char_traits@D@std@@V?$allocator@D@2@@std@@VCVarWrapper@@@std@@@8 000000018003acb0     privatematch_wrapper.obj
 0003:00002d60       ??_R0?AV?$_Func_impl_no_alloc@V<lambda_2>@?1??InitCvars@PrivateMatch@@QEAAXXZ@XV?$basic_string@DU?$char_traits@D@std@@V?$allocator@D@2@@std@@VCVarWrapper@@@std@@@8 000000018003ad60     privatematch_wrapper.obj
 0003:00002e10       ??_R0?AV?$_Func_impl_no_alloc@V<lambda_1>@?1??InitCvars@PrivateMatch@@QEAAXXZ@XV?$basic_string@DU?$char_traits@D@std@@V?$allocator@D@2@@std@@VCVarWrapper@@@std@@@8 000000018003ae10     privatematch_wrapper.obj
 0003:000031e0       ?classic_locale@std@@3Vlocale@1@A 000000018003b1e0     libcpmt:locale0.obj
 0003:000031f8       ?_Fac_head@std@@3PEAU_Fac_node@1@EA 000000018003b1f8     libcpmt:locale0.obj
 0003:00003200       ?_Fac_tidy_reg@std@@3U_Fac_tidy_reg_t@1@B 000000018003b200     libcpmt:locale0.obj
 0003:00003208       global_locale              000000018003b208     libcpmt:locale0.obj
 0003:00003210       ?initlocks@std@@3V_Init_locks@1@A 000000018003b210     libcpmt:xlock.obj
 0003:00003220       ?mtx@std@@3PAU_RTL_CRITICAL_SECTION@@A 000000018003b220     libcpmt:xlock.obj
 0003:00003370       ?stdstr@std@@3PAPEAVios_base@1@A 000000018003b370     libcpmt:ios.obj
 0003:000033c0       ?stdopens@std@@3PADA       000000018003b3c0     libcpmt:ios.obj
 0003:000033d0       ?_Thread_exit_data@?A0x07eafddf@@3U_At_thread_exit_block@1@A 000000018003b3d0     libcpmt:xnotify.obj
 0003:00003750       ?initlocks@std@@3V_Init_locks@1@A 000000018003b750     libcpmt:iosptrs.obj
 0003:00003751       ?init_atexit@@3U_Init_atexit@@A 000000018003b751     libcpmt:iosptrs.obj
 0003:00003760       ?atfuns_cdecl@@3PAP6AXXZA  000000018003b760     libcpmt:iosptrs.obj
 0003:000039d0       ?g_tss_cv@@3U_RTL_CONDITION_VARIABLE@@A 000000018003b9d0     LIBCMT:thread_safe_statics.obj
 0003:000039d8       ?g_tss_event@@3PEAXEA      000000018003b9d8     LIBCMT:thread_safe_statics.obj
 0003:000039e0       ?g_tss_mutex@@3U_RTL_CRITICAL_SECTION@@A 000000018003b9e0     LIBCMT:thread_safe_statics.obj
 0003:00003a08       ?g_sleep_condition_variable_cs@@3P6AHPEAU_RTL_CONDITION_VARIABLE@@PEAU_RTL_CRITICAL_SECTION@@K@ZEA 000000018003ba08     LIBCMT:thread_safe_statics.obj
 0003:00003a10       ?g_wake_all_condition_variable@@3P6AXPEAU_RTL_CONDITION_VARIABLE@@@ZEA 000000018003ba10     LIBCMT:thread_safe_statics.obj
 0003:00003a28       ?is_initialized_as_dll@@3_NA 000000018003ba28     LIBCMT:utility.obj
 0003:00003a29       ?module_local_atexit_table_initialized@@3_NA 000000018003ba29     LIBCMT:utility.obj
 0003:00003a30       ?module_local_atexit_table@@3U_onexit_table_t@@A 000000018003ba30     LIBCMT:utility.obj
 0003:00003a48       ?module_local_at_quick_exit_table@@3U_onexit_table_t@@A 000000018003ba48     LIBCMT:utility.obj
 0003:00003a60       GS_ExceptionRecord         000000018003ba60     LIBCMT:gs_report.obj
 0003:00003b00       GS_ContextRecord           000000018003bb00     LIBCMT:gs_report.obj
 0003:00003fd0       ?__proc_attached@@3HA      000000018003bfd0     LIBCMT:dll_dllmain.obj
 0003:00004000       ?__vcrt_startup_thread_ptd@@3U__vcrt_ptd@@A 000000018003c000     libvcruntime:per_thread_data.obj
 0003:000040c8       ?heap@@3V_HeapManager@@A   000000018003c0c8     libvcruntime:undname.obj
 0003:000040f0       __vcrt_lock_table          000000018003c0f0     libvcruntime:locks.obj
 0003:00004118       __vcrt_locks_initialized   000000018003c118     libvcruntime:locks.obj
 0003:00004120       ?module_handles@@3PAPEAUHINSTANCE__@@A 000000018003c120     libvcruntime:winapi_downlevel.obj
 0003:00004138       ?function_pointers@@3PAPEAXA 000000018003c138     libvcruntime:winapi_downlevel.obj
 0003:00004170       ?__acrt_invalid_parameter_handler@@3V?$dual_state_global@P6AXPEB_W00I_K@Z@__crt_state_management@@A 000000018003c170     libucrt:invalid_parameter.obj
 0003:00004180       ?source_frequency@@3_JA    000000018003c180     libucrt:clock.obj
 0003:00004188       ?start_count@@3_JA         000000018003c188     libucrt:clock.obj
 0003:00004190       ?ctrlc_action@@3V?$dual_state_global@P6AXH@Z@__crt_state_management@@A 000000018003c190     libucrt:signal.obj
 0003:00004198       ?ctrlbreak_action@@3V?$dual_state_global@P6AXH@Z@__crt_state_management@@A 000000018003c198     libucrt:signal.obj
 0003:000041a0       ?abort_action@@3V?$dual_state_global@P6AXH@Z@__crt_state_management@@A 000000018003c1a0     libucrt:signal.obj
 0003:000041a8       ?term_action@@3V?$dual_state_global@P6AXH@Z@__crt_state_management@@A 000000018003c1a8     libucrt:signal.obj
 0003:000041b0       ?__acrt_lock_table@@3PAU_RTL_CRITICAL_SECTION@@A 000000018003c1b0     libucrt:locks.obj
 0003:000043e0       ?__acrt_locks_initialized@@3IA 000000018003c3e0     libucrt:locks.obj
 0003:000043e8       ?__acrt_new_handler@@3V?$dual_state_global@P6AH_K@Z@__crt_state_management@@A 000000018003c3e8     libucrt:new_handler.obj
 0003:000043f0       ?c_termination_complete@@3JA 000000018003c3f0     libucrt:exit.obj
 0003:000043f8       ?thread_local_exit_callback_func@@3P6AXPEAXK0@ZEA 000000018003c3f8     libucrt:exit.obj
 0003:00004410       ?program_name@?1???$common_configure_argv@D@@YAHW4_crt_argv_mode@@@Z@4PADA 000000018003c410     libucrt:argv_parsing.obj
 0003:00004568       ?internal_state@?1??_mbtowc_l@@9@4U_Mbstatet@@A 000000018003c568     libucrt:mbtowc.obj
 0003:00004570       ?enable_percent_n@@3_KA    000000018003c570     libucrt:printf_count_output.obj
 0003:000049b0       ?module_handles@@3PAPEAUHINSTANCE__@@A 000000018003c9b0     libucrt:winapi_thunks.obj
 0003:00004a50       ?encoded_function_pointers@@3PAPEAXA 000000018003ca50     libucrt:winapi_thunks.obj
 0003:00004b60       ?__acrt_app_type@@3W4_crt_app_type@@A 000000018003cb60     libucrt:report_runtime_error.obj
 0003:00004b80       ?_tzname@@3V?$dual_state_global@PEAPEAD@__crt_state_management@@A 000000018003cb80     libucrt:timeset.obj
 0003:00004b88       ?w_tzname@@3V?$dual_state_global@PEAPEA_W@__crt_state_management@@A 000000018003cb88     libucrt:timeset.obj
 0003:00004b90       ?tz_api_used@@3HA          000000018003cb90     libucrt:tzset.obj
 0003:00004b94       ?tzset_init_state@@3V?$dual_state_global@J@__crt_state_management@@A 000000018003cb94     libucrt:tzset.obj
 0003:00004ba0       ?tz_info@@3U_TIME_ZONE_INFORMATION@@A 000000018003cba0     libucrt:tzset.obj
 0003:00004c68       ?fSystemSet@@3HA           000000018003cc68     libucrt:mbctype.obj
 0003:00004c6c       ?initialized@?1??__acrt_initialize_multibyte@@9@4_NA 000000018003cc6c     libucrt:mbctype.obj
 0003:00004ca8       ?user_matherr@@3V?$dual_state_global@P6AHPEAU_exception@@@Z@__crt_state_management@@A 000000018003cca8     libucrt:matherr.obj
 0003:00004cb0       ?__acrt_global_new_mode@@3V?$dual_state_global@J@__crt_state_management@@A 000000018003ccb0     libucrt:new_mode.obj
 0003:00004cb8       ?internal_pst@?1??__mbrtoc32_utf8@__crt_mbstring@@YA_KPEA_UPEBD_KPEAU_Mbstatet@@@Z@4U3@A 000000018003ccb8     libucrt:mbrtoc32.obj
 0003:00004cd8       ?GImAllocatorUserData@@3PEAXEA 000000018003ccd8     imgui.obj
 0003:00004d08       ?g_pd3dDevice@@3PEAUID3D11Device@@EA 000000018003cd08     imgui_impl_dx11.obj
 0003:00004d10       ?g_hWnd@@3PEAUHWND__@@EA   000000018003cd10     imgui_impl_win32.obj
 0003:00004e70       ?singleton@@3V?$shared_ptr@VSixMansPlugin@@@std@@A 000000018003ce70     SixMansPlugin-Rework.obj
 0005:00000000       MoveSmall                  000000018003f000     libvcruntime:memcpy.obj
 0005:00000040       MoveSmallYmm               000000018003f040     libvcruntime:memcpy.obj
 0005:00000064       MoveSmallYmmNT             000000018003f064     libvcruntime:memcpy.obj
 0005:00000088       MoveSmallXmm               000000018003f088     libvcruntime:memcpy.obj
 0005:000000b0       SetSmall                   000000018003f0b0     libvcruntime:memset.obj
 0005:000000f0       SetSmallYmm                000000018003f0f0     libvcruntime:memset.obj
 0005:00000114       SetSmallYmmNT              000000018003f114     libvcruntime:memset.obj
 0005:00000138       SetSmallXmm                000000018003f138     libvcruntime:memset.obj
 0006:000000a0       $R000000                   00000001800400a0     SixMansPlugin-Rework.res
 0006:000003d8       $R000338                   00000001800403d8     SixMansPlugin-Rework.res
